INFO - 2024-07-04 00:48:42 --> Session: Class initialized using 'CodeIgniter\Session\Handlers\FileHandler' driver.
INFO - 2024-07-04 00:48:42 --> Session: Class initialized using 'CodeIgniter\Session\Handlers\FileHandler' driver.
INFO - 2024-07-04 00:48:47 --> Session: Class initialized using 'CodeIgniter\Session\Handlers\FileHandler' driver.
CRITICAL - 2024-07-04 00:48:47 --> ErrorException: Trying to access array offset on value of type null
in APPPATH\Controllers\Login.php on line 60.
 1 APPPATH\Controllers\Login.php(60): CodeIgniter\Debug\Exceptions->errorHandler(2, 'Trying to access array offset on value of type null', 'C:\\laragon\\www\\Tesis-SistemaControl\\app\\Controllers\\Login.php', 60)
 2 SYSTEMPATH\CodeIgniter.php(943): App\Controllers\Login->signIn()
 3 SYSTEMPATH\CodeIgniter.php(503): CodeIgniter\CodeIgniter->runController(Object(App\Controllers\Login))
 4 SYSTEMPATH\CodeIgniter.php(361): CodeIgniter\CodeIgniter->handleRequest(null, Object(Config\Cache), false)
 5 FCPATH\index.php(79): CodeIgniter\CodeIgniter->run()
INFO - 2024-07-04 00:48:59 --> Session: Class initialized using 'CodeIgniter\Session\Handlers\FileHandler' driver.
CRITICAL - 2024-07-04 00:48:59 --> ErrorException: Trying to access array offset on value of type null
in APPPATH\Controllers\Login.php on line 60.
 1 APPPATH\Controllers\Login.php(60): CodeIgniter\Debug\Exceptions->errorHandler(2, 'Trying to access array offset on value of type null', 'C:\\laragon\\www\\Tesis-SistemaControl\\app\\Controllers\\Login.php', 60)
 2 SYSTEMPATH\CodeIgniter.php(943): App\Controllers\Login->signIn()
 3 SYSTEMPATH\CodeIgniter.php(503): CodeIgniter\CodeIgniter->runController(Object(App\Controllers\Login))
 4 SYSTEMPATH\CodeIgniter.php(361): CodeIgniter\CodeIgniter->handleRequest(null, Object(Config\Cache), false)
 5 FCPATH\index.php(79): CodeIgniter\CodeIgniter->run()
INFO - 2024-07-04 01:01:32 --> Session: Class initialized using 'CodeIgniter\Session\Handlers\FileHandler' driver.
INFO - 2024-07-04 01:01:33 --> Session: Class initialized using 'CodeIgniter\Session\Handlers\FileHandler' driver.
INFO - 2024-07-04 01:46:46 --> Session: Class initialized using 'CodeIgniter\Session\Handlers\FileHandler' driver.
INFO - 2024-07-04 01:46:51 --> Session: Class initialized using 'CodeIgniter\Session\Handlers\FileHandler' driver.
INFO - 2024-07-04 01:46:55 --> Session: Class initialized using 'CodeIgniter\Session\Handlers\FileHandler' driver.
INFO - 2024-07-04 01:46:58 --> Session: Class initialized using 'CodeIgniter\Session\Handlers\FileHandler' driver.
INFO - 2024-07-04 01:47:17 --> Session: Class initialized using 'CodeIgniter\Session\Handlers\FileHandler' driver.
INFO - 2024-07-04 01:47:17 --> Session: Class initialized using 'CodeIgniter\Session\Handlers\FileHandler' driver.
INFO - 2024-07-04 01:47:20 --> Session: Class initialized using 'CodeIgniter\Session\Handlers\FileHandler' driver.
INFO - 2024-07-04 01:47:36 --> Session: Class initialized using 'CodeIgniter\Session\Handlers\FileHandler' driver.
INFO - 2024-07-04 01:47:36 --> Session: Class initialized using 'CodeIgniter\Session\Handlers\FileHandler' driver.
INFO - 2024-07-04 01:47:38 --> Session: Class initialized using 'CodeIgniter\Session\Handlers\FileHandler' driver.
INFO - 2024-07-04 01:49:28 --> Session: Class initialized using 'CodeIgniter\Session\Handlers\FileHandler' driver.
INFO - 2024-07-04 01:49:29 --> Session: Class initialized using 'CodeIgniter\Session\Handlers\FileHandler' driver.
INFO - 2024-07-04 01:49:31 --> Session: Class initialized using 'CodeIgniter\Session\Handlers\FileHandler' driver.
INFO - 2024-07-04 01:49:33 --> Session: Class initialized using 'CodeIgniter\Session\Handlers\FileHandler' driver.
INFO - 2024-07-04 01:50:00 --> Session: Class initialized using 'CodeIgniter\Session\Handlers\FileHandler' driver.
INFO - 2024-07-04 01:50:00 --> Session: Class initialized using 'CodeIgniter\Session\Handlers\FileHandler' driver.
INFO - 2024-07-04 01:50:11 --> Session: Class initialized using 'CodeIgniter\Session\Handlers\FileHandler' driver.
INFO - 2024-07-04 01:59:21 --> Session: Class initialized using 'CodeIgniter\Session\Handlers\FileHandler' driver.
INFO - 2024-07-04 01:59:21 --> Session: Class initialized using 'CodeIgniter\Session\Handlers\FileHandler' driver.
INFO - 2024-07-04 01:59:23 --> Session: Class initialized using 'CodeIgniter\Session\Handlers\FileHandler' driver.
INFO - 2024-07-04 01:59:27 --> Session: Class initialized using 'CodeIgniter\Session\Handlers\FileHandler' driver.
INFO - 2024-07-04 01:59:34 --> Session: Class initialized using 'CodeIgniter\Session\Handlers\FileHandler' driver.
INFO - 2024-07-04 02:02:03 --> Session: Class initialized using 'CodeIgniter\Session\Handlers\FileHandler' driver.
INFO - 2024-07-04 02:02:05 --> Session: Class initialized using 'CodeIgniter\Session\Handlers\FileHandler' driver.
INFO - 2024-07-04 02:02:07 --> Session: Class initialized using 'CodeIgniter\Session\Handlers\FileHandler' driver.
INFO - 2024-07-04 04:12:18 --> Session: Class initialized using 'CodeIgniter\Session\Handlers\FileHandler' driver.
INFO - 2024-07-04 04:12:18 --> Session: Class initialized using 'CodeIgniter\Session\Handlers\FileHandler' driver.
INFO - 2024-07-04 04:12:23 --> Session: Class initialized using 'CodeIgniter\Session\Handlers\FileHandler' driver.
INFO - 2024-07-04 04:12:24 --> Session: Class initialized using 'CodeIgniter\Session\Handlers\FileHandler' driver.
INFO - 2024-07-04 04:12:27 --> Session: Class initialized using 'CodeIgniter\Session\Handlers\FileHandler' driver.
INFO - 2024-07-04 04:12:29 --> Session: Class initialized using 'CodeIgniter\Session\Handlers\FileHandler' driver.
INFO - 2024-07-04 04:12:46 --> Session: Class initialized using 'CodeIgniter\Session\Handlers\FileHandler' driver.
ERROR - 2024-07-04 04:12:46 --> mysqli_sql_exception: Column 'idPrioridad' cannot be null in C:\laragon\www\Tesis-SistemaControl\vendor\codeigniter4\framework\system\Database\MySQLi\Connection.php:306
Stack trace:
#0 C:\laragon\www\Tesis-SistemaControl\vendor\codeigniter4\framework\system\Database\MySQLi\Connection.php(306): mysqli->query('INSERT INTO `pr...', 0)
#1 C:\laragon\www\Tesis-SistemaControl\vendor\codeigniter4\framework\system\Database\BaseConnection.php(693): CodeIgniter\Database\MySQLi\Connection->execute('INSERT INTO `pr...')
#2 C:\laragon\www\Tesis-SistemaControl\vendor\codeigniter4\framework\system\Database\BaseConnection.php(607): CodeIgniter\Database\BaseConnection->simpleQuery('INSERT INTO `pr...')
#3 C:\laragon\www\Tesis-SistemaControl\vendor\codeigniter4\framework\system\Database\BaseBuilder.php(2307): CodeIgniter\Database\BaseConnection->query('INSERT INTO `pr...', Array, false)
#4 C:\laragon\www\Tesis-SistemaControl\vendor\codeigniter4\framework\system\Model.php(327): CodeIgniter\Database\BaseBuilder->insert()
#5 C:\laragon\www\Tesis-SistemaControl\vendor\codeigniter4\framework\system\BaseModel.php(805): CodeIgniter\Model->doInsert(Array)
#6 C:\laragon\www\Tesis-SistemaControl\vendor\codeigniter4\framework\system\Model.php(749): CodeIgniter\BaseModel->insert(Array, true)
#7 C:\laragon\www\Tesis-SistemaControl\app\Models\ProductoModel.php(48): CodeIgniter\Model->insert(Array)
#8 C:\laragon\www\Tesis-SistemaControl\app\Controllers\Productos.php(72): App\Models\ProductoModel->saveProducto(Array)
#9 C:\laragon\www\Tesis-SistemaControl\vendor\codeigniter4\framework\system\CodeIgniter.php(943): App\Controllers\Productos->store()
#10 C:\laragon\www\Tesis-SistemaControl\vendor\codeigniter4\framework\system\CodeIgniter.php(503): CodeIgniter\CodeIgniter->runController(Object(App\Controllers\Productos))
#11 C:\laragon\www\Tesis-SistemaControl\vendor\codeigniter4\framework\system\CodeIgniter.php(361): CodeIgniter\CodeIgniter->handleRequest(NULL, Object(Config\Cache), false)
#12 C:\laragon\www\Tesis-SistemaControl\public\index.php(79): CodeIgniter\CodeIgniter->run()
#13 {main}
CRITICAL - 2024-07-04 04:12:46 --> CodeIgniter\Database\Exceptions\DatabaseException: Column 'idPrioridad' cannot be null
in SYSTEMPATH\Database\BaseConnection.php on line 647.
 1 SYSTEMPATH\Database\BaseBuilder.php(2307): CodeIgniter\Database\BaseConnection->query('INSERT INTO `productos` (`idtipoProducto`, `codigo_lote`, `fechaIngreso`, `fecha_vencimiento`, `n_unidades_Caja`, `idUnidadesPorCaja`, `idUnidades_individuales`, `unidades_extras`, `total`, `idPrioridad`, `idDetalleSolicitados`, `estado`) VALUES (:idtipoProducto:, :codigo_lote:, :fechaIngreso:, :fecha_vencimiento:, :n_unidades_Caja:, :idUnidadesPorCaja:, :idUnidades_individuales:, :unidades_extras:, :total:, :idPrioridad:, :idDetalleSolicitados:, :estado:)', [...], false)
 2 SYSTEMPATH\Model.php(327): CodeIgniter\Database\BaseBuilder->insert()
 3 SYSTEMPATH\BaseModel.php(805): CodeIgniter\Model->doInsert([...])
 4 SYSTEMPATH\Model.php(749): CodeIgniter\BaseModel->insert([...], true)
 5 APPPATH\Models\ProductoModel.php(48): CodeIgniter\Model->insert([...])
 6 APPPATH\Controllers\Productos.php(72): App\Models\ProductoModel->saveProducto([...])
 7 SYSTEMPATH\CodeIgniter.php(943): App\Controllers\Productos->store()
 8 SYSTEMPATH\CodeIgniter.php(503): CodeIgniter\CodeIgniter->runController(Object(App\Controllers\Productos))
 9 SYSTEMPATH\CodeIgniter.php(361): CodeIgniter\CodeIgniter->handleRequest(null, Object(Config\Cache), false)
10 FCPATH\index.php(79): CodeIgniter\CodeIgniter->run()
CRITICAL - 2024-07-04 04:12:46 --> [Caused by] CodeIgniter\Database\Exceptions\DatabaseException: Column 'idPrioridad' cannot be null
in SYSTEMPATH\Database\MySQLi\Connection.php on line 311.
 1 SYSTEMPATH\Database\BaseConnection.php(693): CodeIgniter\Database\MySQLi\Connection->execute('INSERT INTO `productos` (`idtipoProducto`, `codigo_lote`, `fechaIngreso`, `fecha_vencimiento`, `n_unidades_Caja`, `idUnidadesPorCaja`, `idUnidades_individuales`, `unidades_extras`, `total`, `idPrioridad`, `idDetalleSolicitados`, `estado`) VALUES (\'3\', \'hg009\', \'2024-07-04\', \'2025-01-22\', \'1\', \'1\', \'2\', \'2\', 22, NULL, NULL, NULL)')
 2 SYSTEMPATH\Database\BaseConnection.php(607): CodeIgniter\Database\BaseConnection->simpleQuery('INSERT INTO `productos` (`idtipoProducto`, `codigo_lote`, `fechaIngreso`, `fecha_vencimiento`, `n_unidades_Caja`, `idUnidadesPorCaja`, `idUnidades_individuales`, `unidades_extras`, `total`, `idPrioridad`, `idDetalleSolicitados`, `estado`) VALUES (\'3\', \'hg009\', \'2024-07-04\', \'2025-01-22\', \'1\', \'1\', \'2\', \'2\', 22, NULL, NULL, NULL)')
 3 SYSTEMPATH\Database\BaseBuilder.php(2307): CodeIgniter\Database\BaseConnection->query('INSERT INTO `productos` (`idtipoProducto`, `codigo_lote`, `fechaIngreso`, `fecha_vencimiento`, `n_unidades_Caja`, `idUnidadesPorCaja`, `idUnidades_individuales`, `unidades_extras`, `total`, `idPrioridad`, `idDetalleSolicitados`, `estado`) VALUES (:idtipoProducto:, :codigo_lote:, :fechaIngreso:, :fecha_vencimiento:, :n_unidades_Caja:, :idUnidadesPorCaja:, :idUnidades_individuales:, :unidades_extras:, :total:, :idPrioridad:, :idDetalleSolicitados:, :estado:)', [...], false)
 4 SYSTEMPATH\Model.php(327): CodeIgniter\Database\BaseBuilder->insert()
 5 SYSTEMPATH\BaseModel.php(805): CodeIgniter\Model->doInsert([...])
 6 SYSTEMPATH\Model.php(749): CodeIgniter\BaseModel->insert([...], true)
 7 APPPATH\Models\ProductoModel.php(48): CodeIgniter\Model->insert([...])
 8 APPPATH\Controllers\Productos.php(72): App\Models\ProductoModel->saveProducto([...])
 9 SYSTEMPATH\CodeIgniter.php(943): App\Controllers\Productos->store()
10 SYSTEMPATH\CodeIgniter.php(503): CodeIgniter\CodeIgniter->runController(Object(App\Controllers\Productos))
11 SYSTEMPATH\CodeIgniter.php(361): CodeIgniter\CodeIgniter->handleRequest(null, Object(Config\Cache), false)
12 FCPATH\index.php(79): CodeIgniter\CodeIgniter->run()
CRITICAL - 2024-07-04 04:12:46 --> [Caused by] mysqli_sql_exception: Column 'idPrioridad' cannot be null
in SYSTEMPATH\Database\MySQLi\Connection.php on line 306.
 1 SYSTEMPATH\Database\MySQLi\Connection.php(306): mysqli->query('INSERT INTO `productos` (`idtipoProducto`, `codigo_lote`, `fechaIngreso`, `fecha_vencimiento`, `n_unidades_Caja`, `idUnidadesPorCaja`, `idUnidades_individuales`, `unidades_extras`, `total`, `idPrioridad`, `idDetalleSolicitados`, `estado`) VALUES (\'3\', \'hg009\', \'2024-07-04\', \'2025-01-22\', \'1\', \'1\', \'2\', \'2\', 22, NULL, NULL, NULL)', 0)
 2 SYSTEMPATH\Database\BaseConnection.php(693): CodeIgniter\Database\MySQLi\Connection->execute('INSERT INTO `productos` (`idtipoProducto`, `codigo_lote`, `fechaIngreso`, `fecha_vencimiento`, `n_unidades_Caja`, `idUnidadesPorCaja`, `idUnidades_individuales`, `unidades_extras`, `total`, `idPrioridad`, `idDetalleSolicitados`, `estado`) VALUES (\'3\', \'hg009\', \'2024-07-04\', \'2025-01-22\', \'1\', \'1\', \'2\', \'2\', 22, NULL, NULL, NULL)')
 3 SYSTEMPATH\Database\BaseConnection.php(607): CodeIgniter\Database\BaseConnection->simpleQuery('INSERT INTO `productos` (`idtipoProducto`, `codigo_lote`, `fechaIngreso`, `fecha_vencimiento`, `n_unidades_Caja`, `idUnidadesPorCaja`, `idUnidades_individuales`, `unidades_extras`, `total`, `idPrioridad`, `idDetalleSolicitados`, `estado`) VALUES (\'3\', \'hg009\', \'2024-07-04\', \'2025-01-22\', \'1\', \'1\', \'2\', \'2\', 22, NULL, NULL, NULL)')
 4 SYSTEMPATH\Database\BaseBuilder.php(2307): CodeIgniter\Database\BaseConnection->query('INSERT INTO `productos` (`idtipoProducto`, `codigo_lote`, `fechaIngreso`, `fecha_vencimiento`, `n_unidades_Caja`, `idUnidadesPorCaja`, `idUnidades_individuales`, `unidades_extras`, `total`, `idPrioridad`, `idDetalleSolicitados`, `estado`) VALUES (:idtipoProducto:, :codigo_lote:, :fechaIngreso:, :fecha_vencimiento:, :n_unidades_Caja:, :idUnidadesPorCaja:, :idUnidades_individuales:, :unidades_extras:, :total:, :idPrioridad:, :idDetalleSolicitados:, :estado:)', [...], false)
 5 SYSTEMPATH\Model.php(327): CodeIgniter\Database\BaseBuilder->insert()
 6 SYSTEMPATH\BaseModel.php(805): CodeIgniter\Model->doInsert([...])
 7 SYSTEMPATH\Model.php(749): CodeIgniter\BaseModel->insert([...], true)
 8 APPPATH\Models\ProductoModel.php(48): CodeIgniter\Model->insert([...])
 9 APPPATH\Controllers\Productos.php(72): App\Models\ProductoModel->saveProducto([...])
10 SYSTEMPATH\CodeIgniter.php(943): App\Controllers\Productos->store()
11 SYSTEMPATH\CodeIgniter.php(503): CodeIgniter\CodeIgniter->runController(Object(App\Controllers\Productos))
12 SYSTEMPATH\CodeIgniter.php(361): CodeIgniter\CodeIgniter->handleRequest(null, Object(Config\Cache), false)
13 FCPATH\index.php(79): CodeIgniter\CodeIgniter->run()
INFO - 2024-07-04 04:13:46 --> Session: Class initialized using 'CodeIgniter\Session\Handlers\FileHandler' driver.
INFO - 2024-07-04 04:13:48 --> Session: Class initialized using 'CodeIgniter\Session\Handlers\FileHandler' driver.
CRITICAL - 2024-07-04 04:13:48 --> TypeError: Unsupported operand types: string * string
in APPPATH\Controllers\Productos.php on line 58.
 1 SYSTEMPATH\CodeIgniter.php(943): App\Controllers\Productos->store()
 2 SYSTEMPATH\CodeIgniter.php(503): CodeIgniter\CodeIgniter->runController(Object(App\Controllers\Productos))
 3 SYSTEMPATH\CodeIgniter.php(361): CodeIgniter\CodeIgniter->handleRequest(null, Object(Config\Cache), false)
 4 FCPATH\index.php(79): CodeIgniter\CodeIgniter->run()
INFO - 2024-07-04 04:14:47 --> Session: Class initialized using 'CodeIgniter\Session\Handlers\FileHandler' driver.
INFO - 2024-07-04 04:14:49 --> Session: Class initialized using 'CodeIgniter\Session\Handlers\FileHandler' driver.
CRITICAL - 2024-07-04 04:14:49 --> TypeError: Unsupported operand types: string * string
in APPPATH\Controllers\Productos.php on line 58.
 1 SYSTEMPATH\CodeIgniter.php(943): App\Controllers\Productos->store()
 2 SYSTEMPATH\CodeIgniter.php(503): CodeIgniter\CodeIgniter->runController(Object(App\Controllers\Productos))
 3 SYSTEMPATH\CodeIgniter.php(361): CodeIgniter\CodeIgniter->handleRequest(null, Object(Config\Cache), false)
 4 FCPATH\index.php(79): CodeIgniter\CodeIgniter->run()
INFO - 2024-07-04 04:17:23 --> Session: Class initialized using 'CodeIgniter\Session\Handlers\FileHandler' driver.
INFO - 2024-07-04 04:17:24 --> Session: Class initialized using 'CodeIgniter\Session\Handlers\FileHandler' driver.
CRITICAL - 2024-07-04 04:17:24 --> TypeError: Unsupported operand types: string * string
in APPPATH\Controllers\Productos.php on line 58.
 1 SYSTEMPATH\CodeIgniter.php(943): App\Controllers\Productos->store()
 2 SYSTEMPATH\CodeIgniter.php(503): CodeIgniter\CodeIgniter->runController(Object(App\Controllers\Productos))
 3 SYSTEMPATH\CodeIgniter.php(361): CodeIgniter\CodeIgniter->handleRequest(null, Object(Config\Cache), false)
 4 FCPATH\index.php(79): CodeIgniter\CodeIgniter->run()
INFO - 2024-07-04 04:24:17 --> Session: Class initialized using 'CodeIgniter\Session\Handlers\FileHandler' driver.
INFO - 2024-07-04 04:26:57 --> Session: Class initialized using 'CodeIgniter\Session\Handlers\FileHandler' driver.
CRITICAL - 2024-07-04 04:26:57 --> TypeError: Unsupported operand types: string * string
in APPPATH\Controllers\Productos.php on line 58.
 1 SYSTEMPATH\CodeIgniter.php(943): App\Controllers\Productos->store()
 2 SYSTEMPATH\CodeIgniter.php(503): CodeIgniter\CodeIgniter->runController(Object(App\Controllers\Productos))
 3 SYSTEMPATH\CodeIgniter.php(361): CodeIgniter\CodeIgniter->handleRequest(null, Object(Config\Cache), false)
 4 FCPATH\index.php(79): CodeIgniter\CodeIgniter->run()
INFO - 2024-07-04 04:29:34 --> Session: Class initialized using 'CodeIgniter\Session\Handlers\FileHandler' driver.
INFO - 2024-07-04 04:29:36 --> Session: Class initialized using 'CodeIgniter\Session\Handlers\FileHandler' driver.
ERROR - 2024-07-04 04:29:36 --> mysqli_sql_exception: Cannot add or update a child row: a foreign key constraint fails (`sistema_control`.`productos`, CONSTRAINT `fk_productos_nivel_prioridad1` FOREIGN KEY (`idPrioridad`) REFERENCES `nivel_prioridad` (`IdPrioridad`)) in C:\laragon\www\Tesis-SistemaControl\vendor\codeigniter4\framework\system\Database\MySQLi\Connection.php:306
Stack trace:
#0 C:\laragon\www\Tesis-SistemaControl\vendor\codeigniter4\framework\system\Database\MySQLi\Connection.php(306): mysqli->query('INSERT INTO `pr...', 0)
#1 C:\laragon\www\Tesis-SistemaControl\vendor\codeigniter4\framework\system\Database\BaseConnection.php(693): CodeIgniter\Database\MySQLi\Connection->execute('INSERT INTO `pr...')
#2 C:\laragon\www\Tesis-SistemaControl\vendor\codeigniter4\framework\system\Database\BaseConnection.php(607): CodeIgniter\Database\BaseConnection->simpleQuery('INSERT INTO `pr...')
#3 C:\laragon\www\Tesis-SistemaControl\vendor\codeigniter4\framework\system\Database\BaseBuilder.php(2307): CodeIgniter\Database\BaseConnection->query('INSERT INTO `pr...', Array, false)
#4 C:\laragon\www\Tesis-SistemaControl\vendor\codeigniter4\framework\system\Model.php(327): CodeIgniter\Database\BaseBuilder->insert()
#5 C:\laragon\www\Tesis-SistemaControl\vendor\codeigniter4\framework\system\BaseModel.php(805): CodeIgniter\Model->doInsert(Array)
#6 C:\laragon\www\Tesis-SistemaControl\vendor\codeigniter4\framework\system\Model.php(749): CodeIgniter\BaseModel->insert(Array, true)
#7 C:\laragon\www\Tesis-SistemaControl\app\Models\ProductoModel.php(48): CodeIgniter\Model->insert(Array)
#8 C:\laragon\www\Tesis-SistemaControl\app\Controllers\Productos.php(74): App\Models\ProductoModel->saveProducto(Array)
#9 C:\laragon\www\Tesis-SistemaControl\vendor\codeigniter4\framework\system\CodeIgniter.php(943): App\Controllers\Productos->store()
#10 C:\laragon\www\Tesis-SistemaControl\vendor\codeigniter4\framework\system\CodeIgniter.php(503): CodeIgniter\CodeIgniter->runController(Object(App\Controllers\Productos))
#11 C:\laragon\www\Tesis-SistemaControl\vendor\codeigniter4\framework\system\CodeIgniter.php(361): CodeIgniter\CodeIgniter->handleRequest(NULL, Object(Config\Cache), false)
#12 C:\laragon\www\Tesis-SistemaControl\public\index.php(79): CodeIgniter\CodeIgniter->run()
#13 {main}
CRITICAL - 2024-07-04 04:29:36 --> CodeIgniter\Database\Exceptions\DatabaseException: Cannot add or update a child row: a foreign key constraint fails (`sistema_control`.`productos`, CONSTRAINT `fk_productos_nivel_prioridad1` FOREIGN KEY (`idPrioridad`) REFERENCES `nivel_prioridad` (`IdPrioridad`))
in SYSTEMPATH\Database\BaseConnection.php on line 647.
 1 SYSTEMPATH\Database\BaseBuilder.php(2307): CodeIgniter\Database\BaseConnection->query('INSERT INTO `productos` (`idtipoProducto`, `codigo_lote`, `fechaIngreso`, `fecha_vencimiento`, `n_unidades_Caja`, `idUnidadesPorCaja`, `idUnidades_individuales`, `unidades_extras`, `total`, `idPrioridad`, `idDetalleSolicitados`, `estado`) VALUES (:idtipoProducto:, :codigo_lote:, :fechaIngreso:, :fecha_vencimiento:, :n_unidades_Caja:, :idUnidadesPorCaja:, :idUnidades_individuales:, :unidades_extras:, :total:, :idPrioridad:, :idDetalleSolicitados:, :estado:)', [...], false)
 2 SYSTEMPATH\Model.php(327): CodeIgniter\Database\BaseBuilder->insert()
 3 SYSTEMPATH\BaseModel.php(805): CodeIgniter\Model->doInsert([...])
 4 SYSTEMPATH\Model.php(749): CodeIgniter\BaseModel->insert([...], true)
 5 APPPATH\Models\ProductoModel.php(48): CodeIgniter\Model->insert([...])
 6 APPPATH\Controllers\Productos.php(74): App\Models\ProductoModel->saveProducto([...])
 7 SYSTEMPATH\CodeIgniter.php(943): App\Controllers\Productos->store()
 8 SYSTEMPATH\CodeIgniter.php(503): CodeIgniter\CodeIgniter->runController(Object(App\Controllers\Productos))
 9 SYSTEMPATH\CodeIgniter.php(361): CodeIgniter\CodeIgniter->handleRequest(null, Object(Config\Cache), false)
10 FCPATH\index.php(79): CodeIgniter\CodeIgniter->run()
CRITICAL - 2024-07-04 04:29:36 --> [Caused by] CodeIgniter\Database\Exceptions\DatabaseException: Cannot add or update a child row: a foreign key constraint fails (`sistema_control`.`productos`, CONSTRAINT `fk_productos_nivel_prioridad1` FOREIGN KEY (`idPrioridad`) REFERENCES `nivel_prioridad` (`IdPrioridad`))
in SYSTEMPATH\Database\MySQLi\Connection.php on line 311.
 1 SYSTEMPATH\Database\BaseConnection.php(693): CodeIgniter\Database\MySQLi\Connection->execute('INSERT INTO `productos` (`idtipoProducto`, `codigo_lote`, `fechaIngreso`, `fecha_vencimiento`, `n_unidades_Caja`, `idUnidadesPorCaja`, `idUnidades_individuales`, `unidades_extras`, `total`, `idPrioridad`, `idDetalleSolicitados`, `estado`) VALUES (3, \'hg009\', \'2024-07-04\', \'2025-01-22\', 1, 1, 2, 2, 2, 0, 0, NULL)')
 2 SYSTEMPATH\Database\BaseConnection.php(607): CodeIgniter\Database\BaseConnection->simpleQuery('INSERT INTO `productos` (`idtipoProducto`, `codigo_lote`, `fechaIngreso`, `fecha_vencimiento`, `n_unidades_Caja`, `idUnidadesPorCaja`, `idUnidades_individuales`, `unidades_extras`, `total`, `idPrioridad`, `idDetalleSolicitados`, `estado`) VALUES (3, \'hg009\', \'2024-07-04\', \'2025-01-22\', 1, 1, 2, 2, 2, 0, 0, NULL)')
 3 SYSTEMPATH\Database\BaseBuilder.php(2307): CodeIgniter\Database\BaseConnection->query('INSERT INTO `productos` (`idtipoProducto`, `codigo_lote`, `fechaIngreso`, `fecha_vencimiento`, `n_unidades_Caja`, `idUnidadesPorCaja`, `idUnidades_individuales`, `unidades_extras`, `total`, `idPrioridad`, `idDetalleSolicitados`, `estado`) VALUES (:idtipoProducto:, :codigo_lote:, :fechaIngreso:, :fecha_vencimiento:, :n_unidades_Caja:, :idUnidadesPorCaja:, :idUnidades_individuales:, :unidades_extras:, :total:, :idPrioridad:, :idDetalleSolicitados:, :estado:)', [...], false)
 4 SYSTEMPATH\Model.php(327): CodeIgniter\Database\BaseBuilder->insert()
 5 SYSTEMPATH\BaseModel.php(805): CodeIgniter\Model->doInsert([...])
 6 SYSTEMPATH\Model.php(749): CodeIgniter\BaseModel->insert([...], true)
 7 APPPATH\Models\ProductoModel.php(48): CodeIgniter\Model->insert([...])
 8 APPPATH\Controllers\Productos.php(74): App\Models\ProductoModel->saveProducto([...])
 9 SYSTEMPATH\CodeIgniter.php(943): App\Controllers\Productos->store()
10 SYSTEMPATH\CodeIgniter.php(503): CodeIgniter\CodeIgniter->runController(Object(App\Controllers\Productos))
11 SYSTEMPATH\CodeIgniter.php(361): CodeIgniter\CodeIgniter->handleRequest(null, Object(Config\Cache), false)
12 FCPATH\index.php(79): CodeIgniter\CodeIgniter->run()
CRITICAL - 2024-07-04 04:29:36 --> [Caused by] mysqli_sql_exception: Cannot add or update a child row: a foreign key constraint fails (`sistema_control`.`productos`, CONSTRAINT `fk_productos_nivel_prioridad1` FOREIGN KEY (`idPrioridad`) REFERENCES `nivel_prioridad` (`IdPrioridad`))
in SYSTEMPATH\Database\MySQLi\Connection.php on line 306.
 1 SYSTEMPATH\Database\MySQLi\Connection.php(306): mysqli->query('INSERT INTO `productos` (`idtipoProducto`, `codigo_lote`, `fechaIngreso`, `fecha_vencimiento`, `n_unidades_Caja`, `idUnidadesPorCaja`, `idUnidades_individuales`, `unidades_extras`, `total`, `idPrioridad`, `idDetalleSolicitados`, `estado`) VALUES (3, \'hg009\', \'2024-07-04\', \'2025-01-22\', 1, 1, 2, 2, 2, 0, 0, NULL)', 0)
 2 SYSTEMPATH\Database\BaseConnection.php(693): CodeIgniter\Database\MySQLi\Connection->execute('INSERT INTO `productos` (`idtipoProducto`, `codigo_lote`, `fechaIngreso`, `fecha_vencimiento`, `n_unidades_Caja`, `idUnidadesPorCaja`, `idUnidades_individuales`, `unidades_extras`, `total`, `idPrioridad`, `idDetalleSolicitados`, `estado`) VALUES (3, \'hg009\', \'2024-07-04\', \'2025-01-22\', 1, 1, 2, 2, 2, 0, 0, NULL)')
 3 SYSTEMPATH\Database\BaseConnection.php(607): CodeIgniter\Database\BaseConnection->simpleQuery('INSERT INTO `productos` (`idtipoProducto`, `codigo_lote`, `fechaIngreso`, `fecha_vencimiento`, `n_unidades_Caja`, `idUnidadesPorCaja`, `idUnidades_individuales`, `unidades_extras`, `total`, `idPrioridad`, `idDetalleSolicitados`, `estado`) VALUES (3, \'hg009\', \'2024-07-04\', \'2025-01-22\', 1, 1, 2, 2, 2, 0, 0, NULL)')
 4 SYSTEMPATH\Database\BaseBuilder.php(2307): CodeIgniter\Database\BaseConnection->query('INSERT INTO `productos` (`idtipoProducto`, `codigo_lote`, `fechaIngreso`, `fecha_vencimiento`, `n_unidades_Caja`, `idUnidadesPorCaja`, `idUnidades_individuales`, `unidades_extras`, `total`, `idPrioridad`, `idDetalleSolicitados`, `estado`) VALUES (:idtipoProducto:, :codigo_lote:, :fechaIngreso:, :fecha_vencimiento:, :n_unidades_Caja:, :idUnidadesPorCaja:, :idUnidades_individuales:, :unidades_extras:, :total:, :idPrioridad:, :idDetalleSolicitados:, :estado:)', [...], false)
 5 SYSTEMPATH\Model.php(327): CodeIgniter\Database\BaseBuilder->insert()
 6 SYSTEMPATH\BaseModel.php(805): CodeIgniter\Model->doInsert([...])
 7 SYSTEMPATH\Model.php(749): CodeIgniter\BaseModel->insert([...], true)
 8 APPPATH\Models\ProductoModel.php(48): CodeIgniter\Model->insert([...])
 9 APPPATH\Controllers\Productos.php(74): App\Models\ProductoModel->saveProducto([...])
10 SYSTEMPATH\CodeIgniter.php(943): App\Controllers\Productos->store()
11 SYSTEMPATH\CodeIgniter.php(503): CodeIgniter\CodeIgniter->runController(Object(App\Controllers\Productos))
12 SYSTEMPATH\CodeIgniter.php(361): CodeIgniter\CodeIgniter->handleRequest(null, Object(Config\Cache), false)
13 FCPATH\index.php(79): CodeIgniter\CodeIgniter->run()
INFO - 2024-07-04 04:31:10 --> Session: Class initialized using 'CodeIgniter\Session\Handlers\FileHandler' driver.
INFO - 2024-07-04 04:31:28 --> Session: Class initialized using 'CodeIgniter\Session\Handlers\FileHandler' driver.
INFO - 2024-07-04 04:31:29 --> Session: Class initialized using 'CodeIgniter\Session\Handlers\FileHandler' driver.
INFO - 2024-07-04 04:31:35 --> Session: Class initialized using 'CodeIgniter\Session\Handlers\FileHandler' driver.
INFO - 2024-07-04 04:31:37 --> Session: Class initialized using 'CodeIgniter\Session\Handlers\FileHandler' driver.
INFO - 2024-07-04 04:32:47 --> Session: Class initialized using 'CodeIgniter\Session\Handlers\FileHandler' driver.
INFO - 2024-07-04 04:32:54 --> Session: Class initialized using 'CodeIgniter\Session\Handlers\FileHandler' driver.
INFO - 2024-07-04 04:33:25 --> Session: Class initialized using 'CodeIgniter\Session\Handlers\FileHandler' driver.
INFO - 2024-07-04 04:33:35 --> Session: Class initialized using 'CodeIgniter\Session\Handlers\FileHandler' driver.
INFO - 2024-07-04 04:34:03 --> Session: Class initialized using 'CodeIgniter\Session\Handlers\FileHandler' driver.
ERROR - 2024-07-04 04:34:03 --> mysqli_sql_exception: Unknown column 'productos_idProducto' in 'field list' in C:\laragon\www\Tesis-SistemaControl\vendor\codeigniter4\framework\system\Database\MySQLi\Connection.php:306
Stack trace:
#0 C:\laragon\www\Tesis-SistemaControl\vendor\codeigniter4\framework\system\Database\MySQLi\Connection.php(306): mysqli->query('INSERT INTO `mo...', 0)
#1 C:\laragon\www\Tesis-SistemaControl\vendor\codeigniter4\framework\system\Database\BaseConnection.php(693): CodeIgniter\Database\MySQLi\Connection->execute('INSERT INTO `mo...')
#2 C:\laragon\www\Tesis-SistemaControl\vendor\codeigniter4\framework\system\Database\BaseConnection.php(607): CodeIgniter\Database\BaseConnection->simpleQuery('INSERT INTO `mo...')
#3 C:\laragon\www\Tesis-SistemaControl\vendor\codeigniter4\framework\system\Database\BaseBuilder.php(2307): CodeIgniter\Database\BaseConnection->query('INSERT INTO `mo...', Array, false)
#4 C:\laragon\www\Tesis-SistemaControl\app\Models\ProductoModel.php(57): CodeIgniter\Database\BaseBuilder->insert(Array)
#5 C:\laragon\www\Tesis-SistemaControl\app\Controllers\Productos.php(72): App\Models\ProductoModel->saveProducto(Array)
#6 C:\laragon\www\Tesis-SistemaControl\vendor\codeigniter4\framework\system\CodeIgniter.php(943): App\Controllers\Productos->store()
#7 C:\laragon\www\Tesis-SistemaControl\vendor\codeigniter4\framework\system\CodeIgniter.php(503): CodeIgniter\CodeIgniter->runController(Object(App\Controllers\Productos))
#8 C:\laragon\www\Tesis-SistemaControl\vendor\codeigniter4\framework\system\CodeIgniter.php(361): CodeIgniter\CodeIgniter->handleRequest(NULL, Object(Config\Cache), false)
#9 C:\laragon\www\Tesis-SistemaControl\public\index.php(79): CodeIgniter\CodeIgniter->run()
#10 {main}
CRITICAL - 2024-07-04 04:34:03 --> CodeIgniter\Database\Exceptions\DatabaseException: Unknown column 'productos_idProducto' in 'field list'
in SYSTEMPATH\Database\BaseConnection.php on line 647.
 1 SYSTEMPATH\Database\BaseBuilder.php(2307): CodeIgniter\Database\BaseConnection->query('INSERT INTO `movimiento` (`productos_idProducto`, `total`) VALUES (:productos_idProducto:, :total:)', [...], false)
 2 APPPATH\Models\ProductoModel.php(57): CodeIgniter\Database\BaseBuilder->insert([...])
 3 APPPATH\Controllers\Productos.php(72): App\Models\ProductoModel->saveProducto([...])
 4 SYSTEMPATH\CodeIgniter.php(943): App\Controllers\Productos->store()
 5 SYSTEMPATH\CodeIgniter.php(503): CodeIgniter\CodeIgniter->runController(Object(App\Controllers\Productos))
 6 SYSTEMPATH\CodeIgniter.php(361): CodeIgniter\CodeIgniter->handleRequest(null, Object(Config\Cache), false)
 7 FCPATH\index.php(79): CodeIgniter\CodeIgniter->run()
CRITICAL - 2024-07-04 04:34:03 --> [Caused by] CodeIgniter\Database\Exceptions\DatabaseException: Unknown column 'productos_idProducto' in 'field list'
in SYSTEMPATH\Database\MySQLi\Connection.php on line 311.
 1 SYSTEMPATH\Database\BaseConnection.php(693): CodeIgniter\Database\MySQLi\Connection->execute('INSERT INTO `movimiento` (`productos_idProducto`, `total`) VALUES (2, 21)')
 2 SYSTEMPATH\Database\BaseConnection.php(607): CodeIgniter\Database\BaseConnection->simpleQuery('INSERT INTO `movimiento` (`productos_idProducto`, `total`) VALUES (2, 21)')
 3 SYSTEMPATH\Database\BaseBuilder.php(2307): CodeIgniter\Database\BaseConnection->query('INSERT INTO `movimiento` (`productos_idProducto`, `total`) VALUES (:productos_idProducto:, :total:)', [...], false)
 4 APPPATH\Models\ProductoModel.php(57): CodeIgniter\Database\BaseBuilder->insert([...])
 5 APPPATH\Controllers\Productos.php(72): App\Models\ProductoModel->saveProducto([...])
 6 SYSTEMPATH\CodeIgniter.php(943): App\Controllers\Productos->store()
 7 SYSTEMPATH\CodeIgniter.php(503): CodeIgniter\CodeIgniter->runController(Object(App\Controllers\Productos))
 8 SYSTEMPATH\CodeIgniter.php(361): CodeIgniter\CodeIgniter->handleRequest(null, Object(Config\Cache), false)
 9 FCPATH\index.php(79): CodeIgniter\CodeIgniter->run()
CRITICAL - 2024-07-04 04:34:03 --> [Caused by] mysqli_sql_exception: Unknown column 'productos_idProducto' in 'field list'
in SYSTEMPATH\Database\MySQLi\Connection.php on line 306.
 1 SYSTEMPATH\Database\MySQLi\Connection.php(306): mysqli->query('INSERT INTO `movimiento` (`productos_idProducto`, `total`) VALUES (2, 21)', 0)
 2 SYSTEMPATH\Database\BaseConnection.php(693): CodeIgniter\Database\MySQLi\Connection->execute('INSERT INTO `movimiento` (`productos_idProducto`, `total`) VALUES (2, 21)')
 3 SYSTEMPATH\Database\BaseConnection.php(607): CodeIgniter\Database\BaseConnection->simpleQuery('INSERT INTO `movimiento` (`productos_idProducto`, `total`) VALUES (2, 21)')
 4 SYSTEMPATH\Database\BaseBuilder.php(2307): CodeIgniter\Database\BaseConnection->query('INSERT INTO `movimiento` (`productos_idProducto`, `total`) VALUES (:productos_idProducto:, :total:)', [...], false)
 5 APPPATH\Models\ProductoModel.php(57): CodeIgniter\Database\BaseBuilder->insert([...])
 6 APPPATH\Controllers\Productos.php(72): App\Models\ProductoModel->saveProducto([...])
 7 SYSTEMPATH\CodeIgniter.php(943): App\Controllers\Productos->store()
 8 SYSTEMPATH\CodeIgniter.php(503): CodeIgniter\CodeIgniter->runController(Object(App\Controllers\Productos))
 9 SYSTEMPATH\CodeIgniter.php(361): CodeIgniter\CodeIgniter->handleRequest(null, Object(Config\Cache), false)
10 FCPATH\index.php(79): CodeIgniter\CodeIgniter->run()
INFO - 2024-07-04 04:35:13 --> Session: Class initialized using 'CodeIgniter\Session\Handlers\FileHandler' driver.
INFO - 2024-07-04 04:37:14 --> Session: Class initialized using 'CodeIgniter\Session\Handlers\FileHandler' driver.
INFO - 2024-07-04 04:37:14 --> Session: Class initialized using 'CodeIgniter\Session\Handlers\FileHandler' driver.
INFO - 2024-07-04 04:37:22 --> Session: Class initialized using 'CodeIgniter\Session\Handlers\FileHandler' driver.
INFO - 2024-07-04 04:37:23 --> Session: Class initialized using 'CodeIgniter\Session\Handlers\FileHandler' driver.
INFO - 2024-07-04 04:37:31 --> Session: Class initialized using 'CodeIgniter\Session\Handlers\FileHandler' driver.
INFO - 2024-07-04 04:37:36 --> Session: Class initialized using 'CodeIgniter\Session\Handlers\FileHandler' driver.
INFO - 2024-07-04 04:38:12 --> Session: Class initialized using 'CodeIgniter\Session\Handlers\FileHandler' driver.
INFO - 2024-07-04 04:38:20 --> Session: Class initialized using 'CodeIgniter\Session\Handlers\FileHandler' driver.
INFO - 2024-07-04 04:38:44 --> Session: Class initialized using 'CodeIgniter\Session\Handlers\FileHandler' driver.
ERROR - 2024-07-04 04:38:44 --> mysqli_sql_exception: Unknown column 'productos_idProducto' in 'field list' in C:\laragon\www\Tesis-SistemaControl\vendor\codeigniter4\framework\system\Database\MySQLi\Connection.php:306
Stack trace:
#0 C:\laragon\www\Tesis-SistemaControl\vendor\codeigniter4\framework\system\Database\MySQLi\Connection.php(306): mysqli->query('INSERT INTO `mo...', 0)
#1 C:\laragon\www\Tesis-SistemaControl\vendor\codeigniter4\framework\system\Database\BaseConnection.php(693): CodeIgniter\Database\MySQLi\Connection->execute('INSERT INTO `mo...')
#2 C:\laragon\www\Tesis-SistemaControl\vendor\codeigniter4\framework\system\Database\BaseConnection.php(607): CodeIgniter\Database\BaseConnection->simpleQuery('INSERT INTO `mo...')
#3 C:\laragon\www\Tesis-SistemaControl\vendor\codeigniter4\framework\system\Database\BaseBuilder.php(2307): CodeIgniter\Database\BaseConnection->query('INSERT INTO `mo...', Array, false)
#4 C:\laragon\www\Tesis-SistemaControl\app\Models\ProductoModel.php(57): CodeIgniter\Database\BaseBuilder->insert(Array)
#5 C:\laragon\www\Tesis-SistemaControl\app\Controllers\Productos.php(72): App\Models\ProductoModel->saveProducto(Array)
#6 C:\laragon\www\Tesis-SistemaControl\vendor\codeigniter4\framework\system\CodeIgniter.php(943): App\Controllers\Productos->store()
#7 C:\laragon\www\Tesis-SistemaControl\vendor\codeigniter4\framework\system\CodeIgniter.php(503): CodeIgniter\CodeIgniter->runController(Object(App\Controllers\Productos))
#8 C:\laragon\www\Tesis-SistemaControl\vendor\codeigniter4\framework\system\CodeIgniter.php(361): CodeIgniter\CodeIgniter->handleRequest(NULL, Object(Config\Cache), false)
#9 C:\laragon\www\Tesis-SistemaControl\public\index.php(79): CodeIgniter\CodeIgniter->run()
#10 {main}
CRITICAL - 2024-07-04 04:38:44 --> CodeIgniter\Database\Exceptions\DatabaseException: Unknown column 'productos_idProducto' in 'field list'
in SYSTEMPATH\Database\BaseConnection.php on line 647.
 1 SYSTEMPATH\Database\BaseBuilder.php(2307): CodeIgniter\Database\BaseConnection->query('INSERT INTO `movimiento` (`productos_idProducto`, `total`) VALUES (:productos_idProducto:, :total:)', [...], false)
 2 APPPATH\Models\ProductoModel.php(57): CodeIgniter\Database\BaseBuilder->insert([...])
 3 APPPATH\Controllers\Productos.php(72): App\Models\ProductoModel->saveProducto([...])
 4 SYSTEMPATH\CodeIgniter.php(943): App\Controllers\Productos->store()
 5 SYSTEMPATH\CodeIgniter.php(503): CodeIgniter\CodeIgniter->runController(Object(App\Controllers\Productos))
 6 SYSTEMPATH\CodeIgniter.php(361): CodeIgniter\CodeIgniter->handleRequest(null, Object(Config\Cache), false)
 7 FCPATH\index.php(79): CodeIgniter\CodeIgniter->run()
CRITICAL - 2024-07-04 04:38:44 --> [Caused by] CodeIgniter\Database\Exceptions\DatabaseException: Unknown column 'productos_idProducto' in 'field list'
in SYSTEMPATH\Database\MySQLi\Connection.php on line 311.
 1 SYSTEMPATH\Database\BaseConnection.php(693): CodeIgniter\Database\MySQLi\Connection->execute('INSERT INTO `movimiento` (`productos_idProducto`, `total`) VALUES (3, 42)')
 2 SYSTEMPATH\Database\BaseConnection.php(607): CodeIgniter\Database\BaseConnection->simpleQuery('INSERT INTO `movimiento` (`productos_idProducto`, `total`) VALUES (3, 42)')
 3 SYSTEMPATH\Database\BaseBuilder.php(2307): CodeIgniter\Database\BaseConnection->query('INSERT INTO `movimiento` (`productos_idProducto`, `total`) VALUES (:productos_idProducto:, :total:)', [...], false)
 4 APPPATH\Models\ProductoModel.php(57): CodeIgniter\Database\BaseBuilder->insert([...])
 5 APPPATH\Controllers\Productos.php(72): App\Models\ProductoModel->saveProducto([...])
 6 SYSTEMPATH\CodeIgniter.php(943): App\Controllers\Productos->store()
 7 SYSTEMPATH\CodeIgniter.php(503): CodeIgniter\CodeIgniter->runController(Object(App\Controllers\Productos))
 8 SYSTEMPATH\CodeIgniter.php(361): CodeIgniter\CodeIgniter->handleRequest(null, Object(Config\Cache), false)
 9 FCPATH\index.php(79): CodeIgniter\CodeIgniter->run()
CRITICAL - 2024-07-04 04:38:44 --> [Caused by] mysqli_sql_exception: Unknown column 'productos_idProducto' in 'field list'
in SYSTEMPATH\Database\MySQLi\Connection.php on line 306.
 1 SYSTEMPATH\Database\MySQLi\Connection.php(306): mysqli->query('INSERT INTO `movimiento` (`productos_idProducto`, `total`) VALUES (3, 42)', 0)
 2 SYSTEMPATH\Database\BaseConnection.php(693): CodeIgniter\Database\MySQLi\Connection->execute('INSERT INTO `movimiento` (`productos_idProducto`, `total`) VALUES (3, 42)')
 3 SYSTEMPATH\Database\BaseConnection.php(607): CodeIgniter\Database\BaseConnection->simpleQuery('INSERT INTO `movimiento` (`productos_idProducto`, `total`) VALUES (3, 42)')
 4 SYSTEMPATH\Database\BaseBuilder.php(2307): CodeIgniter\Database\BaseConnection->query('INSERT INTO `movimiento` (`productos_idProducto`, `total`) VALUES (:productos_idProducto:, :total:)', [...], false)
 5 APPPATH\Models\ProductoModel.php(57): CodeIgniter\Database\BaseBuilder->insert([...])
 6 APPPATH\Controllers\Productos.php(72): App\Models\ProductoModel->saveProducto([...])
 7 SYSTEMPATH\CodeIgniter.php(943): App\Controllers\Productos->store()
 8 SYSTEMPATH\CodeIgniter.php(503): CodeIgniter\CodeIgniter->runController(Object(App\Controllers\Productos))
 9 SYSTEMPATH\CodeIgniter.php(361): CodeIgniter\CodeIgniter->handleRequest(null, Object(Config\Cache), false)
10 FCPATH\index.php(79): CodeIgniter\CodeIgniter->run()
INFO - 2024-07-04 04:38:49 --> Session: Class initialized using 'CodeIgniter\Session\Handlers\FileHandler' driver.
INFO - 2024-07-04 04:38:50 --> Session: Class initialized using 'CodeIgniter\Session\Handlers\FileHandler' driver.
INFO - 2024-07-04 04:39:10 --> Session: Class initialized using 'CodeIgniter\Session\Handlers\FileHandler' driver.
INFO - 2024-07-04 04:39:12 --> Session: Class initialized using 'CodeIgniter\Session\Handlers\FileHandler' driver.
INFO - 2024-07-04 04:39:16 --> Session: Class initialized using 'CodeIgniter\Session\Handlers\FileHandler' driver.
INFO - 2024-07-04 04:39:17 --> Session: Class initialized using 'CodeIgniter\Session\Handlers\FileHandler' driver.
INFO - 2024-07-04 04:40:39 --> Session: Class initialized using 'CodeIgniter\Session\Handlers\FileHandler' driver.
INFO - 2024-07-04 04:40:40 --> Session: Class initialized using 'CodeIgniter\Session\Handlers\FileHandler' driver.
INFO - 2024-07-04 04:40:54 --> Session: Class initialized using 'CodeIgniter\Session\Handlers\FileHandler' driver.
INFO - 2024-07-04 04:40:57 --> Session: Class initialized using 'CodeIgniter\Session\Handlers\FileHandler' driver.
INFO - 2024-07-04 04:41:02 --> Session: Class initialized using 'CodeIgniter\Session\Handlers\FileHandler' driver.
INFO - 2024-07-04 04:41:10 --> Session: Class initialized using 'CodeIgniter\Session\Handlers\FileHandler' driver.
INFO - 2024-07-04 04:41:45 --> Session: Class initialized using 'CodeIgniter\Session\Handlers\FileHandler' driver.
INFO - 2024-07-04 04:42:01 --> Session: Class initialized using 'CodeIgniter\Session\Handlers\FileHandler' driver.
INFO - 2024-07-04 04:42:20 --> Session: Class initialized using 'CodeIgniter\Session\Handlers\FileHandler' driver.
ERROR - 2024-07-04 04:42:20 --> mysqli_sql_exception: Unknown column 'productos_idProducto' in 'field list' in C:\laragon\www\Tesis-SistemaControl\vendor\codeigniter4\framework\system\Database\MySQLi\Connection.php:306
Stack trace:
#0 C:\laragon\www\Tesis-SistemaControl\vendor\codeigniter4\framework\system\Database\MySQLi\Connection.php(306): mysqli->query('INSERT INTO `mo...', 0)
#1 C:\laragon\www\Tesis-SistemaControl\vendor\codeigniter4\framework\system\Database\BaseConnection.php(693): CodeIgniter\Database\MySQLi\Connection->execute('INSERT INTO `mo...')
#2 C:\laragon\www\Tesis-SistemaControl\vendor\codeigniter4\framework\system\Database\BaseConnection.php(607): CodeIgniter\Database\BaseConnection->simpleQuery('INSERT INTO `mo...')
#3 C:\laragon\www\Tesis-SistemaControl\vendor\codeigniter4\framework\system\Database\BaseBuilder.php(2307): CodeIgniter\Database\BaseConnection->query('INSERT INTO `mo...', Array, false)
#4 C:\laragon\www\Tesis-SistemaControl\app\Models\ProductoModel.php(57): CodeIgniter\Database\BaseBuilder->insert(Array)
#5 C:\laragon\www\Tesis-SistemaControl\app\Controllers\Productos.php(72): App\Models\ProductoModel->saveProducto(Array)
#6 C:\laragon\www\Tesis-SistemaControl\vendor\codeigniter4\framework\system\CodeIgniter.php(943): App\Controllers\Productos->store()
#7 C:\laragon\www\Tesis-SistemaControl\vendor\codeigniter4\framework\system\CodeIgniter.php(503): CodeIgniter\CodeIgniter->runController(Object(App\Controllers\Productos))
#8 C:\laragon\www\Tesis-SistemaControl\vendor\codeigniter4\framework\system\CodeIgniter.php(361): CodeIgniter\CodeIgniter->handleRequest(NULL, Object(Config\Cache), false)
#9 C:\laragon\www\Tesis-SistemaControl\public\index.php(79): CodeIgniter\CodeIgniter->run()
#10 {main}
CRITICAL - 2024-07-04 04:42:20 --> CodeIgniter\Database\Exceptions\DatabaseException: Unknown column 'productos_idProducto' in 'field list'
in SYSTEMPATH\Database\BaseConnection.php on line 647.
 1 SYSTEMPATH\Database\BaseBuilder.php(2307): CodeIgniter\Database\BaseConnection->query('INSERT INTO `movimiento` (`productos_idProducto`, `total`) VALUES (:productos_idProducto:, :total:)', [...], false)
 2 APPPATH\Models\ProductoModel.php(57): CodeIgniter\Database\BaseBuilder->insert([...])
 3 APPPATH\Controllers\Productos.php(72): App\Models\ProductoModel->saveProducto([...])
 4 SYSTEMPATH\CodeIgniter.php(943): App\Controllers\Productos->store()
 5 SYSTEMPATH\CodeIgniter.php(503): CodeIgniter\CodeIgniter->runController(Object(App\Controllers\Productos))
 6 SYSTEMPATH\CodeIgniter.php(361): CodeIgniter\CodeIgniter->handleRequest(null, Object(Config\Cache), false)
 7 FCPATH\index.php(79): CodeIgniter\CodeIgniter->run()
CRITICAL - 2024-07-04 04:42:20 --> [Caused by] CodeIgniter\Database\Exceptions\DatabaseException: Unknown column 'productos_idProducto' in 'field list'
in SYSTEMPATH\Database\MySQLi\Connection.php on line 311.
 1 SYSTEMPATH\Database\BaseConnection.php(693): CodeIgniter\Database\MySQLi\Connection->execute('INSERT INTO `movimiento` (`productos_idProducto`, `total`) VALUES (4, 21)')
 2 SYSTEMPATH\Database\BaseConnection.php(607): CodeIgniter\Database\BaseConnection->simpleQuery('INSERT INTO `movimiento` (`productos_idProducto`, `total`) VALUES (4, 21)')
 3 SYSTEMPATH\Database\BaseBuilder.php(2307): CodeIgniter\Database\BaseConnection->query('INSERT INTO `movimiento` (`productos_idProducto`, `total`) VALUES (:productos_idProducto:, :total:)', [...], false)
 4 APPPATH\Models\ProductoModel.php(57): CodeIgniter\Database\BaseBuilder->insert([...])
 5 APPPATH\Controllers\Productos.php(72): App\Models\ProductoModel->saveProducto([...])
 6 SYSTEMPATH\CodeIgniter.php(943): App\Controllers\Productos->store()
 7 SYSTEMPATH\CodeIgniter.php(503): CodeIgniter\CodeIgniter->runController(Object(App\Controllers\Productos))
 8 SYSTEMPATH\CodeIgniter.php(361): CodeIgniter\CodeIgniter->handleRequest(null, Object(Config\Cache), false)
 9 FCPATH\index.php(79): CodeIgniter\CodeIgniter->run()
CRITICAL - 2024-07-04 04:42:20 --> [Caused by] mysqli_sql_exception: Unknown column 'productos_idProducto' in 'field list'
in SYSTEMPATH\Database\MySQLi\Connection.php on line 306.
 1 SYSTEMPATH\Database\MySQLi\Connection.php(306): mysqli->query('INSERT INTO `movimiento` (`productos_idProducto`, `total`) VALUES (4, 21)', 0)
 2 SYSTEMPATH\Database\BaseConnection.php(693): CodeIgniter\Database\MySQLi\Connection->execute('INSERT INTO `movimiento` (`productos_idProducto`, `total`) VALUES (4, 21)')
 3 SYSTEMPATH\Database\BaseConnection.php(607): CodeIgniter\Database\BaseConnection->simpleQuery('INSERT INTO `movimiento` (`productos_idProducto`, `total`) VALUES (4, 21)')
 4 SYSTEMPATH\Database\BaseBuilder.php(2307): CodeIgniter\Database\BaseConnection->query('INSERT INTO `movimiento` (`productos_idProducto`, `total`) VALUES (:productos_idProducto:, :total:)', [...], false)
 5 APPPATH\Models\ProductoModel.php(57): CodeIgniter\Database\BaseBuilder->insert([...])
 6 APPPATH\Controllers\Productos.php(72): App\Models\ProductoModel->saveProducto([...])
 7 SYSTEMPATH\CodeIgniter.php(943): App\Controllers\Productos->store()
 8 SYSTEMPATH\CodeIgniter.php(503): CodeIgniter\CodeIgniter->runController(Object(App\Controllers\Productos))
 9 SYSTEMPATH\CodeIgniter.php(361): CodeIgniter\CodeIgniter->handleRequest(null, Object(Config\Cache), false)
10 FCPATH\index.php(79): CodeIgniter\CodeIgniter->run()
INFO - 2024-07-04 04:42:26 --> Session: Class initialized using 'CodeIgniter\Session\Handlers\FileHandler' driver.
INFO - 2024-07-04 04:42:28 --> Session: Class initialized using 'CodeIgniter\Session\Handlers\FileHandler' driver.
INFO - 2024-07-04 04:47:53 --> Session: Class initialized using 'CodeIgniter\Session\Handlers\FileHandler' driver.
INFO - 2024-07-04 04:48:43 --> Session: Class initialized using 'CodeIgniter\Session\Handlers\FileHandler' driver.
ERROR - 2024-07-04 04:48:44 --> mysqli_sql_exception: Unknown column 'productos_idProducto' in 'field list' in C:\laragon\www\Tesis-SistemaControl\vendor\codeigniter4\framework\system\Database\MySQLi\Connection.php:306
Stack trace:
#0 C:\laragon\www\Tesis-SistemaControl\vendor\codeigniter4\framework\system\Database\MySQLi\Connection.php(306): mysqli->query('INSERT INTO `mo...', 0)
#1 C:\laragon\www\Tesis-SistemaControl\vendor\codeigniter4\framework\system\Database\BaseConnection.php(693): CodeIgniter\Database\MySQLi\Connection->execute('INSERT INTO `mo...')
#2 C:\laragon\www\Tesis-SistemaControl\vendor\codeigniter4\framework\system\Database\BaseConnection.php(607): CodeIgniter\Database\BaseConnection->simpleQuery('INSERT INTO `mo...')
#3 C:\laragon\www\Tesis-SistemaControl\vendor\codeigniter4\framework\system\Database\BaseBuilder.php(2307): CodeIgniter\Database\BaseConnection->query('INSERT INTO `mo...', Array, false)
#4 C:\laragon\www\Tesis-SistemaControl\app\Models\ProductoModel.php(57): CodeIgniter\Database\BaseBuilder->insert(Array)
#5 C:\laragon\www\Tesis-SistemaControl\app\Controllers\Productos.php(72): App\Models\ProductoModel->saveProducto(Array)
#6 C:\laragon\www\Tesis-SistemaControl\vendor\codeigniter4\framework\system\CodeIgniter.php(943): App\Controllers\Productos->store()
#7 C:\laragon\www\Tesis-SistemaControl\vendor\codeigniter4\framework\system\CodeIgniter.php(503): CodeIgniter\CodeIgniter->runController(Object(App\Controllers\Productos))
#8 C:\laragon\www\Tesis-SistemaControl\vendor\codeigniter4\framework\system\CodeIgniter.php(361): CodeIgniter\CodeIgniter->handleRequest(NULL, Object(Config\Cache), false)
#9 C:\laragon\www\Tesis-SistemaControl\public\index.php(79): CodeIgniter\CodeIgniter->run()
#10 {main}
CRITICAL - 2024-07-04 04:48:44 --> CodeIgniter\Database\Exceptions\DatabaseException: Unknown column 'productos_idProducto' in 'field list'
in SYSTEMPATH\Database\BaseConnection.php on line 647.
 1 SYSTEMPATH\Database\BaseBuilder.php(2307): CodeIgniter\Database\BaseConnection->query('INSERT INTO `movimiento` (`productos_idProducto`, `total`) VALUES (:productos_idProducto:, :total:)', [...], false)
 2 APPPATH\Models\ProductoModel.php(57): CodeIgniter\Database\BaseBuilder->insert([...])
 3 APPPATH\Controllers\Productos.php(72): App\Models\ProductoModel->saveProducto([...])
 4 SYSTEMPATH\CodeIgniter.php(943): App\Controllers\Productos->store()
 5 SYSTEMPATH\CodeIgniter.php(503): CodeIgniter\CodeIgniter->runController(Object(App\Controllers\Productos))
 6 SYSTEMPATH\CodeIgniter.php(361): CodeIgniter\CodeIgniter->handleRequest(null, Object(Config\Cache), false)
 7 FCPATH\index.php(79): CodeIgniter\CodeIgniter->run()
CRITICAL - 2024-07-04 04:48:44 --> [Caused by] CodeIgniter\Database\Exceptions\DatabaseException: Unknown column 'productos_idProducto' in 'field list'
in SYSTEMPATH\Database\MySQLi\Connection.php on line 311.
 1 SYSTEMPATH\Database\BaseConnection.php(693): CodeIgniter\Database\MySQLi\Connection->execute('INSERT INTO `movimiento` (`productos_idProducto`, `total`) VALUES (5, 21)')
 2 SYSTEMPATH\Database\BaseConnection.php(607): CodeIgniter\Database\BaseConnection->simpleQuery('INSERT INTO `movimiento` (`productos_idProducto`, `total`) VALUES (5, 21)')
 3 SYSTEMPATH\Database\BaseBuilder.php(2307): CodeIgniter\Database\BaseConnection->query('INSERT INTO `movimiento` (`productos_idProducto`, `total`) VALUES (:productos_idProducto:, :total:)', [...], false)
 4 APPPATH\Models\ProductoModel.php(57): CodeIgniter\Database\BaseBuilder->insert([...])
 5 APPPATH\Controllers\Productos.php(72): App\Models\ProductoModel->saveProducto([...])
 6 SYSTEMPATH\CodeIgniter.php(943): App\Controllers\Productos->store()
 7 SYSTEMPATH\CodeIgniter.php(503): CodeIgniter\CodeIgniter->runController(Object(App\Controllers\Productos))
 8 SYSTEMPATH\CodeIgniter.php(361): CodeIgniter\CodeIgniter->handleRequest(null, Object(Config\Cache), false)
 9 FCPATH\index.php(79): CodeIgniter\CodeIgniter->run()
CRITICAL - 2024-07-04 04:48:44 --> [Caused by] mysqli_sql_exception: Unknown column 'productos_idProducto' in 'field list'
in SYSTEMPATH\Database\MySQLi\Connection.php on line 306.
 1 SYSTEMPATH\Database\MySQLi\Connection.php(306): mysqli->query('INSERT INTO `movimiento` (`productos_idProducto`, `total`) VALUES (5, 21)', 0)
 2 SYSTEMPATH\Database\BaseConnection.php(693): CodeIgniter\Database\MySQLi\Connection->execute('INSERT INTO `movimiento` (`productos_idProducto`, `total`) VALUES (5, 21)')
 3 SYSTEMPATH\Database\BaseConnection.php(607): CodeIgniter\Database\BaseConnection->simpleQuery('INSERT INTO `movimiento` (`productos_idProducto`, `total`) VALUES (5, 21)')
 4 SYSTEMPATH\Database\BaseBuilder.php(2307): CodeIgniter\Database\BaseConnection->query('INSERT INTO `movimiento` (`productos_idProducto`, `total`) VALUES (:productos_idProducto:, :total:)', [...], false)
 5 APPPATH\Models\ProductoModel.php(57): CodeIgniter\Database\BaseBuilder->insert([...])
 6 APPPATH\Controllers\Productos.php(72): App\Models\ProductoModel->saveProducto([...])
 7 SYSTEMPATH\CodeIgniter.php(943): App\Controllers\Productos->store()
 8 SYSTEMPATH\CodeIgniter.php(503): CodeIgniter\CodeIgniter->runController(Object(App\Controllers\Productos))
 9 SYSTEMPATH\CodeIgniter.php(361): CodeIgniter\CodeIgniter->handleRequest(null, Object(Config\Cache), false)
10 FCPATH\index.php(79): CodeIgniter\CodeIgniter->run()
INFO - 2024-07-04 04:58:17 --> Session: Class initialized using 'CodeIgniter\Session\Handlers\FileHandler' driver.
INFO - 2024-07-04 04:58:18 --> Session: Class initialized using 'CodeIgniter\Session\Handlers\FileHandler' driver.
CRITICAL - 2024-07-04 04:58:18 --> TypeError: Unsupported operand types: string * string
in APPPATH\Controllers\Productos.php on line 58.
 1 SYSTEMPATH\CodeIgniter.php(943): App\Controllers\Productos->store()
 2 SYSTEMPATH\CodeIgniter.php(503): CodeIgniter\CodeIgniter->runController(Object(App\Controllers\Productos))
 3 SYSTEMPATH\CodeIgniter.php(361): CodeIgniter\CodeIgniter->handleRequest(null, Object(Config\Cache), false)
 4 FCPATH\index.php(79): CodeIgniter\CodeIgniter->run()
INFO - 2024-07-04 04:58:23 --> Session: Class initialized using 'CodeIgniter\Session\Handlers\FileHandler' driver.
INFO - 2024-07-04 04:58:25 --> Session: Class initialized using 'CodeIgniter\Session\Handlers\FileHandler' driver.
INFO - 2024-07-04 04:58:29 --> Session: Class initialized using 'CodeIgniter\Session\Handlers\FileHandler' driver.
INFO - 2024-07-04 04:58:34 --> Session: Class initialized using 'CodeIgniter\Session\Handlers\FileHandler' driver.
CRITICAL - 2024-07-04 04:58:34 --> TypeError: Unsupported operand types: string * string
in APPPATH\Controllers\Productos.php on line 58.
 1 SYSTEMPATH\CodeIgniter.php(943): App\Controllers\Productos->store()
 2 SYSTEMPATH\CodeIgniter.php(503): CodeIgniter\CodeIgniter->runController(Object(App\Controllers\Productos))
 3 SYSTEMPATH\CodeIgniter.php(361): CodeIgniter\CodeIgniter->handleRequest(null, Object(Config\Cache), false)
 4 FCPATH\index.php(79): CodeIgniter\CodeIgniter->run()
INFO - 2024-07-04 05:00:24 --> Session: Class initialized using 'CodeIgniter\Session\Handlers\FileHandler' driver.
INFO - 2024-07-04 05:00:24 --> Session: Class initialized using 'CodeIgniter\Session\Handlers\FileHandler' driver.
INFO - 2024-07-04 05:01:50 --> Session: Class initialized using 'CodeIgniter\Session\Handlers\FileHandler' driver.
INFO - 2024-07-04 05:01:52 --> Session: Class initialized using 'CodeIgniter\Session\Handlers\FileHandler' driver.
INFO - 2024-07-04 05:03:37 --> Session: Class initialized using 'CodeIgniter\Session\Handlers\FileHandler' driver.
INFO - 2024-07-04 05:03:39 --> Session: Class initialized using 'CodeIgniter\Session\Handlers\FileHandler' driver.
INFO - 2024-07-04 05:05:00 --> Session: Class initialized using 'CodeIgniter\Session\Handlers\FileHandler' driver.
INFO - 2024-07-04 05:05:08 --> Session: Class initialized using 'CodeIgniter\Session\Handlers\FileHandler' driver.
INFO - 2024-07-04 05:06:00 --> Session: Class initialized using 'CodeIgniter\Session\Handlers\FileHandler' driver.
INFO - 2024-07-04 05:06:03 --> Session: Class initialized using 'CodeIgniter\Session\Handlers\FileHandler' driver.
INFO - 2024-07-04 05:06:18 --> Session: Class initialized using 'CodeIgniter\Session\Handlers\FileHandler' driver.
INFO - 2024-07-04 05:06:41 --> Session: Class initialized using 'CodeIgniter\Session\Handlers\FileHandler' driver.
INFO - 2024-07-04 05:06:42 --> Session: Class initialized using 'CodeIgniter\Session\Handlers\FileHandler' driver.
INFO - 2024-07-04 05:10:35 --> Session: Class initialized using 'CodeIgniter\Session\Handlers\FileHandler' driver.
INFO - 2024-07-04 05:10:41 --> Session: Class initialized using 'CodeIgniter\Session\Handlers\FileHandler' driver.
INFO - 2024-07-04 05:10:46 --> Session: Class initialized using 'CodeIgniter\Session\Handlers\FileHandler' driver.
INFO - 2024-07-04 05:10:59 --> Session: Class initialized using 'CodeIgniter\Session\Handlers\FileHandler' driver.
INFO - 2024-07-04 05:11:05 --> Session: Class initialized using 'CodeIgniter\Session\Handlers\FileHandler' driver.
INFO - 2024-07-04 05:11:18 --> Session: Class initialized using 'CodeIgniter\Session\Handlers\FileHandler' driver.
INFO - 2024-07-04 05:11:39 --> Session: Class initialized using 'CodeIgniter\Session\Handlers\FileHandler' driver.
INFO - 2024-07-04 05:11:40 --> Session: Class initialized using 'CodeIgniter\Session\Handlers\FileHandler' driver.
INFO - 2024-07-04 05:11:51 --> Session: Class initialized using 'CodeIgniter\Session\Handlers\FileHandler' driver.
INFO - 2024-07-04 05:11:57 --> Session: Class initialized using 'CodeIgniter\Session\Handlers\FileHandler' driver.
INFO - 2024-07-04 05:11:58 --> Session: Class initialized using 'CodeIgniter\Session\Handlers\FileHandler' driver.
INFO - 2024-07-04 05:16:43 --> Session: Class initialized using 'CodeIgniter\Session\Handlers\FileHandler' driver.
INFO - 2024-07-04 05:17:17 --> Session: Class initialized using 'CodeIgniter\Session\Handlers\FileHandler' driver.
INFO - 2024-07-04 05:17:25 --> Session: Class initialized using 'CodeIgniter\Session\Handlers\FileHandler' driver.
INFO - 2024-07-04 05:17:30 --> Session: Class initialized using 'CodeIgniter\Session\Handlers\FileHandler' driver.
INFO - 2024-07-04 05:17:50 --> Session: Class initialized using 'CodeIgniter\Session\Handlers\FileHandler' driver.
INFO - 2024-07-04 05:17:51 --> Session: Class initialized using 'CodeIgniter\Session\Handlers\FileHandler' driver.
