INFO - 2024-07-08 06:31:35 --> Session: Class initialized using 'CodeIgniter\Session\Handlers\FileHandler' driver.
INFO - 2024-07-08 06:31:35 --> Session: Class initialized using 'CodeIgniter\Session\Handlers\FileHandler' driver.
INFO - 2024-07-08 06:31:52 --> Session: Class initialized using 'CodeIgniter\Session\Handlers\FileHandler' driver.
INFO - 2024-07-08 06:31:55 --> Session: Class initialized using 'CodeIgniter\Session\Handlers\FileHandler' driver.
INFO - 2024-07-08 06:32:01 --> Session: Class initialized using 'CodeIgniter\Session\Handlers\FileHandler' driver.
CRITICAL - 2024-07-08 06:38:08 --> ErrorException: Undefined variable $fecha_inicio
in APPPATH\Controllers\PermisoMagisterial.php on line 211.
 1 APPPATH\Controllers\PermisoMagisterial.php(211): CodeIgniter\Debug\Exceptions->errorHandler(2, 'Undefined variable $fecha_inicio', 'C:\\laragon\\www\\prueba\\SistemaControl\\app\\Controllers\\PermisoMagisterial.php', 211)
 2 SYSTEMPATH\CodeIgniter.php(941): App\Controllers\PermisoMagisterial->index()
 3 SYSTEMPATH\CodeIgniter.php(502): CodeIgniter\CodeIgniter->runController(Object(App\Controllers\PermisoMagisterial))
 4 SYSTEMPATH\CodeIgniter.php(361): CodeIgniter\CodeIgniter->handleRequest(null, Object(Config\Cache), false)
 5 FCPATH\index.php(81): CodeIgniter\CodeIgniter->run()
INFO - 2024-07-08 06:38:19 --> Session: Class initialized using 'CodeIgniter\Session\Handlers\FileHandler' driver.
INFO - 2024-07-08 06:38:22 --> Session: Class initialized using 'CodeIgniter\Session\Handlers\FileHandler' driver.
INFO - 2024-07-08 06:38:27 --> Session: Class initialized using 'CodeIgniter\Session\Handlers\FileHandler' driver.
INFO - 2024-07-08 06:38:34 --> Session: Class initialized using 'CodeIgniter\Session\Handlers\FileHandler' driver.
CRITICAL - 2024-07-08 06:38:41 --> ErrorException: Undefined variable $fecha_inicio
in APPPATH\Controllers\PermisoMagisterial.php on line 211.
 1 APPPATH\Controllers\PermisoMagisterial.php(211): CodeIgniter\Debug\Exceptions->errorHandler(2, 'Undefined variable $fecha_inicio', 'C:\\laragon\\www\\prueba\\SistemaControl\\app\\Controllers\\PermisoMagisterial.php', 211)
 2 SYSTEMPATH\CodeIgniter.php(941): App\Controllers\PermisoMagisterial->index()
 3 SYSTEMPATH\CodeIgniter.php(502): CodeIgniter\CodeIgniter->runController(Object(App\Controllers\PermisoMagisterial))
 4 SYSTEMPATH\CodeIgniter.php(361): CodeIgniter\CodeIgniter->handleRequest(null, Object(Config\Cache), false)
 5 FCPATH\index.php(81): CodeIgniter\CodeIgniter->run()
INFO - 2024-07-08 06:39:28 --> Session: Class initialized using 'CodeIgniter\Session\Handlers\FileHandler' driver.
INFO - 2024-07-08 06:39:32 --> Session: Class initialized using 'CodeIgniter\Session\Handlers\FileHandler' driver.
INFO - 2024-07-08 06:39:37 --> Session: Class initialized using 'CodeIgniter\Session\Handlers\FileHandler' driver.
INFO - 2024-07-08 06:39:46 --> Session: Class initialized using 'CodeIgniter\Session\Handlers\FileHandler' driver.
CRITICAL - 2024-07-08 06:39:57 --> ErrorException: Undefined variable $fecha_inicio
in APPPATH\Controllers\PermisoMagisterial.php on line 211.
 1 APPPATH\Controllers\PermisoMagisterial.php(211): CodeIgniter\Debug\Exceptions->errorHandler(2, 'Undefined variable $fecha_inicio', 'C:\\laragon\\www\\prueba\\SistemaControl\\app\\Controllers\\PermisoMagisterial.php', 211)
 2 SYSTEMPATH\CodeIgniter.php(941): App\Controllers\PermisoMagisterial->index()
 3 SYSTEMPATH\CodeIgniter.php(502): CodeIgniter\CodeIgniter->runController(Object(App\Controllers\PermisoMagisterial))
 4 SYSTEMPATH\CodeIgniter.php(361): CodeIgniter\CodeIgniter->handleRequest(null, Object(Config\Cache), false)
 5 FCPATH\index.php(81): CodeIgniter\CodeIgniter->run()
INFO - 2024-07-08 06:39:59 --> Session: Class initialized using 'CodeIgniter\Session\Handlers\FileHandler' driver.
CRITICAL - 2024-07-08 06:41:37 --> ErrorException: Undefined variable $fecha_inicio
in APPPATH\Controllers\PermisoMagisterial.php on line 211.
 1 APPPATH\Controllers\PermisoMagisterial.php(211): CodeIgniter\Debug\Exceptions->errorHandler(2, 'Undefined variable $fecha_inicio', 'C:\\laragon\\www\\prueba\\SistemaControl\\app\\Controllers\\PermisoMagisterial.php', 211)
 2 SYSTEMPATH\CodeIgniter.php(941): App\Controllers\PermisoMagisterial->index()
 3 SYSTEMPATH\CodeIgniter.php(502): CodeIgniter\CodeIgniter->runController(Object(App\Controllers\PermisoMagisterial))
 4 SYSTEMPATH\CodeIgniter.php(361): CodeIgniter\CodeIgniter->handleRequest(null, Object(Config\Cache), false)
 5 FCPATH\index.php(81): CodeIgniter\CodeIgniter->run()
INFO - 2024-07-08 06:42:20 --> Session: Class initialized using 'CodeIgniter\Session\Handlers\FileHandler' driver.
CRITICAL - 2024-07-08 06:42:22 --> ErrorException: Undefined variable $fecha_inicio
in APPPATH\Controllers\PermisoMagisterial.php on line 211.
 1 APPPATH\Controllers\PermisoMagisterial.php(211): CodeIgniter\Debug\Exceptions->errorHandler(2, 'Undefined variable $fecha_inicio', 'C:\\laragon\\www\\prueba\\SistemaControl\\app\\Controllers\\PermisoMagisterial.php', 211)
 2 SYSTEMPATH\CodeIgniter.php(941): App\Controllers\PermisoMagisterial->index()
 3 SYSTEMPATH\CodeIgniter.php(502): CodeIgniter\CodeIgniter->runController(Object(App\Controllers\PermisoMagisterial))
 4 SYSTEMPATH\CodeIgniter.php(361): CodeIgniter\CodeIgniter->handleRequest(null, Object(Config\Cache), false)
 5 FCPATH\index.php(81): CodeIgniter\CodeIgniter->run()
CRITICAL - 2024-07-08 06:44:28 --> ErrorException: Undefined variable $fecha_fin
in APPPATH\Controllers\PermisoMagisterial.php on line 216.
 1 APPPATH\Controllers\PermisoMagisterial.php(216): CodeIgniter\Debug\Exceptions->errorHandler(2, 'Undefined variable $fecha_fin', 'C:\\laragon\\www\\prueba\\SistemaControl\\app\\Controllers\\PermisoMagisterial.php', 216)
 2 SYSTEMPATH\CodeIgniter.php(941): App\Controllers\PermisoMagisterial->index()
 3 SYSTEMPATH\CodeIgniter.php(502): CodeIgniter\CodeIgniter->runController(Object(App\Controllers\PermisoMagisterial))
 4 SYSTEMPATH\CodeIgniter.php(361): CodeIgniter\CodeIgniter->handleRequest(null, Object(Config\Cache), false)
 5 FCPATH\index.php(81): CodeIgniter\CodeIgniter->run()
INFO - 2024-07-08 06:47:31 --> Session: Class initialized using 'CodeIgniter\Session\Handlers\FileHandler' driver.
INFO - 2024-07-08 06:47:42 --> Session: Class initialized using 'CodeIgniter\Session\Handlers\FileHandler' driver.
INFO - 2024-07-08 06:47:52 --> Session: Class initialized using 'CodeIgniter\Session\Handlers\FileHandler' driver.
INFO - 2024-07-08 06:47:54 --> Session: Class initialized using 'CodeIgniter\Session\Handlers\FileHandler' driver.
INFO - 2024-07-08 06:48:03 --> Session: Class initialized using 'CodeIgniter\Session\Handlers\FileHandler' driver.
INFO - 2024-07-08 06:48:09 --> Session: Class initialized using 'CodeIgniter\Session\Handlers\FileHandler' driver.
INFO - 2024-07-08 06:48:23 --> Session: Class initialized using 'CodeIgniter\Session\Handlers\FileHandler' driver.
INFO - 2024-07-08 06:48:27 --> Session: Class initialized using 'CodeIgniter\Session\Handlers\FileHandler' driver.
INFO - 2024-07-08 06:48:30 --> Session: Class initialized using 'CodeIgniter\Session\Handlers\FileHandler' driver.
INFO - 2024-07-08 06:48:35 --> Session: Class initialized using 'CodeIgniter\Session\Handlers\FileHandler' driver.
INFO - 2024-07-08 06:48:47 --> Session: Class initialized using 'CodeIgniter\Session\Handlers\FileHandler' driver.
INFO - 2024-07-08 06:48:47 --> Session: Class initialized using 'CodeIgniter\Session\Handlers\FileHandler' driver.
INFO - 2024-07-08 06:49:09 --> Session: Class initialized using 'CodeIgniter\Session\Handlers\FileHandler' driver.
INFO - 2024-07-08 06:49:11 --> Session: Class initialized using 'CodeIgniter\Session\Handlers\FileHandler' driver.
INFO - 2024-07-08 06:49:31 --> Session: Class initialized using 'CodeIgniter\Session\Handlers\FileHandler' driver.
INFO - 2024-07-08 06:49:32 --> Session: Class initialized using 'CodeIgniter\Session\Handlers\FileHandler' driver.
INFO - 2024-07-08 06:49:35 --> Session: Class initialized using 'CodeIgniter\Session\Handlers\FileHandler' driver.
INFO - 2024-07-08 06:49:43 --> Session: Class initialized using 'CodeIgniter\Session\Handlers\FileHandler' driver.
INFO - 2024-07-08 06:49:47 --> Session: Class initialized using 'CodeIgniter\Session\Handlers\FileHandler' driver.
INFO - 2024-07-08 06:50:17 --> Session: Class initialized using 'CodeIgniter\Session\Handlers\FileHandler' driver.
INFO - 2024-07-08 18:03:42 --> Session: Class initialized using 'CodeIgniter\Session\Handlers\FileHandler' driver.
CRITICAL - 2024-07-08 18:03:42 --> ErrorException: Undefined array key "nombre"
in APPPATH\Views\Consumo\index.php on line 29.
 1 APPPATH\Views\Consumo\index.php(29): CodeIgniter\Debug\Exceptions->errorHandler(2, 'Undefined array key "nombre"', 'C:\\laragon\\www\\prueba\\SistemaControl\\app\\Views\\Consumo\\index.php', 29)
 2 SYSTEMPATH\View\View.php(228): include('C:\\laragon\\www\\prueba\\SistemaControl\\app\\Views\\Consumo\\index.php')
 3 SYSTEMPATH\View\View.php(231): CodeIgniter\View\View->CodeIgniter\View\{closure}()
 4 SYSTEMPATH\Common.php(1178): CodeIgniter\View\View->render('Consumo/index', [], true)
 5 APPPATH\Controllers\Consumo.php(19): view('Consumo/index', [...])
 6 SYSTEMPATH\CodeIgniter.php(941): App\Controllers\Consumo->index()
 7 SYSTEMPATH\CodeIgniter.php(502): CodeIgniter\CodeIgniter->runController(Object(App\Controllers\Consumo))
 8 SYSTEMPATH\CodeIgniter.php(361): CodeIgniter\CodeIgniter->handleRequest(null, Object(Config\Cache), false)
 9 FCPATH\index.php(81): CodeIgniter\CodeIgniter->run()
INFO - 2024-07-08 18:03:54 --> Session: Class initialized using 'CodeIgniter\Session\Handlers\FileHandler' driver.
INFO - 2024-07-08 18:04:04 --> Session: Class initialized using 'CodeIgniter\Session\Handlers\FileHandler' driver.
CRITICAL - 2024-07-08 18:04:10 --> ErrorException: Undefined array key "nombre"
in APPPATH\Views\solicitud_productos\create.php on line 59.
 1 APPPATH\Views\solicitud_productos\create.php(59): CodeIgniter\Debug\Exceptions->errorHandler(2, 'Undefined array key "nombre"', 'C:\\laragon\\www\\prueba\\SistemaControl\\app\\Views\\solicitud_productos\\create.php', 59)
 2 SYSTEMPATH\View\View.php(228): include('C:\\laragon\\www\\prueba\\SistemaControl\\app\\Views\\solicitud_productos\\create.php')
 3 SYSTEMPATH\View\View.php(231): CodeIgniter\View\View->CodeIgniter\View\{closure}()
 4 SYSTEMPATH\Common.php(1178): CodeIgniter\View\View->render('solicitud_productos/create', [], true)
 5 APPPATH\Controllers\SolicitudProductos.php(31): view('solicitud_productos/create', [...])
 6 SYSTEMPATH\CodeIgniter.php(941): App\Controllers\SolicitudProductos->create()
 7 SYSTEMPATH\CodeIgniter.php(502): CodeIgniter\CodeIgniter->runController(Object(App\Controllers\SolicitudProductos))
 8 SYSTEMPATH\CodeIgniter.php(361): CodeIgniter\CodeIgniter->handleRequest(null, Object(Config\Cache), false)
 9 FCPATH\index.php(81): CodeIgniter\CodeIgniter->run()
INFO - 2024-07-08 18:04:19 --> Session: Class initialized using 'CodeIgniter\Session\Handlers\FileHandler' driver.
INFO - 2024-07-08 18:04:24 --> Session: Class initialized using 'CodeIgniter\Session\Handlers\FileHandler' driver.
INFO - 2024-07-08 18:04:24 --> Session: Class initialized using 'CodeIgniter\Session\Handlers\FileHandler' driver.
INFO - 2024-07-08 18:05:56 --> Session: Class initialized using 'CodeIgniter\Session\Handlers\FileHandler' driver.
INFO - 2024-07-08 18:05:57 --> Session: Class initialized using 'CodeIgniter\Session\Handlers\FileHandler' driver.
INFO - 2024-07-08 18:06:06 --> Session: Class initialized using 'CodeIgniter\Session\Handlers\FileHandler' driver.
CRITICAL - 2024-07-08 18:06:06 --> ErrorException: Undefined array key "nombre"
in APPPATH\Views\Consumo\index.php on line 29.
 1 APPPATH\Views\Consumo\index.php(29): CodeIgniter\Debug\Exceptions->errorHandler(2, 'Undefined array key "nombre"', 'C:\\laragon\\www\\prueba\\SistemaControl\\app\\Views\\Consumo\\index.php', 29)
 2 SYSTEMPATH\View\View.php(228): include('C:\\laragon\\www\\prueba\\SistemaControl\\app\\Views\\Consumo\\index.php')
 3 SYSTEMPATH\View\View.php(231): CodeIgniter\View\View->CodeIgniter\View\{closure}()
 4 SYSTEMPATH\Common.php(1178): CodeIgniter\View\View->render('Consumo/index', [], true)
 5 APPPATH\Controllers\Consumo.php(19): view('Consumo/index', [...])
 6 SYSTEMPATH\CodeIgniter.php(941): App\Controllers\Consumo->index()
 7 SYSTEMPATH\CodeIgniter.php(502): CodeIgniter\CodeIgniter->runController(Object(App\Controllers\Consumo))
 8 SYSTEMPATH\CodeIgniter.php(361): CodeIgniter\CodeIgniter->handleRequest(null, Object(Config\Cache), false)
 9 FCPATH\index.php(81): CodeIgniter\CodeIgniter->run()
INFO - 2024-07-08 18:06:08 --> Session: Class initialized using 'CodeIgniter\Session\Handlers\FileHandler' driver.
INFO - 2024-07-08 18:06:12 --> Session: Class initialized using 'CodeIgniter\Session\Handlers\FileHandler' driver.
