INFO - 2024-09-02 15:03:01 --> Session: Class initialized using 'CodeIgniter\Session\Handlers\FileHandler' driver.
INFO - 2024-09-02 15:03:07 --> Session: Class initialized using 'CodeIgniter\Session\Handlers\FileHandler' driver.
INFO - 2024-09-02 15:03:08 --> Session: Class initialized using 'CodeIgniter\Session\Handlers\FileHandler' driver.
INFO - 2024-09-02 15:03:18 --> Session: Class initialized using 'CodeIgniter\Session\Handlers\FileHandler' driver.
ERROR - 2024-09-02 15:03:19 --> mysqli_sql_exception: Unknown column 'docente.nombre_completo' in 'field list' in C:\laragon\www\prueba\SistemaControl\vendor\codeigniter4\framework\system\Database\MySQLi\Connection.php:306
Stack trace:
#0 C:\laragon\www\prueba\SistemaControl\vendor\codeigniter4\framework\system\Database\MySQLi\Connection.php(306): mysqli->query('SELECT `rol`.`n...', 0)
#1 C:\laragon\www\prueba\SistemaControl\vendor\codeigniter4\framework\system\Database\BaseConnection.php(693): CodeIgniter\Database\MySQLi\Connection->execute('SELECT `rol`.`n...')
#2 C:\laragon\www\prueba\SistemaControl\vendor\codeigniter4\framework\system\Database\BaseConnection.php(607): CodeIgniter\Database\BaseConnection->simpleQuery('SELECT `rol`.`n...')
#3 C:\laragon\www\prueba\SistemaControl\vendor\codeigniter4\framework\system\Database\BaseBuilder.php(1613): CodeIgniter\Database\BaseConnection->query('SELECT `rol`.`n...', Array, false)
#4 C:\laragon\www\prueba\SistemaControl\vendor\codeigniter4\framework\system\Model.php(270): CodeIgniter\Database\BaseBuilder->get()
#5 C:\laragon\www\prueba\SistemaControl\vendor\codeigniter4\framework\system\BaseModel.php(676): CodeIgniter\Model->doFirst()
#6 C:\laragon\www\prueba\SistemaControl\app\Controllers\Login.php(54): CodeIgniter\BaseModel->first()
#7 C:\laragon\www\prueba\SistemaControl\vendor\codeigniter4\framework\system\CodeIgniter.php(941): App\Controllers\Login->signIn()
#8 C:\laragon\www\prueba\SistemaControl\vendor\codeigniter4\framework\system\CodeIgniter.php(502): CodeIgniter\CodeIgniter->runController(Object(App\Controllers\Login))
#9 C:\laragon\www\prueba\SistemaControl\vendor\codeigniter4\framework\system\CodeIgniter.php(361): CodeIgniter\CodeIgniter->handleRequest(NULL, Object(Config\Cache), false)
#10 C:\laragon\www\prueba\SistemaControl\public\index.php(81): CodeIgniter\CodeIgniter->run()
#11 {main}
CRITICAL - 2024-09-02 15:03:20 --> CodeIgniter\Database\Exceptions\DatabaseException: Unknown column 'docente.nombre_completo' in 'field list'
in SYSTEMPATH\Database\BaseConnection.php on line 647.
 1 SYSTEMPATH\Database\BaseBuilder.php(1613): CodeIgniter\Database\BaseConnection->query('SELECT `rol`.`nombreRol`, `docente`.`nombre_completo`
FROM `usuarios`
INNER JOIN `rol` ON `rol`.`idRol` = `usuarios`.`idRol`
INNER JOIN `docente` ON `docente`.`idDocente` = `usuarios`.`idDocente`
WHERE `usuario` = :usuario:
 LIMIT 1', [...], false)
 2 SYSTEMPATH\Model.php(270): CodeIgniter\Database\BaseBuilder->get()
 3 SYSTEMPATH\BaseModel.php(676): CodeIgniter\Model->doFirst()
 4 APPPATH\Controllers\Login.php(54): CodeIgniter\BaseModel->first()
 5 SYSTEMPATH\CodeIgniter.php(941): App\Controllers\Login->signIn()
 6 SYSTEMPATH\CodeIgniter.php(502): CodeIgniter\CodeIgniter->runController(Object(App\Controllers\Login))
 7 SYSTEMPATH\CodeIgniter.php(361): CodeIgniter\CodeIgniter->handleRequest(null, Object(Config\Cache), false)
 8 FCPATH\index.php(81): CodeIgniter\CodeIgniter->run()
CRITICAL - 2024-09-02 15:03:20 --> [Caused by] CodeIgniter\Database\Exceptions\DatabaseException: Unknown column 'docente.nombre_completo' in 'field list'
in SYSTEMPATH\Database\MySQLi\Connection.php on line 311.
 1 SYSTEMPATH\Database\BaseConnection.php(693): CodeIgniter\Database\MySQLi\Connection->execute('SELECT `rol`.`nombreRol`, `docente`.`nombre_completo`
FROM `usuarios`
INNER JOIN `rol` ON `rol`.`idRol` = `usuarios`.`idRol`
INNER JOIN `docente` ON `docente`.`idDocente` = `usuarios`.`idDocente`
WHERE `usuario` = \'febe\'
 LIMIT 1')
 2 SYSTEMPATH\Database\BaseConnection.php(607): CodeIgniter\Database\BaseConnection->simpleQuery('SELECT `rol`.`nombreRol`, `docente`.`nombre_completo`
FROM `usuarios`
INNER JOIN `rol` ON `rol`.`idRol` = `usuarios`.`idRol`
INNER JOIN `docente` ON `docente`.`idDocente` = `usuarios`.`idDocente`
WHERE `usuario` = \'febe\'
 LIMIT 1')
 3 SYSTEMPATH\Database\BaseBuilder.php(1613): CodeIgniter\Database\BaseConnection->query('SELECT `rol`.`nombreRol`, `docente`.`nombre_completo`
FROM `usuarios`
INNER JOIN `rol` ON `rol`.`idRol` = `usuarios`.`idRol`
INNER JOIN `docente` ON `docente`.`idDocente` = `usuarios`.`idDocente`
WHERE `usuario` = :usuario:
 LIMIT 1', [...], false)
 4 SYSTEMPATH\Model.php(270): CodeIgniter\Database\BaseBuilder->get()
 5 SYSTEMPATH\BaseModel.php(676): CodeIgniter\Model->doFirst()
 6 APPPATH\Controllers\Login.php(54): CodeIgniter\BaseModel->first()
 7 SYSTEMPATH\CodeIgniter.php(941): App\Controllers\Login->signIn()
 8 SYSTEMPATH\CodeIgniter.php(502): CodeIgniter\CodeIgniter->runController(Object(App\Controllers\Login))
 9 SYSTEMPATH\CodeIgniter.php(361): CodeIgniter\CodeIgniter->handleRequest(null, Object(Config\Cache), false)
10 FCPATH\index.php(81): CodeIgniter\CodeIgniter->run()
CRITICAL - 2024-09-02 15:03:20 --> [Caused by] mysqli_sql_exception: Unknown column 'docente.nombre_completo' in 'field list'
in SYSTEMPATH\Database\MySQLi\Connection.php on line 306.
 1 SYSTEMPATH\Database\MySQLi\Connection.php(306): mysqli->query('SELECT `rol`.`nombreRol`, `docente`.`nombre_completo`
FROM `usuarios`
INNER JOIN `rol` ON `rol`.`idRol` = `usuarios`.`idRol`
INNER JOIN `docente` ON `docente`.`idDocente` = `usuarios`.`idDocente`
WHERE `usuario` = \'febe\'
 LIMIT 1', 0)
 2 SYSTEMPATH\Database\BaseConnection.php(693): CodeIgniter\Database\MySQLi\Connection->execute('SELECT `rol`.`nombreRol`, `docente`.`nombre_completo`
FROM `usuarios`
INNER JOIN `rol` ON `rol`.`idRol` = `usuarios`.`idRol`
INNER JOIN `docente` ON `docente`.`idDocente` = `usuarios`.`idDocente`
WHERE `usuario` = \'febe\'
 LIMIT 1')
 3 SYSTEMPATH\Database\BaseConnection.php(607): CodeIgniter\Database\BaseConnection->simpleQuery('SELECT `rol`.`nombreRol`, `docente`.`nombre_completo`
FROM `usuarios`
INNER JOIN `rol` ON `rol`.`idRol` = `usuarios`.`idRol`
INNER JOIN `docente` ON `docente`.`idDocente` = `usuarios`.`idDocente`
WHERE `usuario` = \'febe\'
 LIMIT 1')
 4 SYSTEMPATH\Database\BaseBuilder.php(1613): CodeIgniter\Database\BaseConnection->query('SELECT `rol`.`nombreRol`, `docente`.`nombre_completo`
FROM `usuarios`
INNER JOIN `rol` ON `rol`.`idRol` = `usuarios`.`idRol`
INNER JOIN `docente` ON `docente`.`idDocente` = `usuarios`.`idDocente`
WHERE `usuario` = :usuario:
 LIMIT 1', [...], false)
 5 SYSTEMPATH\Model.php(270): CodeIgniter\Database\BaseBuilder->get()
 6 SYSTEMPATH\BaseModel.php(676): CodeIgniter\Model->doFirst()
 7 APPPATH\Controllers\Login.php(54): CodeIgniter\BaseModel->first()
 8 SYSTEMPATH\CodeIgniter.php(941): App\Controllers\Login->signIn()
 9 SYSTEMPATH\CodeIgniter.php(502): CodeIgniter\CodeIgniter->runController(Object(App\Controllers\Login))
10 SYSTEMPATH\CodeIgniter.php(361): CodeIgniter\CodeIgniter->handleRequest(null, Object(Config\Cache), false)
11 FCPATH\index.php(81): CodeIgniter\CodeIgniter->run()
INFO - 2024-09-02 15:03:41 --> Session: Class initialized using 'CodeIgniter\Session\Handlers\FileHandler' driver.
ERROR - 2024-09-02 15:03:41 --> mysqli_sql_exception: Unknown column 'docente.nombre_completo' in 'field list' in C:\laragon\www\prueba\SistemaControl\vendor\codeigniter4\framework\system\Database\MySQLi\Connection.php:306
Stack trace:
#0 C:\laragon\www\prueba\SistemaControl\vendor\codeigniter4\framework\system\Database\MySQLi\Connection.php(306): mysqli->query('SELECT `rol`.`n...', 0)
#1 C:\laragon\www\prueba\SistemaControl\vendor\codeigniter4\framework\system\Database\BaseConnection.php(693): CodeIgniter\Database\MySQLi\Connection->execute('SELECT `rol`.`n...')
#2 C:\laragon\www\prueba\SistemaControl\vendor\codeigniter4\framework\system\Database\BaseConnection.php(607): CodeIgniter\Database\BaseConnection->simpleQuery('SELECT `rol`.`n...')
#3 C:\laragon\www\prueba\SistemaControl\vendor\codeigniter4\framework\system\Database\BaseBuilder.php(1613): CodeIgniter\Database\BaseConnection->query('SELECT `rol`.`n...', Array, false)
#4 C:\laragon\www\prueba\SistemaControl\vendor\codeigniter4\framework\system\Model.php(270): CodeIgniter\Database\BaseBuilder->get()
#5 C:\laragon\www\prueba\SistemaControl\vendor\codeigniter4\framework\system\BaseModel.php(676): CodeIgniter\Model->doFirst()
#6 C:\laragon\www\prueba\SistemaControl\app\Controllers\Login.php(54): CodeIgniter\BaseModel->first()
#7 C:\laragon\www\prueba\SistemaControl\vendor\codeigniter4\framework\system\CodeIgniter.php(941): App\Controllers\Login->signIn()
#8 C:\laragon\www\prueba\SistemaControl\vendor\codeigniter4\framework\system\CodeIgniter.php(502): CodeIgniter\CodeIgniter->runController(Object(App\Controllers\Login))
#9 C:\laragon\www\prueba\SistemaControl\vendor\codeigniter4\framework\system\CodeIgniter.php(361): CodeIgniter\CodeIgniter->handleRequest(NULL, Object(Config\Cache), false)
#10 C:\laragon\www\prueba\SistemaControl\public\index.php(81): CodeIgniter\CodeIgniter->run()
#11 {main}
CRITICAL - 2024-09-02 15:03:41 --> CodeIgniter\Database\Exceptions\DatabaseException: Unknown column 'docente.nombre_completo' in 'field list'
in SYSTEMPATH\Database\BaseConnection.php on line 647.
 1 SYSTEMPATH\Database\BaseBuilder.php(1613): CodeIgniter\Database\BaseConnection->query('SELECT `rol`.`nombreRol`, `docente`.`nombre_completo`
FROM `usuarios`
INNER JOIN `rol` ON `rol`.`idRol` = `usuarios`.`idRol`
INNER JOIN `docente` ON `docente`.`idDocente` = `usuarios`.`idDocente`
WHERE `usuario` = :usuario:
 LIMIT 1', [...], false)
 2 SYSTEMPATH\Model.php(270): CodeIgniter\Database\BaseBuilder->get()
 3 SYSTEMPATH\BaseModel.php(676): CodeIgniter\Model->doFirst()
 4 APPPATH\Controllers\Login.php(54): CodeIgniter\BaseModel->first()
 5 SYSTEMPATH\CodeIgniter.php(941): App\Controllers\Login->signIn()
 6 SYSTEMPATH\CodeIgniter.php(502): CodeIgniter\CodeIgniter->runController(Object(App\Controllers\Login))
 7 SYSTEMPATH\CodeIgniter.php(361): CodeIgniter\CodeIgniter->handleRequest(null, Object(Config\Cache), false)
 8 FCPATH\index.php(81): CodeIgniter\CodeIgniter->run()
CRITICAL - 2024-09-02 15:03:41 --> [Caused by] CodeIgniter\Database\Exceptions\DatabaseException: Unknown column 'docente.nombre_completo' in 'field list'
in SYSTEMPATH\Database\MySQLi\Connection.php on line 311.
 1 SYSTEMPATH\Database\BaseConnection.php(693): CodeIgniter\Database\MySQLi\Connection->execute('SELECT `rol`.`nombreRol`, `docente`.`nombre_completo`
FROM `usuarios`
INNER JOIN `rol` ON `rol`.`idRol` = `usuarios`.`idRol`
INNER JOIN `docente` ON `docente`.`idDocente` = `usuarios`.`idDocente`
WHERE `usuario` = \'febe\'
 LIMIT 1')
 2 SYSTEMPATH\Database\BaseConnection.php(607): CodeIgniter\Database\BaseConnection->simpleQuery('SELECT `rol`.`nombreRol`, `docente`.`nombre_completo`
FROM `usuarios`
INNER JOIN `rol` ON `rol`.`idRol` = `usuarios`.`idRol`
INNER JOIN `docente` ON `docente`.`idDocente` = `usuarios`.`idDocente`
WHERE `usuario` = \'febe\'
 LIMIT 1')
 3 SYSTEMPATH\Database\BaseBuilder.php(1613): CodeIgniter\Database\BaseConnection->query('SELECT `rol`.`nombreRol`, `docente`.`nombre_completo`
FROM `usuarios`
INNER JOIN `rol` ON `rol`.`idRol` = `usuarios`.`idRol`
INNER JOIN `docente` ON `docente`.`idDocente` = `usuarios`.`idDocente`
WHERE `usuario` = :usuario:
 LIMIT 1', [...], false)
 4 SYSTEMPATH\Model.php(270): CodeIgniter\Database\BaseBuilder->get()
 5 SYSTEMPATH\BaseModel.php(676): CodeIgniter\Model->doFirst()
 6 APPPATH\Controllers\Login.php(54): CodeIgniter\BaseModel->first()
 7 SYSTEMPATH\CodeIgniter.php(941): App\Controllers\Login->signIn()
 8 SYSTEMPATH\CodeIgniter.php(502): CodeIgniter\CodeIgniter->runController(Object(App\Controllers\Login))
 9 SYSTEMPATH\CodeIgniter.php(361): CodeIgniter\CodeIgniter->handleRequest(null, Object(Config\Cache), false)
10 FCPATH\index.php(81): CodeIgniter\CodeIgniter->run()
CRITICAL - 2024-09-02 15:03:41 --> [Caused by] mysqli_sql_exception: Unknown column 'docente.nombre_completo' in 'field list'
in SYSTEMPATH\Database\MySQLi\Connection.php on line 306.
 1 SYSTEMPATH\Database\MySQLi\Connection.php(306): mysqli->query('SELECT `rol`.`nombreRol`, `docente`.`nombre_completo`
FROM `usuarios`
INNER JOIN `rol` ON `rol`.`idRol` = `usuarios`.`idRol`
INNER JOIN `docente` ON `docente`.`idDocente` = `usuarios`.`idDocente`
WHERE `usuario` = \'febe\'
 LIMIT 1', 0)
 2 SYSTEMPATH\Database\BaseConnection.php(693): CodeIgniter\Database\MySQLi\Connection->execute('SELECT `rol`.`nombreRol`, `docente`.`nombre_completo`
FROM `usuarios`
INNER JOIN `rol` ON `rol`.`idRol` = `usuarios`.`idRol`
INNER JOIN `docente` ON `docente`.`idDocente` = `usuarios`.`idDocente`
WHERE `usuario` = \'febe\'
 LIMIT 1')
 3 SYSTEMPATH\Database\BaseConnection.php(607): CodeIgniter\Database\BaseConnection->simpleQuery('SELECT `rol`.`nombreRol`, `docente`.`nombre_completo`
FROM `usuarios`
INNER JOIN `rol` ON `rol`.`idRol` = `usuarios`.`idRol`
INNER JOIN `docente` ON `docente`.`idDocente` = `usuarios`.`idDocente`
WHERE `usuario` = \'febe\'
 LIMIT 1')
 4 SYSTEMPATH\Database\BaseBuilder.php(1613): CodeIgniter\Database\BaseConnection->query('SELECT `rol`.`nombreRol`, `docente`.`nombre_completo`
FROM `usuarios`
INNER JOIN `rol` ON `rol`.`idRol` = `usuarios`.`idRol`
INNER JOIN `docente` ON `docente`.`idDocente` = `usuarios`.`idDocente`
WHERE `usuario` = :usuario:
 LIMIT 1', [...], false)
 5 SYSTEMPATH\Model.php(270): CodeIgniter\Database\BaseBuilder->get()
 6 SYSTEMPATH\BaseModel.php(676): CodeIgniter\Model->doFirst()
 7 APPPATH\Controllers\Login.php(54): CodeIgniter\BaseModel->first()
 8 SYSTEMPATH\CodeIgniter.php(941): App\Controllers\Login->signIn()
 9 SYSTEMPATH\CodeIgniter.php(502): CodeIgniter\CodeIgniter->runController(Object(App\Controllers\Login))
10 SYSTEMPATH\CodeIgniter.php(361): CodeIgniter\CodeIgniter->handleRequest(null, Object(Config\Cache), false)
11 FCPATH\index.php(81): CodeIgniter\CodeIgniter->run()
INFO - 2024-09-02 15:05:32 --> Session: Class initialized using 'CodeIgniter\Session\Handlers\FileHandler' driver.
ERROR - 2024-09-02 15:05:32 --> mysqli_sql_exception: Unknown column 'docente.nombre_completo' in 'field list' in C:\laragon\www\prueba\SistemaControl\vendor\codeigniter4\framework\system\Database\MySQLi\Connection.php:306
Stack trace:
#0 C:\laragon\www\prueba\SistemaControl\vendor\codeigniter4\framework\system\Database\MySQLi\Connection.php(306): mysqli->query('SELECT `rol`.`n...', 0)
#1 C:\laragon\www\prueba\SistemaControl\vendor\codeigniter4\framework\system\Database\BaseConnection.php(693): CodeIgniter\Database\MySQLi\Connection->execute('SELECT `rol`.`n...')
#2 C:\laragon\www\prueba\SistemaControl\vendor\codeigniter4\framework\system\Database\BaseConnection.php(607): CodeIgniter\Database\BaseConnection->simpleQuery('SELECT `rol`.`n...')
#3 C:\laragon\www\prueba\SistemaControl\vendor\codeigniter4\framework\system\Database\BaseBuilder.php(1613): CodeIgniter\Database\BaseConnection->query('SELECT `rol`.`n...', Array, false)
#4 C:\laragon\www\prueba\SistemaControl\vendor\codeigniter4\framework\system\Model.php(270): CodeIgniter\Database\BaseBuilder->get()
#5 C:\laragon\www\prueba\SistemaControl\vendor\codeigniter4\framework\system\BaseModel.php(676): CodeIgniter\Model->doFirst()
#6 C:\laragon\www\prueba\SistemaControl\app\Controllers\Login.php(54): CodeIgniter\BaseModel->first()
#7 C:\laragon\www\prueba\SistemaControl\vendor\codeigniter4\framework\system\CodeIgniter.php(941): App\Controllers\Login->signIn()
#8 C:\laragon\www\prueba\SistemaControl\vendor\codeigniter4\framework\system\CodeIgniter.php(502): CodeIgniter\CodeIgniter->runController(Object(App\Controllers\Login))
#9 C:\laragon\www\prueba\SistemaControl\vendor\codeigniter4\framework\system\CodeIgniter.php(361): CodeIgniter\CodeIgniter->handleRequest(NULL, Object(Config\Cache), false)
#10 C:\laragon\www\prueba\SistemaControl\public\index.php(81): CodeIgniter\CodeIgniter->run()
#11 {main}
CRITICAL - 2024-09-02 15:05:32 --> CodeIgniter\Database\Exceptions\DatabaseException: Unknown column 'docente.nombre_completo' in 'field list'
in SYSTEMPATH\Database\BaseConnection.php on line 647.
 1 SYSTEMPATH\Database\BaseBuilder.php(1613): CodeIgniter\Database\BaseConnection->query('SELECT `rol`.`nombreRol`, `docente`.`nombre_completo`
FROM `usuarios`
INNER JOIN `rol` ON `rol`.`idRol` = `usuarios`.`idRol`
INNER JOIN `docente` ON `docente`.`idDocente` = `usuarios`.`idDocente`
WHERE `usuario` = :usuario:
 LIMIT 1', [...], false)
 2 SYSTEMPATH\Model.php(270): CodeIgniter\Database\BaseBuilder->get()
 3 SYSTEMPATH\BaseModel.php(676): CodeIgniter\Model->doFirst()
 4 APPPATH\Controllers\Login.php(54): CodeIgniter\BaseModel->first()
 5 SYSTEMPATH\CodeIgniter.php(941): App\Controllers\Login->signIn()
 6 SYSTEMPATH\CodeIgniter.php(502): CodeIgniter\CodeIgniter->runController(Object(App\Controllers\Login))
 7 SYSTEMPATH\CodeIgniter.php(361): CodeIgniter\CodeIgniter->handleRequest(null, Object(Config\Cache), false)
 8 FCPATH\index.php(81): CodeIgniter\CodeIgniter->run()
CRITICAL - 2024-09-02 15:05:32 --> [Caused by] CodeIgniter\Database\Exceptions\DatabaseException: Unknown column 'docente.nombre_completo' in 'field list'
in SYSTEMPATH\Database\MySQLi\Connection.php on line 311.
 1 SYSTEMPATH\Database\BaseConnection.php(693): CodeIgniter\Database\MySQLi\Connection->execute('SELECT `rol`.`nombreRol`, `docente`.`nombre_completo`
FROM `usuarios`
INNER JOIN `rol` ON `rol`.`idRol` = `usuarios`.`idRol`
INNER JOIN `docente` ON `docente`.`idDocente` = `usuarios`.`idDocente`
WHERE `usuario` = \'febe\'
 LIMIT 1')
 2 SYSTEMPATH\Database\BaseConnection.php(607): CodeIgniter\Database\BaseConnection->simpleQuery('SELECT `rol`.`nombreRol`, `docente`.`nombre_completo`
FROM `usuarios`
INNER JOIN `rol` ON `rol`.`idRol` = `usuarios`.`idRol`
INNER JOIN `docente` ON `docente`.`idDocente` = `usuarios`.`idDocente`
WHERE `usuario` = \'febe\'
 LIMIT 1')
 3 SYSTEMPATH\Database\BaseBuilder.php(1613): CodeIgniter\Database\BaseConnection->query('SELECT `rol`.`nombreRol`, `docente`.`nombre_completo`
FROM `usuarios`
INNER JOIN `rol` ON `rol`.`idRol` = `usuarios`.`idRol`
INNER JOIN `docente` ON `docente`.`idDocente` = `usuarios`.`idDocente`
WHERE `usuario` = :usuario:
 LIMIT 1', [...], false)
 4 SYSTEMPATH\Model.php(270): CodeIgniter\Database\BaseBuilder->get()
 5 SYSTEMPATH\BaseModel.php(676): CodeIgniter\Model->doFirst()
 6 APPPATH\Controllers\Login.php(54): CodeIgniter\BaseModel->first()
 7 SYSTEMPATH\CodeIgniter.php(941): App\Controllers\Login->signIn()
 8 SYSTEMPATH\CodeIgniter.php(502): CodeIgniter\CodeIgniter->runController(Object(App\Controllers\Login))
 9 SYSTEMPATH\CodeIgniter.php(361): CodeIgniter\CodeIgniter->handleRequest(null, Object(Config\Cache), false)
10 FCPATH\index.php(81): CodeIgniter\CodeIgniter->run()
CRITICAL - 2024-09-02 15:05:32 --> [Caused by] mysqli_sql_exception: Unknown column 'docente.nombre_completo' in 'field list'
in SYSTEMPATH\Database\MySQLi\Connection.php on line 306.
 1 SYSTEMPATH\Database\MySQLi\Connection.php(306): mysqli->query('SELECT `rol`.`nombreRol`, `docente`.`nombre_completo`
FROM `usuarios`
INNER JOIN `rol` ON `rol`.`idRol` = `usuarios`.`idRol`
INNER JOIN `docente` ON `docente`.`idDocente` = `usuarios`.`idDocente`
WHERE `usuario` = \'febe\'
 LIMIT 1', 0)
 2 SYSTEMPATH\Database\BaseConnection.php(693): CodeIgniter\Database\MySQLi\Connection->execute('SELECT `rol`.`nombreRol`, `docente`.`nombre_completo`
FROM `usuarios`
INNER JOIN `rol` ON `rol`.`idRol` = `usuarios`.`idRol`
INNER JOIN `docente` ON `docente`.`idDocente` = `usuarios`.`idDocente`
WHERE `usuario` = \'febe\'
 LIMIT 1')
 3 SYSTEMPATH\Database\BaseConnection.php(607): CodeIgniter\Database\BaseConnection->simpleQuery('SELECT `rol`.`nombreRol`, `docente`.`nombre_completo`
FROM `usuarios`
INNER JOIN `rol` ON `rol`.`idRol` = `usuarios`.`idRol`
INNER JOIN `docente` ON `docente`.`idDocente` = `usuarios`.`idDocente`
WHERE `usuario` = \'febe\'
 LIMIT 1')
 4 SYSTEMPATH\Database\BaseBuilder.php(1613): CodeIgniter\Database\BaseConnection->query('SELECT `rol`.`nombreRol`, `docente`.`nombre_completo`
FROM `usuarios`
INNER JOIN `rol` ON `rol`.`idRol` = `usuarios`.`idRol`
INNER JOIN `docente` ON `docente`.`idDocente` = `usuarios`.`idDocente`
WHERE `usuario` = :usuario:
 LIMIT 1', [...], false)
 5 SYSTEMPATH\Model.php(270): CodeIgniter\Database\BaseBuilder->get()
 6 SYSTEMPATH\BaseModel.php(676): CodeIgniter\Model->doFirst()
 7 APPPATH\Controllers\Login.php(54): CodeIgniter\BaseModel->first()
 8 SYSTEMPATH\CodeIgniter.php(941): App\Controllers\Login->signIn()
 9 SYSTEMPATH\CodeIgniter.php(502): CodeIgniter\CodeIgniter->runController(Object(App\Controllers\Login))
10 SYSTEMPATH\CodeIgniter.php(361): CodeIgniter\CodeIgniter->handleRequest(null, Object(Config\Cache), false)
11 FCPATH\index.php(81): CodeIgniter\CodeIgniter->run()
INFO - 2024-09-02 15:05:36 --> Session: Class initialized using 'CodeIgniter\Session\Handlers\FileHandler' driver.
INFO - 2024-09-02 15:05:43 --> Session: Class initialized using 'CodeIgniter\Session\Handlers\FileHandler' driver.
ERROR - 2024-09-02 15:05:43 --> mysqli_sql_exception: Unknown column 'docente.nombre_completo' in 'field list' in C:\laragon\www\prueba\SistemaControl\vendor\codeigniter4\framework\system\Database\MySQLi\Connection.php:306
Stack trace:
#0 C:\laragon\www\prueba\SistemaControl\vendor\codeigniter4\framework\system\Database\MySQLi\Connection.php(306): mysqli->query('SELECT `rol`.`n...', 0)
#1 C:\laragon\www\prueba\SistemaControl\vendor\codeigniter4\framework\system\Database\BaseConnection.php(693): CodeIgniter\Database\MySQLi\Connection->execute('SELECT `rol`.`n...')
#2 C:\laragon\www\prueba\SistemaControl\vendor\codeigniter4\framework\system\Database\BaseConnection.php(607): CodeIgniter\Database\BaseConnection->simpleQuery('SELECT `rol`.`n...')
#3 C:\laragon\www\prueba\SistemaControl\vendor\codeigniter4\framework\system\Database\BaseBuilder.php(1613): CodeIgniter\Database\BaseConnection->query('SELECT `rol`.`n...', Array, false)
#4 C:\laragon\www\prueba\SistemaControl\vendor\codeigniter4\framework\system\Model.php(270): CodeIgniter\Database\BaseBuilder->get()
#5 C:\laragon\www\prueba\SistemaControl\vendor\codeigniter4\framework\system\BaseModel.php(676): CodeIgniter\Model->doFirst()
#6 C:\laragon\www\prueba\SistemaControl\app\Controllers\Login.php(54): CodeIgniter\BaseModel->first()
#7 C:\laragon\www\prueba\SistemaControl\vendor\codeigniter4\framework\system\CodeIgniter.php(941): App\Controllers\Login->signIn()
#8 C:\laragon\www\prueba\SistemaControl\vendor\codeigniter4\framework\system\CodeIgniter.php(502): CodeIgniter\CodeIgniter->runController(Object(App\Controllers\Login))
#9 C:\laragon\www\prueba\SistemaControl\vendor\codeigniter4\framework\system\CodeIgniter.php(361): CodeIgniter\CodeIgniter->handleRequest(NULL, Object(Config\Cache), false)
#10 C:\laragon\www\prueba\SistemaControl\public\index.php(81): CodeIgniter\CodeIgniter->run()
#11 {main}
CRITICAL - 2024-09-02 15:05:43 --> CodeIgniter\Database\Exceptions\DatabaseException: Unknown column 'docente.nombre_completo' in 'field list'
in SYSTEMPATH\Database\BaseConnection.php on line 647.
 1 SYSTEMPATH\Database\BaseBuilder.php(1613): CodeIgniter\Database\BaseConnection->query('SELECT `rol`.`nombreRol`, `docente`.`nombre_completo`
FROM `usuarios`
INNER JOIN `rol` ON `rol`.`idRol` = `usuarios`.`idRol`
INNER JOIN `docente` ON `docente`.`idDocente` = `usuarios`.`idDocente`
WHERE `usuario` = :usuario:
 LIMIT 1', [...], false)
 2 SYSTEMPATH\Model.php(270): CodeIgniter\Database\BaseBuilder->get()
 3 SYSTEMPATH\BaseModel.php(676): CodeIgniter\Model->doFirst()
 4 APPPATH\Controllers\Login.php(54): CodeIgniter\BaseModel->first()
 5 SYSTEMPATH\CodeIgniter.php(941): App\Controllers\Login->signIn()
 6 SYSTEMPATH\CodeIgniter.php(502): CodeIgniter\CodeIgniter->runController(Object(App\Controllers\Login))
 7 SYSTEMPATH\CodeIgniter.php(361): CodeIgniter\CodeIgniter->handleRequest(null, Object(Config\Cache), false)
 8 FCPATH\index.php(81): CodeIgniter\CodeIgniter->run()
CRITICAL - 2024-09-02 15:05:43 --> [Caused by] CodeIgniter\Database\Exceptions\DatabaseException: Unknown column 'docente.nombre_completo' in 'field list'
in SYSTEMPATH\Database\MySQLi\Connection.php on line 311.
 1 SYSTEMPATH\Database\BaseConnection.php(693): CodeIgniter\Database\MySQLi\Connection->execute('SELECT `rol`.`nombreRol`, `docente`.`nombre_completo`
FROM `usuarios`
INNER JOIN `rol` ON `rol`.`idRol` = `usuarios`.`idRol`
INNER JOIN `docente` ON `docente`.`idDocente` = `usuarios`.`idDocente`
WHERE `usuario` = \'febe\'
 LIMIT 1')
 2 SYSTEMPATH\Database\BaseConnection.php(607): CodeIgniter\Database\BaseConnection->simpleQuery('SELECT `rol`.`nombreRol`, `docente`.`nombre_completo`
FROM `usuarios`
INNER JOIN `rol` ON `rol`.`idRol` = `usuarios`.`idRol`
INNER JOIN `docente` ON `docente`.`idDocente` = `usuarios`.`idDocente`
WHERE `usuario` = \'febe\'
 LIMIT 1')
 3 SYSTEMPATH\Database\BaseBuilder.php(1613): CodeIgniter\Database\BaseConnection->query('SELECT `rol`.`nombreRol`, `docente`.`nombre_completo`
FROM `usuarios`
INNER JOIN `rol` ON `rol`.`idRol` = `usuarios`.`idRol`
INNER JOIN `docente` ON `docente`.`idDocente` = `usuarios`.`idDocente`
WHERE `usuario` = :usuario:
 LIMIT 1', [...], false)
 4 SYSTEMPATH\Model.php(270): CodeIgniter\Database\BaseBuilder->get()
 5 SYSTEMPATH\BaseModel.php(676): CodeIgniter\Model->doFirst()
 6 APPPATH\Controllers\Login.php(54): CodeIgniter\BaseModel->first()
 7 SYSTEMPATH\CodeIgniter.php(941): App\Controllers\Login->signIn()
 8 SYSTEMPATH\CodeIgniter.php(502): CodeIgniter\CodeIgniter->runController(Object(App\Controllers\Login))
 9 SYSTEMPATH\CodeIgniter.php(361): CodeIgniter\CodeIgniter->handleRequest(null, Object(Config\Cache), false)
10 FCPATH\index.php(81): CodeIgniter\CodeIgniter->run()
CRITICAL - 2024-09-02 15:05:43 --> [Caused by] mysqli_sql_exception: Unknown column 'docente.nombre_completo' in 'field list'
in SYSTEMPATH\Database\MySQLi\Connection.php on line 306.
 1 SYSTEMPATH\Database\MySQLi\Connection.php(306): mysqli->query('SELECT `rol`.`nombreRol`, `docente`.`nombre_completo`
FROM `usuarios`
INNER JOIN `rol` ON `rol`.`idRol` = `usuarios`.`idRol`
INNER JOIN `docente` ON `docente`.`idDocente` = `usuarios`.`idDocente`
WHERE `usuario` = \'febe\'
 LIMIT 1', 0)
 2 SYSTEMPATH\Database\BaseConnection.php(693): CodeIgniter\Database\MySQLi\Connection->execute('SELECT `rol`.`nombreRol`, `docente`.`nombre_completo`
FROM `usuarios`
INNER JOIN `rol` ON `rol`.`idRol` = `usuarios`.`idRol`
INNER JOIN `docente` ON `docente`.`idDocente` = `usuarios`.`idDocente`
WHERE `usuario` = \'febe\'
 LIMIT 1')
 3 SYSTEMPATH\Database\BaseConnection.php(607): CodeIgniter\Database\BaseConnection->simpleQuery('SELECT `rol`.`nombreRol`, `docente`.`nombre_completo`
FROM `usuarios`
INNER JOIN `rol` ON `rol`.`idRol` = `usuarios`.`idRol`
INNER JOIN `docente` ON `docente`.`idDocente` = `usuarios`.`idDocente`
WHERE `usuario` = \'febe\'
 LIMIT 1')
 4 SYSTEMPATH\Database\BaseBuilder.php(1613): CodeIgniter\Database\BaseConnection->query('SELECT `rol`.`nombreRol`, `docente`.`nombre_completo`
FROM `usuarios`
INNER JOIN `rol` ON `rol`.`idRol` = `usuarios`.`idRol`
INNER JOIN `docente` ON `docente`.`idDocente` = `usuarios`.`idDocente`
WHERE `usuario` = :usuario:
 LIMIT 1', [...], false)
 5 SYSTEMPATH\Model.php(270): CodeIgniter\Database\BaseBuilder->get()
 6 SYSTEMPATH\BaseModel.php(676): CodeIgniter\Model->doFirst()
 7 APPPATH\Controllers\Login.php(54): CodeIgniter\BaseModel->first()
 8 SYSTEMPATH\CodeIgniter.php(941): App\Controllers\Login->signIn()
 9 SYSTEMPATH\CodeIgniter.php(502): CodeIgniter\CodeIgniter->runController(Object(App\Controllers\Login))
10 SYSTEMPATH\CodeIgniter.php(361): CodeIgniter\CodeIgniter->handleRequest(null, Object(Config\Cache), false)
11 FCPATH\index.php(81): CodeIgniter\CodeIgniter->run()
INFO - 2024-09-02 15:06:56 --> Session: Class initialized using 'CodeIgniter\Session\Handlers\FileHandler' driver.
INFO - 2024-09-02 15:07:02 --> Session: Class initialized using 'CodeIgniter\Session\Handlers\FileHandler' driver.
INFO - 2024-09-02 15:07:04 --> Session: Class initialized using 'CodeIgniter\Session\Handlers\FileHandler' driver.
INFO - 2024-09-02 15:09:48 --> Session: Class initialized using 'CodeIgniter\Session\Handlers\FileHandler' driver.
INFO - 2024-09-02 15:10:28 --> Session: Class initialized using 'CodeIgniter\Session\Handlers\FileHandler' driver.
INFO - 2024-09-02 15:10:32 --> Session: Class initialized using 'CodeIgniter\Session\Handlers\FileHandler' driver.
INFO - 2024-09-02 15:44:53 --> Session: Class initialized using 'CodeIgniter\Session\Handlers\FileHandler' driver.
INFO - 2024-09-02 15:49:28 --> Session: Class initialized using 'CodeIgniter\Session\Handlers\FileHandler' driver.
INFO - 2024-09-02 15:49:40 --> Session: Class initialized using 'CodeIgniter\Session\Handlers\FileHandler' driver.
INFO - 2024-09-02 15:49:51 --> Session: Class initialized using 'CodeIgniter\Session\Handlers\FileHandler' driver.
INFO - 2024-09-02 15:50:05 --> Session: Class initialized using 'CodeIgniter\Session\Handlers\FileHandler' driver.
CRITICAL - 2024-09-02 15:50:06 --> ErrorException: Undefined array key "nombre_completo"
in APPPATH\Views\registro_diario\create.php on line 45.
 1 APPPATH\Views\registro_diario\create.php(45): CodeIgniter\Debug\Exceptions->errorHandler(2, 'Undefined array key "nombre_completo"', 'C:\\laragon\\www\\prueba\\SistemaControl\\app\\Views\\registro_diario\\create.php', 45)
 2 SYSTEMPATH\View\View.php(228): include('C:\\laragon\\www\\prueba\\SistemaControl\\app\\Views\\registro_diario\\create.php')
 3 SYSTEMPATH\View\View.php(231): CodeIgniter\View\View->CodeIgniter\View\{closure}()
 4 SYSTEMPATH\Common.php(1178): CodeIgniter\View\View->render('registro_diario/create', [], true)
 5 APPPATH\Controllers\RegistroDiarioController.php(38): view('registro_diario/create', [...])
 6 SYSTEMPATH\CodeIgniter.php(941): App\Controllers\RegistroDiarioController->create()
 7 SYSTEMPATH\CodeIgniter.php(502): CodeIgniter\CodeIgniter->runController(Object(App\Controllers\RegistroDiarioController))
 8 SYSTEMPATH\CodeIgniter.php(361): CodeIgniter\CodeIgniter->handleRequest(null, Object(Config\Cache), false)
 9 FCPATH\index.php(81): CodeIgniter\CodeIgniter->run()
INFO - 2024-09-02 15:51:48 --> Session: Class initialized using 'CodeIgniter\Session\Handlers\FileHandler' driver.
INFO - 2024-09-02 20:26:56 --> Session: Class initialized using 'CodeIgniter\Session\Handlers\FileHandler' driver.
INFO - 2024-09-02 20:26:56 --> Session: Class initialized using 'CodeIgniter\Session\Handlers\FileHandler' driver.
INFO - 2024-09-02 20:26:59 --> Session: Class initialized using 'CodeIgniter\Session\Handlers\FileHandler' driver.
INFO - 2024-09-02 20:32:48 --> Session: Class initialized using 'CodeIgniter\Session\Handlers\FileHandler' driver.
INFO - 2024-09-02 20:32:49 --> Session: Class initialized using 'CodeIgniter\Session\Handlers\FileHandler' driver.
INFO - 2024-09-02 20:32:58 --> Session: Class initialized using 'CodeIgniter\Session\Handlers\FileHandler' driver.
INFO - 2024-09-02 20:33:00 --> Session: Class initialized using 'CodeIgniter\Session\Handlers\FileHandler' driver.
INFO - 2024-09-02 20:41:54 --> Session: Class initialized using 'CodeIgniter\Session\Handlers\FileHandler' driver.
INFO - 2024-09-02 20:42:19 --> Session: Class initialized using 'CodeIgniter\Session\Handlers\FileHandler' driver.
INFO - 2024-09-02 20:49:45 --> Session: Class initialized using 'CodeIgniter\Session\Handlers\FileHandler' driver.
INFO - 2024-09-02 20:49:47 --> Session: Class initialized using 'CodeIgniter\Session\Handlers\FileHandler' driver.
INFO - 2024-09-02 20:50:12 --> Session: Class initialized using 'CodeIgniter\Session\Handlers\FileHandler' driver.
INFO - 2024-09-02 20:50:13 --> Session: Class initialized using 'CodeIgniter\Session\Handlers\FileHandler' driver.
INFO - 2024-09-02 20:51:49 --> Session: Class initialized using 'CodeIgniter\Session\Handlers\FileHandler' driver.
INFO - 2024-09-02 20:52:16 --> Session: Class initialized using 'CodeIgniter\Session\Handlers\FileHandler' driver.
INFO - 2024-09-02 20:52:17 --> Session: Class initialized using 'CodeIgniter\Session\Handlers\FileHandler' driver.
INFO - 2024-09-02 20:58:21 --> Session: Class initialized using 'CodeIgniter\Session\Handlers\FileHandler' driver.
INFO - 2024-09-02 21:03:12 --> Session: Class initialized using 'CodeIgniter\Session\Handlers\FileHandler' driver.
INFO - 2024-09-02 21:03:33 --> Session: Class initialized using 'CodeIgniter\Session\Handlers\FileHandler' driver.
INFO - 2024-09-02 21:04:19 --> Session: Class initialized using 'CodeIgniter\Session\Handlers\FileHandler' driver.
CRITICAL - 2024-09-02 21:04:19 --> TypeError: Unsupported operand types: string - string
in APPPATH\Views\permisos_personal\index.php on line 79.
 1 SYSTEMPATH\View\View.php(228): include()
 2 SYSTEMPATH\View\View.php(231): CodeIgniter\View\View->CodeIgniter\View\{closure}()
 3 SYSTEMPATH\Common.php(1178): CodeIgniter\View\View->render('permisos_personal/index', [], true)
 4 APPPATH\Controllers\PermisosPersonal.php(76): view('permisos_personal/index', [...])
 5 SYSTEMPATH\CodeIgniter.php(941): App\Controllers\PermisosPersonal->index()
 6 SYSTEMPATH\CodeIgniter.php(502): CodeIgniter\CodeIgniter->runController(Object(App\Controllers\PermisosPersonal))
 7 SYSTEMPATH\CodeIgniter.php(361): CodeIgniter\CodeIgniter->handleRequest(null, Object(Config\Cache), false)
 8 FCPATH\index.php(81): CodeIgniter\CodeIgniter->run()
INFO - 2024-09-02 21:04:45 --> Session: Class initialized using 'CodeIgniter\Session\Handlers\FileHandler' driver.
INFO - 2024-09-02 21:06:12 --> Session: Class initialized using 'CodeIgniter\Session\Handlers\FileHandler' driver.
INFO - 2024-09-02 21:06:44 --> Session: Class initialized using 'CodeIgniter\Session\Handlers\FileHandler' driver.
INFO - 2024-09-02 21:07:09 --> Session: Class initialized using 'CodeIgniter\Session\Handlers\FileHandler' driver.
INFO - 2024-09-02 21:07:09 --> Session: Class initialized using 'CodeIgniter\Session\Handlers\FileHandler' driver.
INFO - 2024-09-02 21:13:12 --> Session: Class initialized using 'CodeIgniter\Session\Handlers\FileHandler' driver.
INFO - 2024-09-02 21:13:47 --> Session: Class initialized using 'CodeIgniter\Session\Handlers\FileHandler' driver.
INFO - 2024-09-02 21:14:47 --> Session: Class initialized using 'CodeIgniter\Session\Handlers\FileHandler' driver.
INFO - 2024-09-02 21:15:10 --> Session: Class initialized using 'CodeIgniter\Session\Handlers\FileHandler' driver.
INFO - 2024-09-02 21:15:24 --> Session: Class initialized using 'CodeIgniter\Session\Handlers\FileHandler' driver.
INFO - 2024-09-02 21:15:24 --> Session: Class initialized using 'CodeIgniter\Session\Handlers\FileHandler' driver.
INFO - 2024-09-02 21:16:24 --> Session: Class initialized using 'CodeIgniter\Session\Handlers\FileHandler' driver.
INFO - 2024-09-02 21:16:41 --> Session: Class initialized using 'CodeIgniter\Session\Handlers\FileHandler' driver.
INFO - 2024-09-02 21:16:43 --> Session: Class initialized using 'CodeIgniter\Session\Handlers\FileHandler' driver.
INFO - 2024-09-02 21:17:41 --> Session: Class initialized using 'CodeIgniter\Session\Handlers\FileHandler' driver.
INFO - 2024-09-02 21:17:56 --> Session: Class initialized using 'CodeIgniter\Session\Handlers\FileHandler' driver.
INFO - 2024-09-02 21:17:57 --> Session: Class initialized using 'CodeIgniter\Session\Handlers\FileHandler' driver.
INFO - 2024-09-02 21:20:15 --> Session: Class initialized using 'CodeIgniter\Session\Handlers\FileHandler' driver.
INFO - 2024-09-02 21:20:24 --> Session: Class initialized using 'CodeIgniter\Session\Handlers\FileHandler' driver.
INFO - 2024-09-02 21:21:11 --> Session: Class initialized using 'CodeIgniter\Session\Handlers\FileHandler' driver.
INFO - 2024-09-02 21:21:34 --> Session: Class initialized using 'CodeIgniter\Session\Handlers\FileHandler' driver.
INFO - 2024-09-02 21:21:39 --> Session: Class initialized using 'CodeIgniter\Session\Handlers\FileHandler' driver.
INFO - 2024-09-02 21:21:45 --> Session: Class initialized using 'CodeIgniter\Session\Handlers\FileHandler' driver.
INFO - 2024-09-02 21:22:31 --> Session: Class initialized using 'CodeIgniter\Session\Handlers\FileHandler' driver.
INFO - 2024-09-02 21:22:46 --> Session: Class initialized using 'CodeIgniter\Session\Handlers\FileHandler' driver.
WARNING - 2024-09-02 21:22:46 --> [DEPRECATED] DateTime::__construct(): Passing null to parameter #1 ($datetime) of type string is deprecated in APPPATH\Controllers\ReportePDF.php on line 31.
 1 APPPATH\Controllers\ReportePDF.php(31): DateTime->__construct(null)
 2 SYSTEMPATH\CodeIgniter.php(941): App\Controllers\ReportePDF->generarReporte()
 3 SYSTEMPATH\CodeIgniter.php(502): CodeIgniter\CodeIgniter->runController(Object(App\Controllers\ReportePDF))
 4 SYSTEMPATH\CodeIgniter.php(361): CodeIgniter\CodeIgniter->handleRequest(null, Object(Config\Cache), false)
 5 FCPATH\index.php(81): CodeIgniter\CodeIgniter->run()
WARNING - 2024-09-02 21:22:46 --> [DEPRECATED] DateTime::__construct(): Passing null to parameter #1 ($datetime) of type string is deprecated in APPPATH\Controllers\ReportePDF.php on line 32.
 1 APPPATH\Controllers\ReportePDF.php(32): DateTime->__construct(null)
 2 SYSTEMPATH\CodeIgniter.php(941): App\Controllers\ReportePDF->generarReporte()
 3 SYSTEMPATH\CodeIgniter.php(502): CodeIgniter\CodeIgniter->runController(Object(App\Controllers\ReportePDF))
 4 SYSTEMPATH\CodeIgniter.php(361): CodeIgniter\CodeIgniter->handleRequest(null, Object(Config\Cache), false)
 5 FCPATH\index.php(81): CodeIgniter\CodeIgniter->run()
INFO - 2024-09-02 21:22:50 --> Session: Class initialized using 'CodeIgniter\Session\Handlers\FileHandler' driver.
CRITICAL - 2024-09-02 21:22:50 --> ErrorException: Undefined array key "nombre_completo"
in APPPATH\Views\Reportes\permisos_reporte.php on line 85.
 1 APPPATH\Views\Reportes\permisos_reporte.php(85): CodeIgniter\Debug\Exceptions->errorHandler(2, 'Undefined array key "nombre_completo"', 'C:\\laragon\\www\\prueba\\SistemaControl\\app\\Views\\Reportes\\permisos_reporte.php', 85)
 2 SYSTEMPATH\View\View.php(228): include('C:\\laragon\\www\\prueba\\SistemaControl\\app\\Views\\Reportes\\permisos_reporte.php')
 3 SYSTEMPATH\View\View.php(231): CodeIgniter\View\View->CodeIgniter\View\{closure}()
 4 SYSTEMPATH\Common.php(1178): CodeIgniter\View\View->render('reportes/permisos_reporte', [], true)
 5 APPPATH\Controllers\PermisosPersonal.php(246): view('reportes/permisos_reporte', [...])
 6 SYSTEMPATH\CodeIgniter.php(941): App\Controllers\PermisosPersonal->reporte()
 7 SYSTEMPATH\CodeIgniter.php(502): CodeIgniter\CodeIgniter->runController(Object(App\Controllers\PermisosPersonal))
 8 SYSTEMPATH\CodeIgniter.php(361): CodeIgniter\CodeIgniter->handleRequest(null, Object(Config\Cache), false)
 9 FCPATH\index.php(81): CodeIgniter\CodeIgniter->run()
INFO - 2024-09-02 21:22:54 --> Session: Class initialized using 'CodeIgniter\Session\Handlers\FileHandler' driver.
INFO - 2024-09-02 21:26:56 --> Session: Class initialized using 'CodeIgniter\Session\Handlers\FileHandler' driver.
WARNING - 2024-09-02 21:26:56 --> [DEPRECATED] DateTime::__construct(): Passing null to parameter #1 ($datetime) of type string is deprecated in APPPATH\Controllers\ReportePDF.php on line 31.
 1 APPPATH\Controllers\ReportePDF.php(31): DateTime->__construct(null)
 2 SYSTEMPATH\CodeIgniter.php(941): App\Controllers\ReportePDF->generarReporte()
 3 SYSTEMPATH\CodeIgniter.php(502): CodeIgniter\CodeIgniter->runController(Object(App\Controllers\ReportePDF))
 4 SYSTEMPATH\CodeIgniter.php(361): CodeIgniter\CodeIgniter->handleRequest(null, Object(Config\Cache), false)
 5 FCPATH\index.php(81): CodeIgniter\CodeIgniter->run()
WARNING - 2024-09-02 21:26:56 --> [DEPRECATED] DateTime::__construct(): Passing null to parameter #1 ($datetime) of type string is deprecated in APPPATH\Controllers\ReportePDF.php on line 32.
 1 APPPATH\Controllers\ReportePDF.php(32): DateTime->__construct(null)
 2 SYSTEMPATH\CodeIgniter.php(941): App\Controllers\ReportePDF->generarReporte()
 3 SYSTEMPATH\CodeIgniter.php(502): CodeIgniter\CodeIgniter->runController(Object(App\Controllers\ReportePDF))
 4 SYSTEMPATH\CodeIgniter.php(361): CodeIgniter\CodeIgniter->handleRequest(null, Object(Config\Cache), false)
 5 FCPATH\index.php(81): CodeIgniter\CodeIgniter->run()
INFO - 2024-09-02 21:34:38 --> Session: Class initialized using 'CodeIgniter\Session\Handlers\FileHandler' driver.
WARNING - 2024-09-02 21:34:38 --> [DEPRECATED] DateTime::__construct(): Passing null to parameter #1 ($datetime) of type string is deprecated in APPPATH\Controllers\ReportePDF.php on line 31.
 1 APPPATH\Controllers\ReportePDF.php(31): DateTime->__construct(null)
 2 SYSTEMPATH\CodeIgniter.php(941): App\Controllers\ReportePDF->generarReporte()
 3 SYSTEMPATH\CodeIgniter.php(502): CodeIgniter\CodeIgniter->runController(Object(App\Controllers\ReportePDF))
 4 SYSTEMPATH\CodeIgniter.php(361): CodeIgniter\CodeIgniter->handleRequest(null, Object(Config\Cache), false)
 5 FCPATH\index.php(81): CodeIgniter\CodeIgniter->run()
WARNING - 2024-09-02 21:34:38 --> [DEPRECATED] DateTime::__construct(): Passing null to parameter #1 ($datetime) of type string is deprecated in APPPATH\Controllers\ReportePDF.php on line 32.
 1 APPPATH\Controllers\ReportePDF.php(32): DateTime->__construct(null)
 2 SYSTEMPATH\CodeIgniter.php(941): App\Controllers\ReportePDF->generarReporte()
 3 SYSTEMPATH\CodeIgniter.php(502): CodeIgniter\CodeIgniter->runController(Object(App\Controllers\ReportePDF))
 4 SYSTEMPATH\CodeIgniter.php(361): CodeIgniter\CodeIgniter->handleRequest(null, Object(Config\Cache), false)
 5 FCPATH\index.php(81): CodeIgniter\CodeIgniter->run()
INFO - 2024-09-02 21:42:33 --> Session: Class initialized using 'CodeIgniter\Session\Handlers\FileHandler' driver.
WARNING - 2024-09-02 21:42:35 --> [DEPRECATED] DateTime::__construct(): Passing null to parameter #1 ($datetime) of type string is deprecated in APPPATH\Controllers\ReportePDF.php on line 31.
 1 APPPATH\Controllers\ReportePDF.php(31): DateTime->__construct(null)
 2 SYSTEMPATH\CodeIgniter.php(941): App\Controllers\ReportePDF->generarReporte()
 3 SYSTEMPATH\CodeIgniter.php(502): CodeIgniter\CodeIgniter->runController(Object(App\Controllers\ReportePDF))
 4 SYSTEMPATH\CodeIgniter.php(361): CodeIgniter\CodeIgniter->handleRequest(null, Object(Config\Cache), false)
 5 FCPATH\index.php(81): CodeIgniter\CodeIgniter->run()
WARNING - 2024-09-02 21:42:35 --> [DEPRECATED] DateTime::__construct(): Passing null to parameter #1 ($datetime) of type string is deprecated in APPPATH\Controllers\ReportePDF.php on line 32.
 1 APPPATH\Controllers\ReportePDF.php(32): DateTime->__construct(null)
 2 SYSTEMPATH\CodeIgniter.php(941): App\Controllers\ReportePDF->generarReporte()
 3 SYSTEMPATH\CodeIgniter.php(502): CodeIgniter\CodeIgniter->runController(Object(App\Controllers\ReportePDF))
 4 SYSTEMPATH\CodeIgniter.php(361): CodeIgniter\CodeIgniter->handleRequest(null, Object(Config\Cache), false)
 5 FCPATH\index.php(81): CodeIgniter\CodeIgniter->run()
