CRITICAL - 2024-08-13 02:19:35 --> ParseError: syntax error, unexpected token "echo", expecting "," or ";"
in APPPATH\Views\includes\navbar\_navbar.php on line 38.
 1 SYSTEMPATH\View\View.php(231): CodeIgniter\View\View->CodeIgniter\View\{closure}()
 2 SYSTEMPATH\View\View.php(469): CodeIgniter\View\View->render('includes/navbar/_navbar', null, true)
 3 APPPATH\Views\layouts\default.php(20): CodeIgniter\View\View->include('includes/navbar/_navbar')
 4 SYSTEMPATH\View\View.php(228): include('C:\\laragon\\www\\Tesis-SistemaControl\\app\\Views\\layouts\\default.php')
 5 SYSTEMPATH\View\View.php(231): CodeIgniter\View\View->CodeIgniter\View\{closure}()
 6 SYSTEMPATH\View\View.php(244): CodeIgniter\View\View->render('layouts/default', [], true)
 7 SYSTEMPATH\Common.php(1178): CodeIgniter\View\View->render('usuario/create', [], true)
 8 APPPATH\Controllers\Usuario.php(41): view('usuario/create', [...])
 9 SYSTEMPATH\CodeIgniter.php(943): App\Controllers\Usuario->create()
10 SYSTEMPATH\CodeIgniter.php(503): CodeIgniter\CodeIgniter->runController(Object(App\Controllers\Usuario))
11 SYSTEMPATH\CodeIgniter.php(361): CodeIgniter\CodeIgniter->handleRequest(null, Object(Config\Cache), false)
12 FCPATH\index.php(79): CodeIgniter\CodeIgniter->run()
CRITICAL - 2024-08-13 02:19:43 --> ParseError: syntax error, unexpected token "echo", expecting "," or ";"
in APPPATH\Views\includes\navbar\_navbar.php on line 38.
 1 SYSTEMPATH\View\View.php(231): CodeIgniter\View\View->CodeIgniter\View\{closure}()
 2 SYSTEMPATH\View\View.php(469): CodeIgniter\View\View->render('includes/navbar/_navbar', null, true)
 3 APPPATH\Views\layouts\default.php(20): CodeIgniter\View\View->include('includes/navbar/_navbar')
 4 SYSTEMPATH\View\View.php(228): include('C:\\laragon\\www\\Tesis-SistemaControl\\app\\Views\\layouts\\default.php')
 5 SYSTEMPATH\View\View.php(231): CodeIgniter\View\View->CodeIgniter\View\{closure}()
 6 SYSTEMPATH\View\View.php(244): CodeIgniter\View\View->render('layouts/default', [], true)
 7 SYSTEMPATH\Common.php(1178): CodeIgniter\View\View->render('usuario/index', [], true)
 8 APPPATH\Controllers\Usuario.php(26): view('usuario/index', [...])
 9 SYSTEMPATH\CodeIgniter.php(943): App\Controllers\Usuario->index()
10 SYSTEMPATH\CodeIgniter.php(503): CodeIgniter\CodeIgniter->runController(Object(App\Controllers\Usuario))
11 SYSTEMPATH\CodeIgniter.php(361): CodeIgniter\CodeIgniter->handleRequest(null, Object(Config\Cache), false)
12 FCPATH\index.php(79): CodeIgniter\CodeIgniter->run()
CRITICAL - 2024-08-13 02:19:44 --> ParseError: syntax error, unexpected token "echo", expecting "," or ";"
in APPPATH\Views\includes\navbar\_navbar.php on line 38.
 1 SYSTEMPATH\View\View.php(231): CodeIgniter\View\View->CodeIgniter\View\{closure}()
 2 SYSTEMPATH\View\View.php(469): CodeIgniter\View\View->render('includes/navbar/_navbar', null, true)
 3 APPPATH\Views\layouts\default.php(20): CodeIgniter\View\View->include('includes/navbar/_navbar')
 4 SYSTEMPATH\View\View.php(228): include('C:\\laragon\\www\\Tesis-SistemaControl\\app\\Views\\layouts\\default.php')
 5 SYSTEMPATH\View\View.php(231): CodeIgniter\View\View->CodeIgniter\View\{closure}()
 6 SYSTEMPATH\View\View.php(244): CodeIgniter\View\View->render('layouts/default', [], true)
 7 SYSTEMPATH\Common.php(1178): CodeIgniter\View\View->render('welcome_message', [], true)
 8 APPPATH\Controllers\Home.php(24): view('welcome_message', [...])
 9 SYSTEMPATH\CodeIgniter.php(943): App\Controllers\Home->index()
10 SYSTEMPATH\CodeIgniter.php(503): CodeIgniter\CodeIgniter->runController(Object(App\Controllers\Home))
11 SYSTEMPATH\CodeIgniter.php(361): CodeIgniter\CodeIgniter->handleRequest(null, Object(Config\Cache), false)
12 FCPATH\index.php(79): CodeIgniter\CodeIgniter->run()
CRITICAL - 2024-08-13 02:19:46 --> ParseError: syntax error, unexpected token "echo", expecting "," or ";"
in APPPATH\Views\includes\navbar\_navbar.php on line 38.
 1 SYSTEMPATH\View\View.php(231): CodeIgniter\View\View->CodeIgniter\View\{closure}()
 2 SYSTEMPATH\View\View.php(469): CodeIgniter\View\View->render('includes/navbar/_navbar', null, true)
 3 APPPATH\Views\layouts\default.php(20): CodeIgniter\View\View->include('includes/navbar/_navbar')
 4 SYSTEMPATH\View\View.php(228): include('C:\\laragon\\www\\Tesis-SistemaControl\\app\\Views\\layouts\\default.php')
 5 SYSTEMPATH\View\View.php(231): CodeIgniter\View\View->CodeIgniter\View\{closure}()
 6 SYSTEMPATH\View\View.php(244): CodeIgniter\View\View->render('layouts/default', [], true)
 7 SYSTEMPATH\Common.php(1178): CodeIgniter\View\View->render('welcome_message', [], true)
 8 APPPATH\Controllers\Home.php(24): view('welcome_message', [...])
 9 SYSTEMPATH\CodeIgniter.php(943): App\Controllers\Home->index()
10 SYSTEMPATH\CodeIgniter.php(503): CodeIgniter\CodeIgniter->runController(Object(App\Controllers\Home))
11 SYSTEMPATH\CodeIgniter.php(361): CodeIgniter\CodeIgniter->handleRequest(null, Object(Config\Cache), false)
12 FCPATH\index.php(79): CodeIgniter\CodeIgniter->run()
