INFO - 2024-08-05 04:11:23 --> Session: Class initialized using 'CodeIgniter\Session\Handlers\FileHandler' driver.
CRITICAL - 2024-08-05 04:11:27 --> ErrorException: Undefined array key "idDetallePermiso"
in APPPATH\Controllers\PermisoMagisterial.php on line 86.
 1 APPPATH\Controllers\PermisoMagisterial.php(86): CodeIgniter\Debug\Exceptions->errorHandler(2, 'Undefined array key "idDetallePermiso"', 'C:\\laragon\\www\\prueba\\SistemaControl\\app\\Controllers\\PermisoMagisterial.php', 86)
 2 SYSTEMPATH\CodeIgniter.php(943): App\Controllers\PermisoMagisterial->store()
 3 SYSTEMPATH\CodeIgniter.php(503): CodeIgniter\CodeIgniter->runController(Object(App\Controllers\PermisoMagisterial))
 4 SYSTEMPATH\CodeIgniter.php(361): CodeIgniter\CodeIgniter->handleRequest(null, Object(Config\Cache), false)
 5 FCPATH\index.php(81): CodeIgniter\CodeIgniter->run()
INFO - 2024-08-05 04:34:52 --> Session: Class initialized using 'CodeIgniter\Session\Handlers\FileHandler' driver.
ERROR - 2024-08-05 04:34:53 --> idDetallePermiso no encontrado en detalleSaldosTipoPermiso.
INFO - 2024-08-05 04:35:01 --> Session: Class initialized using 'CodeIgniter\Session\Handlers\FileHandler' driver.
INFO - 2024-08-05 04:35:20 --> Session: Class initialized using 'CodeIgniter\Session\Handlers\FileHandler' driver.
INFO - 2024-08-05 04:35:20 --> Session: Class initialized using 'CodeIgniter\Session\Handlers\FileHandler' driver.
INFO - 2024-08-05 04:35:50 --> Session: Class initialized using 'CodeIgniter\Session\Handlers\FileHandler' driver.
INFO - 2024-08-05 04:35:52 --> Session: Class initialized using 'CodeIgniter\Session\Handlers\FileHandler' driver.
INFO - 2024-08-05 04:36:06 --> Session: Class initialized using 'CodeIgniter\Session\Handlers\FileHandler' driver.
INFO - 2024-08-05 04:36:19 --> Session: Class initialized using 'CodeIgniter\Session\Handlers\FileHandler' driver.
INFO - 2024-08-05 04:36:37 --> Session: Class initialized using 'CodeIgniter\Session\Handlers\FileHandler' driver.
ERROR - 2024-08-05 04:36:37 --> idDetallePermiso no encontrado en detalleSaldosTipoPermiso.
INFO - 2024-08-05 04:36:39 --> Session: Class initialized using 'CodeIgniter\Session\Handlers\FileHandler' driver.
INFO - 2024-08-05 04:41:50 --> Session: Class initialized using 'CodeIgniter\Session\Handlers\FileHandler' driver.
INFO - 2024-08-05 04:42:04 --> Session: Class initialized using 'CodeIgniter\Session\Handlers\FileHandler' driver.
INFO - 2024-08-05 04:42:05 --> Session: Class initialized using 'CodeIgniter\Session\Handlers\FileHandler' driver.
INFO - 2024-08-05 04:44:51 --> Session: Class initialized using 'CodeIgniter\Session\Handlers\FileHandler' driver.
INFO - 2024-08-05 04:45:03 --> Session: Class initialized using 'CodeIgniter\Session\Handlers\FileHandler' driver.
CRITICAL - 2024-08-05 04:45:04 --> TypeError: Cannot access offset of type string on string
in APPPATH\Controllers\PermisoMagisterial.php on line 75.
 1 SYSTEMPATH\CodeIgniter.php(943): App\Controllers\PermisoMagisterial->store()
 2 SYSTEMPATH\CodeIgniter.php(503): CodeIgniter\CodeIgniter->runController(Object(App\Controllers\PermisoMagisterial))
 3 SYSTEMPATH\CodeIgniter.php(361): CodeIgniter\CodeIgniter->handleRequest(null, Object(Config\Cache), false)
 4 FCPATH\index.php(81): CodeIgniter\CodeIgniter->run()
INFO - 2024-08-05 04:45:20 --> Session: Class initialized using 'CodeIgniter\Session\Handlers\FileHandler' driver.
INFO - 2024-08-05 04:45:23 --> Session: Class initialized using 'CodeIgniter\Session\Handlers\FileHandler' driver.
INFO - 2024-08-05 04:45:37 --> Session: Class initialized using 'CodeIgniter\Session\Handlers\FileHandler' driver.
INFO - 2024-08-05 04:45:39 --> Session: Class initialized using 'CodeIgniter\Session\Handlers\FileHandler' driver.
INFO - 2024-08-05 04:46:12 --> Session: Class initialized using 'CodeIgniter\Session\Handlers\FileHandler' driver.
INFO - 2024-08-05 04:46:31 --> Session: Class initialized using 'CodeIgniter\Session\Handlers\FileHandler' driver.
INFO - 2024-08-05 04:46:32 --> Session: Class initialized using 'CodeIgniter\Session\Handlers\FileHandler' driver.
INFO - 2024-08-05 04:53:43 --> Session: Class initialized using 'CodeIgniter\Session\Handlers\FileHandler' driver.
INFO - 2024-08-05 04:53:58 --> Session: Class initialized using 'CodeIgniter\Session\Handlers\FileHandler' driver.
INFO - 2024-08-05 04:54:12 --> Session: Class initialized using 'CodeIgniter\Session\Handlers\FileHandler' driver.
CRITICAL - 2024-08-05 04:54:12 --> TypeError: Cannot access offset of type string on string
in APPPATH\Controllers\PermisoMagisterial.php on line 78.
 1 SYSTEMPATH\CodeIgniter.php(943): App\Controllers\PermisoMagisterial->store()
 2 SYSTEMPATH\CodeIgniter.php(503): CodeIgniter\CodeIgniter->runController(Object(App\Controllers\PermisoMagisterial))
 3 SYSTEMPATH\CodeIgniter.php(361): CodeIgniter\CodeIgniter->handleRequest(null, Object(Config\Cache), false)
 4 FCPATH\index.php(81): CodeIgniter\CodeIgniter->run()
INFO - 2024-08-05 04:54:20 --> Session: Class initialized using 'CodeIgniter\Session\Handlers\FileHandler' driver.
INFO - 2024-08-05 04:54:28 --> Session: Class initialized using 'CodeIgniter\Session\Handlers\FileHandler' driver.
INFO - 2024-08-05 04:54:29 --> Session: Class initialized using 'CodeIgniter\Session\Handlers\FileHandler' driver.
INFO - 2024-08-05 04:59:37 --> Session: Class initialized using 'CodeIgniter\Session\Handlers\FileHandler' driver.
INFO - 2024-08-05 05:00:35 --> Session: Class initialized using 'CodeIgniter\Session\Handlers\FileHandler' driver.
INFO - 2024-08-05 05:01:00 --> Session: Class initialized using 'CodeIgniter\Session\Handlers\FileHandler' driver.
INFO - 2024-08-05 05:01:05 --> Session: Class initialized using 'CodeIgniter\Session\Handlers\FileHandler' driver.
INFO - 2024-08-05 05:05:55 --> Session: Class initialized using 'CodeIgniter\Session\Handlers\FileHandler' driver.
INFO - 2024-08-05 05:06:01 --> Session: Class initialized using 'CodeIgniter\Session\Handlers\FileHandler' driver.
INFO - 2024-08-05 05:06:13 --> Session: Class initialized using 'CodeIgniter\Session\Handlers\FileHandler' driver.
INFO - 2024-08-05 05:06:15 --> Insert result: 
INFO - 2024-08-05 05:06:15 --> Session: Class initialized using 'CodeIgniter\Session\Handlers\FileHandler' driver.
INFO - 2024-08-05 05:17:33 --> Session: Class initialized using 'CodeIgniter\Session\Handlers\FileHandler' driver.
INFO - 2024-08-05 05:22:17 --> Session: Class initialized using 'CodeIgniter\Session\Handlers\FileHandler' driver.
INFO - 2024-08-05 05:22:18 --> Datos obtenidos para la vista:
INFO - 2024-08-05 05:22:18 --> Saldos Docentes: Array
(
    [0] => Array
        (
            [idSaldoDocentes] => 76
            [idDocente] => 30
            [idDetallePermiso] => 1
            [fecha_creacion] => 2024-08-03 04:34:19
            [saldo_total_dias] => 2
            [saldo_total_horas] => 0
        )

)

INFO - 2024-08-05 05:22:18 --> Tipos Permisos: Array
(
    [0] => Array
        (
            [idTipoPermiso] => 7
            [nombre] => ENFERMEDAD
            [cantidad_dias] => 15
        )

    [1] => Array
        (
            [idTipoPermiso] => 9
            [nombre] => MOTIVOS PERSONALES
            [cantidad_dias] => 25
        )

    [2] => Array
        (
            [idTipoPermiso] => 13
            [nombre] => DUELO
            [cantidad_dias] => 10
        )

)

CRITICAL - 2024-08-05 05:22:18 --> ErrorException: Undefined array key "dias_ocupados"
in APPPATH\Controllers\PermisoMagisterial.php on line 197.
 1 APPPATH\Controllers\PermisoMagisterial.php(197): CodeIgniter\Debug\Exceptions->errorHandler(2, 'Undefined array key "dias_ocupados"', 'C:\\laragon\\www\\prueba\\SistemaControl\\app\\Controllers\\PermisoMagisterial.php', 197)
 2 SYSTEMPATH\CodeIgniter.php(943): App\Controllers\PermisoMagisterial->index()
 3 SYSTEMPATH\CodeIgniter.php(503): CodeIgniter\CodeIgniter->runController(Object(App\Controllers\PermisoMagisterial))
 4 SYSTEMPATH\CodeIgniter.php(361): CodeIgniter\CodeIgniter->handleRequest(null, Object(Config\Cache), false)
 5 FCPATH\index.php(81): CodeIgniter\CodeIgniter->run()
INFO - 2024-08-05 05:25:27 --> Session: Class initialized using 'CodeIgniter\Session\Handlers\FileHandler' driver.
INFO - 2024-08-05 05:25:27 --> Datos obtenidos para la vista:
INFO - 2024-08-05 05:25:27 --> Saldos Docentes: Array
(
    [0] => Array
        (
            [idSaldoDocentes] => 76
            [idDocente] => 30
            [idDetallePermiso] => 1
            [fecha_creacion] => 2024-08-03 04:34:19
            [saldo_total_dias] => 2
            [saldo_total_horas] => 0
        )

)

INFO - 2024-08-05 05:25:27 --> Tipos Permisos: Array
(
    [0] => Array
        (
            [idTipoPermiso] => 7
            [nombre] => ENFERMEDAD
            [cantidad_dias] => 15
        )

    [1] => Array
        (
            [idTipoPermiso] => 9
            [nombre] => MOTIVOS PERSONALES
            [cantidad_dias] => 25
        )

    [2] => Array
        (
            [idTipoPermiso] => 13
            [nombre] => DUELO
            [cantidad_dias] => 10
        )

)

INFO - 2024-08-05 05:33:19 --> Session: Class initialized using 'CodeIgniter\Session\Handlers\FileHandler' driver.
INFO - 2024-08-05 05:33:19 --> Datos obtenidos para la vista:
INFO - 2024-08-05 05:33:19 --> Saldos Docentes: Array
(
    [0] => Array
        (
            [idSaldoDocentes] => 76
            [idDocente] => 30
            [idDetallePermiso] => 1
            [fecha_creacion] => 2024-08-03 04:34:19
            [saldo_total_dias] => 2
            [saldo_total_horas] => 0
        )

)

INFO - 2024-08-05 05:33:19 --> Tipos Permisos: Array
(
    [0] => Array
        (
            [idTipoPermiso] => 7
            [nombre] => ENFERMEDAD
            [cantidad_dias] => 15
        )

    [1] => Array
        (
            [idTipoPermiso] => 9
            [nombre] => MOTIVOS PERSONALES
            [cantidad_dias] => 25
        )

    [2] => Array
        (
            [idTipoPermiso] => 13
            [nombre] => DUELO
            [cantidad_dias] => 10
        )

)

CRITICAL - 2024-08-05 05:33:20 --> ErrorException: Undefined array key "descripcion"
in APPPATH\Controllers\PermisoMagisterial.php on line 195.
 1 APPPATH\Controllers\PermisoMagisterial.php(195): CodeIgniter\Debug\Exceptions->errorHandler(2, 'Undefined array key "descripcion"', 'C:\\laragon\\www\\prueba\\SistemaControl\\app\\Controllers\\PermisoMagisterial.php', 195)
 2 SYSTEMPATH\CodeIgniter.php(943): App\Controllers\PermisoMagisterial->index()
 3 SYSTEMPATH\CodeIgniter.php(503): CodeIgniter\CodeIgniter->runController(Object(App\Controllers\PermisoMagisterial))
 4 SYSTEMPATH\CodeIgniter.php(361): CodeIgniter\CodeIgniter->handleRequest(null, Object(Config\Cache), false)
 5 FCPATH\index.php(81): CodeIgniter\CodeIgniter->run()
INFO - 2024-08-05 05:35:16 --> Session: Class initialized using 'CodeIgniter\Session\Handlers\FileHandler' driver.
INFO - 2024-08-05 05:35:17 --> Datos obtenidos para la vista:
INFO - 2024-08-05 05:35:17 --> Saldos Docentes: Array
(
    [0] => Array
        (
            [idSaldoDocentes] => 76
            [idDocente] => 30
            [idDetallePermiso] => 1
            [fecha_creacion] => 2024-08-03 04:34:19
            [saldo_total_dias] => 2
            [saldo_total_horas] => 0
        )

)

INFO - 2024-08-05 05:35:17 --> Tipos Permisos: Array
(
    [0] => Array
        (
            [idTipoPermiso] => 7
            [nombre] => ENFERMEDAD
            [cantidad_dias] => 15
        )

    [1] => Array
        (
            [idTipoPermiso] => 9
            [nombre] => MOTIVOS PERSONALES
            [cantidad_dias] => 25
        )

    [2] => Array
        (
            [idTipoPermiso] => 13
            [nombre] => DUELO
            [cantidad_dias] => 10
        )

)

CRITICAL - 2024-08-05 05:35:17 --> ErrorException: Undefined array key "idTipoPermiso"
in APPPATH\Views\Permisos\index.php on line 72.
 1 APPPATH\Views\Permisos\index.php(72): CodeIgniter\Debug\Exceptions->errorHandler(2, 'Undefined array key "idTipoPermiso"', 'C:\\laragon\\www\\prueba\\SistemaControl\\app\\Views\\Permisos\\index.php', 72)
 2 SYSTEMPATH\View\View.php(228): include('C:\\laragon\\www\\prueba\\SistemaControl\\app\\Views\\Permisos\\index.php')
 3 SYSTEMPATH\View\View.php(231): CodeIgniter\View\View->CodeIgniter\View\{closure}()
 4 SYSTEMPATH\Common.php(1178): CodeIgniter\View\View->render('Permisos/index', [], true)
 5 APPPATH\Controllers\PermisoMagisterial.php(213): view('Permisos/index', [...])
 6 SYSTEMPATH\CodeIgniter.php(943): App\Controllers\PermisoMagisterial->index()
 7 SYSTEMPATH\CodeIgniter.php(503): CodeIgniter\CodeIgniter->runController(Object(App\Controllers\PermisoMagisterial))
 8 SYSTEMPATH\CodeIgniter.php(361): CodeIgniter\CodeIgniter->handleRequest(null, Object(Config\Cache), false)
 9 FCPATH\index.php(81): CodeIgniter\CodeIgniter->run()
INFO - 2024-08-05 05:37:34 --> Session: Class initialized using 'CodeIgniter\Session\Handlers\FileHandler' driver.
INFO - 2024-08-05 05:37:34 --> Datos obtenidos para la vista:
INFO - 2024-08-05 05:37:34 --> Saldos Docentes: Array
(
    [0] => Array
        (
            [idSaldoDocentes] => 76
            [idDocente] => 30
            [idDetallePermiso] => 1
            [fecha_creacion] => 2024-08-03 04:34:19
            [saldo_total_dias] => 2
            [saldo_total_horas] => 0
        )

)

INFO - 2024-08-05 05:37:34 --> Tipos Permisos: Array
(
    [0] => Array
        (
            [idTipoPermiso] => 7
            [nombre] => ENFERMEDAD
            [cantidad_dias] => 15
        )

    [1] => Array
        (
            [idTipoPermiso] => 9
            [nombre] => MOTIVOS PERSONALES
            [cantidad_dias] => 25
        )

    [2] => Array
        (
            [idTipoPermiso] => 13
            [nombre] => DUELO
            [cantidad_dias] => 10
        )

)

CRITICAL - 2024-08-05 05:37:35 --> ErrorException: Undefined array key "fecha_inicio"
in APPPATH\Views\Permisos\index.php on line 80.
 1 APPPATH\Views\Permisos\index.php(80): CodeIgniter\Debug\Exceptions->errorHandler(2, 'Undefined array key "fecha_inicio"', 'C:\\laragon\\www\\prueba\\SistemaControl\\app\\Views\\Permisos\\index.php', 80)
 2 SYSTEMPATH\View\View.php(228): include('C:\\laragon\\www\\prueba\\SistemaControl\\app\\Views\\Permisos\\index.php')
 3 SYSTEMPATH\View\View.php(231): CodeIgniter\View\View->CodeIgniter\View\{closure}()
 4 SYSTEMPATH\Common.php(1178): CodeIgniter\View\View->render('Permisos/index', [], true)
 5 APPPATH\Controllers\PermisoMagisterial.php(213): view('Permisos/index', [...])
 6 SYSTEMPATH\CodeIgniter.php(943): App\Controllers\PermisoMagisterial->index()
 7 SYSTEMPATH\CodeIgniter.php(503): CodeIgniter\CodeIgniter->runController(Object(App\Controllers\PermisoMagisterial))
 8 SYSTEMPATH\CodeIgniter.php(361): CodeIgniter\CodeIgniter->handleRequest(null, Object(Config\Cache), false)
 9 FCPATH\index.php(81): CodeIgniter\CodeIgniter->run()
INFO - 2024-08-05 05:40:33 --> Session: Class initialized using 'CodeIgniter\Session\Handlers\FileHandler' driver.
INFO - 2024-08-05 05:40:38 --> Datos obtenidos para la vista:
INFO - 2024-08-05 05:40:38 --> Saldos Docentes: Array
(
    [0] => Array
        (
            [idSaldoDocentes] => 76
            [idDocente] => 30
            [idDetallePermiso] => 1
            [fecha_creacion] => 2024-08-03 04:34:19
            [saldo_total_dias] => 2
            [saldo_total_horas] => 0
        )

)

INFO - 2024-08-05 05:40:38 --> Tipos Permisos: Array
(
    [0] => Array
        (
            [idTipoPermiso] => 7
            [nombre] => ENFERMEDAD
            [cantidad_dias] => 15
        )

    [1] => Array
        (
            [idTipoPermiso] => 9
            [nombre] => MOTIVOS PERSONALES
            [cantidad_dias] => 25
        )

    [2] => Array
        (
            [idTipoPermiso] => 13
            [nombre] => DUELO
            [cantidad_dias] => 10
        )

)

INFO - 2024-08-05 05:41:20 --> Session: Class initialized using 'CodeIgniter\Session\Handlers\FileHandler' driver.
INFO - 2024-08-05 05:41:20 --> Datos obtenidos para la vista:
INFO - 2024-08-05 05:41:20 --> Saldos Docentes: Array
(
    [0] => Array
        (
            [idSaldoDocentes] => 76
            [idDocente] => 30
            [idDetallePermiso] => 1
            [fecha_creacion] => 2024-08-03 04:34:19
            [saldo_total_dias] => 2
            [saldo_total_horas] => 0
        )

)

INFO - 2024-08-05 05:41:20 --> Tipos Permisos: Array
(
    [0] => Array
        (
            [idTipoPermiso] => 7
            [nombre] => ENFERMEDAD
            [cantidad_dias] => 15
        )

    [1] => Array
        (
            [idTipoPermiso] => 9
            [nombre] => MOTIVOS PERSONALES
            [cantidad_dias] => 25
        )

    [2] => Array
        (
            [idTipoPermiso] => 13
            [nombre] => DUELO
            [cantidad_dias] => 10
        )

)

CRITICAL - 2024-08-05 05:41:20 --> ErrorException: Undefined array key "descripcion"
in APPPATH\Controllers\PermisoMagisterial.php on line 195.
 1 APPPATH\Controllers\PermisoMagisterial.php(195): CodeIgniter\Debug\Exceptions->errorHandler(2, 'Undefined array key "descripcion"', 'C:\\laragon\\www\\prueba\\SistemaControl\\app\\Controllers\\PermisoMagisterial.php', 195)
 2 SYSTEMPATH\CodeIgniter.php(943): App\Controllers\PermisoMagisterial->index()
 3 SYSTEMPATH\CodeIgniter.php(503): CodeIgniter\CodeIgniter->runController(Object(App\Controllers\PermisoMagisterial))
 4 SYSTEMPATH\CodeIgniter.php(361): CodeIgniter\CodeIgniter->handleRequest(null, Object(Config\Cache), false)
 5 FCPATH\index.php(81): CodeIgniter\CodeIgniter->run()
INFO - 2024-08-05 05:41:30 --> Session: Class initialized using 'CodeIgniter\Session\Handlers\FileHandler' driver.
INFO - 2024-08-05 05:41:31 --> Datos obtenidos para la vista:
INFO - 2024-08-05 05:41:31 --> Saldos Docentes: Array
(
    [0] => Array
        (
            [idSaldoDocentes] => 76
            [idDocente] => 30
            [idDetallePermiso] => 1
            [fecha_creacion] => 2024-08-03 04:34:19
            [saldo_total_dias] => 2
            [saldo_total_horas] => 0
        )

)

INFO - 2024-08-05 05:41:31 --> Tipos Permisos: Array
(
    [0] => Array
        (
            [idTipoPermiso] => 7
            [nombre] => ENFERMEDAD
            [cantidad_dias] => 15
        )

    [1] => Array
        (
            [idTipoPermiso] => 9
            [nombre] => MOTIVOS PERSONALES
            [cantidad_dias] => 25
        )

    [2] => Array
        (
            [idTipoPermiso] => 13
            [nombre] => DUELO
            [cantidad_dias] => 10
        )

)

INFO - 2024-08-05 05:57:37 --> Session: Class initialized using 'CodeIgniter\Session\Handlers\FileHandler' driver.
INFO - 2024-08-05 05:57:37 --> Datos obtenidos para la vista:
INFO - 2024-08-05 05:57:37 --> Historial Permisos: Array
(
    [0] => Array
        (
            [idHistorialPermiso] => 1
            [idDocente] => 34
            [idTipoPermiso] => 13
            [fecha_inicio] => 2024-08-05
            [fecha_fin] => 2024-08-07
            [dias_ocupados] => 3
            [horas_ocupadas] => 0
            [fecha_creacion] => 2024-08-05 04:42:04
        )

    [1] => Array
        (
            [idHistorialPermiso] => 2
            [idDocente] => 32
            [idTipoPermiso] => 13
            [fecha_inicio] => 2024-08-05
            [fecha_fin] => 2024-08-07
            [dias_ocupados] => 3
            [horas_ocupadas] => 0
            [fecha_creacion] => 2024-08-05 04:45:38
        )

    [2] => Array
        (
            [idHistorialPermiso] => 3
            [idDocente] => 29
            [idTipoPermiso] => 7
            [fecha_inicio] => 2024-08-08
            [fecha_fin] => 2024-08-09
            [dias_ocupados] => 2
            [horas_ocupadas] => 0
            [fecha_creacion] => 2024-08-05 04:46:31
        )

    [3] => Array
        (
            [idHistorialPermiso] => 4
            [idDocente] => 32
            [idTipoPermiso] => 7
            [fecha_inicio] => 2024-08-05
            [fecha_fin] => 2024-08-06
            [dias_ocupados] => 2
            [horas_ocupadas] => 0
            [fecha_creacion] => 2024-08-05 04:54:29
        )

    [4] => Array
        (
            [idHistorialPermiso] => 5
            [idDocente] => 29
            [idTipoPermiso] => 13
            [fecha_inicio] => 2024-08-04
            [fecha_fin] => 2024-08-04
            [dias_ocupados] => 1
            [horas_ocupadas] => 0
            [fecha_creacion] => 2024-08-05 05:01:01
        )

    [5] => Array
        (
            [idHistorialPermiso] => 6
            [idDocente] => 30
            [idTipoPermiso] => 13
            [fecha_inicio] => 2024-08-05
            [fecha_fin] => 2024-08-05
            [dias_ocupados] => 1
            [horas_ocupadas] => 0
            [fecha_creacion] => 2024-08-05 05:06:15
        )

)

INFO - 2024-08-05 05:57:37 --> Tipos Permisos: Array
(
    [0] => Array
        (
            [idTipoPermiso] => 7
            [nombre] => ENFERMEDAD
            [cantidad_dias] => 15
        )

    [1] => Array
        (
            [idTipoPermiso] => 9
            [nombre] => MOTIVOS PERSONALES
            [cantidad_dias] => 25
        )

    [2] => Array
        (
            [idTipoPermiso] => 13
            [nombre] => DUELO
            [cantidad_dias] => 10
        )

)

CRITICAL - 2024-08-05 05:57:38 --> ErrorException: Undefined variable $saldos_docentes
in APPPATH\Views\Permisos\index.php on line 49.
 1 APPPATH\Views\Permisos\index.php(49): CodeIgniter\Debug\Exceptions->errorHandler(2, 'Undefined variable $saldos_docentes', 'C:\\laragon\\www\\prueba\\SistemaControl\\app\\Views\\Permisos\\index.php', 49)
 2 SYSTEMPATH\View\View.php(228): include('C:\\laragon\\www\\prueba\\SistemaControl\\app\\Views\\Permisos\\index.php')
 3 SYSTEMPATH\View\View.php(231): CodeIgniter\View\View->CodeIgniter\View\{closure}()
 4 SYSTEMPATH\Common.php(1178): CodeIgniter\View\View->render('Permisos/index', [], true)
 5 APPPATH\Controllers\PermisoMagisterial.php(190): view('Permisos/index', [...])
 6 SYSTEMPATH\CodeIgniter.php(943): App\Controllers\PermisoMagisterial->index()
 7 SYSTEMPATH\CodeIgniter.php(503): CodeIgniter\CodeIgniter->runController(Object(App\Controllers\PermisoMagisterial))
 8 SYSTEMPATH\CodeIgniter.php(361): CodeIgniter\CodeIgniter->handleRequest(null, Object(Config\Cache), false)
 9 FCPATH\index.php(81): CodeIgniter\CodeIgniter->run()
INFO - 2024-08-05 05:58:58 --> Session: Class initialized using 'CodeIgniter\Session\Handlers\FileHandler' driver.
INFO - 2024-08-05 05:58:59 --> Datos obtenidos para la vista:
INFO - 2024-08-05 05:58:59 --> Historial Permisos: Array
(
    [0] => Array
        (
            [idHistorialPermiso] => 1
            [idDocente] => 34
            [idTipoPermiso] => 13
            [fecha_inicio] => 2024-08-05
            [fecha_fin] => 2024-08-07
            [dias_ocupados] => 3
            [horas_ocupadas] => 0
            [fecha_creacion] => 2024-08-05 04:42:04
        )

    [1] => Array
        (
            [idHistorialPermiso] => 2
            [idDocente] => 32
            [idTipoPermiso] => 13
            [fecha_inicio] => 2024-08-05
            [fecha_fin] => 2024-08-07
            [dias_ocupados] => 3
            [horas_ocupadas] => 0
            [fecha_creacion] => 2024-08-05 04:45:38
        )

    [2] => Array
        (
            [idHistorialPermiso] => 3
            [idDocente] => 29
            [idTipoPermiso] => 7
            [fecha_inicio] => 2024-08-08
            [fecha_fin] => 2024-08-09
            [dias_ocupados] => 2
            [horas_ocupadas] => 0
            [fecha_creacion] => 2024-08-05 04:46:31
        )

    [3] => Array
        (
            [idHistorialPermiso] => 4
            [idDocente] => 32
            [idTipoPermiso] => 7
            [fecha_inicio] => 2024-08-05
            [fecha_fin] => 2024-08-06
            [dias_ocupados] => 2
            [horas_ocupadas] => 0
            [fecha_creacion] => 2024-08-05 04:54:29
        )

    [4] => Array
        (
            [idHistorialPermiso] => 5
            [idDocente] => 29
            [idTipoPermiso] => 13
            [fecha_inicio] => 2024-08-04
            [fecha_fin] => 2024-08-04
            [dias_ocupados] => 1
            [horas_ocupadas] => 0
            [fecha_creacion] => 2024-08-05 05:01:01
        )

    [5] => Array
        (
            [idHistorialPermiso] => 6
            [idDocente] => 30
            [idTipoPermiso] => 13
            [fecha_inicio] => 2024-08-05
            [fecha_fin] => 2024-08-05
            [dias_ocupados] => 1
            [horas_ocupadas] => 0
            [fecha_creacion] => 2024-08-05 05:06:15
        )

)

INFO - 2024-08-05 05:58:59 --> Tipos Permisos: Array
(
    [0] => Array
        (
            [idTipoPermiso] => 7
            [nombre] => ENFERMEDAD
            [cantidad_dias] => 15
        )

    [1] => Array
        (
            [idTipoPermiso] => 9
            [nombre] => MOTIVOS PERSONALES
            [cantidad_dias] => 25
        )

    [2] => Array
        (
            [idTipoPermiso] => 13
            [nombre] => DUELO
            [cantidad_dias] => 10
        )

)

CRITICAL - 2024-08-05 05:58:59 --> ErrorException: Undefined array key "detalle_saldos_permiso"
in APPPATH\Views\Permisos\index.php on line 68.
 1 APPPATH\Views\Permisos\index.php(68): CodeIgniter\Debug\Exceptions->errorHandler(2, 'Undefined array key "detalle_saldos_permiso"', 'C:\\laragon\\www\\prueba\\SistemaControl\\app\\Views\\Permisos\\index.php', 68)
 2 SYSTEMPATH\View\View.php(228): include('C:\\laragon\\www\\prueba\\SistemaControl\\app\\Views\\Permisos\\index.php')
 3 SYSTEMPATH\View\View.php(231): CodeIgniter\View\View->CodeIgniter\View\{closure}()
 4 SYSTEMPATH\Common.php(1178): CodeIgniter\View\View->render('Permisos/index', [], true)
 5 APPPATH\Controllers\PermisoMagisterial.php(190): view('Permisos/index', [...])
 6 SYSTEMPATH\CodeIgniter.php(943): App\Controllers\PermisoMagisterial->index()
 7 SYSTEMPATH\CodeIgniter.php(503): CodeIgniter\CodeIgniter->runController(Object(App\Controllers\PermisoMagisterial))
 8 SYSTEMPATH\CodeIgniter.php(361): CodeIgniter\CodeIgniter->handleRequest(null, Object(Config\Cache), false)
 9 FCPATH\index.php(81): CodeIgniter\CodeIgniter->run()
INFO - 2024-08-05 06:00:53 --> Session: Class initialized using 'CodeIgniter\Session\Handlers\FileHandler' driver.
INFO - 2024-08-05 06:00:54 --> Datos obtenidos para la vista:
INFO - 2024-08-05 06:00:54 --> Historial Permisos: Array
(
    [0] => Array
        (
            [idHistorialPermiso] => 1
            [idDocente] => 34
            [idTipoPermiso] => 13
            [fecha_inicio] => 2024-08-05
            [fecha_fin] => 2024-08-07
            [dias_ocupados] => 3
            [horas_ocupadas] => 0
            [fecha_creacion] => 2024-08-05 04:42:04
        )

    [1] => Array
        (
            [idHistorialPermiso] => 2
            [idDocente] => 32
            [idTipoPermiso] => 13
            [fecha_inicio] => 2024-08-05
            [fecha_fin] => 2024-08-07
            [dias_ocupados] => 3
            [horas_ocupadas] => 0
            [fecha_creacion] => 2024-08-05 04:45:38
        )

    [2] => Array
        (
            [idHistorialPermiso] => 3
            [idDocente] => 29
            [idTipoPermiso] => 7
            [fecha_inicio] => 2024-08-08
            [fecha_fin] => 2024-08-09
            [dias_ocupados] => 2
            [horas_ocupadas] => 0
            [fecha_creacion] => 2024-08-05 04:46:31
        )

    [3] => Array
        (
            [idHistorialPermiso] => 4
            [idDocente] => 32
            [idTipoPermiso] => 7
            [fecha_inicio] => 2024-08-05
            [fecha_fin] => 2024-08-06
            [dias_ocupados] => 2
            [horas_ocupadas] => 0
            [fecha_creacion] => 2024-08-05 04:54:29
        )

    [4] => Array
        (
            [idHistorialPermiso] => 5
            [idDocente] => 29
            [idTipoPermiso] => 13
            [fecha_inicio] => 2024-08-04
            [fecha_fin] => 2024-08-04
            [dias_ocupados] => 1
            [horas_ocupadas] => 0
            [fecha_creacion] => 2024-08-05 05:01:01
        )

    [5] => Array
        (
            [idHistorialPermiso] => 6
            [idDocente] => 30
            [idTipoPermiso] => 13
            [fecha_inicio] => 2024-08-05
            [fecha_fin] => 2024-08-05
            [dias_ocupados] => 1
            [horas_ocupadas] => 0
            [fecha_creacion] => 2024-08-05 05:06:15
        )

)

INFO - 2024-08-05 06:00:54 --> Tipos Permisos: Array
(
    [0] => Array
        (
            [idTipoPermiso] => 7
            [nombre] => ENFERMEDAD
            [cantidad_dias] => 15
        )

    [1] => Array
        (
            [idTipoPermiso] => 9
            [nombre] => MOTIVOS PERSONALES
            [cantidad_dias] => 25
        )

    [2] => Array
        (
            [idTipoPermiso] => 13
            [nombre] => DUELO
            [cantidad_dias] => 10
        )

)

INFO - 2024-08-05 06:04:50 --> Session: Class initialized using 'CodeIgniter\Session\Handlers\FileHandler' driver.
INFO - 2024-08-05 06:04:51 --> Datos obtenidos para la vista:
INFO - 2024-08-05 06:04:51 --> Historial Permisos: Array
(
    [0] => Array
        (
            [idHistorialPermiso] => 1
            [idDocente] => 34
            [idTipoPermiso] => 13
            [fecha_inicio] => 2024-08-05
            [fecha_fin] => 2024-08-07
            [dias_ocupados] => 3
            [horas_ocupadas] => 0
            [fecha_creacion] => 2024-08-05 04:42:04
        )

    [1] => Array
        (
            [idHistorialPermiso] => 2
            [idDocente] => 32
            [idTipoPermiso] => 13
            [fecha_inicio] => 2024-08-05
            [fecha_fin] => 2024-08-07
            [dias_ocupados] => 3
            [horas_ocupadas] => 0
            [fecha_creacion] => 2024-08-05 04:45:38
        )

    [2] => Array
        (
            [idHistorialPermiso] => 3
            [idDocente] => 29
            [idTipoPermiso] => 7
            [fecha_inicio] => 2024-08-08
            [fecha_fin] => 2024-08-09
            [dias_ocupados] => 2
            [horas_ocupadas] => 0
            [fecha_creacion] => 2024-08-05 04:46:31
        )

    [3] => Array
        (
            [idHistorialPermiso] => 4
            [idDocente] => 32
            [idTipoPermiso] => 7
            [fecha_inicio] => 2024-08-05
            [fecha_fin] => 2024-08-06
            [dias_ocupados] => 2
            [horas_ocupadas] => 0
            [fecha_creacion] => 2024-08-05 04:54:29
        )

    [4] => Array
        (
            [idHistorialPermiso] => 5
            [idDocente] => 29
            [idTipoPermiso] => 13
            [fecha_inicio] => 2024-08-04
            [fecha_fin] => 2024-08-04
            [dias_ocupados] => 1
            [horas_ocupadas] => 0
            [fecha_creacion] => 2024-08-05 05:01:01
        )

    [5] => Array
        (
            [idHistorialPermiso] => 6
            [idDocente] => 30
            [idTipoPermiso] => 13
            [fecha_inicio] => 2024-08-05
            [fecha_fin] => 2024-08-05
            [dias_ocupados] => 1
            [horas_ocupadas] => 0
            [fecha_creacion] => 2024-08-05 05:06:15
        )

)

INFO - 2024-08-05 06:04:51 --> Tipos Permisos: Array
(
    [0] => Array
        (
            [idTipoPermiso] => 7
            [nombre] => ENFERMEDAD
            [cantidad_dias] => 15
        )

    [1] => Array
        (
            [idTipoPermiso] => 9
            [nombre] => MOTIVOS PERSONALES
            [cantidad_dias] => 25
        )

    [2] => Array
        (
            [idTipoPermiso] => 13
            [nombre] => DUELO
            [cantidad_dias] => 10
        )

)

INFO - 2024-08-05 06:06:19 --> Session: Class initialized using 'CodeIgniter\Session\Handlers\FileHandler' driver.
INFO - 2024-08-05 06:06:19 --> Datos obtenidos para la vista:
INFO - 2024-08-05 06:06:19 --> Historial Permisos: Array
(
    [0] => Array
        (
            [idHistorialPermiso] => 1
            [idDocente] => 34
            [idTipoPermiso] => 13
            [fecha_inicio] => 2024-08-05
            [fecha_fin] => 2024-08-07
            [dias_ocupados] => 3
            [horas_ocupadas] => 0
            [fecha_creacion] => 2024-08-05 04:42:04
        )

    [1] => Array
        (
            [idHistorialPermiso] => 2
            [idDocente] => 32
            [idTipoPermiso] => 13
            [fecha_inicio] => 2024-08-05
            [fecha_fin] => 2024-08-07
            [dias_ocupados] => 3
            [horas_ocupadas] => 0
            [fecha_creacion] => 2024-08-05 04:45:38
        )

    [2] => Array
        (
            [idHistorialPermiso] => 3
            [idDocente] => 29
            [idTipoPermiso] => 7
            [fecha_inicio] => 2024-08-08
            [fecha_fin] => 2024-08-09
            [dias_ocupados] => 2
            [horas_ocupadas] => 0
            [fecha_creacion] => 2024-08-05 04:46:31
        )

    [3] => Array
        (
            [idHistorialPermiso] => 4
            [idDocente] => 32
            [idTipoPermiso] => 7
            [fecha_inicio] => 2024-08-05
            [fecha_fin] => 2024-08-06
            [dias_ocupados] => 2
            [horas_ocupadas] => 0
            [fecha_creacion] => 2024-08-05 04:54:29
        )

    [4] => Array
        (
            [idHistorialPermiso] => 5
            [idDocente] => 29
            [idTipoPermiso] => 13
            [fecha_inicio] => 2024-08-04
            [fecha_fin] => 2024-08-04
            [dias_ocupados] => 1
            [horas_ocupadas] => 0
            [fecha_creacion] => 2024-08-05 05:01:01
        )

    [5] => Array
        (
            [idHistorialPermiso] => 6
            [idDocente] => 30
            [idTipoPermiso] => 13
            [fecha_inicio] => 2024-08-05
            [fecha_fin] => 2024-08-05
            [dias_ocupados] => 1
            [horas_ocupadas] => 0
            [fecha_creacion] => 2024-08-05 05:06:15
        )

)

INFO - 2024-08-05 06:06:19 --> Tipos Permisos: Array
(
    [0] => Array
        (
            [idTipoPermiso] => 7
            [nombre] => ENFERMEDAD
            [cantidad_dias] => 15
        )

    [1] => Array
        (
            [idTipoPermiso] => 9
            [nombre] => MOTIVOS PERSONALES
            [cantidad_dias] => 25
        )

    [2] => Array
        (
            [idTipoPermiso] => 13
            [nombre] => DUELO
            [cantidad_dias] => 10
        )

)

