CRITICAL - 2024-08-31 12:54:27 --> Error: Call to undefined function form_open()
in APPPATH\Views\proyectos\edit.php on line 12.
 1 SYSTEMPATH\View\View.php(228): include()
 2 SYSTEMPATH\View\View.php(231): CodeIgniter\View\View->CodeIgniter\View\{closure}()
 3 SYSTEMPATH\Common.php(1178): CodeIgniter\View\View->render('proyectos/edit', [], true)
 4 APPPATH\Controllers\Proyectos.php(73): view('proyectos/edit', [...])
 5 SYSTEMPATH\CodeIgniter.php(943): App\Controllers\Proyectos->edit('3')
 6 SYSTEMPATH\CodeIgniter.php(503): CodeIgniter\CodeIgniter->runController(Object(App\Controllers\Proyectos))
 7 SYSTEMPATH\CodeIgniter.php(361): CodeIgniter\CodeIgniter->handleRequest(null, Object(Config\Cache), false)
 8 FCPATH\index.php(79): CodeIgniter\CodeIgniter->run()
CRITICAL - 2024-08-31 12:57:13 --> Error: Call to undefined function form_open()
in APPPATH\Views\proyectos\edit.php on line 12.
 1 SYSTEMPATH\View\View.php(228): include()
 2 SYSTEMPATH\View\View.php(231): CodeIgniter\View\View->CodeIgniter\View\{closure}()
 3 SYSTEMPATH\Common.php(1178): CodeIgniter\View\View->render('proyectos/edit', [], true)
 4 APPPATH\Controllers\Proyectos.php(73): view('proyectos/edit', [...])
 5 SYSTEMPATH\CodeIgniter.php(943): App\Controllers\Proyectos->edit('3')
 6 SYSTEMPATH\CodeIgniter.php(503): CodeIgniter\CodeIgniter->runController(Object(App\Controllers\Proyectos))
 7 SYSTEMPATH\CodeIgniter.php(361): CodeIgniter\CodeIgniter->handleRequest(null, Object(Config\Cache), false)
 8 FCPATH\index.php(79): CodeIgniter\CodeIgniter->run()
CRITICAL - 2024-08-31 13:17:59 --> Error: Call to undefined function form_open()
in APPPATH\Views\proyectos\edit.php on line 12.
 1 SYSTEMPATH\View\View.php(228): include()
 2 SYSTEMPATH\View\View.php(231): CodeIgniter\View\View->CodeIgniter\View\{closure}()
 3 SYSTEMPATH\Common.php(1178): CodeIgniter\View\View->render('proyectos/edit', [], true)
 4 APPPATH\Controllers\Proyectos.php(73): view('proyectos/edit', [...])
 5 SYSTEMPATH\CodeIgniter.php(943): App\Controllers\Proyectos->edit('3')
 6 SYSTEMPATH\CodeIgniter.php(503): CodeIgniter\CodeIgniter->runController(Object(App\Controllers\Proyectos))
 7 SYSTEMPATH\CodeIgniter.php(361): CodeIgniter\CodeIgniter->handleRequest(null, Object(Config\Cache), false)
 8 FCPATH\index.php(79): CodeIgniter\CodeIgniter->run()
CRITICAL - 2024-08-31 13:18:19 --> Error: Call to undefined function form_open()
in APPPATH\Views\proyectos\edit.php on line 12.
 1 SYSTEMPATH\View\View.php(228): include()
 2 SYSTEMPATH\View\View.php(231): CodeIgniter\View\View->CodeIgniter\View\{closure}()
 3 SYSTEMPATH\Common.php(1178): CodeIgniter\View\View->render('proyectos/edit', [], true)
 4 APPPATH\Controllers\Proyectos.php(73): view('proyectos/edit', [...])
 5 SYSTEMPATH\CodeIgniter.php(943): App\Controllers\Proyectos->edit('3')
 6 SYSTEMPATH\CodeIgniter.php(503): CodeIgniter\CodeIgniter->runController(Object(App\Controllers\Proyectos))
 7 SYSTEMPATH\CodeIgniter.php(361): CodeIgniter\CodeIgniter->handleRequest(null, Object(Config\Cache), false)
 8 FCPATH\index.php(79): CodeIgniter\CodeIgniter->run()
CRITICAL - 2024-08-31 13:18:21 --> Error: Call to undefined function form_open()
in APPPATH\Views\proyectos\edit.php on line 12.
 1 SYSTEMPATH\View\View.php(228): include()
 2 SYSTEMPATH\View\View.php(231): CodeIgniter\View\View->CodeIgniter\View\{closure}()
 3 SYSTEMPATH\Common.php(1178): CodeIgniter\View\View->render('proyectos/edit', [], true)
 4 APPPATH\Controllers\Proyectos.php(73): view('proyectos/edit', [...])
 5 SYSTEMPATH\CodeIgniter.php(943): App\Controllers\Proyectos->edit('3')
 6 SYSTEMPATH\CodeIgniter.php(503): CodeIgniter\CodeIgniter->runController(Object(App\Controllers\Proyectos))
 7 SYSTEMPATH\CodeIgniter.php(361): CodeIgniter\CodeIgniter->handleRequest(null, Object(Config\Cache), false)
 8 FCPATH\index.php(79): CodeIgniter\CodeIgniter->run()
CRITICAL - 2024-08-31 13:21:58 --> Error: Call to undefined function form_open()
in APPPATH\Views\proyectos\edit.php on line 12.
 1 SYSTEMPATH\View\View.php(228): include()
 2 SYSTEMPATH\View\View.php(231): CodeIgniter\View\View->CodeIgniter\View\{closure}()
 3 SYSTEMPATH\Common.php(1178): CodeIgniter\View\View->render('proyectos/edit', [], true)
 4 APPPATH\Controllers\Proyectos.php(73): view('proyectos/edit', [...])
 5 SYSTEMPATH\CodeIgniter.php(943): App\Controllers\Proyectos->edit('3')
 6 SYSTEMPATH\CodeIgniter.php(503): CodeIgniter\CodeIgniter->runController(Object(App\Controllers\Proyectos))
 7 SYSTEMPATH\CodeIgniter.php(361): CodeIgniter\CodeIgniter->handleRequest(null, Object(Config\Cache), false)
 8 FCPATH\index.php(79): CodeIgniter\CodeIgniter->run()
CRITICAL - 2024-08-31 13:22:05 --> Error: Call to undefined function form_open()
in APPPATH\Views\proyectos\edit.php on line 12.
 1 SYSTEMPATH\View\View.php(228): include()
 2 SYSTEMPATH\View\View.php(231): CodeIgniter\View\View->CodeIgniter\View\{closure}()
 3 SYSTEMPATH\Common.php(1178): CodeIgniter\View\View->render('proyectos/edit', [], true)
 4 APPPATH\Controllers\Proyectos.php(73): view('proyectos/edit', [...])
 5 SYSTEMPATH\CodeIgniter.php(943): App\Controllers\Proyectos->edit('3')
 6 SYSTEMPATH\CodeIgniter.php(503): CodeIgniter\CodeIgniter->runController(Object(App\Controllers\Proyectos))
 7 SYSTEMPATH\CodeIgniter.php(361): CodeIgniter\CodeIgniter->handleRequest(null, Object(Config\Cache), false)
 8 FCPATH\index.php(79): CodeIgniter\CodeIgniter->run()
CRITICAL - 2024-08-31 13:34:25 --> Error: Call to undefined function form_open()
in APPPATH\Views\proyectos\edit.php on line 12.
 1 SYSTEMPATH\View\View.php(228): include()
 2 SYSTEMPATH\View\View.php(231): CodeIgniter\View\View->CodeIgniter\View\{closure}()
 3 SYSTEMPATH\Common.php(1178): CodeIgniter\View\View->render('proyectos/edit', [], true)
 4 APPPATH\Controllers\Proyectos.php(76): view('proyectos/edit', [...])
 5 SYSTEMPATH\CodeIgniter.php(943): App\Controllers\Proyectos->edit('3')
 6 SYSTEMPATH\CodeIgniter.php(503): CodeIgniter\CodeIgniter->runController(Object(App\Controllers\Proyectos))
 7 SYSTEMPATH\CodeIgniter.php(361): CodeIgniter\CodeIgniter->handleRequest(null, Object(Config\Cache), false)
 8 FCPATH\index.php(79): CodeIgniter\CodeIgniter->run()
CRITICAL - 2024-08-31 13:34:27 --> Error: Call to undefined function form_open()
in APPPATH\Views\proyectos\edit.php on line 12.
 1 SYSTEMPATH\View\View.php(228): include()
 2 SYSTEMPATH\View\View.php(231): CodeIgniter\View\View->CodeIgniter\View\{closure}()
 3 SYSTEMPATH\Common.php(1178): CodeIgniter\View\View->render('proyectos/edit', [], true)
 4 APPPATH\Controllers\Proyectos.php(76): view('proyectos/edit', [...])
 5 SYSTEMPATH\CodeIgniter.php(943): App\Controllers\Proyectos->edit('3')
 6 SYSTEMPATH\CodeIgniter.php(503): CodeIgniter\CodeIgniter->runController(Object(App\Controllers\Proyectos))
 7 SYSTEMPATH\CodeIgniter.php(361): CodeIgniter\CodeIgniter->handleRequest(null, Object(Config\Cache), false)
 8 FCPATH\index.php(79): CodeIgniter\CodeIgniter->run()
CRITICAL - 2024-08-31 13:34:28 --> Error: Call to undefined function form_open()
in APPPATH\Views\proyectos\edit.php on line 12.
 1 SYSTEMPATH\View\View.php(228): include()
 2 SYSTEMPATH\View\View.php(231): CodeIgniter\View\View->CodeIgniter\View\{closure}()
 3 SYSTEMPATH\Common.php(1178): CodeIgniter\View\View->render('proyectos/edit', [], true)
 4 APPPATH\Controllers\Proyectos.php(76): view('proyectos/edit', [...])
 5 SYSTEMPATH\CodeIgniter.php(943): App\Controllers\Proyectos->edit('3')
 6 SYSTEMPATH\CodeIgniter.php(503): CodeIgniter\CodeIgniter->runController(Object(App\Controllers\Proyectos))
 7 SYSTEMPATH\CodeIgniter.php(361): CodeIgniter\CodeIgniter->handleRequest(null, Object(Config\Cache), false)
 8 FCPATH\index.php(79): CodeIgniter\CodeIgniter->run()
CRITICAL - 2024-08-31 13:38:14 --> Error: Call to undefined function form_open()
in APPPATH\Views\proyectos\edit.php on line 12.
 1 SYSTEMPATH\View\View.php(228): include()
 2 SYSTEMPATH\View\View.php(231): CodeIgniter\View\View->CodeIgniter\View\{closure}()
 3 SYSTEMPATH\Common.php(1178): CodeIgniter\View\View->render('proyectos/edit', [], true)
 4 APPPATH\Controllers\Proyectos.php(76): view('proyectos/edit', [...])
 5 SYSTEMPATH\CodeIgniter.php(943): App\Controllers\Proyectos->edit('4')
 6 SYSTEMPATH\CodeIgniter.php(503): CodeIgniter\CodeIgniter->runController(Object(App\Controllers\Proyectos))
 7 SYSTEMPATH\CodeIgniter.php(361): CodeIgniter\CodeIgniter->handleRequest(null, Object(Config\Cache), false)
 8 FCPATH\index.php(79): CodeIgniter\CodeIgniter->run()
CRITICAL - 2024-08-31 13:46:03 --> ErrorException: Undefined array key "Genero"
in APPPATH\Views\padres\index.php on line 71.
 1 APPPATH\Views\padres\index.php(71): CodeIgniter\Debug\Exceptions->errorHandler(2, 'Undefined array key "Genero"', 'C:\\laragon\\www\\Tesis-SistemaControl\\app\\Views\\padres\\index.php', 71)
 2 SYSTEMPATH\View\View.php(228): include('C:\\laragon\\www\\Tesis-SistemaControl\\app\\Views\\padres\\index.php')
 3 SYSTEMPATH\View\View.php(231): CodeIgniter\View\View->CodeIgniter\View\{closure}()
 4 SYSTEMPATH\Common.php(1178): CodeIgniter\View\View->render('padres/index', [], true)
 5 APPPATH\Controllers\Padres.php(33): view('padres/index', [...])
 6 SYSTEMPATH\CodeIgniter.php(943): App\Controllers\Padres->index()
 7 SYSTEMPATH\CodeIgniter.php(503): CodeIgniter\CodeIgniter->runController(Object(App\Controllers\Padres))
 8 SYSTEMPATH\CodeIgniter.php(361): CodeIgniter\CodeIgniter->handleRequest(null, Object(Config\Cache), false)
 9 FCPATH\index.php(79): CodeIgniter\CodeIgniter->run()
ERROR - 2024-08-31 14:09:00 --> mysqli_sql_exception: Cannot add or update a child row: a foreign key constraint fails (`sistema_control`.`usuarios`, CONSTRAINT `fk_idRol` FOREIGN KEY (`idRol`) REFERENCES `rol` (`idRol`)) in C:\laragon\www\Tesis-SistemaControl\vendor\codeigniter4\framework\system\Database\MySQLi\Connection.php:306
Stack trace:
#0 C:\laragon\www\Tesis-SistemaControl\vendor\codeigniter4\framework\system\Database\MySQLi\Connection.php(306): mysqli->query('UPDATE `usuario...', 0)
#1 C:\laragon\www\Tesis-SistemaControl\vendor\codeigniter4\framework\system\Database\BaseConnection.php(693): CodeIgniter\Database\MySQLi\Connection->execute('UPDATE `usuario...')
#2 C:\laragon\www\Tesis-SistemaControl\vendor\codeigniter4\framework\system\Database\BaseConnection.php(607): CodeIgniter\Database\BaseConnection->simpleQuery('UPDATE `usuario...')
#3 C:\laragon\www\Tesis-SistemaControl\vendor\codeigniter4\framework\system\Database\BaseBuilder.php(2474): CodeIgniter\Database\BaseConnection->query('UPDATE `usuario...', Array, false)
#4 C:\laragon\www\Tesis-SistemaControl\app\Controllers\Acceso.php(98): CodeIgniter\Database\BaseBuilder->update(Array)
#5 C:\laragon\www\Tesis-SistemaControl\vendor\codeigniter4\framework\system\CodeIgniter.php(943): App\Controllers\Acceso->update('4')
#6 C:\laragon\www\Tesis-SistemaControl\vendor\codeigniter4\framework\system\CodeIgniter.php(503): CodeIgniter\CodeIgniter->runController(Object(App\Controllers\Acceso))
#7 C:\laragon\www\Tesis-SistemaControl\vendor\codeigniter4\framework\system\CodeIgniter.php(361): CodeIgniter\CodeIgniter->handleRequest(NULL, Object(Config\Cache), false)
#8 C:\laragon\www\Tesis-SistemaControl\public\index.php(79): CodeIgniter\CodeIgniter->run()
#9 {main}
CRITICAL - 2024-08-31 14:09:00 --> CodeIgniter\Database\Exceptions\DatabaseException: Cannot add or update a child row: a foreign key constraint fails (`sistema_control`.`usuarios`, CONSTRAINT `fk_idRol` FOREIGN KEY (`idRol`) REFERENCES `rol` (`idRol`))
in SYSTEMPATH\Database\BaseConnection.php on line 647.
 1 SYSTEMPATH\Database\BaseBuilder.php(2474): CodeIgniter\Database\BaseConnection->query('UPDATE `usuarios` SET `idRol` = :idRol:
WHERE `idUsuarios` = :idUsuarios:', [...], false)
 2 APPPATH\Controllers\Acceso.php(98): CodeIgniter\Database\BaseBuilder->update([...])
 3 SYSTEMPATH\CodeIgniter.php(943): App\Controllers\Acceso->update('4')
 4 SYSTEMPATH\CodeIgniter.php(503): CodeIgniter\CodeIgniter->runController(Object(App\Controllers\Acceso))
 5 SYSTEMPATH\CodeIgniter.php(361): CodeIgniter\CodeIgniter->handleRequest(null, Object(Config\Cache), false)
 6 FCPATH\index.php(79): CodeIgniter\CodeIgniter->run()
CRITICAL - 2024-08-31 14:09:00 --> [Caused by] CodeIgniter\Database\Exceptions\DatabaseException: Cannot add or update a child row: a foreign key constraint fails (`sistema_control`.`usuarios`, CONSTRAINT `fk_idRol` FOREIGN KEY (`idRol`) REFERENCES `rol` (`idRol`))
in SYSTEMPATH\Database\MySQLi\Connection.php on line 311.
 1 SYSTEMPATH\Database\BaseConnection.php(693): CodeIgniter\Database\MySQLi\Connection->execute('UPDATE `usuarios` SET `idRol` = NULL
WHERE `idUsuarios` = \'4\'')
 2 SYSTEMPATH\Database\BaseConnection.php(607): CodeIgniter\Database\BaseConnection->simpleQuery('UPDATE `usuarios` SET `idRol` = NULL
WHERE `idUsuarios` = \'4\'')
 3 SYSTEMPATH\Database\BaseBuilder.php(2474): CodeIgniter\Database\BaseConnection->query('UPDATE `usuarios` SET `idRol` = :idRol:
WHERE `idUsuarios` = :idUsuarios:', [...], false)
 4 APPPATH\Controllers\Acceso.php(98): CodeIgniter\Database\BaseBuilder->update([...])
 5 SYSTEMPATH\CodeIgniter.php(943): App\Controllers\Acceso->update('4')
 6 SYSTEMPATH\CodeIgniter.php(503): CodeIgniter\CodeIgniter->runController(Object(App\Controllers\Acceso))
 7 SYSTEMPATH\CodeIgniter.php(361): CodeIgniter\CodeIgniter->handleRequest(null, Object(Config\Cache), false)
 8 FCPATH\index.php(79): CodeIgniter\CodeIgniter->run()
CRITICAL - 2024-08-31 14:09:00 --> [Caused by] mysqli_sql_exception: Cannot add or update a child row: a foreign key constraint fails (`sistema_control`.`usuarios`, CONSTRAINT `fk_idRol` FOREIGN KEY (`idRol`) REFERENCES `rol` (`idRol`))
in SYSTEMPATH\Database\MySQLi\Connection.php on line 306.
 1 SYSTEMPATH\Database\MySQLi\Connection.php(306): mysqli->query('UPDATE `usuarios` SET `idRol` = NULL
WHERE `idUsuarios` = \'4\'', 0)
 2 SYSTEMPATH\Database\BaseConnection.php(693): CodeIgniter\Database\MySQLi\Connection->execute('UPDATE `usuarios` SET `idRol` = NULL
WHERE `idUsuarios` = \'4\'')
 3 SYSTEMPATH\Database\BaseConnection.php(607): CodeIgniter\Database\BaseConnection->simpleQuery('UPDATE `usuarios` SET `idRol` = NULL
WHERE `idUsuarios` = \'4\'')
 4 SYSTEMPATH\Database\BaseBuilder.php(2474): CodeIgniter\Database\BaseConnection->query('UPDATE `usuarios` SET `idRol` = :idRol:
WHERE `idUsuarios` = :idUsuarios:', [...], false)
 5 APPPATH\Controllers\Acceso.php(98): CodeIgniter\Database\BaseBuilder->update([...])
 6 SYSTEMPATH\CodeIgniter.php(943): App\Controllers\Acceso->update('4')
 7 SYSTEMPATH\CodeIgniter.php(503): CodeIgniter\CodeIgniter->runController(Object(App\Controllers\Acceso))
 8 SYSTEMPATH\CodeIgniter.php(361): CodeIgniter\CodeIgniter->handleRequest(null, Object(Config\Cache), false)
 9 FCPATH\index.php(79): CodeIgniter\CodeIgniter->run()
ERROR - 2024-08-31 14:09:02 --> mysqli_sql_exception: Cannot add or update a child row: a foreign key constraint fails (`sistema_control`.`usuarios`, CONSTRAINT `fk_idRol` FOREIGN KEY (`idRol`) REFERENCES `rol` (`idRol`)) in C:\laragon\www\Tesis-SistemaControl\vendor\codeigniter4\framework\system\Database\MySQLi\Connection.php:306
Stack trace:
#0 C:\laragon\www\Tesis-SistemaControl\vendor\codeigniter4\framework\system\Database\MySQLi\Connection.php(306): mysqli->query('UPDATE `usuario...', 0)
#1 C:\laragon\www\Tesis-SistemaControl\vendor\codeigniter4\framework\system\Database\BaseConnection.php(693): CodeIgniter\Database\MySQLi\Connection->execute('UPDATE `usuario...')
#2 C:\laragon\www\Tesis-SistemaControl\vendor\codeigniter4\framework\system\Database\BaseConnection.php(607): CodeIgniter\Database\BaseConnection->simpleQuery('UPDATE `usuario...')
#3 C:\laragon\www\Tesis-SistemaControl\vendor\codeigniter4\framework\system\Database\BaseBuilder.php(2474): CodeIgniter\Database\BaseConnection->query('UPDATE `usuario...', Array, false)
#4 C:\laragon\www\Tesis-SistemaControl\app\Controllers\Acceso.php(98): CodeIgniter\Database\BaseBuilder->update(Array)
#5 C:\laragon\www\Tesis-SistemaControl\vendor\codeigniter4\framework\system\CodeIgniter.php(943): App\Controllers\Acceso->update('4')
#6 C:\laragon\www\Tesis-SistemaControl\vendor\codeigniter4\framework\system\CodeIgniter.php(503): CodeIgniter\CodeIgniter->runController(Object(App\Controllers\Acceso))
#7 C:\laragon\www\Tesis-SistemaControl\vendor\codeigniter4\framework\system\CodeIgniter.php(361): CodeIgniter\CodeIgniter->handleRequest(NULL, Object(Config\Cache), false)
#8 C:\laragon\www\Tesis-SistemaControl\public\index.php(79): CodeIgniter\CodeIgniter->run()
#9 {main}
CRITICAL - 2024-08-31 14:09:02 --> CodeIgniter\Database\Exceptions\DatabaseException: Cannot add or update a child row: a foreign key constraint fails (`sistema_control`.`usuarios`, CONSTRAINT `fk_idRol` FOREIGN KEY (`idRol`) REFERENCES `rol` (`idRol`))
in SYSTEMPATH\Database\BaseConnection.php on line 647.
 1 SYSTEMPATH\Database\BaseBuilder.php(2474): CodeIgniter\Database\BaseConnection->query('UPDATE `usuarios` SET `idRol` = :idRol:
WHERE `idUsuarios` = :idUsuarios:', [...], false)
 2 APPPATH\Controllers\Acceso.php(98): CodeIgniter\Database\BaseBuilder->update([...])
 3 SYSTEMPATH\CodeIgniter.php(943): App\Controllers\Acceso->update('4')
 4 SYSTEMPATH\CodeIgniter.php(503): CodeIgniter\CodeIgniter->runController(Object(App\Controllers\Acceso))
 5 SYSTEMPATH\CodeIgniter.php(361): CodeIgniter\CodeIgniter->handleRequest(null, Object(Config\Cache), false)
 6 FCPATH\index.php(79): CodeIgniter\CodeIgniter->run()
CRITICAL - 2024-08-31 14:09:02 --> [Caused by] CodeIgniter\Database\Exceptions\DatabaseException: Cannot add or update a child row: a foreign key constraint fails (`sistema_control`.`usuarios`, CONSTRAINT `fk_idRol` FOREIGN KEY (`idRol`) REFERENCES `rol` (`idRol`))
in SYSTEMPATH\Database\MySQLi\Connection.php on line 311.
 1 SYSTEMPATH\Database\BaseConnection.php(693): CodeIgniter\Database\MySQLi\Connection->execute('UPDATE `usuarios` SET `idRol` = NULL
WHERE `idUsuarios` = \'4\'')
 2 SYSTEMPATH\Database\BaseConnection.php(607): CodeIgniter\Database\BaseConnection->simpleQuery('UPDATE `usuarios` SET `idRol` = NULL
WHERE `idUsuarios` = \'4\'')
 3 SYSTEMPATH\Database\BaseBuilder.php(2474): CodeIgniter\Database\BaseConnection->query('UPDATE `usuarios` SET `idRol` = :idRol:
WHERE `idUsuarios` = :idUsuarios:', [...], false)
 4 APPPATH\Controllers\Acceso.php(98): CodeIgniter\Database\BaseBuilder->update([...])
 5 SYSTEMPATH\CodeIgniter.php(943): App\Controllers\Acceso->update('4')
 6 SYSTEMPATH\CodeIgniter.php(503): CodeIgniter\CodeIgniter->runController(Object(App\Controllers\Acceso))
 7 SYSTEMPATH\CodeIgniter.php(361): CodeIgniter\CodeIgniter->handleRequest(null, Object(Config\Cache), false)
 8 FCPATH\index.php(79): CodeIgniter\CodeIgniter->run()
CRITICAL - 2024-08-31 14:09:02 --> [Caused by] mysqli_sql_exception: Cannot add or update a child row: a foreign key constraint fails (`sistema_control`.`usuarios`, CONSTRAINT `fk_idRol` FOREIGN KEY (`idRol`) REFERENCES `rol` (`idRol`))
in SYSTEMPATH\Database\MySQLi\Connection.php on line 306.
 1 SYSTEMPATH\Database\MySQLi\Connection.php(306): mysqli->query('UPDATE `usuarios` SET `idRol` = NULL
WHERE `idUsuarios` = \'4\'', 0)
 2 SYSTEMPATH\Database\BaseConnection.php(693): CodeIgniter\Database\MySQLi\Connection->execute('UPDATE `usuarios` SET `idRol` = NULL
WHERE `idUsuarios` = \'4\'')
 3 SYSTEMPATH\Database\BaseConnection.php(607): CodeIgniter\Database\BaseConnection->simpleQuery('UPDATE `usuarios` SET `idRol` = NULL
WHERE `idUsuarios` = \'4\'')
 4 SYSTEMPATH\Database\BaseBuilder.php(2474): CodeIgniter\Database\BaseConnection->query('UPDATE `usuarios` SET `idRol` = :idRol:
WHERE `idUsuarios` = :idUsuarios:', [...], false)
 5 APPPATH\Controllers\Acceso.php(98): CodeIgniter\Database\BaseBuilder->update([...])
 6 SYSTEMPATH\CodeIgniter.php(943): App\Controllers\Acceso->update('4')
 7 SYSTEMPATH\CodeIgniter.php(503): CodeIgniter\CodeIgniter->runController(Object(App\Controllers\Acceso))
 8 SYSTEMPATH\CodeIgniter.php(361): CodeIgniter\CodeIgniter->handleRequest(null, Object(Config\Cache), false)
 9 FCPATH\index.php(79): CodeIgniter\CodeIgniter->run()
CRITICAL - 2024-08-31 14:12:54 --> ErrorException: Undefined variable $usuario
in APPPATH\Views\Accesos\index.php on line 33.
 1 APPPATH\Views\Accesos\index.php(33): CodeIgniter\Debug\Exceptions->errorHandler(2, 'Undefined variable $usuario', 'C:\\laragon\\www\\Tesis-SistemaControl\\app\\Views\\Accesos\\index.php', 33)
 2 SYSTEMPATH\View\View.php(228): include('C:\\laragon\\www\\Tesis-SistemaControl\\app\\Views\\Accesos\\index.php')
 3 SYSTEMPATH\View\View.php(231): CodeIgniter\View\View->CodeIgniter\View\{closure}()
 4 SYSTEMPATH\Common.php(1178): CodeIgniter\View\View->render('accesos/index', [], true)
 5 APPPATH\Controllers\Acceso.php(99): view('accesos/index')
 6 SYSTEMPATH\CodeIgniter.php(943): App\Controllers\Acceso->update('4')
 7 SYSTEMPATH\CodeIgniter.php(503): CodeIgniter\CodeIgniter->runController(Object(App\Controllers\Acceso))
 8 SYSTEMPATH\CodeIgniter.php(361): CodeIgniter\CodeIgniter->handleRequest(null, Object(Config\Cache), false)
 9 FCPATH\index.php(79): CodeIgniter\CodeIgniter->run()
CRITICAL - 2024-08-31 14:14:20 --> ErrorException: Undefined variable $usuario
in APPPATH\Views\Accesos\index.php on line 33.
 1 APPPATH\Views\Accesos\index.php(33): CodeIgniter\Debug\Exceptions->errorHandler(2, 'Undefined variable $usuario', 'C:\\laragon\\www\\Tesis-SistemaControl\\app\\Views\\Accesos\\index.php', 33)
 2 SYSTEMPATH\View\View.php(228): include('C:\\laragon\\www\\Tesis-SistemaControl\\app\\Views\\Accesos\\index.php')
 3 SYSTEMPATH\View\View.php(231): CodeIgniter\View\View->CodeIgniter\View\{closure}()
 4 SYSTEMPATH\Common.php(1178): CodeIgniter\View\View->render('accesos/index', [], true)
 5 APPPATH\Controllers\Acceso.php(99): view('accesos/index')
 6 SYSTEMPATH\CodeIgniter.php(943): App\Controllers\Acceso->update('4')
 7 SYSTEMPATH\CodeIgniter.php(503): CodeIgniter\CodeIgniter->runController(Object(App\Controllers\Acceso))
 8 SYSTEMPATH\CodeIgniter.php(361): CodeIgniter\CodeIgniter->handleRequest(null, Object(Config\Cache), false)
 9 FCPATH\index.php(79): CodeIgniter\CodeIgniter->run()
CRITICAL - 2024-08-31 14:19:38 --> ErrorException: Undefined variable $usuario
in APPPATH\Views\Accesos\index.php on line 33.
 1 APPPATH\Views\Accesos\index.php(33): CodeIgniter\Debug\Exceptions->errorHandler(2, 'Undefined variable $usuario', 'C:\\laragon\\www\\Tesis-SistemaControl\\app\\Views\\Accesos\\index.php', 33)
 2 SYSTEMPATH\View\View.php(228): include('C:\\laragon\\www\\Tesis-SistemaControl\\app\\Views\\Accesos\\index.php')
 3 SYSTEMPATH\View\View.php(231): CodeIgniter\View\View->CodeIgniter\View\{closure}()
 4 SYSTEMPATH\Common.php(1178): CodeIgniter\View\View->render('accesos/index', [], true)
 5 APPPATH\Controllers\Acceso.php(99): view('accesos/index')
 6 SYSTEMPATH\CodeIgniter.php(943): App\Controllers\Acceso->update('4')
 7 SYSTEMPATH\CodeIgniter.php(503): CodeIgniter\CodeIgniter->runController(Object(App\Controllers\Acceso))
 8 SYSTEMPATH\CodeIgniter.php(361): CodeIgniter\CodeIgniter->handleRequest(null, Object(Config\Cache), false)
 9 FCPATH\index.php(79): CodeIgniter\CodeIgniter->run()
