INFO - 2024-08-01 02:02:39 --> Session: Class initialized using 'CodeIgniter\Session\Handlers\FileHandler' driver.
INFO - 2024-08-01 02:03:01 --> Session: Class initialized using 'CodeIgniter\Session\Handlers\FileHandler' driver.
INFO - 2024-08-01 02:03:01 --> Session: Class initialized using 'CodeIgniter\Session\Handlers\FileHandler' driver.
INFO - 2024-08-01 02:03:11 --> Session: Class initialized using 'CodeIgniter\Session\Handlers\FileHandler' driver.
INFO - 2024-08-01 02:03:14 --> Session: Class initialized using 'CodeIgniter\Session\Handlers\FileHandler' driver.
INFO - 2024-08-01 02:05:00 --> Session: Class initialized using 'CodeIgniter\Session\Handlers\FileHandler' driver.
INFO - 2024-08-01 02:21:09 --> Session: Class initialized using 'CodeIgniter\Session\Handlers\FileHandler' driver.
CRITICAL - 2024-08-01 02:21:11 --> ErrorException: Undefined variable $maestros
in APPPATH\Views\Reportes\reportes_permisos_magisteriales.php on line 18.
 1 APPPATH\Views\Reportes\reportes_permisos_magisteriales.php(18): CodeIgniter\Debug\Exceptions->errorHandler(2, 'Undefined variable $maestros', 'C:\\laragon\\www\\prueba\\SistemaControl\\app\\Views\\Reportes\\reportes_permisos_magisteriales.php', 18)
 2 SYSTEMPATH\View\View.php(228): include('C:\\laragon\\www\\prueba\\SistemaControl\\app\\Views\\Reportes\\reportes_permisos_magisteriales.php')
 3 SYSTEMPATH\View\View.php(231): CodeIgniter\View\View->CodeIgniter\View\{closure}()
 4 SYSTEMPATH\Common.php(1178): CodeIgniter\View\View->render('reportes/reportes_permisos_magisteriales', [], true)
 5 APPPATH\Controllers\PermisoMagisterial.php(152): view('reportes/reportes_permisos_magisteriales', [...])
 6 SYSTEMPATH\CodeIgniter.php(943): App\Controllers\PermisoMagisterial->index()
 7 SYSTEMPATH\CodeIgniter.php(503): CodeIgniter\CodeIgniter->runController(Object(App\Controllers\PermisoMagisterial))
 8 SYSTEMPATH\CodeIgniter.php(361): CodeIgniter\CodeIgniter->handleRequest(null, Object(Config\Cache), false)
 9 FCPATH\index.php(81): CodeIgniter\CodeIgniter->run()
INFO - 2024-08-01 02:22:19 --> Session: Class initialized using 'CodeIgniter\Session\Handlers\FileHandler' driver.
INFO - 2024-08-01 02:22:52 --> Session: Class initialized using 'CodeIgniter\Session\Handlers\FileHandler' driver.
INFO - 2024-08-01 02:23:18 --> Session: Class initialized using 'CodeIgniter\Session\Handlers\FileHandler' driver.
CRITICAL - 2024-08-01 02:23:19 --> ErrorException: Undefined variable $maestros
in APPPATH\Views\Reportes\reportes_permisos_magisteriales.php on line 18.
 1 APPPATH\Views\Reportes\reportes_permisos_magisteriales.php(18): CodeIgniter\Debug\Exceptions->errorHandler(2, 'Undefined variable $maestros', 'C:\\laragon\\www\\prueba\\SistemaControl\\app\\Views\\Reportes\\reportes_permisos_magisteriales.php', 18)
 2 SYSTEMPATH\View\View.php(228): include('C:\\laragon\\www\\prueba\\SistemaControl\\app\\Views\\Reportes\\reportes_permisos_magisteriales.php')
 3 SYSTEMPATH\View\View.php(231): CodeIgniter\View\View->CodeIgniter\View\{closure}()
 4 SYSTEMPATH\Common.php(1178): CodeIgniter\View\View->render('reportes/reportes_permisos_magisteriales', [], true)
 5 APPPATH\Controllers\PermisoMagisterial.php(152): view('reportes/reportes_permisos_magisteriales', [...])
 6 SYSTEMPATH\CodeIgniter.php(943): App\Controllers\PermisoMagisterial->index()
 7 SYSTEMPATH\CodeIgniter.php(503): CodeIgniter\CodeIgniter->runController(Object(App\Controllers\PermisoMagisterial))
 8 SYSTEMPATH\CodeIgniter.php(361): CodeIgniter\CodeIgniter->handleRequest(null, Object(Config\Cache), false)
 9 FCPATH\index.php(81): CodeIgniter\CodeIgniter->run()
INFO - 2024-08-01 02:24:20 --> Session: Class initialized using 'CodeIgniter\Session\Handlers\FileHandler' driver.
CRITICAL - 2024-08-01 02:24:21 --> ErrorException: Undefined variable $maestro
in APPPATH\Views\Reportes\reportes_permisos_magisteriales.php on line 18.
 1 APPPATH\Views\Reportes\reportes_permisos_magisteriales.php(18): CodeIgniter\Debug\Exceptions->errorHandler(2, 'Undefined variable $maestro', 'C:\\laragon\\www\\prueba\\SistemaControl\\app\\Views\\Reportes\\reportes_permisos_magisteriales.php', 18)
 2 SYSTEMPATH\View\View.php(228): include('C:\\laragon\\www\\prueba\\SistemaControl\\app\\Views\\Reportes\\reportes_permisos_magisteriales.php')
 3 SYSTEMPATH\View\View.php(231): CodeIgniter\View\View->CodeIgniter\View\{closure}()
 4 SYSTEMPATH\Common.php(1178): CodeIgniter\View\View->render('reportes/reportes_permisos_magisteriales', [], true)
 5 APPPATH\Controllers\PermisoMagisterial.php(152): view('reportes/reportes_permisos_magisteriales', [...])
 6 SYSTEMPATH\CodeIgniter.php(943): App\Controllers\PermisoMagisterial->index()
 7 SYSTEMPATH\CodeIgniter.php(503): CodeIgniter\CodeIgniter->runController(Object(App\Controllers\PermisoMagisterial))
 8 SYSTEMPATH\CodeIgniter.php(361): CodeIgniter\CodeIgniter->handleRequest(null, Object(Config\Cache), false)
 9 FCPATH\index.php(81): CodeIgniter\CodeIgniter->run()
INFO - 2024-08-01 02:33:08 --> Session: Class initialized using 'CodeIgniter\Session\Handlers\FileHandler' driver.
CRITICAL - 2024-08-01 02:33:08 --> ErrorException: Undefined variable $tipos_permisos
in APPPATH\Views\Reportes\reportes_permisos_magisteriales.php on line 40.
 1 APPPATH\Views\Reportes\reportes_permisos_magisteriales.php(40): CodeIgniter\Debug\Exceptions->errorHandler(2, 'Undefined variable $tipos_permisos', 'C:\\laragon\\www\\prueba\\SistemaControl\\app\\Views\\Reportes\\reportes_permisos_magisteriales.php', 40)
 2 SYSTEMPATH\View\View.php(228): include('C:\\laragon\\www\\prueba\\SistemaControl\\app\\Views\\Reportes\\reportes_permisos_magisteriales.php')
 3 SYSTEMPATH\View\View.php(231): CodeIgniter\View\View->CodeIgniter\View\{closure}()
 4 SYSTEMPATH\Common.php(1178): CodeIgniter\View\View->render('reportes/reportes_permisos_magisteriales', [], true)
 5 APPPATH\Controllers\PermisoMagisterial.php(156): view('reportes/reportes_permisos_magisteriales', [...])
 6 SYSTEMPATH\CodeIgniter.php(943): App\Controllers\PermisoMagisterial->index()
 7 SYSTEMPATH\CodeIgniter.php(503): CodeIgniter\CodeIgniter->runController(Object(App\Controllers\PermisoMagisterial))
 8 SYSTEMPATH\CodeIgniter.php(361): CodeIgniter\CodeIgniter->handleRequest(null, Object(Config\Cache), false)
 9 FCPATH\index.php(81): CodeIgniter\CodeIgniter->run()
INFO - 2024-08-01 02:41:13 --> Session: Class initialized using 'CodeIgniter\Session\Handlers\FileHandler' driver.
CRITICAL - 2024-08-01 02:41:16 --> ErrorException: Undefined array key "id_tipo_permiso"
in APPPATH\Views\Reportes\reportes_permisos_magisteriales.php on line 41.
 1 APPPATH\Views\Reportes\reportes_permisos_magisteriales.php(41): CodeIgniter\Debug\Exceptions->errorHandler(2, 'Undefined array key "id_tipo_permiso"', 'C:\\laragon\\www\\prueba\\SistemaControl\\app\\Views\\Reportes\\reportes_permisos_magisteriales.php', 41)
 2 SYSTEMPATH\View\View.php(228): include('C:\\laragon\\www\\prueba\\SistemaControl\\app\\Views\\Reportes\\reportes_permisos_magisteriales.php')
 3 SYSTEMPATH\View\View.php(231): CodeIgniter\View\View->CodeIgniter\View\{closure}()
 4 SYSTEMPATH\Common.php(1178): CodeIgniter\View\View->render('reportes/reportes_permisos_magisteriales', [], true)
 5 APPPATH\Controllers\PermisoMagisterial.php(113): view('reportes/reportes_permisos_magisteriales', [...])
 6 SYSTEMPATH\CodeIgniter.php(943): App\Controllers\PermisoMagisterial->index()
 7 SYSTEMPATH\CodeIgniter.php(503): CodeIgniter\CodeIgniter->runController(Object(App\Controllers\PermisoMagisterial))
 8 SYSTEMPATH\CodeIgniter.php(361): CodeIgniter\CodeIgniter->handleRequest(null, Object(Config\Cache), false)
 9 FCPATH\index.php(81): CodeIgniter\CodeIgniter->run()
INFO - 2024-08-01 02:44:14 --> Session: Class initialized using 'CodeIgniter\Session\Handlers\FileHandler' driver.
CRITICAL - 2024-08-01 02:44:14 --> ErrorException: Undefined array key "id_tipo_permiso"
in APPPATH\Views\Reportes\reportes_permisos_magisteriales.php on line 41.
 1 APPPATH\Views\Reportes\reportes_permisos_magisteriales.php(41): CodeIgniter\Debug\Exceptions->errorHandler(2, 'Undefined array key "id_tipo_permiso"', 'C:\\laragon\\www\\prueba\\SistemaControl\\app\\Views\\Reportes\\reportes_permisos_magisteriales.php', 41)
 2 SYSTEMPATH\View\View.php(228): include('C:\\laragon\\www\\prueba\\SistemaControl\\app\\Views\\Reportes\\reportes_permisos_magisteriales.php')
 3 SYSTEMPATH\View\View.php(231): CodeIgniter\View\View->CodeIgniter\View\{closure}()
 4 SYSTEMPATH\Common.php(1178): CodeIgniter\View\View->render('reportes/reportes_permisos_magisteriales', [], true)
 5 APPPATH\Controllers\PermisoMagisterial.php(155): view('reportes/reportes_permisos_magisteriales', [...])
 6 SYSTEMPATH\CodeIgniter.php(943): App\Controllers\PermisoMagisterial->index()
 7 SYSTEMPATH\CodeIgniter.php(503): CodeIgniter\CodeIgniter->runController(Object(App\Controllers\PermisoMagisterial))
 8 SYSTEMPATH\CodeIgniter.php(361): CodeIgniter\CodeIgniter->handleRequest(null, Object(Config\Cache), false)
 9 FCPATH\index.php(81): CodeIgniter\CodeIgniter->run()
INFO - 2024-08-01 02:46:36 --> Session: Class initialized using 'CodeIgniter\Session\Handlers\FileHandler' driver.
CRITICAL - 2024-08-01 02:46:36 --> ErrorException: Undefined array key "nombre_tipo_permiso"
in APPPATH\Views\Reportes\reportes_permisos_magisteriales.php on line 41.
 1 APPPATH\Views\Reportes\reportes_permisos_magisteriales.php(41): CodeIgniter\Debug\Exceptions->errorHandler(2, 'Undefined array key "nombre_tipo_permiso"', 'C:\\laragon\\www\\prueba\\SistemaControl\\app\\Views\\Reportes\\reportes_permisos_magisteriales.php', 41)
 2 SYSTEMPATH\View\View.php(228): include('C:\\laragon\\www\\prueba\\SistemaControl\\app\\Views\\Reportes\\reportes_permisos_magisteriales.php')
 3 SYSTEMPATH\View\View.php(231): CodeIgniter\View\View->CodeIgniter\View\{closure}()
 4 SYSTEMPATH\Common.php(1178): CodeIgniter\View\View->render('reportes/reportes_permisos_magisteriales', [], true)
 5 APPPATH\Controllers\PermisoMagisterial.php(155): view('reportes/reportes_permisos_magisteriales', [...])
 6 SYSTEMPATH\CodeIgniter.php(943): App\Controllers\PermisoMagisterial->index()
 7 SYSTEMPATH\CodeIgniter.php(503): CodeIgniter\CodeIgniter->runController(Object(App\Controllers\PermisoMagisterial))
 8 SYSTEMPATH\CodeIgniter.php(361): CodeIgniter\CodeIgniter->handleRequest(null, Object(Config\Cache), false)
 9 FCPATH\index.php(81): CodeIgniter\CodeIgniter->run()
INFO - 2024-08-01 03:00:28 --> Session: Class initialized using 'CodeIgniter\Session\Handlers\FileHandler' driver.
INFO - 2024-08-01 03:00:53 --> Session: Class initialized using 'CodeIgniter\Session\Handlers\FileHandler' driver.
INFO - 2024-08-01 03:01:25 --> Session: Class initialized using 'CodeIgniter\Session\Handlers\FileHandler' driver.
INFO - 2024-08-01 03:01:54 --> Session: Class initialized using 'CodeIgniter\Session\Handlers\FileHandler' driver.
INFO - 2024-08-01 03:02:42 --> Session: Class initialized using 'CodeIgniter\Session\Handlers\FileHandler' driver.
CRITICAL - 2024-08-01 03:02:42 --> CodeIgniter\View\Exceptions\ViewException: Invalid file: "permiso_magisterial/index.php"
in SYSTEMPATH\Exceptions\FrameworkException.php on line 39.
 1 SYSTEMPATH\View\View.php(216): CodeIgniter\Exceptions\FrameworkException::forInvalidFile('permiso_magisterial/index.php')
 2 SYSTEMPATH\Common.php(1178): CodeIgniter\View\View->render('permiso_magisterial/index', [], true)
 3 APPPATH\Controllers\PermisoMagisterial.php(152): view('permiso_magisterial/index', [...])
 4 SYSTEMPATH\CodeIgniter.php(943): App\Controllers\PermisoMagisterial->index()
 5 SYSTEMPATH\CodeIgniter.php(503): CodeIgniter\CodeIgniter->runController(Object(App\Controllers\PermisoMagisterial))
 6 SYSTEMPATH\CodeIgniter.php(361): CodeIgniter\CodeIgniter->handleRequest(null, Object(Config\Cache), false)
 7 FCPATH\index.php(81): CodeIgniter\CodeIgniter->run()
INFO - 2024-08-01 03:04:28 --> Session: Class initialized using 'CodeIgniter\Session\Handlers\FileHandler' driver.
CRITICAL - 2024-08-01 03:04:28 --> CodeIgniter\View\Exceptions\ViewException: Invalid file: "permiso_magisterial/index.php"
in SYSTEMPATH\Exceptions\FrameworkException.php on line 39.
 1 SYSTEMPATH\View\View.php(216): CodeIgniter\Exceptions\FrameworkException::forInvalidFile('permiso_magisterial/index.php')
 2 SYSTEMPATH\Common.php(1178): CodeIgniter\View\View->render('permiso_magisterial/index', [], true)
 3 APPPATH\Controllers\PermisoMagisterial.php(153): view('permiso_magisterial/index', [...])
 4 SYSTEMPATH\CodeIgniter.php(943): App\Controllers\PermisoMagisterial->index()
 5 SYSTEMPATH\CodeIgniter.php(503): CodeIgniter\CodeIgniter->runController(Object(App\Controllers\PermisoMagisterial))
 6 SYSTEMPATH\CodeIgniter.php(361): CodeIgniter\CodeIgniter->handleRequest(null, Object(Config\Cache), false)
 7 FCPATH\index.php(81): CodeIgniter\CodeIgniter->run()
INFO - 2024-08-01 03:05:08 --> Session: Class initialized using 'CodeIgniter\Session\Handlers\FileHandler' driver.
CRITICAL - 2024-08-01 03:05:09 --> ErrorException: Undefined array key "nip"
in APPPATH\Views\Permisos\index.php on line 51.
 1 APPPATH\Views\Permisos\index.php(51): CodeIgniter\Debug\Exceptions->errorHandler(2, 'Undefined array key "nip"', 'C:\\laragon\\www\\prueba\\SistemaControl\\app\\Views\\Permisos\\index.php', 51)
 2 SYSTEMPATH\View\View.php(228): include('C:\\laragon\\www\\prueba\\SistemaControl\\app\\Views\\Permisos\\index.php')
 3 SYSTEMPATH\View\View.php(231): CodeIgniter\View\View->CodeIgniter\View\{closure}()
 4 SYSTEMPATH\Common.php(1178): CodeIgniter\View\View->render('Permisos/index', [], true)
 5 APPPATH\Controllers\PermisoMagisterial.php(153): view('Permisos/index', [...])
 6 SYSTEMPATH\CodeIgniter.php(943): App\Controllers\PermisoMagisterial->index()
 7 SYSTEMPATH\CodeIgniter.php(503): CodeIgniter\CodeIgniter->runController(Object(App\Controllers\PermisoMagisterial))
 8 SYSTEMPATH\CodeIgniter.php(361): CodeIgniter\CodeIgniter->handleRequest(null, Object(Config\Cache), false)
 9 FCPATH\index.php(81): CodeIgniter\CodeIgniter->run()
INFO - 2024-08-01 03:09:13 --> Session: Class initialized using 'CodeIgniter\Session\Handlers\FileHandler' driver.
CRITICAL - 2024-08-01 03:09:14 --> ErrorException: Undefined array key "nombre_completo"
in APPPATH\Views\Permisos\index.php on line 52.
 1 APPPATH\Views\Permisos\index.php(52): CodeIgniter\Debug\Exceptions->errorHandler(2, 'Undefined array key "nombre_completo"', 'C:\\laragon\\www\\prueba\\SistemaControl\\app\\Views\\Permisos\\index.php', 52)
 2 SYSTEMPATH\View\View.php(228): include('C:\\laragon\\www\\prueba\\SistemaControl\\app\\Views\\Permisos\\index.php')
 3 SYSTEMPATH\View\View.php(231): CodeIgniter\View\View->CodeIgniter\View\{closure}()
 4 SYSTEMPATH\Common.php(1178): CodeIgniter\View\View->render('Permisos/index', [], true)
 5 APPPATH\Controllers\PermisoMagisterial.php(153): view('Permisos/index', [...])
 6 SYSTEMPATH\CodeIgniter.php(943): App\Controllers\PermisoMagisterial->index()
 7 SYSTEMPATH\CodeIgniter.php(503): CodeIgniter\CodeIgniter->runController(Object(App\Controllers\PermisoMagisterial))
 8 SYSTEMPATH\CodeIgniter.php(361): CodeIgniter\CodeIgniter->handleRequest(null, Object(Config\Cache), false)
 9 FCPATH\index.php(81): CodeIgniter\CodeIgniter->run()
INFO - 2024-08-01 03:10:20 --> Session: Class initialized using 'CodeIgniter\Session\Handlers\FileHandler' driver.
CRITICAL - 2024-08-01 03:10:20 --> ErrorException: Undefined array key "detalle_saldos_permiso"
in APPPATH\Views\Permisos\index.php on line 68.
 1 APPPATH\Views\Permisos\index.php(68): CodeIgniter\Debug\Exceptions->errorHandler(2, 'Undefined array key "detalle_saldos_permiso"', 'C:\\laragon\\www\\prueba\\SistemaControl\\app\\Views\\Permisos\\index.php', 68)
 2 SYSTEMPATH\View\View.php(228): include('C:\\laragon\\www\\prueba\\SistemaControl\\app\\Views\\Permisos\\index.php')
 3 SYSTEMPATH\View\View.php(231): CodeIgniter\View\View->CodeIgniter\View\{closure}()
 4 SYSTEMPATH\Common.php(1178): CodeIgniter\View\View->render('Permisos/index', [], true)
 5 APPPATH\Controllers\PermisoMagisterial.php(153): view('Permisos/index', [...])
 6 SYSTEMPATH\CodeIgniter.php(943): App\Controllers\PermisoMagisterial->index()
 7 SYSTEMPATH\CodeIgniter.php(503): CodeIgniter\CodeIgniter->runController(Object(App\Controllers\PermisoMagisterial))
 8 SYSTEMPATH\CodeIgniter.php(361): CodeIgniter\CodeIgniter->handleRequest(null, Object(Config\Cache), false)
 9 FCPATH\index.php(81): CodeIgniter\CodeIgniter->run()
INFO - 2024-08-01 03:18:16 --> Session: Class initialized using 'CodeIgniter\Session\Handlers\FileHandler' driver.
INFO - 2024-08-01 03:21:18 --> Session: Class initialized using 'CodeIgniter\Session\Handlers\FileHandler' driver.
INFO - 2024-08-01 03:21:24 --> Session: Class initialized using 'CodeIgniter\Session\Handlers\FileHandler' driver.
INFO - 2024-08-01 03:21:37 --> Session: Class initialized using 'CodeIgniter\Session\Handlers\FileHandler' driver.
ERROR - 2024-08-01 03:21:39 --> mysqli_sql_exception: Table 'sistema_control.solicitud_permiso' doesn't exist in C:\laragon\www\prueba\SistemaControl\vendor\codeigniter4\framework\system\Database\MySQLi\Connection.php:306
Stack trace:
#0 C:\laragon\www\prueba\SistemaControl\vendor\codeigniter4\framework\system\Database\MySQLi\Connection.php(306): mysqli->query('INSERT INTO `so...', 0)
#1 C:\laragon\www\prueba\SistemaControl\vendor\codeigniter4\framework\system\Database\BaseConnection.php(693): CodeIgniter\Database\MySQLi\Connection->execute('INSERT INTO `so...')
#2 C:\laragon\www\prueba\SistemaControl\vendor\codeigniter4\framework\system\Database\BaseConnection.php(607): CodeIgniter\Database\BaseConnection->simpleQuery('INSERT INTO `so...')
#3 C:\laragon\www\prueba\SistemaControl\vendor\codeigniter4\framework\system\Database\BaseBuilder.php(2307): CodeIgniter\Database\BaseConnection->query('INSERT INTO `so...', Array, false)
#4 C:\laragon\www\prueba\SistemaControl\vendor\codeigniter4\framework\system\Model.php(327): CodeIgniter\Database\BaseBuilder->insert()
#5 C:\laragon\www\prueba\SistemaControl\vendor\codeigniter4\framework\system\BaseModel.php(805): CodeIgniter\Model->doInsert(Array)
#6 C:\laragon\www\prueba\SistemaControl\vendor\codeigniter4\framework\system\Model.php(749): CodeIgniter\BaseModel->insert(Array, true)
#7 C:\laragon\www\prueba\SistemaControl\app\Models\SolicitudPermisoModel.php(64): CodeIgniter\Model->insert(Array)
#8 C:\laragon\www\prueba\SistemaControl\app\Controllers\PermisoMagisterial.php(66): App\Models\SolicitudPermisoModel->createSolicitud(Array)
#9 C:\laragon\www\prueba\SistemaControl\vendor\codeigniter4\framework\system\CodeIgniter.php(943): App\Controllers\PermisoMagisterial->store()
#10 C:\laragon\www\prueba\SistemaControl\vendor\codeigniter4\framework\system\CodeIgniter.php(503): CodeIgniter\CodeIgniter->runController(Object(App\Controllers\PermisoMagisterial))
#11 C:\laragon\www\prueba\SistemaControl\vendor\codeigniter4\framework\system\CodeIgniter.php(361): CodeIgniter\CodeIgniter->handleRequest(NULL, Object(Config\Cache), false)
#12 C:\laragon\www\prueba\SistemaControl\public\index.php(81): CodeIgniter\CodeIgniter->run()
#13 {main}
CRITICAL - 2024-08-01 03:21:39 --> CodeIgniter\Database\Exceptions\DatabaseException: Table 'sistema_control.solicitud_permiso' doesn't exist
in SYSTEMPATH\Database\BaseConnection.php on line 647.
 1 SYSTEMPATH\Database\BaseBuilder.php(2307): CodeIgniter\Database\BaseConnection->query('INSERT INTO `solicitud_permiso` (`idDocente`, `idTipoPermiso`, `fecha_inicio`, `fecha_fin`, `dias_ocupados`, `horas_ocupadas`, `fecha_creacion`) VALUES (:idDocente:, :idTipoPermiso:, :fecha_inicio:, :fecha_fin:, :dias_ocupados:, :horas_ocupadas:, :fecha_creacion:)', [...], false)
 2 SYSTEMPATH\Model.php(327): CodeIgniter\Database\BaseBuilder->insert()
 3 SYSTEMPATH\BaseModel.php(805): CodeIgniter\Model->doInsert([...])
 4 SYSTEMPATH\Model.php(749): CodeIgniter\BaseModel->insert([...], true)
 5 APPPATH\Models\SolicitudPermisoModel.php(64): CodeIgniter\Model->insert([...])
 6 APPPATH\Controllers\PermisoMagisterial.php(66): App\Models\SolicitudPermisoModel->createSolicitud([...])
 7 SYSTEMPATH\CodeIgniter.php(943): App\Controllers\PermisoMagisterial->store()
 8 SYSTEMPATH\CodeIgniter.php(503): CodeIgniter\CodeIgniter->runController(Object(App\Controllers\PermisoMagisterial))
 9 SYSTEMPATH\CodeIgniter.php(361): CodeIgniter\CodeIgniter->handleRequest(null, Object(Config\Cache), false)
10 FCPATH\index.php(81): CodeIgniter\CodeIgniter->run()
CRITICAL - 2024-08-01 03:21:39 --> [Caused by] CodeIgniter\Database\Exceptions\DatabaseException: Table 'sistema_control.solicitud_permiso' doesn't exist
in SYSTEMPATH\Database\MySQLi\Connection.php on line 311.
 1 SYSTEMPATH\Database\BaseConnection.php(693): CodeIgniter\Database\MySQLi\Connection->execute('INSERT INTO `solicitud_permiso` (`idDocente`, `idTipoPermiso`, `fecha_inicio`, `fecha_fin`, `dias_ocupados`, `horas_ocupadas`, `fecha_creacion`) VALUES (\'29\', \'7\', \'2024-08-01\', \'2024-08-02\', 2, 0, \'2024-08-01 03:21:38\')')
 2 SYSTEMPATH\Database\BaseConnection.php(607): CodeIgniter\Database\BaseConnection->simpleQuery('INSERT INTO `solicitud_permiso` (`idDocente`, `idTipoPermiso`, `fecha_inicio`, `fecha_fin`, `dias_ocupados`, `horas_ocupadas`, `fecha_creacion`) VALUES (\'29\', \'7\', \'2024-08-01\', \'2024-08-02\', 2, 0, \'2024-08-01 03:21:38\')')
 3 SYSTEMPATH\Database\BaseBuilder.php(2307): CodeIgniter\Database\BaseConnection->query('INSERT INTO `solicitud_permiso` (`idDocente`, `idTipoPermiso`, `fecha_inicio`, `fecha_fin`, `dias_ocupados`, `horas_ocupadas`, `fecha_creacion`) VALUES (:idDocente:, :idTipoPermiso:, :fecha_inicio:, :fecha_fin:, :dias_ocupados:, :horas_ocupadas:, :fecha_creacion:)', [...], false)
 4 SYSTEMPATH\Model.php(327): CodeIgniter\Database\BaseBuilder->insert()
 5 SYSTEMPATH\BaseModel.php(805): CodeIgniter\Model->doInsert([...])
 6 SYSTEMPATH\Model.php(749): CodeIgniter\BaseModel->insert([...], true)
 7 APPPATH\Models\SolicitudPermisoModel.php(64): CodeIgniter\Model->insert([...])
 8 APPPATH\Controllers\PermisoMagisterial.php(66): App\Models\SolicitudPermisoModel->createSolicitud([...])
 9 SYSTEMPATH\CodeIgniter.php(943): App\Controllers\PermisoMagisterial->store()
10 SYSTEMPATH\CodeIgniter.php(503): CodeIgniter\CodeIgniter->runController(Object(App\Controllers\PermisoMagisterial))
11 SYSTEMPATH\CodeIgniter.php(361): CodeIgniter\CodeIgniter->handleRequest(null, Object(Config\Cache), false)
12 FCPATH\index.php(81): CodeIgniter\CodeIgniter->run()
CRITICAL - 2024-08-01 03:21:39 --> [Caused by] mysqli_sql_exception: Table 'sistema_control.solicitud_permiso' doesn't exist
in SYSTEMPATH\Database\MySQLi\Connection.php on line 306.
 1 SYSTEMPATH\Database\MySQLi\Connection.php(306): mysqli->query('INSERT INTO `solicitud_permiso` (`idDocente`, `idTipoPermiso`, `fecha_inicio`, `fecha_fin`, `dias_ocupados`, `horas_ocupadas`, `fecha_creacion`) VALUES (\'29\', \'7\', \'2024-08-01\', \'2024-08-02\', 2, 0, \'2024-08-01 03:21:38\')', 0)
 2 SYSTEMPATH\Database\BaseConnection.php(693): CodeIgniter\Database\MySQLi\Connection->execute('INSERT INTO `solicitud_permiso` (`idDocente`, `idTipoPermiso`, `fecha_inicio`, `fecha_fin`, `dias_ocupados`, `horas_ocupadas`, `fecha_creacion`) VALUES (\'29\', \'7\', \'2024-08-01\', \'2024-08-02\', 2, 0, \'2024-08-01 03:21:38\')')
 3 SYSTEMPATH\Database\BaseConnection.php(607): CodeIgniter\Database\BaseConnection->simpleQuery('INSERT INTO `solicitud_permiso` (`idDocente`, `idTipoPermiso`, `fecha_inicio`, `fecha_fin`, `dias_ocupados`, `horas_ocupadas`, `fecha_creacion`) VALUES (\'29\', \'7\', \'2024-08-01\', \'2024-08-02\', 2, 0, \'2024-08-01 03:21:38\')')
 4 SYSTEMPATH\Database\BaseBuilder.php(2307): CodeIgniter\Database\BaseConnection->query('INSERT INTO `solicitud_permiso` (`idDocente`, `idTipoPermiso`, `fecha_inicio`, `fecha_fin`, `dias_ocupados`, `horas_ocupadas`, `fecha_creacion`) VALUES (:idDocente:, :idTipoPermiso:, :fecha_inicio:, :fecha_fin:, :dias_ocupados:, :horas_ocupadas:, :fecha_creacion:)', [...], false)
 5 SYSTEMPATH\Model.php(327): CodeIgniter\Database\BaseBuilder->insert()
 6 SYSTEMPATH\BaseModel.php(805): CodeIgniter\Model->doInsert([...])
 7 SYSTEMPATH\Model.php(749): CodeIgniter\BaseModel->insert([...], true)
 8 APPPATH\Models\SolicitudPermisoModel.php(64): CodeIgniter\Model->insert([...])
 9 APPPATH\Controllers\PermisoMagisterial.php(66): App\Models\SolicitudPermisoModel->createSolicitud([...])
10 SYSTEMPATH\CodeIgniter.php(943): App\Controllers\PermisoMagisterial->store()
11 SYSTEMPATH\CodeIgniter.php(503): CodeIgniter\CodeIgniter->runController(Object(App\Controllers\PermisoMagisterial))
12 SYSTEMPATH\CodeIgniter.php(361): CodeIgniter\CodeIgniter->handleRequest(null, Object(Config\Cache), false)
13 FCPATH\index.php(81): CodeIgniter\CodeIgniter->run()
INFO - 2024-08-01 03:38:10 --> Session: Class initialized using 'CodeIgniter\Session\Handlers\FileHandler' driver.
ERROR - 2024-08-01 03:38:11 --> mysqli_sql_exception: Unknown column 'idTipoPermiso' in 'field list' in C:\laragon\www\prueba\SistemaControl\vendor\codeigniter4\framework\system\Database\MySQLi\Connection.php:306
Stack trace:
#0 C:\laragon\www\prueba\SistemaControl\vendor\codeigniter4\framework\system\Database\MySQLi\Connection.php(306): mysqli->query('INSERT INTO `sa...', 0)
#1 C:\laragon\www\prueba\SistemaControl\vendor\codeigniter4\framework\system\Database\BaseConnection.php(693): CodeIgniter\Database\MySQLi\Connection->execute('INSERT INTO `sa...')
#2 C:\laragon\www\prueba\SistemaControl\vendor\codeigniter4\framework\system\Database\BaseConnection.php(607): CodeIgniter\Database\BaseConnection->simpleQuery('INSERT INTO `sa...')
#3 C:\laragon\www\prueba\SistemaControl\vendor\codeigniter4\framework\system\Database\BaseBuilder.php(2307): CodeIgniter\Database\BaseConnection->query('INSERT INTO `sa...', Array, false)
#4 C:\laragon\www\prueba\SistemaControl\vendor\codeigniter4\framework\system\Model.php(327): CodeIgniter\Database\BaseBuilder->insert()
#5 C:\laragon\www\prueba\SistemaControl\vendor\codeigniter4\framework\system\BaseModel.php(805): CodeIgniter\Model->doInsert(Array)
#6 C:\laragon\www\prueba\SistemaControl\vendor\codeigniter4\framework\system\Model.php(749): CodeIgniter\BaseModel->insert(Array, true)
#7 C:\laragon\www\prueba\SistemaControl\app\Models\SolicitudPermisoModel.php(64): CodeIgniter\Model->insert(Array)
#8 C:\laragon\www\prueba\SistemaControl\app\Controllers\PermisoMagisterial.php(66): App\Models\SolicitudPermisoModel->createSolicitud(Array)
#9 C:\laragon\www\prueba\SistemaControl\vendor\codeigniter4\framework\system\CodeIgniter.php(943): App\Controllers\PermisoMagisterial->store()
#10 C:\laragon\www\prueba\SistemaControl\vendor\codeigniter4\framework\system\CodeIgniter.php(503): CodeIgniter\CodeIgniter->runController(Object(App\Controllers\PermisoMagisterial))
#11 C:\laragon\www\prueba\SistemaControl\vendor\codeigniter4\framework\system\CodeIgniter.php(361): CodeIgniter\CodeIgniter->handleRequest(NULL, Object(Config\Cache), false)
#12 C:\laragon\www\prueba\SistemaControl\public\index.php(81): CodeIgniter\CodeIgniter->run()
#13 {main}
CRITICAL - 2024-08-01 03:38:11 --> CodeIgniter\Database\Exceptions\DatabaseException: Unknown column 'idTipoPermiso' in 'field list'
in SYSTEMPATH\Database\BaseConnection.php on line 647.
 1 SYSTEMPATH\Database\BaseBuilder.php(2307): CodeIgniter\Database\BaseConnection->query('INSERT INTO `saldos_docentes` (`idDocente`, `idTipoPermiso`, `fecha_inicio`, `fecha_fin`, `dias_ocupados`, `horas_ocupadas`, `fecha_creacion`) VALUES (:idDocente:, :idTipoPermiso:, :fecha_inicio:, :fecha_fin:, :dias_ocupados:, :horas_ocupadas:, :fecha_creacion:)', [...], false)
 2 SYSTEMPATH\Model.php(327): CodeIgniter\Database\BaseBuilder->insert()
 3 SYSTEMPATH\BaseModel.php(805): CodeIgniter\Model->doInsert([...])
 4 SYSTEMPATH\Model.php(749): CodeIgniter\BaseModel->insert([...], true)
 5 APPPATH\Models\SolicitudPermisoModel.php(64): CodeIgniter\Model->insert([...])
 6 APPPATH\Controllers\PermisoMagisterial.php(66): App\Models\SolicitudPermisoModel->createSolicitud([...])
 7 SYSTEMPATH\CodeIgniter.php(943): App\Controllers\PermisoMagisterial->store()
 8 SYSTEMPATH\CodeIgniter.php(503): CodeIgniter\CodeIgniter->runController(Object(App\Controllers\PermisoMagisterial))
 9 SYSTEMPATH\CodeIgniter.php(361): CodeIgniter\CodeIgniter->handleRequest(null, Object(Config\Cache), false)
10 FCPATH\index.php(81): CodeIgniter\CodeIgniter->run()
CRITICAL - 2024-08-01 03:38:11 --> [Caused by] CodeIgniter\Database\Exceptions\DatabaseException: Unknown column 'idTipoPermiso' in 'field list'
in SYSTEMPATH\Database\MySQLi\Connection.php on line 311.
 1 SYSTEMPATH\Database\BaseConnection.php(693): CodeIgniter\Database\MySQLi\Connection->execute('INSERT INTO `saldos_docentes` (`idDocente`, `idTipoPermiso`, `fecha_inicio`, `fecha_fin`, `dias_ocupados`, `horas_ocupadas`, `fecha_creacion`) VALUES (\'29\', \'7\', \'2024-08-01\', \'2024-08-02\', 2, 0, \'2024-08-01 03:38:11\')')
 2 SYSTEMPATH\Database\BaseConnection.php(607): CodeIgniter\Database\BaseConnection->simpleQuery('INSERT INTO `saldos_docentes` (`idDocente`, `idTipoPermiso`, `fecha_inicio`, `fecha_fin`, `dias_ocupados`, `horas_ocupadas`, `fecha_creacion`) VALUES (\'29\', \'7\', \'2024-08-01\', \'2024-08-02\', 2, 0, \'2024-08-01 03:38:11\')')
 3 SYSTEMPATH\Database\BaseBuilder.php(2307): CodeIgniter\Database\BaseConnection->query('INSERT INTO `saldos_docentes` (`idDocente`, `idTipoPermiso`, `fecha_inicio`, `fecha_fin`, `dias_ocupados`, `horas_ocupadas`, `fecha_creacion`) VALUES (:idDocente:, :idTipoPermiso:, :fecha_inicio:, :fecha_fin:, :dias_ocupados:, :horas_ocupadas:, :fecha_creacion:)', [...], false)
 4 SYSTEMPATH\Model.php(327): CodeIgniter\Database\BaseBuilder->insert()
 5 SYSTEMPATH\BaseModel.php(805): CodeIgniter\Model->doInsert([...])
 6 SYSTEMPATH\Model.php(749): CodeIgniter\BaseModel->insert([...], true)
 7 APPPATH\Models\SolicitudPermisoModel.php(64): CodeIgniter\Model->insert([...])
 8 APPPATH\Controllers\PermisoMagisterial.php(66): App\Models\SolicitudPermisoModel->createSolicitud([...])
 9 SYSTEMPATH\CodeIgniter.php(943): App\Controllers\PermisoMagisterial->store()
10 SYSTEMPATH\CodeIgniter.php(503): CodeIgniter\CodeIgniter->runController(Object(App\Controllers\PermisoMagisterial))
11 SYSTEMPATH\CodeIgniter.php(361): CodeIgniter\CodeIgniter->handleRequest(null, Object(Config\Cache), false)
12 FCPATH\index.php(81): CodeIgniter\CodeIgniter->run()
CRITICAL - 2024-08-01 03:38:11 --> [Caused by] mysqli_sql_exception: Unknown column 'idTipoPermiso' in 'field list'
in SYSTEMPATH\Database\MySQLi\Connection.php on line 306.
 1 SYSTEMPATH\Database\MySQLi\Connection.php(306): mysqli->query('INSERT INTO `saldos_docentes` (`idDocente`, `idTipoPermiso`, `fecha_inicio`, `fecha_fin`, `dias_ocupados`, `horas_ocupadas`, `fecha_creacion`) VALUES (\'29\', \'7\', \'2024-08-01\', \'2024-08-02\', 2, 0, \'2024-08-01 03:38:11\')', 0)
 2 SYSTEMPATH\Database\BaseConnection.php(693): CodeIgniter\Database\MySQLi\Connection->execute('INSERT INTO `saldos_docentes` (`idDocente`, `idTipoPermiso`, `fecha_inicio`, `fecha_fin`, `dias_ocupados`, `horas_ocupadas`, `fecha_creacion`) VALUES (\'29\', \'7\', \'2024-08-01\', \'2024-08-02\', 2, 0, \'2024-08-01 03:38:11\')')
 3 SYSTEMPATH\Database\BaseConnection.php(607): CodeIgniter\Database\BaseConnection->simpleQuery('INSERT INTO `saldos_docentes` (`idDocente`, `idTipoPermiso`, `fecha_inicio`, `fecha_fin`, `dias_ocupados`, `horas_ocupadas`, `fecha_creacion`) VALUES (\'29\', \'7\', \'2024-08-01\', \'2024-08-02\', 2, 0, \'2024-08-01 03:38:11\')')
 4 SYSTEMPATH\Database\BaseBuilder.php(2307): CodeIgniter\Database\BaseConnection->query('INSERT INTO `saldos_docentes` (`idDocente`, `idTipoPermiso`, `fecha_inicio`, `fecha_fin`, `dias_ocupados`, `horas_ocupadas`, `fecha_creacion`) VALUES (:idDocente:, :idTipoPermiso:, :fecha_inicio:, :fecha_fin:, :dias_ocupados:, :horas_ocupadas:, :fecha_creacion:)', [...], false)
 5 SYSTEMPATH\Model.php(327): CodeIgniter\Database\BaseBuilder->insert()
 6 SYSTEMPATH\BaseModel.php(805): CodeIgniter\Model->doInsert([...])
 7 SYSTEMPATH\Model.php(749): CodeIgniter\BaseModel->insert([...], true)
 8 APPPATH\Models\SolicitudPermisoModel.php(64): CodeIgniter\Model->insert([...])
 9 APPPATH\Controllers\PermisoMagisterial.php(66): App\Models\SolicitudPermisoModel->createSolicitud([...])
10 SYSTEMPATH\CodeIgniter.php(943): App\Controllers\PermisoMagisterial->store()
11 SYSTEMPATH\CodeIgniter.php(503): CodeIgniter\CodeIgniter->runController(Object(App\Controllers\PermisoMagisterial))
12 SYSTEMPATH\CodeIgniter.php(361): CodeIgniter\CodeIgniter->handleRequest(null, Object(Config\Cache), false)
13 FCPATH\index.php(81): CodeIgniter\CodeIgniter->run()
INFO - 2024-08-01 03:45:36 --> Session: Class initialized using 'CodeIgniter\Session\Handlers\FileHandler' driver.
CRITICAL - 2024-08-01 03:45:36 --> ErrorException: Undefined array key "idTipoPermiso"
in APPPATH\Models\SolicitudPermisoModel.php on line 36.
 1 APPPATH\Models\SolicitudPermisoModel.php(36): CodeIgniter\Debug\Exceptions->errorHandler(2, 'Undefined array key "idTipoPermiso"', 'C:\\laragon\\www\\prueba\\SistemaControl\\app\\Models\\SolicitudPermisoModel.php', 36)
 2 APPPATH\Controllers\PermisoMagisterial.php(66): App\Models\SolicitudPermisoModel->createSolicitud([...])
 3 SYSTEMPATH\CodeIgniter.php(943): App\Controllers\PermisoMagisterial->store()
 4 SYSTEMPATH\CodeIgniter.php(503): CodeIgniter\CodeIgniter->runController(Object(App\Controllers\PermisoMagisterial))
 5 SYSTEMPATH\CodeIgniter.php(361): CodeIgniter\CodeIgniter->handleRequest(null, Object(Config\Cache), false)
 6 FCPATH\index.php(81): CodeIgniter\CodeIgniter->run()
INFO - 2024-08-01 03:49:26 --> Session: Class initialized using 'CodeIgniter\Session\Handlers\FileHandler' driver.
ERROR - 2024-08-01 03:49:26 --> mysqli_sql_exception: Unknown column 'idTipoPermiso' in 'field list' in C:\laragon\www\prueba\SistemaControl\vendor\codeigniter4\framework\system\Database\MySQLi\Connection.php:306
Stack trace:
#0 C:\laragon\www\prueba\SistemaControl\vendor\codeigniter4\framework\system\Database\MySQLi\Connection.php(306): mysqli->query('INSERT INTO `sa...', 0)
#1 C:\laragon\www\prueba\SistemaControl\vendor\codeigniter4\framework\system\Database\BaseConnection.php(693): CodeIgniter\Database\MySQLi\Connection->execute('INSERT INTO `sa...')
#2 C:\laragon\www\prueba\SistemaControl\vendor\codeigniter4\framework\system\Database\BaseConnection.php(607): CodeIgniter\Database\BaseConnection->simpleQuery('INSERT INTO `sa...')
#3 C:\laragon\www\prueba\SistemaControl\vendor\codeigniter4\framework\system\Database\BaseBuilder.php(2307): CodeIgniter\Database\BaseConnection->query('INSERT INTO `sa...', Array, false)
#4 C:\laragon\www\prueba\SistemaControl\vendor\codeigniter4\framework\system\Model.php(327): CodeIgniter\Database\BaseBuilder->insert()
#5 C:\laragon\www\prueba\SistemaControl\vendor\codeigniter4\framework\system\BaseModel.php(805): CodeIgniter\Model->doInsert(Array)
#6 C:\laragon\www\prueba\SistemaControl\vendor\codeigniter4\framework\system\Model.php(749): CodeIgniter\BaseModel->insert(Array, true)
#7 C:\laragon\www\prueba\SistemaControl\app\Models\SolicitudPermisoModel.php(69): CodeIgniter\Model->insert(Array)
#8 C:\laragon\www\prueba\SistemaControl\app\Controllers\PermisoMagisterial.php(66): App\Models\SolicitudPermisoModel->createSolicitud(Array)
#9 C:\laragon\www\prueba\SistemaControl\vendor\codeigniter4\framework\system\CodeIgniter.php(943): App\Controllers\PermisoMagisterial->store()
#10 C:\laragon\www\prueba\SistemaControl\vendor\codeigniter4\framework\system\CodeIgniter.php(503): CodeIgniter\CodeIgniter->runController(Object(App\Controllers\PermisoMagisterial))
#11 C:\laragon\www\prueba\SistemaControl\vendor\codeigniter4\framework\system\CodeIgniter.php(361): CodeIgniter\CodeIgniter->handleRequest(NULL, Object(Config\Cache), false)
#12 C:\laragon\www\prueba\SistemaControl\public\index.php(81): CodeIgniter\CodeIgniter->run()
#13 {main}
CRITICAL - 2024-08-01 03:49:26 --> CodeIgniter\Database\Exceptions\DatabaseException: Unknown column 'idTipoPermiso' in 'field list'
in SYSTEMPATH\Database\BaseConnection.php on line 647.
 1 SYSTEMPATH\Database\BaseBuilder.php(2307): CodeIgniter\Database\BaseConnection->query('INSERT INTO `saldos_docentes` (`idDocente`, `idTipoPermiso`, `fecha_inicio`, `fecha_fin`, `dias_ocupados`, `horas_ocupadas`, `fecha_creacion`) VALUES (:idDocente:, :idTipoPermiso:, :fecha_inicio:, :fecha_fin:, :dias_ocupados:, :horas_ocupadas:, :fecha_creacion:)', [...], false)
 2 SYSTEMPATH\Model.php(327): CodeIgniter\Database\BaseBuilder->insert()
 3 SYSTEMPATH\BaseModel.php(805): CodeIgniter\Model->doInsert([...])
 4 SYSTEMPATH\Model.php(749): CodeIgniter\BaseModel->insert([...], true)
 5 APPPATH\Models\SolicitudPermisoModel.php(69): CodeIgniter\Model->insert([...])
 6 APPPATH\Controllers\PermisoMagisterial.php(66): App\Models\SolicitudPermisoModel->createSolicitud([...])
 7 SYSTEMPATH\CodeIgniter.php(943): App\Controllers\PermisoMagisterial->store()
 8 SYSTEMPATH\CodeIgniter.php(503): CodeIgniter\CodeIgniter->runController(Object(App\Controllers\PermisoMagisterial))
 9 SYSTEMPATH\CodeIgniter.php(361): CodeIgniter\CodeIgniter->handleRequest(null, Object(Config\Cache), false)
10 FCPATH\index.php(81): CodeIgniter\CodeIgniter->run()
CRITICAL - 2024-08-01 03:49:26 --> [Caused by] CodeIgniter\Database\Exceptions\DatabaseException: Unknown column 'idTipoPermiso' in 'field list'
in SYSTEMPATH\Database\MySQLi\Connection.php on line 311.
 1 SYSTEMPATH\Database\BaseConnection.php(693): CodeIgniter\Database\MySQLi\Connection->execute('INSERT INTO `saldos_docentes` (`idDocente`, `idTipoPermiso`, `fecha_inicio`, `fecha_fin`, `dias_ocupados`, `horas_ocupadas`, `fecha_creacion`) VALUES (\'29\', \'7\', \'2024-08-01\', \'2024-08-02\', 2, 0, \'2024-08-01 03:49:26\')')
 2 SYSTEMPATH\Database\BaseConnection.php(607): CodeIgniter\Database\BaseConnection->simpleQuery('INSERT INTO `saldos_docentes` (`idDocente`, `idTipoPermiso`, `fecha_inicio`, `fecha_fin`, `dias_ocupados`, `horas_ocupadas`, `fecha_creacion`) VALUES (\'29\', \'7\', \'2024-08-01\', \'2024-08-02\', 2, 0, \'2024-08-01 03:49:26\')')
 3 SYSTEMPATH\Database\BaseBuilder.php(2307): CodeIgniter\Database\BaseConnection->query('INSERT INTO `saldos_docentes` (`idDocente`, `idTipoPermiso`, `fecha_inicio`, `fecha_fin`, `dias_ocupados`, `horas_ocupadas`, `fecha_creacion`) VALUES (:idDocente:, :idTipoPermiso:, :fecha_inicio:, :fecha_fin:, :dias_ocupados:, :horas_ocupadas:, :fecha_creacion:)', [...], false)
 4 SYSTEMPATH\Model.php(327): CodeIgniter\Database\BaseBuilder->insert()
 5 SYSTEMPATH\BaseModel.php(805): CodeIgniter\Model->doInsert([...])
 6 SYSTEMPATH\Model.php(749): CodeIgniter\BaseModel->insert([...], true)
 7 APPPATH\Models\SolicitudPermisoModel.php(69): CodeIgniter\Model->insert([...])
 8 APPPATH\Controllers\PermisoMagisterial.php(66): App\Models\SolicitudPermisoModel->createSolicitud([...])
 9 SYSTEMPATH\CodeIgniter.php(943): App\Controllers\PermisoMagisterial->store()
10 SYSTEMPATH\CodeIgniter.php(503): CodeIgniter\CodeIgniter->runController(Object(App\Controllers\PermisoMagisterial))
11 SYSTEMPATH\CodeIgniter.php(361): CodeIgniter\CodeIgniter->handleRequest(null, Object(Config\Cache), false)
12 FCPATH\index.php(81): CodeIgniter\CodeIgniter->run()
CRITICAL - 2024-08-01 03:49:26 --> [Caused by] mysqli_sql_exception: Unknown column 'idTipoPermiso' in 'field list'
in SYSTEMPATH\Database\MySQLi\Connection.php on line 306.
 1 SYSTEMPATH\Database\MySQLi\Connection.php(306): mysqli->query('INSERT INTO `saldos_docentes` (`idDocente`, `idTipoPermiso`, `fecha_inicio`, `fecha_fin`, `dias_ocupados`, `horas_ocupadas`, `fecha_creacion`) VALUES (\'29\', \'7\', \'2024-08-01\', \'2024-08-02\', 2, 0, \'2024-08-01 03:49:26\')', 0)
 2 SYSTEMPATH\Database\BaseConnection.php(693): CodeIgniter\Database\MySQLi\Connection->execute('INSERT INTO `saldos_docentes` (`idDocente`, `idTipoPermiso`, `fecha_inicio`, `fecha_fin`, `dias_ocupados`, `horas_ocupadas`, `fecha_creacion`) VALUES (\'29\', \'7\', \'2024-08-01\', \'2024-08-02\', 2, 0, \'2024-08-01 03:49:26\')')
 3 SYSTEMPATH\Database\BaseConnection.php(607): CodeIgniter\Database\BaseConnection->simpleQuery('INSERT INTO `saldos_docentes` (`idDocente`, `idTipoPermiso`, `fecha_inicio`, `fecha_fin`, `dias_ocupados`, `horas_ocupadas`, `fecha_creacion`) VALUES (\'29\', \'7\', \'2024-08-01\', \'2024-08-02\', 2, 0, \'2024-08-01 03:49:26\')')
 4 SYSTEMPATH\Database\BaseBuilder.php(2307): CodeIgniter\Database\BaseConnection->query('INSERT INTO `saldos_docentes` (`idDocente`, `idTipoPermiso`, `fecha_inicio`, `fecha_fin`, `dias_ocupados`, `horas_ocupadas`, `fecha_creacion`) VALUES (:idDocente:, :idTipoPermiso:, :fecha_inicio:, :fecha_fin:, :dias_ocupados:, :horas_ocupadas:, :fecha_creacion:)', [...], false)
 5 SYSTEMPATH\Model.php(327): CodeIgniter\Database\BaseBuilder->insert()
 6 SYSTEMPATH\BaseModel.php(805): CodeIgniter\Model->doInsert([...])
 7 SYSTEMPATH\Model.php(749): CodeIgniter\BaseModel->insert([...], true)
 8 APPPATH\Models\SolicitudPermisoModel.php(69): CodeIgniter\Model->insert([...])
 9 APPPATH\Controllers\PermisoMagisterial.php(66): App\Models\SolicitudPermisoModel->createSolicitud([...])
10 SYSTEMPATH\CodeIgniter.php(943): App\Controllers\PermisoMagisterial->store()
11 SYSTEMPATH\CodeIgniter.php(503): CodeIgniter\CodeIgniter->runController(Object(App\Controllers\PermisoMagisterial))
12 SYSTEMPATH\CodeIgniter.php(361): CodeIgniter\CodeIgniter->handleRequest(null, Object(Config\Cache), false)
13 FCPATH\index.php(81): CodeIgniter\CodeIgniter->run()
INFO - 2024-08-01 03:57:17 --> Session: Class initialized using 'CodeIgniter\Session\Handlers\FileHandler' driver.
CRITICAL - 2024-08-01 03:57:17 --> InvalidArgumentException: Falta el índice "idTipoPermiso" en los datos.
in APPPATH\Models\SolicitudPermisoModel.php on line 37.
 1 APPPATH\Controllers\PermisoMagisterial.php(66): App\Models\SolicitudPermisoModel->createSolicitud([...])
 2 SYSTEMPATH\CodeIgniter.php(943): App\Controllers\PermisoMagisterial->store()
 3 SYSTEMPATH\CodeIgniter.php(503): CodeIgniter\CodeIgniter->runController(Object(App\Controllers\PermisoMagisterial))
 4 SYSTEMPATH\CodeIgniter.php(361): CodeIgniter\CodeIgniter->handleRequest(null, Object(Config\Cache), false)
 5 FCPATH\index.php(81): CodeIgniter\CodeIgniter->run()
INFO - 2024-08-01 04:10:27 --> Session: Class initialized using 'CodeIgniter\Session\Handlers\FileHandler' driver.
ERROR - 2024-08-01 04:10:29 --> mysqli_sql_exception: Cannot add or update a child row: a foreign key constraint fails (`sistema_control`.`saldos_docentes`, CONSTRAINT `idDetallePermiso` FOREIGN KEY (`idDetallePermiso`) REFERENCES `detalle_saldos_tipopermiso` (`idDetallePermiso`)) in C:\laragon\www\prueba\SistemaControl\vendor\codeigniter4\framework\system\Database\MySQLi\Connection.php:306
Stack trace:
#0 C:\laragon\www\prueba\SistemaControl\vendor\codeigniter4\framework\system\Database\MySQLi\Connection.php(306): mysqli->query('INSERT INTO `sa...', 0)
#1 C:\laragon\www\prueba\SistemaControl\vendor\codeigniter4\framework\system\Database\BaseConnection.php(693): CodeIgniter\Database\MySQLi\Connection->execute('INSERT INTO `sa...')
#2 C:\laragon\www\prueba\SistemaControl\vendor\codeigniter4\framework\system\Database\BaseConnection.php(607): CodeIgniter\Database\BaseConnection->simpleQuery('INSERT INTO `sa...')
#3 C:\laragon\www\prueba\SistemaControl\vendor\codeigniter4\framework\system\Database\BaseBuilder.php(2307): CodeIgniter\Database\BaseConnection->query('INSERT INTO `sa...', Array, false)
#4 C:\laragon\www\prueba\SistemaControl\vendor\codeigniter4\framework\system\Model.php(327): CodeIgniter\Database\BaseBuilder->insert()
#5 C:\laragon\www\prueba\SistemaControl\vendor\codeigniter4\framework\system\BaseModel.php(805): CodeIgniter\Model->doInsert(Array)
#6 C:\laragon\www\prueba\SistemaControl\vendor\codeigniter4\framework\system\Model.php(749): CodeIgniter\BaseModel->insert(Array, true)
#7 C:\laragon\www\prueba\SistemaControl\app\Models\SolicitudPermisoModel.php(69): CodeIgniter\Model->insert(Array)
#8 C:\laragon\www\prueba\SistemaControl\app\Controllers\PermisoMagisterial.php(66): App\Models\SolicitudPermisoModel->createSolicitud(Array)
#9 C:\laragon\www\prueba\SistemaControl\vendor\codeigniter4\framework\system\CodeIgniter.php(943): App\Controllers\PermisoMagisterial->store()
#10 C:\laragon\www\prueba\SistemaControl\vendor\codeigniter4\framework\system\CodeIgniter.php(503): CodeIgniter\CodeIgniter->runController(Object(App\Controllers\PermisoMagisterial))
#11 C:\laragon\www\prueba\SistemaControl\vendor\codeigniter4\framework\system\CodeIgniter.php(361): CodeIgniter\CodeIgniter->handleRequest(NULL, Object(Config\Cache), false)
#12 C:\laragon\www\prueba\SistemaControl\public\index.php(81): CodeIgniter\CodeIgniter->run()
#13 {main}
CRITICAL - 2024-08-01 04:10:30 --> CodeIgniter\Database\Exceptions\DatabaseException: Cannot add or update a child row: a foreign key constraint fails (`sistema_control`.`saldos_docentes`, CONSTRAINT `idDetallePermiso` FOREIGN KEY (`idDetallePermiso`) REFERENCES `detalle_saldos_tipopermiso` (`idDetallePermiso`))
in SYSTEMPATH\Database\BaseConnection.php on line 647.
 1 SYSTEMPATH\Database\BaseBuilder.php(2307): CodeIgniter\Database\BaseConnection->query('INSERT INTO `saldos_docentes` (`idDocente`, `idDetallePermiso`, `saldo_total_dias`, `saldo_total_horas`, `fecha_inicio`, `fecha_fin`, `fecha_creacion`) VALUES (:idDocente:, :idDetallePermiso:, :saldo_total_dias:, :saldo_total_horas:, :fecha_inicio:, :fecha_fin:, :fecha_creacion:)', [...], false)
 2 SYSTEMPATH\Model.php(327): CodeIgniter\Database\BaseBuilder->insert()
 3 SYSTEMPATH\BaseModel.php(805): CodeIgniter\Model->doInsert([...])
 4 SYSTEMPATH\Model.php(749): CodeIgniter\BaseModel->insert([...], true)
 5 APPPATH\Models\SolicitudPermisoModel.php(69): CodeIgniter\Model->insert([...])
 6 APPPATH\Controllers\PermisoMagisterial.php(66): App\Models\SolicitudPermisoModel->createSolicitud([...])
 7 SYSTEMPATH\CodeIgniter.php(943): App\Controllers\PermisoMagisterial->store()
 8 SYSTEMPATH\CodeIgniter.php(503): CodeIgniter\CodeIgniter->runController(Object(App\Controllers\PermisoMagisterial))
 9 SYSTEMPATH\CodeIgniter.php(361): CodeIgniter\CodeIgniter->handleRequest(null, Object(Config\Cache), false)
10 FCPATH\index.php(81): CodeIgniter\CodeIgniter->run()
CRITICAL - 2024-08-01 04:10:30 --> [Caused by] CodeIgniter\Database\Exceptions\DatabaseException: Cannot add or update a child row: a foreign key constraint fails (`sistema_control`.`saldos_docentes`, CONSTRAINT `idDetallePermiso` FOREIGN KEY (`idDetallePermiso`) REFERENCES `detalle_saldos_tipopermiso` (`idDetallePermiso`))
in SYSTEMPATH\Database\MySQLi\Connection.php on line 311.
 1 SYSTEMPATH\Database\BaseConnection.php(693): CodeIgniter\Database\MySQLi\Connection->execute('INSERT INTO `saldos_docentes` (`idDocente`, `idDetallePermiso`, `saldo_total_dias`, `saldo_total_horas`, `fecha_inicio`, `fecha_fin`, `fecha_creacion`) VALUES (\'29\', \'7\', 2, 0, \'2024-08-01\', \'2024-08-02\', \'2024-08-01 04:10:27\')')
 2 SYSTEMPATH\Database\BaseConnection.php(607): CodeIgniter\Database\BaseConnection->simpleQuery('INSERT INTO `saldos_docentes` (`idDocente`, `idDetallePermiso`, `saldo_total_dias`, `saldo_total_horas`, `fecha_inicio`, `fecha_fin`, `fecha_creacion`) VALUES (\'29\', \'7\', 2, 0, \'2024-08-01\', \'2024-08-02\', \'2024-08-01 04:10:27\')')
 3 SYSTEMPATH\Database\BaseBuilder.php(2307): CodeIgniter\Database\BaseConnection->query('INSERT INTO `saldos_docentes` (`idDocente`, `idDetallePermiso`, `saldo_total_dias`, `saldo_total_horas`, `fecha_inicio`, `fecha_fin`, `fecha_creacion`) VALUES (:idDocente:, :idDetallePermiso:, :saldo_total_dias:, :saldo_total_horas:, :fecha_inicio:, :fecha_fin:, :fecha_creacion:)', [...], false)
 4 SYSTEMPATH\Model.php(327): CodeIgniter\Database\BaseBuilder->insert()
 5 SYSTEMPATH\BaseModel.php(805): CodeIgniter\Model->doInsert([...])
 6 SYSTEMPATH\Model.php(749): CodeIgniter\BaseModel->insert([...], true)
 7 APPPATH\Models\SolicitudPermisoModel.php(69): CodeIgniter\Model->insert([...])
 8 APPPATH\Controllers\PermisoMagisterial.php(66): App\Models\SolicitudPermisoModel->createSolicitud([...])
 9 SYSTEMPATH\CodeIgniter.php(943): App\Controllers\PermisoMagisterial->store()
10 SYSTEMPATH\CodeIgniter.php(503): CodeIgniter\CodeIgniter->runController(Object(App\Controllers\PermisoMagisterial))
11 SYSTEMPATH\CodeIgniter.php(361): CodeIgniter\CodeIgniter->handleRequest(null, Object(Config\Cache), false)
12 FCPATH\index.php(81): CodeIgniter\CodeIgniter->run()
CRITICAL - 2024-08-01 04:10:30 --> [Caused by] mysqli_sql_exception: Cannot add or update a child row: a foreign key constraint fails (`sistema_control`.`saldos_docentes`, CONSTRAINT `idDetallePermiso` FOREIGN KEY (`idDetallePermiso`) REFERENCES `detalle_saldos_tipopermiso` (`idDetallePermiso`))
in SYSTEMPATH\Database\MySQLi\Connection.php on line 306.
 1 SYSTEMPATH\Database\MySQLi\Connection.php(306): mysqli->query('INSERT INTO `saldos_docentes` (`idDocente`, `idDetallePermiso`, `saldo_total_dias`, `saldo_total_horas`, `fecha_inicio`, `fecha_fin`, `fecha_creacion`) VALUES (\'29\', \'7\', 2, 0, \'2024-08-01\', \'2024-08-02\', \'2024-08-01 04:10:27\')', 0)
 2 SYSTEMPATH\Database\BaseConnection.php(693): CodeIgniter\Database\MySQLi\Connection->execute('INSERT INTO `saldos_docentes` (`idDocente`, `idDetallePermiso`, `saldo_total_dias`, `saldo_total_horas`, `fecha_inicio`, `fecha_fin`, `fecha_creacion`) VALUES (\'29\', \'7\', 2, 0, \'2024-08-01\', \'2024-08-02\', \'2024-08-01 04:10:27\')')
 3 SYSTEMPATH\Database\BaseConnection.php(607): CodeIgniter\Database\BaseConnection->simpleQuery('INSERT INTO `saldos_docentes` (`idDocente`, `idDetallePermiso`, `saldo_total_dias`, `saldo_total_horas`, `fecha_inicio`, `fecha_fin`, `fecha_creacion`) VALUES (\'29\', \'7\', 2, 0, \'2024-08-01\', \'2024-08-02\', \'2024-08-01 04:10:27\')')
 4 SYSTEMPATH\Database\BaseBuilder.php(2307): CodeIgniter\Database\BaseConnection->query('INSERT INTO `saldos_docentes` (`idDocente`, `idDetallePermiso`, `saldo_total_dias`, `saldo_total_horas`, `fecha_inicio`, `fecha_fin`, `fecha_creacion`) VALUES (:idDocente:, :idDetallePermiso:, :saldo_total_dias:, :saldo_total_horas:, :fecha_inicio:, :fecha_fin:, :fecha_creacion:)', [...], false)
 5 SYSTEMPATH\Model.php(327): CodeIgniter\Database\BaseBuilder->insert()
 6 SYSTEMPATH\BaseModel.php(805): CodeIgniter\Model->doInsert([...])
 7 SYSTEMPATH\Model.php(749): CodeIgniter\BaseModel->insert([...], true)
 8 APPPATH\Models\SolicitudPermisoModel.php(69): CodeIgniter\Model->insert([...])
 9 APPPATH\Controllers\PermisoMagisterial.php(66): App\Models\SolicitudPermisoModel->createSolicitud([...])
10 SYSTEMPATH\CodeIgniter.php(943): App\Controllers\PermisoMagisterial->store()
11 SYSTEMPATH\CodeIgniter.php(503): CodeIgniter\CodeIgniter->runController(Object(App\Controllers\PermisoMagisterial))
12 SYSTEMPATH\CodeIgniter.php(361): CodeIgniter\CodeIgniter->handleRequest(null, Object(Config\Cache), false)
13 FCPATH\index.php(81): CodeIgniter\CodeIgniter->run()
INFO - 2024-08-01 04:19:24 --> Session: Class initialized using 'CodeIgniter\Session\Handlers\FileHandler' driver.
ERROR - 2024-08-01 04:19:25 --> mysqli_sql_exception: Cannot add or update a child row: a foreign key constraint fails (`sistema_control`.`saldos_docentes`, CONSTRAINT `idDetallePermiso` FOREIGN KEY (`idDetallePermiso`) REFERENCES `detalle_saldos_tipopermiso` (`idDetallePermiso`)) in C:\laragon\www\prueba\SistemaControl\vendor\codeigniter4\framework\system\Database\MySQLi\Connection.php:306
Stack trace:
#0 C:\laragon\www\prueba\SistemaControl\vendor\codeigniter4\framework\system\Database\MySQLi\Connection.php(306): mysqli->query('INSERT INTO `sa...', 0)
#1 C:\laragon\www\prueba\SistemaControl\vendor\codeigniter4\framework\system\Database\BaseConnection.php(693): CodeIgniter\Database\MySQLi\Connection->execute('INSERT INTO `sa...')
#2 C:\laragon\www\prueba\SistemaControl\vendor\codeigniter4\framework\system\Database\BaseConnection.php(607): CodeIgniter\Database\BaseConnection->simpleQuery('INSERT INTO `sa...')
#3 C:\laragon\www\prueba\SistemaControl\vendor\codeigniter4\framework\system\Database\BaseBuilder.php(2307): CodeIgniter\Database\BaseConnection->query('INSERT INTO `sa...', Array, false)
#4 C:\laragon\www\prueba\SistemaControl\vendor\codeigniter4\framework\system\Model.php(327): CodeIgniter\Database\BaseBuilder->insert()
#5 C:\laragon\www\prueba\SistemaControl\vendor\codeigniter4\framework\system\BaseModel.php(805): CodeIgniter\Model->doInsert(Array)
#6 C:\laragon\www\prueba\SistemaControl\vendor\codeigniter4\framework\system\Model.php(749): CodeIgniter\BaseModel->insert(Array, true)
#7 C:\laragon\www\prueba\SistemaControl\app\Models\SolicitudPermisoModel.php(69): CodeIgniter\Model->insert(Array)
#8 C:\laragon\www\prueba\SistemaControl\app\Controllers\PermisoMagisterial.php(66): App\Models\SolicitudPermisoModel->createSolicitud(Array)
#9 C:\laragon\www\prueba\SistemaControl\vendor\codeigniter4\framework\system\CodeIgniter.php(943): App\Controllers\PermisoMagisterial->store()
#10 C:\laragon\www\prueba\SistemaControl\vendor\codeigniter4\framework\system\CodeIgniter.php(503): CodeIgniter\CodeIgniter->runController(Object(App\Controllers\PermisoMagisterial))
#11 C:\laragon\www\prueba\SistemaControl\vendor\codeigniter4\framework\system\CodeIgniter.php(361): CodeIgniter\CodeIgniter->handleRequest(NULL, Object(Config\Cache), false)
#12 C:\laragon\www\prueba\SistemaControl\public\index.php(81): CodeIgniter\CodeIgniter->run()
#13 {main}
CRITICAL - 2024-08-01 04:19:25 --> CodeIgniter\Database\Exceptions\DatabaseException: Cannot add or update a child row: a foreign key constraint fails (`sistema_control`.`saldos_docentes`, CONSTRAINT `idDetallePermiso` FOREIGN KEY (`idDetallePermiso`) REFERENCES `detalle_saldos_tipopermiso` (`idDetallePermiso`))
in SYSTEMPATH\Database\BaseConnection.php on line 647.
 1 SYSTEMPATH\Database\BaseBuilder.php(2307): CodeIgniter\Database\BaseConnection->query('INSERT INTO `saldos_docentes` (`idDocente`, `idDetallePermiso`, `saldo_total_dias`, `saldo_total_horas`, `fecha_inicio`, `fecha_fin`, `fecha_creacion`) VALUES (:idDocente:, :idDetallePermiso:, :saldo_total_dias:, :saldo_total_horas:, :fecha_inicio:, :fecha_fin:, :fecha_creacion:)', [...], false)
 2 SYSTEMPATH\Model.php(327): CodeIgniter\Database\BaseBuilder->insert()
 3 SYSTEMPATH\BaseModel.php(805): CodeIgniter\Model->doInsert([...])
 4 SYSTEMPATH\Model.php(749): CodeIgniter\BaseModel->insert([...], true)
 5 APPPATH\Models\SolicitudPermisoModel.php(69): CodeIgniter\Model->insert([...])
 6 APPPATH\Controllers\PermisoMagisterial.php(66): App\Models\SolicitudPermisoModel->createSolicitud([...])
 7 SYSTEMPATH\CodeIgniter.php(943): App\Controllers\PermisoMagisterial->store()
 8 SYSTEMPATH\CodeIgniter.php(503): CodeIgniter\CodeIgniter->runController(Object(App\Controllers\PermisoMagisterial))
 9 SYSTEMPATH\CodeIgniter.php(361): CodeIgniter\CodeIgniter->handleRequest(null, Object(Config\Cache), false)
10 FCPATH\index.php(81): CodeIgniter\CodeIgniter->run()
CRITICAL - 2024-08-01 04:19:25 --> [Caused by] CodeIgniter\Database\Exceptions\DatabaseException: Cannot add or update a child row: a foreign key constraint fails (`sistema_control`.`saldos_docentes`, CONSTRAINT `idDetallePermiso` FOREIGN KEY (`idDetallePermiso`) REFERENCES `detalle_saldos_tipopermiso` (`idDetallePermiso`))
in SYSTEMPATH\Database\MySQLi\Connection.php on line 311.
 1 SYSTEMPATH\Database\BaseConnection.php(693): CodeIgniter\Database\MySQLi\Connection->execute('INSERT INTO `saldos_docentes` (`idDocente`, `idDetallePermiso`, `saldo_total_dias`, `saldo_total_horas`, `fecha_inicio`, `fecha_fin`, `fecha_creacion`) VALUES (\'29\', \'7\', 2, 0, \'2024-08-01\', \'2024-08-02\', \'2024-08-01 04:19:24\')')
 2 SYSTEMPATH\Database\BaseConnection.php(607): CodeIgniter\Database\BaseConnection->simpleQuery('INSERT INTO `saldos_docentes` (`idDocente`, `idDetallePermiso`, `saldo_total_dias`, `saldo_total_horas`, `fecha_inicio`, `fecha_fin`, `fecha_creacion`) VALUES (\'29\', \'7\', 2, 0, \'2024-08-01\', \'2024-08-02\', \'2024-08-01 04:19:24\')')
 3 SYSTEMPATH\Database\BaseBuilder.php(2307): CodeIgniter\Database\BaseConnection->query('INSERT INTO `saldos_docentes` (`idDocente`, `idDetallePermiso`, `saldo_total_dias`, `saldo_total_horas`, `fecha_inicio`, `fecha_fin`, `fecha_creacion`) VALUES (:idDocente:, :idDetallePermiso:, :saldo_total_dias:, :saldo_total_horas:, :fecha_inicio:, :fecha_fin:, :fecha_creacion:)', [...], false)
 4 SYSTEMPATH\Model.php(327): CodeIgniter\Database\BaseBuilder->insert()
 5 SYSTEMPATH\BaseModel.php(805): CodeIgniter\Model->doInsert([...])
 6 SYSTEMPATH\Model.php(749): CodeIgniter\BaseModel->insert([...], true)
 7 APPPATH\Models\SolicitudPermisoModel.php(69): CodeIgniter\Model->insert([...])
 8 APPPATH\Controllers\PermisoMagisterial.php(66): App\Models\SolicitudPermisoModel->createSolicitud([...])
 9 SYSTEMPATH\CodeIgniter.php(943): App\Controllers\PermisoMagisterial->store()
10 SYSTEMPATH\CodeIgniter.php(503): CodeIgniter\CodeIgniter->runController(Object(App\Controllers\PermisoMagisterial))
11 SYSTEMPATH\CodeIgniter.php(361): CodeIgniter\CodeIgniter->handleRequest(null, Object(Config\Cache), false)
12 FCPATH\index.php(81): CodeIgniter\CodeIgniter->run()
CRITICAL - 2024-08-01 04:19:25 --> [Caused by] mysqli_sql_exception: Cannot add or update a child row: a foreign key constraint fails (`sistema_control`.`saldos_docentes`, CONSTRAINT `idDetallePermiso` FOREIGN KEY (`idDetallePermiso`) REFERENCES `detalle_saldos_tipopermiso` (`idDetallePermiso`))
in SYSTEMPATH\Database\MySQLi\Connection.php on line 306.
 1 SYSTEMPATH\Database\MySQLi\Connection.php(306): mysqli->query('INSERT INTO `saldos_docentes` (`idDocente`, `idDetallePermiso`, `saldo_total_dias`, `saldo_total_horas`, `fecha_inicio`, `fecha_fin`, `fecha_creacion`) VALUES (\'29\', \'7\', 2, 0, \'2024-08-01\', \'2024-08-02\', \'2024-08-01 04:19:24\')', 0)
 2 SYSTEMPATH\Database\BaseConnection.php(693): CodeIgniter\Database\MySQLi\Connection->execute('INSERT INTO `saldos_docentes` (`idDocente`, `idDetallePermiso`, `saldo_total_dias`, `saldo_total_horas`, `fecha_inicio`, `fecha_fin`, `fecha_creacion`) VALUES (\'29\', \'7\', 2, 0, \'2024-08-01\', \'2024-08-02\', \'2024-08-01 04:19:24\')')
 3 SYSTEMPATH\Database\BaseConnection.php(607): CodeIgniter\Database\BaseConnection->simpleQuery('INSERT INTO `saldos_docentes` (`idDocente`, `idDetallePermiso`, `saldo_total_dias`, `saldo_total_horas`, `fecha_inicio`, `fecha_fin`, `fecha_creacion`) VALUES (\'29\', \'7\', 2, 0, \'2024-08-01\', \'2024-08-02\', \'2024-08-01 04:19:24\')')
 4 SYSTEMPATH\Database\BaseBuilder.php(2307): CodeIgniter\Database\BaseConnection->query('INSERT INTO `saldos_docentes` (`idDocente`, `idDetallePermiso`, `saldo_total_dias`, `saldo_total_horas`, `fecha_inicio`, `fecha_fin`, `fecha_creacion`) VALUES (:idDocente:, :idDetallePermiso:, :saldo_total_dias:, :saldo_total_horas:, :fecha_inicio:, :fecha_fin:, :fecha_creacion:)', [...], false)
 5 SYSTEMPATH\Model.php(327): CodeIgniter\Database\BaseBuilder->insert()
 6 SYSTEMPATH\BaseModel.php(805): CodeIgniter\Model->doInsert([...])
 7 SYSTEMPATH\Model.php(749): CodeIgniter\BaseModel->insert([...], true)
 8 APPPATH\Models\SolicitudPermisoModel.php(69): CodeIgniter\Model->insert([...])
 9 APPPATH\Controllers\PermisoMagisterial.php(66): App\Models\SolicitudPermisoModel->createSolicitud([...])
10 SYSTEMPATH\CodeIgniter.php(943): App\Controllers\PermisoMagisterial->store()
11 SYSTEMPATH\CodeIgniter.php(503): CodeIgniter\CodeIgniter->runController(Object(App\Controllers\PermisoMagisterial))
12 SYSTEMPATH\CodeIgniter.php(361): CodeIgniter\CodeIgniter->handleRequest(null, Object(Config\Cache), false)
13 FCPATH\index.php(81): CodeIgniter\CodeIgniter->run()
INFO - 2024-08-01 04:29:43 --> Session: Class initialized using 'CodeIgniter\Session\Handlers\FileHandler' driver.
ERROR - 2024-08-01 04:29:43 --> mysqli_sql_exception: Cannot add or update a child row: a foreign key constraint fails (`sistema_control`.`saldos_docentes`, CONSTRAINT `idDetallePermiso` FOREIGN KEY (`idDetallePermiso`) REFERENCES `detalle_saldos_tipopermiso` (`idDetallePermiso`)) in C:\laragon\www\prueba\SistemaControl\vendor\codeigniter4\framework\system\Database\MySQLi\Connection.php:306
Stack trace:
#0 C:\laragon\www\prueba\SistemaControl\vendor\codeigniter4\framework\system\Database\MySQLi\Connection.php(306): mysqli->query('INSERT INTO `sa...', 0)
#1 C:\laragon\www\prueba\SistemaControl\vendor\codeigniter4\framework\system\Database\BaseConnection.php(693): CodeIgniter\Database\MySQLi\Connection->execute('INSERT INTO `sa...')
#2 C:\laragon\www\prueba\SistemaControl\vendor\codeigniter4\framework\system\Database\BaseConnection.php(607): CodeIgniter\Database\BaseConnection->simpleQuery('INSERT INTO `sa...')
#3 C:\laragon\www\prueba\SistemaControl\vendor\codeigniter4\framework\system\Database\BaseBuilder.php(2307): CodeIgniter\Database\BaseConnection->query('INSERT INTO `sa...', Array, false)
#4 C:\laragon\www\prueba\SistemaControl\vendor\codeigniter4\framework\system\Model.php(327): CodeIgniter\Database\BaseBuilder->insert()
#5 C:\laragon\www\prueba\SistemaControl\vendor\codeigniter4\framework\system\BaseModel.php(805): CodeIgniter\Model->doInsert(Array)
#6 C:\laragon\www\prueba\SistemaControl\vendor\codeigniter4\framework\system\Model.php(749): CodeIgniter\BaseModel->insert(Array, true)
#7 C:\laragon\www\prueba\SistemaControl\app\Models\SolicitudPermisoModel.php(69): CodeIgniter\Model->insert(Array)
#8 C:\laragon\www\prueba\SistemaControl\app\Controllers\PermisoMagisterial.php(66): App\Models\SolicitudPermisoModel->createSolicitud(Array)
#9 C:\laragon\www\prueba\SistemaControl\vendor\codeigniter4\framework\system\CodeIgniter.php(943): App\Controllers\PermisoMagisterial->store()
#10 C:\laragon\www\prueba\SistemaControl\vendor\codeigniter4\framework\system\CodeIgniter.php(503): CodeIgniter\CodeIgniter->runController(Object(App\Controllers\PermisoMagisterial))
#11 C:\laragon\www\prueba\SistemaControl\vendor\codeigniter4\framework\system\CodeIgniter.php(361): CodeIgniter\CodeIgniter->handleRequest(NULL, Object(Config\Cache), false)
#12 C:\laragon\www\prueba\SistemaControl\public\index.php(81): CodeIgniter\CodeIgniter->run()
#13 {main}
CRITICAL - 2024-08-01 04:29:43 --> CodeIgniter\Database\Exceptions\DatabaseException: Cannot add or update a child row: a foreign key constraint fails (`sistema_control`.`saldos_docentes`, CONSTRAINT `idDetallePermiso` FOREIGN KEY (`idDetallePermiso`) REFERENCES `detalle_saldos_tipopermiso` (`idDetallePermiso`))
in SYSTEMPATH\Database\BaseConnection.php on line 647.
 1 SYSTEMPATH\Database\BaseBuilder.php(2307): CodeIgniter\Database\BaseConnection->query('INSERT INTO `saldos_docentes` (`idDocente`, `idDetallePermiso`, `saldo_total_dias`, `saldo_total_horas`, `fecha_inicio`, `fecha_fin`, `fecha_creacion`) VALUES (:idDocente:, :idDetallePermiso:, :saldo_total_dias:, :saldo_total_horas:, :fecha_inicio:, :fecha_fin:, :fecha_creacion:)', [...], false)
 2 SYSTEMPATH\Model.php(327): CodeIgniter\Database\BaseBuilder->insert()
 3 SYSTEMPATH\BaseModel.php(805): CodeIgniter\Model->doInsert([...])
 4 SYSTEMPATH\Model.php(749): CodeIgniter\BaseModel->insert([...], true)
 5 APPPATH\Models\SolicitudPermisoModel.php(69): CodeIgniter\Model->insert([...])
 6 APPPATH\Controllers\PermisoMagisterial.php(66): App\Models\SolicitudPermisoModel->createSolicitud([...])
 7 SYSTEMPATH\CodeIgniter.php(943): App\Controllers\PermisoMagisterial->store()
 8 SYSTEMPATH\CodeIgniter.php(503): CodeIgniter\CodeIgniter->runController(Object(App\Controllers\PermisoMagisterial))
 9 SYSTEMPATH\CodeIgniter.php(361): CodeIgniter\CodeIgniter->handleRequest(null, Object(Config\Cache), false)
10 FCPATH\index.php(81): CodeIgniter\CodeIgniter->run()
CRITICAL - 2024-08-01 04:29:43 --> [Caused by] CodeIgniter\Database\Exceptions\DatabaseException: Cannot add or update a child row: a foreign key constraint fails (`sistema_control`.`saldos_docentes`, CONSTRAINT `idDetallePermiso` FOREIGN KEY (`idDetallePermiso`) REFERENCES `detalle_saldos_tipopermiso` (`idDetallePermiso`))
in SYSTEMPATH\Database\MySQLi\Connection.php on line 311.
 1 SYSTEMPATH\Database\BaseConnection.php(693): CodeIgniter\Database\MySQLi\Connection->execute('INSERT INTO `saldos_docentes` (`idDocente`, `idDetallePermiso`, `saldo_total_dias`, `saldo_total_horas`, `fecha_inicio`, `fecha_fin`, `fecha_creacion`) VALUES (\'29\', \'7\', 2, 0, \'2024-08-01\', \'2024-08-02\', \'2024-08-01 04:29:43\')')
 2 SYSTEMPATH\Database\BaseConnection.php(607): CodeIgniter\Database\BaseConnection->simpleQuery('INSERT INTO `saldos_docentes` (`idDocente`, `idDetallePermiso`, `saldo_total_dias`, `saldo_total_horas`, `fecha_inicio`, `fecha_fin`, `fecha_creacion`) VALUES (\'29\', \'7\', 2, 0, \'2024-08-01\', \'2024-08-02\', \'2024-08-01 04:29:43\')')
 3 SYSTEMPATH\Database\BaseBuilder.php(2307): CodeIgniter\Database\BaseConnection->query('INSERT INTO `saldos_docentes` (`idDocente`, `idDetallePermiso`, `saldo_total_dias`, `saldo_total_horas`, `fecha_inicio`, `fecha_fin`, `fecha_creacion`) VALUES (:idDocente:, :idDetallePermiso:, :saldo_total_dias:, :saldo_total_horas:, :fecha_inicio:, :fecha_fin:, :fecha_creacion:)', [...], false)
 4 SYSTEMPATH\Model.php(327): CodeIgniter\Database\BaseBuilder->insert()
 5 SYSTEMPATH\BaseModel.php(805): CodeIgniter\Model->doInsert([...])
 6 SYSTEMPATH\Model.php(749): CodeIgniter\BaseModel->insert([...], true)
 7 APPPATH\Models\SolicitudPermisoModel.php(69): CodeIgniter\Model->insert([...])
 8 APPPATH\Controllers\PermisoMagisterial.php(66): App\Models\SolicitudPermisoModel->createSolicitud([...])
 9 SYSTEMPATH\CodeIgniter.php(943): App\Controllers\PermisoMagisterial->store()
10 SYSTEMPATH\CodeIgniter.php(503): CodeIgniter\CodeIgniter->runController(Object(App\Controllers\PermisoMagisterial))
11 SYSTEMPATH\CodeIgniter.php(361): CodeIgniter\CodeIgniter->handleRequest(null, Object(Config\Cache), false)
12 FCPATH\index.php(81): CodeIgniter\CodeIgniter->run()
CRITICAL - 2024-08-01 04:29:43 --> [Caused by] mysqli_sql_exception: Cannot add or update a child row: a foreign key constraint fails (`sistema_control`.`saldos_docentes`, CONSTRAINT `idDetallePermiso` FOREIGN KEY (`idDetallePermiso`) REFERENCES `detalle_saldos_tipopermiso` (`idDetallePermiso`))
in SYSTEMPATH\Database\MySQLi\Connection.php on line 306.
 1 SYSTEMPATH\Database\MySQLi\Connection.php(306): mysqli->query('INSERT INTO `saldos_docentes` (`idDocente`, `idDetallePermiso`, `saldo_total_dias`, `saldo_total_horas`, `fecha_inicio`, `fecha_fin`, `fecha_creacion`) VALUES (\'29\', \'7\', 2, 0, \'2024-08-01\', \'2024-08-02\', \'2024-08-01 04:29:43\')', 0)
 2 SYSTEMPATH\Database\BaseConnection.php(693): CodeIgniter\Database\MySQLi\Connection->execute('INSERT INTO `saldos_docentes` (`idDocente`, `idDetallePermiso`, `saldo_total_dias`, `saldo_total_horas`, `fecha_inicio`, `fecha_fin`, `fecha_creacion`) VALUES (\'29\', \'7\', 2, 0, \'2024-08-01\', \'2024-08-02\', \'2024-08-01 04:29:43\')')
 3 SYSTEMPATH\Database\BaseConnection.php(607): CodeIgniter\Database\BaseConnection->simpleQuery('INSERT INTO `saldos_docentes` (`idDocente`, `idDetallePermiso`, `saldo_total_dias`, `saldo_total_horas`, `fecha_inicio`, `fecha_fin`, `fecha_creacion`) VALUES (\'29\', \'7\', 2, 0, \'2024-08-01\', \'2024-08-02\', \'2024-08-01 04:29:43\')')
 4 SYSTEMPATH\Database\BaseBuilder.php(2307): CodeIgniter\Database\BaseConnection->query('INSERT INTO `saldos_docentes` (`idDocente`, `idDetallePermiso`, `saldo_total_dias`, `saldo_total_horas`, `fecha_inicio`, `fecha_fin`, `fecha_creacion`) VALUES (:idDocente:, :idDetallePermiso:, :saldo_total_dias:, :saldo_total_horas:, :fecha_inicio:, :fecha_fin:, :fecha_creacion:)', [...], false)
 5 SYSTEMPATH\Model.php(327): CodeIgniter\Database\BaseBuilder->insert()
 6 SYSTEMPATH\BaseModel.php(805): CodeIgniter\Model->doInsert([...])
 7 SYSTEMPATH\Model.php(749): CodeIgniter\BaseModel->insert([...], true)
 8 APPPATH\Models\SolicitudPermisoModel.php(69): CodeIgniter\Model->insert([...])
 9 APPPATH\Controllers\PermisoMagisterial.php(66): App\Models\SolicitudPermisoModel->createSolicitud([...])
10 SYSTEMPATH\CodeIgniter.php(943): App\Controllers\PermisoMagisterial->store()
11 SYSTEMPATH\CodeIgniter.php(503): CodeIgniter\CodeIgniter->runController(Object(App\Controllers\PermisoMagisterial))
12 SYSTEMPATH\CodeIgniter.php(361): CodeIgniter\CodeIgniter->handleRequest(null, Object(Config\Cache), false)
13 FCPATH\index.php(81): CodeIgniter\CodeIgniter->run()
