INFO - 2024-09-18 16:55:54 --> Session: Class initialized using 'CodeIgniter\Session\Handlers\FileHandler' driver.
INFO - 2024-09-18 16:55:58 --> Session: Class initialized using 'CodeIgniter\Session\Handlers\FileHandler' driver.
INFO - 2024-09-18 16:55:58 --> Session: Class initialized using 'CodeIgniter\Session\Handlers\FileHandler' driver.
INFO - 2024-09-18 16:56:14 --> Session: Class initialized using 'CodeIgniter\Session\Handlers\FileHandler' driver.
INFO - 2024-09-18 16:56:19 --> Session: Class initialized using 'CodeIgniter\Session\Handlers\FileHandler' driver.
INFO - 2024-09-18 16:56:22 --> Session: Class initialized using 'CodeIgniter\Session\Handlers\FileHandler' driver.
INFO - 2024-09-18 16:56:23 --> Session: Class initialized using 'CodeIgniter\Session\Handlers\FileHandler' driver.
INFO - 2024-09-18 16:56:27 --> Session: Class initialized using 'CodeIgniter\Session\Handlers\FileHandler' driver.
INFO - 2024-09-18 16:56:36 --> Session: Class initialized using 'CodeIgniter\Session\Handlers\FileHandler' driver.
INFO - 2024-09-18 16:56:43 --> Session: Class initialized using 'CodeIgniter\Session\Handlers\FileHandler' driver.
INFO - 2024-09-18 16:56:49 --> Session: Class initialized using 'CodeIgniter\Session\Handlers\FileHandler' driver.
INFO - 2024-09-18 16:56:50 --> Session: Class initialized using 'CodeIgniter\Session\Handlers\FileHandler' driver.
INFO - 2024-09-18 17:01:42 --> Session: Class initialized using 'CodeIgniter\Session\Handlers\FileHandler' driver.
INFO - 2024-09-18 17:01:49 --> Session: Class initialized using 'CodeIgniter\Session\Handlers\FileHandler' driver.
INFO - 2024-09-18 17:01:58 --> Session: Class initialized using 'CodeIgniter\Session\Handlers\FileHandler' driver.
DEBUG - 2024-09-18 17:02:09 --> Datos del docente a actualizar: {"nombreCompleto":"Misael Rodriguez","nip":"98766790","escalafon":"456790","fechaIngreso":"2021-01-01","estado":"Activo","tipo":"Docente","cargo":null,"idGrado":"7"}
INFO - 2024-09-18 17:02:11 --> Session: Class initialized using 'CodeIgniter\Session\Handlers\FileHandler' driver.
INFO - 2024-09-18 17:02:13 --> Session: Class initialized using 'CodeIgniter\Session\Handlers\FileHandler' driver.
INFO - 2024-09-18 17:05:27 --> Session: Class initialized using 'CodeIgniter\Session\Handlers\FileHandler' driver.
DEBUG - 2024-09-18 17:06:04 --> Método store() llamado
DEBUG - 2024-09-18 17:06:04 --> Datos del docente: {"nombreCompleto":"Mateo Rodriguez","nip":"87557","escalafon":"85678","fechaIngreso":"2021-02-01","estado":"Activo","tipo":"Administrativo","cargo":"Otro"}
INFO - 2024-09-18 17:06:04 --> Session: Class initialized using 'CodeIgniter\Session\Handlers\FileHandler' driver.
INFO - 2024-09-18 17:06:06 --> Session: Class initialized using 'CodeIgniter\Session\Handlers\FileHandler' driver.
DEBUG - 2024-09-18 17:06:16 --> Método store() llamado
ERROR - 2024-09-18 17:06:17 --> Errores de validación: {"nip":"The nip field must contain a unique value.","escalafon":"The escalafon field must contain a unique value."}
DEBUG - 2024-09-18 17:08:55 --> Método store() llamado
DEBUG - 2024-09-18 17:08:56 --> Datos del docente: {"nombreCompleto":"Mateo Rodriguez","nip":"875579","escalafon":"856789","fechaIngreso":"2021-02-01","estado":"Activo","tipo":"Administrativo","cargo":"Otro"}
INFO - 2024-09-18 17:08:56 --> Session: Class initialized using 'CodeIgniter\Session\Handlers\FileHandler' driver.
INFO - 2024-09-18 17:08:57 --> Session: Class initialized using 'CodeIgniter\Session\Handlers\FileHandler' driver.
DEBUG - 2024-09-18 17:09:19 --> Método store() llamado
DEBUG - 2024-09-18 17:09:19 --> Datos del docente: {"nombreCompleto":"Mateo Rodriguez","nip":"875570","escalafon":"856780","fechaIngreso":"2021-02-01","estado":"Activo","tipo":"Administrativo","cargo":"Otro"}
INFO - 2024-09-18 17:09:19 --> Session: Class initialized using 'CodeIgniter\Session\Handlers\FileHandler' driver.
INFO - 2024-09-18 17:09:20 --> Session: Class initialized using 'CodeIgniter\Session\Handlers\FileHandler' driver.
DEBUG - 2024-09-18 17:18:16 --> Método store() llamado
DEBUG - 2024-09-18 17:18:17 --> Datos del docente: {"nombreCompleto":"Mateo Rodriguez","nip":"8755701","escalafon":"8567801","fechaIngreso":"2021-02-01","estado":"Activo","tipo":"Administrativo","cargo":"Otro"}
INFO - 2024-09-18 17:18:17 --> Session: Class initialized using 'CodeIgniter\Session\Handlers\FileHandler' driver.
INFO - 2024-09-18 17:18:17 --> Session: Class initialized using 'CodeIgniter\Session\Handlers\FileHandler' driver.
INFO - 2024-09-18 17:18:21 --> Session: Class initialized using 'CodeIgniter\Session\Handlers\FileHandler' driver.
INFO - 2024-09-18 17:18:28 --> Session: Class initialized using 'CodeIgniter\Session\Handlers\FileHandler' driver.
INFO - 2024-09-18 17:22:54 --> Session: Class initialized using 'CodeIgniter\Session\Handlers\FileHandler' driver.
INFO - 2024-09-18 17:22:59 --> Session: Class initialized using 'CodeIgniter\Session\Handlers\FileHandler' driver.
DEBUG - 2024-09-18 17:23:07 --> Datos del docente a actualizar: {"nombreCompleto":"Maria Rodriguez","nip":"8755701","escalafon":"8567801","fechaIngreso":"2021-02-01","estado":"Activo","tipo":"Administrativo","cargo":"Otro","idGrado":null}
INFO - 2024-09-18 17:23:08 --> Session: Class initialized using 'CodeIgniter\Session\Handlers\FileHandler' driver.
INFO - 2024-09-18 17:23:09 --> Session: Class initialized using 'CodeIgniter\Session\Handlers\FileHandler' driver.
INFO - 2024-09-18 17:23:18 --> Session: Class initialized using 'CodeIgniter\Session\Handlers\FileHandler' driver.
INFO - 2024-09-18 17:25:41 --> Session: Class initialized using 'CodeIgniter\Session\Handlers\FileHandler' driver.
DEBUG - 2024-09-18 17:26:16 --> Método store() llamado
DEBUG - 2024-09-18 17:26:16 --> Datos del docente: {"nombreCompleto":"Carlos Lopez","nip":"23220","escalafon":"2320","fechaIngreso":"2021-10-01","estado":"Activo","tipo":"Administrativo","cargo":"Otro"}
INFO - 2024-09-18 17:26:16 --> Session: Class initialized using 'CodeIgniter\Session\Handlers\FileHandler' driver.
INFO - 2024-09-18 17:26:16 --> Session: Class initialized using 'CodeIgniter\Session\Handlers\FileHandler' driver.
INFO - 2024-09-18 17:44:40 --> Session: Class initialized using 'CodeIgniter\Session\Handlers\FileHandler' driver.
DEBUG - 2024-09-18 17:45:08 --> Método store() llamado
DEBUG - 2024-09-18 17:45:09 --> Datos del docente: {"nombreCompleto":"Sonia Perez","nip":"23209","escalafon":"30990","fechaIngreso":"2021-01-01","estado":"Activo","tipo":"Administrativo","cargo":"Otro"}
DEBUG - 2024-09-18 17:54:04 --> Método store() llamado
DEBUG - 2024-09-18 17:54:05 --> Datos del docente: {"nombreCompleto":"Sonia Perez","nip":"23203","escalafon":"30992","fechaIngreso":"2021-01-01","estado":"Activo","tipo":"Administrativo","cargo":"Otro"}
INFO - 2024-09-18 17:54:05 --> Session: Class initialized using 'CodeIgniter\Session\Handlers\FileHandler' driver.
INFO - 2024-09-18 17:54:10 --> Session: Class initialized using 'CodeIgniter\Session\Handlers\FileHandler' driver.
DEBUG - 2024-09-18 17:55:23 --> Método store() llamado
DEBUG - 2024-09-18 17:55:23 --> Datos del docente: {"nombreCompleto":"Maribel Rodriguez","nip":"838839","escalafon":"93980","fechaIngreso":"2020-01-01","estado":"Activo","tipo":"Administrativo","cargo":"Otro"}
INFO - 2024-09-18 17:55:23 --> Session: Class initialized using 'CodeIgniter\Session\Handlers\FileHandler' driver.
INFO - 2024-09-18 18:01:26 --> Session: Class initialized using 'CodeIgniter\Session\Handlers\FileHandler' driver.
INFO - 2024-09-18 18:01:35 --> Session: Class initialized using 'CodeIgniter\Session\Handlers\FileHandler' driver.
DEBUG - 2024-09-18 18:01:58 --> Método store() llamado
DEBUG - 2024-09-18 18:01:59 --> Datos del docente: {"nombreCompleto":"Denis Orellana","nip":"34663","escalafon":"36434","fechaIngreso":"2020-02-01","estado":"Activo","tipo":"Administrativo","cargo":"Otro"}
INFO - 2024-09-18 18:01:59 --> Session: Class initialized using 'CodeIgniter\Session\Handlers\FileHandler' driver.
DEBUG - 2024-09-18 18:09:42 --> Método store() llamado
ERROR - 2024-09-18 18:09:43 --> Errores de validación: {"nip":"The nip field must contain a unique value.","escalafon":"The escalafon field must contain a unique value."}
DEBUG - 2024-09-18 18:09:52 --> Método store() llamado
ERROR - 2024-09-18 18:09:52 --> Errores de validación: {"nip":"The nip field must contain a unique value.","escalafon":"The escalafon field must contain a unique value."}
DEBUG - 2024-09-18 18:10:06 --> Método store() llamado
DEBUG - 2024-09-18 18:10:06 --> Datos del docente: {"nombreCompleto":"Denis Orellana","nip":"34660","escalafon":"36430","fechaIngreso":"2020-02-01","estado":"Activo","tipo":"Administrativo","cargo":"Otro"}
INFO - 2024-09-18 18:10:07 --> Session: Class initialized using 'CodeIgniter\Session\Handlers\FileHandler' driver.
INFO - 2024-09-18 18:10:07 --> Session: Class initialized using 'CodeIgniter\Session\Handlers\FileHandler' driver.
DEBUG - 2024-09-18 18:12:59 --> Método store() llamado
DEBUG - 2024-09-18 18:12:59 --> Datos del docente: {"nombreCompleto":"Denis Orellana","nip":"34662","escalafon":"364301","fechaIngreso":"2020-02-01","estado":"Activo","tipo":"Administrativo","cargo":"Otro"}
INFO - 2024-09-18 18:12:59 --> Session: Class initialized using 'CodeIgniter\Session\Handlers\FileHandler' driver.
DEBUG - 2024-09-18 18:13:20 --> Método store() llamado
DEBUG - 2024-09-18 18:13:20 --> Datos del docente: {"nombreCompleto":"Denis Orellana","nip":"346621","escalafon":"3643010","fechaIngreso":"2020-02-01","estado":"Activo","tipo":"Administrativo","cargo":"Otro"}
INFO - 2024-09-18 18:13:20 --> Session: Class initialized using 'CodeIgniter\Session\Handlers\FileHandler' driver.
INFO - 2024-09-18 18:15:24 --> Session: Class initialized using 'CodeIgniter\Session\Handlers\FileHandler' driver.
INFO - 2024-09-18 18:16:10 --> Session: Class initialized using 'CodeIgniter\Session\Handlers\FileHandler' driver.
INFO - 2024-09-18 18:16:13 --> Session: Class initialized using 'CodeIgniter\Session\Handlers\FileHandler' driver.
INFO - 2024-09-18 18:22:25 --> Session: Class initialized using 'CodeIgniter\Session\Handlers\FileHandler' driver.
INFO - 2024-09-18 18:22:29 --> Session: Class initialized using 'CodeIgniter\Session\Handlers\FileHandler' driver.
DEBUG - 2024-09-18 18:22:52 --> Método store() llamado
DEBUG - 2024-09-18 18:22:52 --> Datos del docente: {"nombreCompleto":"Eduardo Lopez","nip":"3425","escalafon":"262","fechaIngreso":"2020-01-01","estado":"Activo","tipo":"Administrativo","cargo":"Otro"}
INFO - 2024-09-18 18:22:52 --> Session: Class initialized using 'CodeIgniter\Session\Handlers\FileHandler' driver.
CRITICAL - 2024-09-18 18:22:52 --> Error: Call to undefined method CodeIgniter\Session\Session::to()
in APPPATH\Controllers\Maestros.php on line 230.
 1 SYSTEMPATH\CodeIgniter.php(943): App\Controllers\Maestros->store()
 2 SYSTEMPATH\CodeIgniter.php(503): CodeIgniter\CodeIgniter->runController(Object(App\Controllers\Maestros))
 3 SYSTEMPATH\CodeIgniter.php(361): CodeIgniter\CodeIgniter->handleRequest(null, Object(Config\Cache), false)
 4 FCPATH\index.php(81): CodeIgniter\CodeIgniter->run()
DEBUG - 2024-09-18 18:23:16 --> Método store() llamado
ERROR - 2024-09-18 18:23:16 --> Errores de validación: {"nip":"The nip field must contain a unique value.","escalafon":"The escalafon field must contain a unique value."}
DEBUG - 2024-09-18 18:23:22 --> Método store() llamado
ERROR - 2024-09-18 18:23:22 --> Errores de validación: {"nip":"The nip field must contain a unique value.","escalafon":"The escalafon field must contain a unique value."}
INFO - 2024-09-18 18:24:22 --> Session: Class initialized using 'CodeIgniter\Session\Handlers\FileHandler' driver.
INFO - 2024-09-18 18:24:26 --> Session: Class initialized using 'CodeIgniter\Session\Handlers\FileHandler' driver.
INFO - 2024-09-18 18:33:21 --> Session: Class initialized using 'CodeIgniter\Session\Handlers\FileHandler' driver.
INFO - 2024-09-18 18:33:31 --> Session: Class initialized using 'CodeIgniter\Session\Handlers\FileHandler' driver.
DEBUG - 2024-09-18 18:33:55 --> Método store() llamado
DEBUG - 2024-09-18 18:33:55 --> Datos del docente: {"nombreCompleto":"Renata Gomez","nip":"325235","escalafon":"25235","fechaIngreso":"2020-01-01","estado":"Activo","tipo":"Administrativo","cargo":"Otro"}
INFO - 2024-09-18 18:33:55 --> Session: Class initialized using 'CodeIgniter\Session\Handlers\FileHandler' driver.
INFO - 2024-09-18 18:33:56 --> Session: Class initialized using 'CodeIgniter\Session\Handlers\FileHandler' driver.
DEBUG - 2024-09-18 18:35:47 --> Método store() llamado
ERROR - 2024-09-18 18:35:48 --> Errores de validación: {"nip":"The nip field must contain a unique value.","escalafon":"The escalafon field must contain a unique value."}
INFO - 2024-09-18 18:35:54 --> Session: Class initialized using 'CodeIgniter\Session\Handlers\FileHandler' driver.
INFO - 2024-09-18 18:35:57 --> Session: Class initialized using 'CodeIgniter\Session\Handlers\FileHandler' driver.
INFO - 2024-09-18 19:36:50 --> Session: Class initialized using 'CodeIgniter\Session\Handlers\FileHandler' driver.
INFO - 2024-09-18 19:36:50 --> Session: Class initialized using 'CodeIgniter\Session\Handlers\FileHandler' driver.
CRITICAL - 2024-09-18 19:38:51 --> ArgumentCountError: Too few arguments to function App\Controllers\Maestros::delete(), 0 passed in C:\laragon\www\prueba\SistemaControl\vendor\codeigniter4\framework\system\CodeIgniter.php on line 943 and exactly 1 expected
in APPPATH\Controllers\Maestros.php on line 365.
 1 SYSTEMPATH\CodeIgniter.php(943): App\Controllers\Maestros->delete()
 2 SYSTEMPATH\CodeIgniter.php(503): CodeIgniter\CodeIgniter->runController(Object(App\Controllers\Maestros))
 3 SYSTEMPATH\CodeIgniter.php(361): CodeIgniter\CodeIgniter->handleRequest(null, Object(Config\Cache), false)
 4 FCPATH\index.php(81): CodeIgniter\CodeIgniter->run()
INFO - 2024-09-18 19:44:03 --> Session: Class initialized using 'CodeIgniter\Session\Handlers\FileHandler' driver.
CRITICAL - 2024-09-18 19:44:11 --> ArgumentCountError: Too few arguments to function App\Controllers\Maestros::delete(), 0 passed in C:\laragon\www\prueba\SistemaControl\vendor\codeigniter4\framework\system\CodeIgniter.php on line 943 and exactly 1 expected
in APPPATH\Controllers\Maestros.php on line 365.
 1 SYSTEMPATH\CodeIgniter.php(943): App\Controllers\Maestros->delete()
 2 SYSTEMPATH\CodeIgniter.php(503): CodeIgniter\CodeIgniter->runController(Object(App\Controllers\Maestros))
 3 SYSTEMPATH\CodeIgniter.php(361): CodeIgniter\CodeIgniter->handleRequest(null, Object(Config\Cache), false)
 4 FCPATH\index.php(81): CodeIgniter\CodeIgniter->run()
INFO - 2024-09-18 19:44:53 --> Session: Class initialized using 'CodeIgniter\Session\Handlers\FileHandler' driver.
CRITICAL - 2024-09-18 19:44:53 --> ErrorException: Undefined variable $docente
in APPPATH\Views\maestros\index.php on line 108.
 1 APPPATH\Views\maestros\index.php(108): CodeIgniter\Debug\Exceptions->errorHandler(2, 'Undefined variable $docente', 'C:\\laragon\\www\\prueba\\SistemaControl\\app\\Views\\maestros\\index.php', 108)
 2 SYSTEMPATH\View\View.php(228): include('C:\\laragon\\www\\prueba\\SistemaControl\\app\\Views\\maestros\\index.php')
 3 SYSTEMPATH\View\View.php(231): CodeIgniter\View\View->CodeIgniter\View\{closure}()
 4 SYSTEMPATH\Common.php(1178): CodeIgniter\View\View->render('maestros/index', [], true)
 5 APPPATH\Controllers\Maestros.php(60): view('maestros/index', [...])
 6 SYSTEMPATH\CodeIgniter.php(943): App\Controllers\Maestros->index()
 7 SYSTEMPATH\CodeIgniter.php(503): CodeIgniter\CodeIgniter->runController(Object(App\Controllers\Maestros))
 8 SYSTEMPATH\CodeIgniter.php(361): CodeIgniter\CodeIgniter->handleRequest(null, Object(Config\Cache), false)
 9 FCPATH\index.php(81): CodeIgniter\CodeIgniter->run()
INFO - 2024-09-18 19:45:23 --> Session: Class initialized using 'CodeIgniter\Session\Handlers\FileHandler' driver.
CRITICAL - 2024-09-18 19:45:32 --> ArgumentCountError: Too few arguments to function App\Controllers\Maestros::delete(), 0 passed in C:\laragon\www\prueba\SistemaControl\vendor\codeigniter4\framework\system\CodeIgniter.php on line 943 and exactly 1 expected
in APPPATH\Controllers\Maestros.php on line 365.
 1 SYSTEMPATH\CodeIgniter.php(943): App\Controllers\Maestros->delete()
 2 SYSTEMPATH\CodeIgniter.php(503): CodeIgniter\CodeIgniter->runController(Object(App\Controllers\Maestros))
 3 SYSTEMPATH\CodeIgniter.php(361): CodeIgniter\CodeIgniter->handleRequest(null, Object(Config\Cache), false)
 4 FCPATH\index.php(81): CodeIgniter\CodeIgniter->run()
INFO - 2024-09-18 19:50:30 --> Session: Class initialized using 'CodeIgniter\Session\Handlers\FileHandler' driver.
ERROR - 2024-09-18 19:50:41 --> mysqli_sql_exception: Table 'sistema_control.docente_grado' doesn't exist in C:\laragon\www\prueba\SistemaControl\vendor\codeigniter4\framework\system\Database\MySQLi\Connection.php:306
Stack trace:
#0 C:\laragon\www\prueba\SistemaControl\vendor\codeigniter4\framework\system\Database\MySQLi\Connection.php(306): mysqli->query('DELETE FROM `do...', 0)
#1 C:\laragon\www\prueba\SistemaControl\vendor\codeigniter4\framework\system\Database\BaseConnection.php(693): CodeIgniter\Database\MySQLi\Connection->execute('DELETE FROM `do...')
#2 C:\laragon\www\prueba\SistemaControl\vendor\codeigniter4\framework\system\Database\BaseConnection.php(607): CodeIgniter\Database\BaseConnection->simpleQuery('DELETE FROM `do...')
#3 C:\laragon\www\prueba\SistemaControl\vendor\codeigniter4\framework\system\Database\BaseBuilder.php(2787): CodeIgniter\Database\BaseConnection->query('DELETE FROM `do...', Array, false)
#4 C:\laragon\www\prueba\SistemaControl\vendor\codeigniter4\framework\system\Model.php(454): CodeIgniter\Database\BaseBuilder->delete()
#5 C:\laragon\www\prueba\SistemaControl\vendor\codeigniter4\framework\system\BaseModel.php(1120): CodeIgniter\Model->doDelete(NULL, false)
#6 C:\laragon\www\prueba\SistemaControl\app\Controllers\Maestros.php(382): CodeIgniter\BaseModel->delete()
#7 C:\laragon\www\prueba\SistemaControl\vendor\codeigniter4\framework\system\CodeIgniter.php(943): App\Controllers\Maestros->delete()
#8 C:\laragon\www\prueba\SistemaControl\vendor\codeigniter4\framework\system\CodeIgniter.php(503): CodeIgniter\CodeIgniter->runController(Object(App\Controllers\Maestros))
#9 C:\laragon\www\prueba\SistemaControl\vendor\codeigniter4\framework\system\CodeIgniter.php(361): CodeIgniter\CodeIgniter->handleRequest(NULL, Object(Config\Cache), false)
#10 C:\laragon\www\prueba\SistemaControl\public\index.php(81): CodeIgniter\CodeIgniter->run()
#11 {main}
ERROR - 2024-09-18 19:50:53 --> mysqli_sql_exception: Table 'sistema_control.docente_grado' doesn't exist in C:\laragon\www\prueba\SistemaControl\vendor\codeigniter4\framework\system\Database\MySQLi\Connection.php:306
Stack trace:
#0 C:\laragon\www\prueba\SistemaControl\vendor\codeigniter4\framework\system\Database\MySQLi\Connection.php(306): mysqli->query('DELETE FROM `do...', 0)
#1 C:\laragon\www\prueba\SistemaControl\vendor\codeigniter4\framework\system\Database\BaseConnection.php(693): CodeIgniter\Database\MySQLi\Connection->execute('DELETE FROM `do...')
#2 C:\laragon\www\prueba\SistemaControl\vendor\codeigniter4\framework\system\Database\BaseConnection.php(607): CodeIgniter\Database\BaseConnection->simpleQuery('DELETE FROM `do...')
#3 C:\laragon\www\prueba\SistemaControl\vendor\codeigniter4\framework\system\Database\BaseBuilder.php(2787): CodeIgniter\Database\BaseConnection->query('DELETE FROM `do...', Array, false)
#4 C:\laragon\www\prueba\SistemaControl\vendor\codeigniter4\framework\system\Model.php(454): CodeIgniter\Database\BaseBuilder->delete()
#5 C:\laragon\www\prueba\SistemaControl\vendor\codeigniter4\framework\system\BaseModel.php(1120): CodeIgniter\Model->doDelete(NULL, false)
#6 C:\laragon\www\prueba\SistemaControl\app\Controllers\Maestros.php(382): CodeIgniter\BaseModel->delete()
#7 C:\laragon\www\prueba\SistemaControl\vendor\codeigniter4\framework\system\CodeIgniter.php(943): App\Controllers\Maestros->delete()
#8 C:\laragon\www\prueba\SistemaControl\vendor\codeigniter4\framework\system\CodeIgniter.php(503): CodeIgniter\CodeIgniter->runController(Object(App\Controllers\Maestros))
#9 C:\laragon\www\prueba\SistemaControl\vendor\codeigniter4\framework\system\CodeIgniter.php(361): CodeIgniter\CodeIgniter->handleRequest(NULL, Object(Config\Cache), false)
#10 C:\laragon\www\prueba\SistemaControl\public\index.php(81): CodeIgniter\CodeIgniter->run()
#11 {main}
ERROR - 2024-09-18 19:51:34 --> mysqli_sql_exception: Table 'sistema_control.docente_grado' doesn't exist in C:\laragon\www\prueba\SistemaControl\vendor\codeigniter4\framework\system\Database\MySQLi\Connection.php:306
Stack trace:
#0 C:\laragon\www\prueba\SistemaControl\vendor\codeigniter4\framework\system\Database\MySQLi\Connection.php(306): mysqli->query('DELETE FROM `do...', 0)
#1 C:\laragon\www\prueba\SistemaControl\vendor\codeigniter4\framework\system\Database\BaseConnection.php(693): CodeIgniter\Database\MySQLi\Connection->execute('DELETE FROM `do...')
#2 C:\laragon\www\prueba\SistemaControl\vendor\codeigniter4\framework\system\Database\BaseConnection.php(607): CodeIgniter\Database\BaseConnection->simpleQuery('DELETE FROM `do...')
#3 C:\laragon\www\prueba\SistemaControl\vendor\codeigniter4\framework\system\Database\BaseBuilder.php(2787): CodeIgniter\Database\BaseConnection->query('DELETE FROM `do...', Array, false)
#4 C:\laragon\www\prueba\SistemaControl\vendor\codeigniter4\framework\system\Model.php(454): CodeIgniter\Database\BaseBuilder->delete()
#5 C:\laragon\www\prueba\SistemaControl\vendor\codeigniter4\framework\system\BaseModel.php(1120): CodeIgniter\Model->doDelete(NULL, false)
#6 C:\laragon\www\prueba\SistemaControl\app\Controllers\Maestros.php(382): CodeIgniter\BaseModel->delete()
#7 C:\laragon\www\prueba\SistemaControl\vendor\codeigniter4\framework\system\CodeIgniter.php(943): App\Controllers\Maestros->delete()
#8 C:\laragon\www\prueba\SistemaControl\vendor\codeigniter4\framework\system\CodeIgniter.php(503): CodeIgniter\CodeIgniter->runController(Object(App\Controllers\Maestros))
#9 C:\laragon\www\prueba\SistemaControl\vendor\codeigniter4\framework\system\CodeIgniter.php(361): CodeIgniter\CodeIgniter->handleRequest(NULL, Object(Config\Cache), false)
#10 C:\laragon\www\prueba\SistemaControl\public\index.php(81): CodeIgniter\CodeIgniter->run()
#11 {main}
ERROR - 2024-09-18 19:52:19 --> mysqli_sql_exception: Table 'sistema_control.docente_grado' doesn't exist in C:\laragon\www\prueba\SistemaControl\vendor\codeigniter4\framework\system\Database\MySQLi\Connection.php:306
Stack trace:
#0 C:\laragon\www\prueba\SistemaControl\vendor\codeigniter4\framework\system\Database\MySQLi\Connection.php(306): mysqli->query('DELETE FROM `do...', 0)
#1 C:\laragon\www\prueba\SistemaControl\vendor\codeigniter4\framework\system\Database\BaseConnection.php(693): CodeIgniter\Database\MySQLi\Connection->execute('DELETE FROM `do...')
#2 C:\laragon\www\prueba\SistemaControl\vendor\codeigniter4\framework\system\Database\BaseConnection.php(607): CodeIgniter\Database\BaseConnection->simpleQuery('DELETE FROM `do...')
#3 C:\laragon\www\prueba\SistemaControl\vendor\codeigniter4\framework\system\Database\BaseBuilder.php(2787): CodeIgniter\Database\BaseConnection->query('DELETE FROM `do...', Array, false)
#4 C:\laragon\www\prueba\SistemaControl\vendor\codeigniter4\framework\system\Model.php(454): CodeIgniter\Database\BaseBuilder->delete()
#5 C:\laragon\www\prueba\SistemaControl\vendor\codeigniter4\framework\system\BaseModel.php(1120): CodeIgniter\Model->doDelete(NULL, false)
#6 C:\laragon\www\prueba\SistemaControl\app\Controllers\Maestros.php(382): CodeIgniter\BaseModel->delete()
#7 C:\laragon\www\prueba\SistemaControl\vendor\codeigniter4\framework\system\CodeIgniter.php(943): App\Controllers\Maestros->delete()
#8 C:\laragon\www\prueba\SistemaControl\vendor\codeigniter4\framework\system\CodeIgniter.php(503): CodeIgniter\CodeIgniter->runController(Object(App\Controllers\Maestros))
#9 C:\laragon\www\prueba\SistemaControl\vendor\codeigniter4\framework\system\CodeIgniter.php(361): CodeIgniter\CodeIgniter->handleRequest(NULL, Object(Config\Cache), false)
#10 C:\laragon\www\prueba\SistemaControl\public\index.php(81): CodeIgniter\CodeIgniter->run()
#11 {main}
ERROR - 2024-09-18 19:52:27 --> mysqli_sql_exception: Table 'sistema_control.docente_grado' doesn't exist in C:\laragon\www\prueba\SistemaControl\vendor\codeigniter4\framework\system\Database\MySQLi\Connection.php:306
Stack trace:
#0 C:\laragon\www\prueba\SistemaControl\vendor\codeigniter4\framework\system\Database\MySQLi\Connection.php(306): mysqli->query('DELETE FROM `do...', 0)
#1 C:\laragon\www\prueba\SistemaControl\vendor\codeigniter4\framework\system\Database\BaseConnection.php(693): CodeIgniter\Database\MySQLi\Connection->execute('DELETE FROM `do...')
#2 C:\laragon\www\prueba\SistemaControl\vendor\codeigniter4\framework\system\Database\BaseConnection.php(607): CodeIgniter\Database\BaseConnection->simpleQuery('DELETE FROM `do...')
#3 C:\laragon\www\prueba\SistemaControl\vendor\codeigniter4\framework\system\Database\BaseBuilder.php(2787): CodeIgniter\Database\BaseConnection->query('DELETE FROM `do...', Array, false)
#4 C:\laragon\www\prueba\SistemaControl\vendor\codeigniter4\framework\system\Model.php(454): CodeIgniter\Database\BaseBuilder->delete()
#5 C:\laragon\www\prueba\SistemaControl\vendor\codeigniter4\framework\system\BaseModel.php(1120): CodeIgniter\Model->doDelete(NULL, false)
#6 C:\laragon\www\prueba\SistemaControl\app\Controllers\Maestros.php(382): CodeIgniter\BaseModel->delete()
#7 C:\laragon\www\prueba\SistemaControl\vendor\codeigniter4\framework\system\CodeIgniter.php(943): App\Controllers\Maestros->delete()
#8 C:\laragon\www\prueba\SistemaControl\vendor\codeigniter4\framework\system\CodeIgniter.php(503): CodeIgniter\CodeIgniter->runController(Object(App\Controllers\Maestros))
#9 C:\laragon\www\prueba\SistemaControl\vendor\codeigniter4\framework\system\CodeIgniter.php(361): CodeIgniter\CodeIgniter->handleRequest(NULL, Object(Config\Cache), false)
#10 C:\laragon\www\prueba\SistemaControl\public\index.php(81): CodeIgniter\CodeIgniter->run()
#11 {main}
INFO - 2024-09-18 19:53:56 --> Session: Class initialized using 'CodeIgniter\Session\Handlers\FileHandler' driver.
DEBUG - 2024-09-18 19:54:01 --> Eliminando datos del saldo personal para ID: 117
ERROR - 2024-09-18 19:54:02 --> mysqli_sql_exception: Table 'sistema_control.docente_grado' doesn't exist in C:\laragon\www\prueba\SistemaControl\vendor\codeigniter4\framework\system\Database\MySQLi\Connection.php:306
Stack trace:
#0 C:\laragon\www\prueba\SistemaControl\vendor\codeigniter4\framework\system\Database\MySQLi\Connection.php(306): mysqli->query('DELETE FROM `do...', 0)
#1 C:\laragon\www\prueba\SistemaControl\vendor\codeigniter4\framework\system\Database\BaseConnection.php(693): CodeIgniter\Database\MySQLi\Connection->execute('DELETE FROM `do...')
#2 C:\laragon\www\prueba\SistemaControl\vendor\codeigniter4\framework\system\Database\BaseConnection.php(607): CodeIgniter\Database\BaseConnection->simpleQuery('DELETE FROM `do...')
#3 C:\laragon\www\prueba\SistemaControl\vendor\codeigniter4\framework\system\Database\BaseBuilder.php(2787): CodeIgniter\Database\BaseConnection->query('DELETE FROM `do...', Array, false)
#4 C:\laragon\www\prueba\SistemaControl\vendor\codeigniter4\framework\system\Model.php(454): CodeIgniter\Database\BaseBuilder->delete()
#5 C:\laragon\www\prueba\SistemaControl\vendor\codeigniter4\framework\system\BaseModel.php(1120): CodeIgniter\Model->doDelete(NULL, false)
#6 C:\laragon\www\prueba\SistemaControl\app\Controllers\Maestros.php(379): CodeIgniter\BaseModel->delete()
#7 C:\laragon\www\prueba\SistemaControl\vendor\codeigniter4\framework\system\CodeIgniter.php(943): App\Controllers\Maestros->delete()
#8 C:\laragon\www\prueba\SistemaControl\vendor\codeigniter4\framework\system\CodeIgniter.php(503): CodeIgniter\CodeIgniter->runController(Object(App\Controllers\Maestros))
#9 C:\laragon\www\prueba\SistemaControl\vendor\codeigniter4\framework\system\CodeIgniter.php(361): CodeIgniter\CodeIgniter->handleRequest(NULL, Object(Config\Cache), false)
#10 C:\laragon\www\prueba\SistemaControl\public\index.php(81): CodeIgniter\CodeIgniter->run()
#11 {main}
INFO - 2024-09-18 19:56:40 --> Session: Class initialized using 'CodeIgniter\Session\Handlers\FileHandler' driver.
ERROR - 2024-09-18 19:56:48 --> mysqli_sql_exception: Table 'sistema_control.docente_grado' doesn't exist in C:\laragon\www\prueba\SistemaControl\vendor\codeigniter4\framework\system\Database\MySQLi\Connection.php:306
Stack trace:
#0 C:\laragon\www\prueba\SistemaControl\vendor\codeigniter4\framework\system\Database\MySQLi\Connection.php(306): mysqli->query('DELETE FROM `do...', 0)
#1 C:\laragon\www\prueba\SistemaControl\vendor\codeigniter4\framework\system\Database\BaseConnection.php(693): CodeIgniter\Database\MySQLi\Connection->execute('DELETE FROM `do...')
#2 C:\laragon\www\prueba\SistemaControl\vendor\codeigniter4\framework\system\Database\BaseConnection.php(607): CodeIgniter\Database\BaseConnection->simpleQuery('DELETE FROM `do...')
#3 C:\laragon\www\prueba\SistemaControl\vendor\codeigniter4\framework\system\Database\BaseBuilder.php(2787): CodeIgniter\Database\BaseConnection->query('DELETE FROM `do...', Array, false)
#4 C:\laragon\www\prueba\SistemaControl\vendor\codeigniter4\framework\system\Model.php(454): CodeIgniter\Database\BaseBuilder->delete()
#5 C:\laragon\www\prueba\SistemaControl\vendor\codeigniter4\framework\system\BaseModel.php(1120): CodeIgniter\Model->doDelete(NULL, false)
#6 C:\laragon\www\prueba\SistemaControl\app\Controllers\Maestros.php(382): CodeIgniter\BaseModel->delete()
#7 C:\laragon\www\prueba\SistemaControl\vendor\codeigniter4\framework\system\CodeIgniter.php(943): App\Controllers\Maestros->delete()
#8 C:\laragon\www\prueba\SistemaControl\vendor\codeigniter4\framework\system\CodeIgniter.php(503): CodeIgniter\CodeIgniter->runController(Object(App\Controllers\Maestros))
#9 C:\laragon\www\prueba\SistemaControl\vendor\codeigniter4\framework\system\CodeIgniter.php(361): CodeIgniter\CodeIgniter->handleRequest(NULL, Object(Config\Cache), false)
#10 C:\laragon\www\prueba\SistemaControl\public\index.php(81): CodeIgniter\CodeIgniter->run()
#11 {main}
INFO - 2024-09-18 19:58:27 --> Session: Class initialized using 'CodeIgniter\Session\Handlers\FileHandler' driver.
ERROR - 2024-09-18 19:58:38 --> mysqli_sql_exception: Table 'sistema_control.docente_grado' doesn't exist in C:\laragon\www\prueba\SistemaControl\vendor\codeigniter4\framework\system\Database\MySQLi\Connection.php:306
Stack trace:
#0 C:\laragon\www\prueba\SistemaControl\vendor\codeigniter4\framework\system\Database\MySQLi\Connection.php(306): mysqli->query('DELETE FROM `do...', 0)
#1 C:\laragon\www\prueba\SistemaControl\vendor\codeigniter4\framework\system\Database\BaseConnection.php(693): CodeIgniter\Database\MySQLi\Connection->execute('DELETE FROM `do...')
#2 C:\laragon\www\prueba\SistemaControl\vendor\codeigniter4\framework\system\Database\BaseConnection.php(607): CodeIgniter\Database\BaseConnection->simpleQuery('DELETE FROM `do...')
#3 C:\laragon\www\prueba\SistemaControl\vendor\codeigniter4\framework\system\Database\BaseBuilder.php(2787): CodeIgniter\Database\BaseConnection->query('DELETE FROM `do...', Array, false)
#4 C:\laragon\www\prueba\SistemaControl\vendor\codeigniter4\framework\system\Model.php(454): CodeIgniter\Database\BaseBuilder->delete()
#5 C:\laragon\www\prueba\SistemaControl\vendor\codeigniter4\framework\system\BaseModel.php(1120): CodeIgniter\Model->doDelete(NULL, false)
#6 C:\laragon\www\prueba\SistemaControl\app\Controllers\Maestros.php(381): CodeIgniter\BaseModel->delete()
#7 C:\laragon\www\prueba\SistemaControl\vendor\codeigniter4\framework\system\CodeIgniter.php(943): App\Controllers\Maestros->delete()
#8 C:\laragon\www\prueba\SistemaControl\vendor\codeigniter4\framework\system\CodeIgniter.php(503): CodeIgniter\CodeIgniter->runController(Object(App\Controllers\Maestros))
#9 C:\laragon\www\prueba\SistemaControl\vendor\codeigniter4\framework\system\CodeIgniter.php(361): CodeIgniter\CodeIgniter->handleRequest(NULL, Object(Config\Cache), false)
#10 C:\laragon\www\prueba\SistemaControl\public\index.php(81): CodeIgniter\CodeIgniter->run()
#11 {main}
INFO - 2024-09-18 20:03:39 --> Session: Class initialized using 'CodeIgniter\Session\Handlers\FileHandler' driver.
INFO - 2024-09-18 20:14:09 --> Session: Class initialized using 'CodeIgniter\Session\Handlers\FileHandler' driver.
INFO - 2024-09-18 20:17:27 --> Session: Class initialized using 'CodeIgniter\Session\Handlers\FileHandler' driver.
INFO - 2024-09-18 20:17:44 --> Session: Class initialized using 'CodeIgniter\Session\Handlers\FileHandler' driver.
INFO - 2024-09-18 20:18:24 --> Session: Class initialized using 'CodeIgniter\Session\Handlers\FileHandler' driver.
INFO - 2024-09-18 20:18:28 --> Session: Class initialized using 'CodeIgniter\Session\Handlers\FileHandler' driver.
INFO - 2024-09-18 20:21:04 --> Session: Class initialized using 'CodeIgniter\Session\Handlers\FileHandler' driver.
INFO - 2024-09-18 20:24:06 --> Session: Class initialized using 'CodeIgniter\Session\Handlers\FileHandler' driver.
INFO - 2024-09-18 20:29:41 --> Session: Class initialized using 'CodeIgniter\Session\Handlers\FileHandler' driver.
DEBUG - 2024-09-18 20:29:53 --> Datos del docente a actualizar: {"nombreCompleto":"Flor Maria Hernandez","nip":"37823","escalafon":"42642","fechaIngreso":"2020-01-01","estado":"Activo","tipo":"Administrativo","cargo":"Otro","idGrado":null}
INFO - 2024-09-18 20:29:53 --> Session: Class initialized using 'CodeIgniter\Session\Handlers\FileHandler' driver.
INFO - 2024-09-18 20:29:54 --> Session: Class initialized using 'CodeIgniter\Session\Handlers\FileHandler' driver.
INFO - 2024-09-18 20:44:50 --> Session: Class initialized using 'CodeIgniter\Session\Handlers\FileHandler' driver.
INFO - 2024-09-18 20:44:54 --> Session: Class initialized using 'CodeIgniter\Session\Handlers\FileHandler' driver.
INFO - 2024-09-18 20:45:02 --> Session: Class initialized using 'CodeIgniter\Session\Handlers\FileHandler' driver.
DEBUG - 2024-09-18 20:45:10 --> Datos del docente a actualizar: {"nombreCompleto":"Sonia Sofia Perez","nip":"23203","escalafon":"30992","fechaIngreso":"2021-01-01","estado":"Activo","tipo":"Administrativo","cargo":"Otro","idGrado":null}
INFO - 2024-09-18 20:45:13 --> Session: Class initialized using 'CodeIgniter\Session\Handlers\FileHandler' driver.
INFO - 2024-09-18 20:49:55 --> Session: Class initialized using 'CodeIgniter\Session\Handlers\FileHandler' driver.
INFO - 2024-09-18 20:49:59 --> Session: Class initialized using 'CodeIgniter\Session\Handlers\FileHandler' driver.
INFO - 2024-09-18 20:50:05 --> Session: Class initialized using 'CodeIgniter\Session\Handlers\FileHandler' driver.
DEBUG - 2024-09-18 20:50:11 --> Datos del docente a actualizar: {"nombreCompleto":"Sonia Sofia Perez","nip":"232030","escalafon":"30992","fechaIngreso":"2021-01-01","estado":"Activo","tipo":"Administrativo","cargo":"Otro","idGrado":null}
INFO - 2024-09-18 20:50:11 --> Session: Class initialized using 'CodeIgniter\Session\Handlers\FileHandler' driver.
INFO - 2024-09-18 20:50:12 --> Session: Class initialized using 'CodeIgniter\Session\Handlers\FileHandler' driver.
INFO - 2024-09-18 20:50:33 --> Session: Class initialized using 'CodeIgniter\Session\Handlers\FileHandler' driver.
DEBUG - 2024-09-18 20:50:37 --> Datos del docente a actualizar: {"nombreCompleto":"Sonia Sofia Perez","nip":"232030","escalafon":"30992","fechaIngreso":"2021-01-01","estado":"Activo","tipo":"Administrativo","cargo":"Otro","idGrado":null}
INFO - 2024-09-18 20:50:37 --> Session: Class initialized using 'CodeIgniter\Session\Handlers\FileHandler' driver.
INFO - 2024-09-18 20:50:37 --> Session: Class initialized using 'CodeIgniter\Session\Handlers\FileHandler' driver.
INFO - 2024-09-18 20:50:47 --> Session: Class initialized using 'CodeIgniter\Session\Handlers\FileHandler' driver.
DEBUG - 2024-09-18 20:50:50 --> Datos del docente a actualizar: {"nombreCompleto":"Sonia Sofia Perez","nip":"232030","escalafon":"30992","fechaIngreso":"2021-01-01","estado":"Activo","tipo":"Administrativo","cargo":"Otro","idGrado":null}
INFO - 2024-09-18 20:50:53 --> Session: Class initialized using 'CodeIgniter\Session\Handlers\FileHandler' driver.
INFO - 2024-09-18 20:54:29 --> Session: Class initialized using 'CodeIgniter\Session\Handlers\FileHandler' driver.
DEBUG - 2024-09-18 20:54:40 --> Datos del docente a actualizar: {"nombreCompleto":"Sofia Yamileth Lopez","nip":"234234","escalafon":"234242","fechaIngreso":"2017-01-01","estado":"Inactivo","tipo":"Administrativo","cargo":"Secretaria","idGrado":null}
INFO - 2024-09-18 20:54:43 --> Session: Class initialized using 'CodeIgniter\Session\Handlers\FileHandler' driver.
INFO - 2024-09-18 20:55:07 --> Session: Class initialized using 'CodeIgniter\Session\Handlers\FileHandler' driver.
INFO - 2024-09-18 21:10:11 --> Session: Class initialized using 'CodeIgniter\Session\Handlers\FileHandler' driver.
ERROR - 2024-09-18 21:10:25 --> mysqli_sql_exception: Unknown column 'docente.deleted_at' in 'where clause' in C:\laragon\www\prueba\SistemaControl\vendor\codeigniter4\framework\system\Database\MySQLi\Connection.php:306
Stack trace:
#0 C:\laragon\www\prueba\SistemaControl\vendor\codeigniter4\framework\system\Database\MySQLi\Connection.php(306): mysqli->query('SELECT *\nFROM `...', 0)
#1 C:\laragon\www\prueba\SistemaControl\vendor\codeigniter4\framework\system\Database\BaseConnection.php(693): CodeIgniter\Database\MySQLi\Connection->execute('SELECT *\nFROM `...')
#2 C:\laragon\www\prueba\SistemaControl\vendor\codeigniter4\framework\system\Database\BaseConnection.php(607): CodeIgniter\Database\BaseConnection->simpleQuery('SELECT *\nFROM `...')
#3 C:\laragon\www\prueba\SistemaControl\vendor\codeigniter4\framework\system\Database\BaseBuilder.php(1616): CodeIgniter\Database\BaseConnection->query('SELECT *\nFROM `...', Array, false)
#4 C:\laragon\www\prueba\SistemaControl\vendor\codeigniter4\framework\system\Model.php(200): CodeIgniter\Database\BaseBuilder->get()
#5 C:\laragon\www\prueba\SistemaControl\vendor\codeigniter4\framework\system\BaseModel.php(580): CodeIgniter\Model->doFind(true, '95')
#6 C:\laragon\www\prueba\SistemaControl\app\Controllers\Maestros.php(245): CodeIgniter\BaseModel->find('95')
#7 C:\laragon\www\prueba\SistemaControl\vendor\codeigniter4\framework\system\CodeIgniter.php(943): App\Controllers\Maestros->edit('95')
#8 C:\laragon\www\prueba\SistemaControl\vendor\codeigniter4\framework\system\CodeIgniter.php(503): CodeIgniter\CodeIgniter->runController(Object(App\Controllers\Maestros))
#9 C:\laragon\www\prueba\SistemaControl\vendor\codeigniter4\framework\system\CodeIgniter.php(361): CodeIgniter\CodeIgniter->handleRequest(NULL, Object(Config\Cache), false)
#10 C:\laragon\www\prueba\SistemaControl\public\index.php(81): CodeIgniter\CodeIgniter->run()
#11 {main}
CRITICAL - 2024-09-18 21:10:25 --> CodeIgniter\Database\Exceptions\DatabaseException: Unknown column 'docente.deleted_at' in 'where clause'
in SYSTEMPATH\Database\BaseConnection.php on line 647.
 1 SYSTEMPATH\Database\BaseBuilder.php(1616): CodeIgniter\Database\BaseConnection->query('SELECT *
FROM `docente`
WHERE `docente`.`deleted_at` IS NULL
AND `docente`.`idDocente` = :docente.idDocente:', [...], false)
 2 SYSTEMPATH\Model.php(200): CodeIgniter\Database\BaseBuilder->get()
 3 SYSTEMPATH\BaseModel.php(580): CodeIgniter\Model->doFind(true, '95')
 4 APPPATH\Controllers\Maestros.php(245): CodeIgniter\BaseModel->find('95')
 5 SYSTEMPATH\CodeIgniter.php(943): App\Controllers\Maestros->edit('95')
 6 SYSTEMPATH\CodeIgniter.php(503): CodeIgniter\CodeIgniter->runController(Object(App\Controllers\Maestros))
 7 SYSTEMPATH\CodeIgniter.php(361): CodeIgniter\CodeIgniter->handleRequest(null, Object(Config\Cache), false)
 8 FCPATH\index.php(81): CodeIgniter\CodeIgniter->run()
CRITICAL - 2024-09-18 21:10:25 --> [Caused by] CodeIgniter\Database\Exceptions\DatabaseException: Unknown column 'docente.deleted_at' in 'where clause'
in SYSTEMPATH\Database\MySQLi\Connection.php on line 311.
 1 SYSTEMPATH\Database\BaseConnection.php(693): CodeIgniter\Database\MySQLi\Connection->execute('SELECT *
FROM `docente`
WHERE `docente`.`deleted_at` IS NULL
AND `docente`.`idDocente` = \'95\'')
 2 SYSTEMPATH\Database\BaseConnection.php(607): CodeIgniter\Database\BaseConnection->simpleQuery('SELECT *
FROM `docente`
WHERE `docente`.`deleted_at` IS NULL
AND `docente`.`idDocente` = \'95\'')
 3 SYSTEMPATH\Database\BaseBuilder.php(1616): CodeIgniter\Database\BaseConnection->query('SELECT *
FROM `docente`
WHERE `docente`.`deleted_at` IS NULL
AND `docente`.`idDocente` = :docente.idDocente:', [...], false)
 4 SYSTEMPATH\Model.php(200): CodeIgniter\Database\BaseBuilder->get()
 5 SYSTEMPATH\BaseModel.php(580): CodeIgniter\Model->doFind(true, '95')
 6 APPPATH\Controllers\Maestros.php(245): CodeIgniter\BaseModel->find('95')
 7 SYSTEMPATH\CodeIgniter.php(943): App\Controllers\Maestros->edit('95')
 8 SYSTEMPATH\CodeIgniter.php(503): CodeIgniter\CodeIgniter->runController(Object(App\Controllers\Maestros))
 9 SYSTEMPATH\CodeIgniter.php(361): CodeIgniter\CodeIgniter->handleRequest(null, Object(Config\Cache), false)
10 FCPATH\index.php(81): CodeIgniter\CodeIgniter->run()
CRITICAL - 2024-09-18 21:10:25 --> [Caused by] mysqli_sql_exception: Unknown column 'docente.deleted_at' in 'where clause'
in SYSTEMPATH\Database\MySQLi\Connection.php on line 306.
 1 SYSTEMPATH\Database\MySQLi\Connection.php(306): mysqli->query('SELECT *
FROM `docente`
WHERE `docente`.`deleted_at` IS NULL
AND `docente`.`idDocente` = \'95\'', 0)
 2 SYSTEMPATH\Database\BaseConnection.php(693): CodeIgniter\Database\MySQLi\Connection->execute('SELECT *
FROM `docente`
WHERE `docente`.`deleted_at` IS NULL
AND `docente`.`idDocente` = \'95\'')
 3 SYSTEMPATH\Database\BaseConnection.php(607): CodeIgniter\Database\BaseConnection->simpleQuery('SELECT *
FROM `docente`
WHERE `docente`.`deleted_at` IS NULL
AND `docente`.`idDocente` = \'95\'')
 4 SYSTEMPATH\Database\BaseBuilder.php(1616): CodeIgniter\Database\BaseConnection->query('SELECT *
FROM `docente`
WHERE `docente`.`deleted_at` IS NULL
AND `docente`.`idDocente` = :docente.idDocente:', [...], false)
 5 SYSTEMPATH\Model.php(200): CodeIgniter\Database\BaseBuilder->get()
 6 SYSTEMPATH\BaseModel.php(580): CodeIgniter\Model->doFind(true, '95')
 7 APPPATH\Controllers\Maestros.php(245): CodeIgniter\BaseModel->find('95')
 8 SYSTEMPATH\CodeIgniter.php(943): App\Controllers\Maestros->edit('95')
 9 SYSTEMPATH\CodeIgniter.php(503): CodeIgniter\CodeIgniter->runController(Object(App\Controllers\Maestros))
10 SYSTEMPATH\CodeIgniter.php(361): CodeIgniter\CodeIgniter->handleRequest(null, Object(Config\Cache), false)
11 FCPATH\index.php(81): CodeIgniter\CodeIgniter->run()
ERROR - 2024-09-18 21:11:03 --> mysqli_sql_exception: Unknown column 'docente.deleted_at' in 'where clause' in C:\laragon\www\prueba\SistemaControl\vendor\codeigniter4\framework\system\Database\MySQLi\Connection.php:306
Stack trace:
#0 C:\laragon\www\prueba\SistemaControl\vendor\codeigniter4\framework\system\Database\MySQLi\Connection.php(306): mysqli->query('SELECT *\nFROM `...', 0)
#1 C:\laragon\www\prueba\SistemaControl\vendor\codeigniter4\framework\system\Database\BaseConnection.php(693): CodeIgniter\Database\MySQLi\Connection->execute('SELECT *\nFROM `...')
#2 C:\laragon\www\prueba\SistemaControl\vendor\codeigniter4\framework\system\Database\BaseConnection.php(607): CodeIgniter\Database\BaseConnection->simpleQuery('SELECT *\nFROM `...')
#3 C:\laragon\www\prueba\SistemaControl\vendor\codeigniter4\framework\system\Database\BaseBuilder.php(1616): CodeIgniter\Database\BaseConnection->query('SELECT *\nFROM `...', Array, false)
#4 C:\laragon\www\prueba\SistemaControl\vendor\codeigniter4\framework\system\Model.php(200): CodeIgniter\Database\BaseBuilder->get()
#5 C:\laragon\www\prueba\SistemaControl\vendor\codeigniter4\framework\system\BaseModel.php(580): CodeIgniter\Model->doFind(true, '95')
#6 C:\laragon\www\prueba\SistemaControl\app\Controllers\Maestros.php(242): CodeIgniter\BaseModel->find('95')
#7 C:\laragon\www\prueba\SistemaControl\vendor\codeigniter4\framework\system\CodeIgniter.php(943): App\Controllers\Maestros->edit('95')
#8 C:\laragon\www\prueba\SistemaControl\vendor\codeigniter4\framework\system\CodeIgniter.php(503): CodeIgniter\CodeIgniter->runController(Object(App\Controllers\Maestros))
#9 C:\laragon\www\prueba\SistemaControl\vendor\codeigniter4\framework\system\CodeIgniter.php(361): CodeIgniter\CodeIgniter->handleRequest(NULL, Object(Config\Cache), false)
#10 C:\laragon\www\prueba\SistemaControl\public\index.php(81): CodeIgniter\CodeIgniter->run()
#11 {main}
CRITICAL - 2024-09-18 21:11:03 --> CodeIgniter\Database\Exceptions\DatabaseException: Unknown column 'docente.deleted_at' in 'where clause'
in SYSTEMPATH\Database\BaseConnection.php on line 647.
 1 SYSTEMPATH\Database\BaseBuilder.php(1616): CodeIgniter\Database\BaseConnection->query('SELECT *
FROM `docente`
WHERE `docente`.`deleted_at` IS NULL
AND `docente`.`idDocente` = :docente.idDocente:', [...], false)
 2 SYSTEMPATH\Model.php(200): CodeIgniter\Database\BaseBuilder->get()
 3 SYSTEMPATH\BaseModel.php(580): CodeIgniter\Model->doFind(true, '95')
 4 APPPATH\Controllers\Maestros.php(242): CodeIgniter\BaseModel->find('95')
 5 SYSTEMPATH\CodeIgniter.php(943): App\Controllers\Maestros->edit('95')
 6 SYSTEMPATH\CodeIgniter.php(503): CodeIgniter\CodeIgniter->runController(Object(App\Controllers\Maestros))
 7 SYSTEMPATH\CodeIgniter.php(361): CodeIgniter\CodeIgniter->handleRequest(null, Object(Config\Cache), false)
 8 FCPATH\index.php(81): CodeIgniter\CodeIgniter->run()
CRITICAL - 2024-09-18 21:11:03 --> [Caused by] CodeIgniter\Database\Exceptions\DatabaseException: Unknown column 'docente.deleted_at' in 'where clause'
in SYSTEMPATH\Database\MySQLi\Connection.php on line 311.
 1 SYSTEMPATH\Database\BaseConnection.php(693): CodeIgniter\Database\MySQLi\Connection->execute('SELECT *
FROM `docente`
WHERE `docente`.`deleted_at` IS NULL
AND `docente`.`idDocente` = \'95\'')
 2 SYSTEMPATH\Database\BaseConnection.php(607): CodeIgniter\Database\BaseConnection->simpleQuery('SELECT *
FROM `docente`
WHERE `docente`.`deleted_at` IS NULL
AND `docente`.`idDocente` = \'95\'')
 3 SYSTEMPATH\Database\BaseBuilder.php(1616): CodeIgniter\Database\BaseConnection->query('SELECT *
FROM `docente`
WHERE `docente`.`deleted_at` IS NULL
AND `docente`.`idDocente` = :docente.idDocente:', [...], false)
 4 SYSTEMPATH\Model.php(200): CodeIgniter\Database\BaseBuilder->get()
 5 SYSTEMPATH\BaseModel.php(580): CodeIgniter\Model->doFind(true, '95')
 6 APPPATH\Controllers\Maestros.php(242): CodeIgniter\BaseModel->find('95')
 7 SYSTEMPATH\CodeIgniter.php(943): App\Controllers\Maestros->edit('95')
 8 SYSTEMPATH\CodeIgniter.php(503): CodeIgniter\CodeIgniter->runController(Object(App\Controllers\Maestros))
 9 SYSTEMPATH\CodeIgniter.php(361): CodeIgniter\CodeIgniter->handleRequest(null, Object(Config\Cache), false)
10 FCPATH\index.php(81): CodeIgniter\CodeIgniter->run()
CRITICAL - 2024-09-18 21:11:04 --> [Caused by] mysqli_sql_exception: Unknown column 'docente.deleted_at' in 'where clause'
in SYSTEMPATH\Database\MySQLi\Connection.php on line 306.
 1 SYSTEMPATH\Database\MySQLi\Connection.php(306): mysqli->query('SELECT *
FROM `docente`
WHERE `docente`.`deleted_at` IS NULL
AND `docente`.`idDocente` = \'95\'', 0)
 2 SYSTEMPATH\Database\BaseConnection.php(693): CodeIgniter\Database\MySQLi\Connection->execute('SELECT *
FROM `docente`
WHERE `docente`.`deleted_at` IS NULL
AND `docente`.`idDocente` = \'95\'')
 3 SYSTEMPATH\Database\BaseConnection.php(607): CodeIgniter\Database\BaseConnection->simpleQuery('SELECT *
FROM `docente`
WHERE `docente`.`deleted_at` IS NULL
AND `docente`.`idDocente` = \'95\'')
 4 SYSTEMPATH\Database\BaseBuilder.php(1616): CodeIgniter\Database\BaseConnection->query('SELECT *
FROM `docente`
WHERE `docente`.`deleted_at` IS NULL
AND `docente`.`idDocente` = :docente.idDocente:', [...], false)
 5 SYSTEMPATH\Model.php(200): CodeIgniter\Database\BaseBuilder->get()
 6 SYSTEMPATH\BaseModel.php(580): CodeIgniter\Model->doFind(true, '95')
 7 APPPATH\Controllers\Maestros.php(242): CodeIgniter\BaseModel->find('95')
 8 SYSTEMPATH\CodeIgniter.php(943): App\Controllers\Maestros->edit('95')
 9 SYSTEMPATH\CodeIgniter.php(503): CodeIgniter\CodeIgniter->runController(Object(App\Controllers\Maestros))
10 SYSTEMPATH\CodeIgniter.php(361): CodeIgniter\CodeIgniter->handleRequest(null, Object(Config\Cache), false)
11 FCPATH\index.php(81): CodeIgniter\CodeIgniter->run()
INFO - 2024-09-18 21:11:14 --> Session: Class initialized using 'CodeIgniter\Session\Handlers\FileHandler' driver.
DEBUG - 2024-09-18 21:11:22 --> Datos del docente a actualizar: {"nombreCompleto":"Patricio Urquilla","nip":"23430","escalafon":"099932","fechaIngreso":"2020-01-01","estado":"Inactivo","tipo":"Administrativo","cargo":"Subdirector","idGrado":null}
INFO - 2024-09-18 21:11:25 --> Session: Class initialized using 'CodeIgniter\Session\Handlers\FileHandler' driver.
INFO - 2024-09-18 21:21:09 --> Session: Class initialized using 'CodeIgniter\Session\Handlers\FileHandler' driver.
INFO - 2024-09-18 21:21:18 --> Session: Class initialized using 'CodeIgniter\Session\Handlers\FileHandler' driver.
INFO - 2024-09-18 21:21:29 --> Session: Class initialized using 'CodeIgniter\Session\Handlers\FileHandler' driver.
INFO - 2024-09-18 21:21:42 --> Session: Class initialized using 'CodeIgniter\Session\Handlers\FileHandler' driver.
INFO - 2024-09-18 21:22:00 --> Session: Class initialized using 'CodeIgniter\Session\Handlers\FileHandler' driver.
INFO - 2024-09-18 21:22:04 --> Session: Class initialized using 'CodeIgniter\Session\Handlers\FileHandler' driver.
DEBUG - 2024-09-18 21:22:09 --> Datos del docente a actualizar: {"nombreCompleto":"Sofia Pe\u00f1a","nip":"242","escalafon":"2342","fechaIngreso":"2020-01-01","estado":"Inactivo","tipo":"Docente","cargo":null,"idGrado":"2"}
INFO - 2024-09-18 21:22:11 --> Session: Class initialized using 'CodeIgniter\Session\Handlers\FileHandler' driver.
INFO - 2024-09-18 21:24:54 --> Session: Class initialized using 'CodeIgniter\Session\Handlers\FileHandler' driver.
INFO - 2024-09-18 21:24:58 --> Session: Class initialized using 'CodeIgniter\Session\Handlers\FileHandler' driver.
INFO - 2024-09-18 21:25:03 --> Session: Class initialized using 'CodeIgniter\Session\Handlers\FileHandler' driver.
INFO - 2024-09-18 21:27:00 --> Session: Class initialized using 'CodeIgniter\Session\Handlers\FileHandler' driver.
INFO - 2024-09-18 21:27:05 --> Session: Class initialized using 'CodeIgniter\Session\Handlers\FileHandler' driver.
INFO - 2024-09-18 21:27:12 --> Session: Class initialized using 'CodeIgniter\Session\Handlers\FileHandler' driver.
DEBUG - 2024-09-18 21:27:18 --> Datos del docente a actualizar: {"nombreCompleto":"Rene Jose Alfaro Jimenez","nip":"4234","escalafon":"23523","fechaIngreso":"2020-01-01","estado":"Inactivo","tipo":"Docente","cargo":null,"idGrado":"8"}
INFO - 2024-09-18 21:27:20 --> Session: Class initialized using 'CodeIgniter\Session\Handlers\FileHandler' driver.
INFO - 2024-09-18 21:34:58 --> Session: Class initialized using 'CodeIgniter\Session\Handlers\FileHandler' driver.
INFO - 2024-09-18 21:35:22 --> Session: Class initialized using 'CodeIgniter\Session\Handlers\FileHandler' driver.
INFO - 2024-09-18 21:35:46 --> Session: Class initialized using 'CodeIgniter\Session\Handlers\FileHandler' driver.
INFO - 2024-09-18 21:35:55 --> Session: Class initialized using 'CodeIgniter\Session\Handlers\FileHandler' driver.
INFO - 2024-09-18 21:37:35 --> Session: Class initialized using 'CodeIgniter\Session\Handlers\FileHandler' driver.
INFO - 2024-09-18 21:39:16 --> Session: Class initialized using 'CodeIgniter\Session\Handlers\FileHandler' driver.
INFO - 2024-09-18 21:39:49 --> Session: Class initialized using 'CodeIgniter\Session\Handlers\FileHandler' driver.
DEBUG - 2024-09-18 21:39:54 --> Datos del docente a actualizar: {"nombreCompleto":"Uriel Orlando Perez Sanchez","nip":"21989","escalafon":"32242","fechaIngreso":"2020-01-01","estado":"Inactivo","tipo":"Docente","cargo":null,"idGrado":"3"}
INFO - 2024-09-18 21:39:56 --> Session: Class initialized using 'CodeIgniter\Session\Handlers\FileHandler' driver.
INFO - 2024-09-18 21:40:02 --> Session: Class initialized using 'CodeIgniter\Session\Handlers\FileHandler' driver.
DEBUG - 2024-09-18 21:40:06 --> Datos del docente a actualizar: {"nombreCompleto":"Uriel Orlando Perez Sanchez","nip":"21989","escalafon":"32242","fechaIngreso":"2020-01-01","estado":"Activo","tipo":"Docente","cargo":null,"idGrado":"3"}
INFO - 2024-09-18 21:40:08 --> Session: Class initialized using 'CodeIgniter\Session\Handlers\FileHandler' driver.
INFO - 2024-09-18 21:40:34 --> Session: Class initialized using 'CodeIgniter\Session\Handlers\FileHandler' driver.
DEBUG - 2024-09-18 21:41:16 --> Método store() llamado
DEBUG - 2024-09-18 21:41:16 --> Datos del docente: {"nombreCompleto":"Samuel Torres","nip":"3243","escalafon":"2352","fechaIngreso":"2020-01-01","estado":"Activo","tipo":"Docente","cargo":null,"idGrado":"6"}
INFO - 2024-09-18 21:41:17 --> Session: Class initialized using 'CodeIgniter\Session\Handlers\FileHandler' driver.
INFO - 2024-09-18 21:41:18 --> Session: Class initialized using 'CodeIgniter\Session\Handlers\FileHandler' driver.
DEBUG - 2024-09-18 21:41:49 --> Método store() llamado
ERROR - 2024-09-18 21:41:49 --> Errores de validación: {"nip":"The nip field must contain a unique value.","escalafon":"The escalafon field must contain a unique value."}
DEBUG - 2024-09-18 21:41:58 --> Método store() llamado
ERROR - 2024-09-18 21:41:58 --> Errores de validación: {"nip":"The nip field must contain a unique value.","escalafon":"The escalafon field must contain a unique value."}
DEBUG - 2024-09-18 21:42:04 --> Método store() llamado
DEBUG - 2024-09-18 21:42:04 --> Datos del docente: {"nombreCompleto":"Samuel Torres","nip":"32432","escalafon":"23522","fechaIngreso":"2020-01-01","estado":"Activo","tipo":"Docente","cargo":null,"idGrado":"6"}
INFO - 2024-09-18 21:42:04 --> Session: Class initialized using 'CodeIgniter\Session\Handlers\FileHandler' driver.
INFO - 2024-09-18 21:42:04 --> Session: Class initialized using 'CodeIgniter\Session\Handlers\FileHandler' driver.
INFO - 2024-09-18 21:45:17 --> Session: Class initialized using 'CodeIgniter\Session\Handlers\FileHandler' driver.
INFO - 2024-09-18 21:46:34 --> Session: Class initialized using 'CodeIgniter\Session\Handlers\FileHandler' driver.
INFO - 2024-09-18 21:46:44 --> Session: Class initialized using 'CodeIgniter\Session\Handlers\FileHandler' driver.
INFO - 2024-09-18 21:46:47 --> Session: Class initialized using 'CodeIgniter\Session\Handlers\FileHandler' driver.
INFO - 2024-09-18 21:48:36 --> Session: Class initialized using 'CodeIgniter\Session\Handlers\FileHandler' driver.
INFO - 2024-09-18 21:48:40 --> Session: Class initialized using 'CodeIgniter\Session\Handlers\FileHandler' driver.
INFO - 2024-09-18 21:49:02 --> Session: Class initialized using 'CodeIgniter\Session\Handlers\FileHandler' driver.
INFO - 2024-09-18 21:49:05 --> Session: Class initialized using 'CodeIgniter\Session\Handlers\FileHandler' driver.
INFO - 2024-09-18 21:49:10 --> Session: Class initialized using 'CodeIgniter\Session\Handlers\FileHandler' driver.
INFO - 2024-09-18 21:49:43 --> Session: Class initialized using 'CodeIgniter\Session\Handlers\FileHandler' driver.
INFO - 2024-09-18 21:49:46 --> Session: Class initialized using 'CodeIgniter\Session\Handlers\FileHandler' driver.
INFO - 2024-09-18 21:49:55 --> Session: Class initialized using 'CodeIgniter\Session\Handlers\FileHandler' driver.
INFO - 2024-09-18 21:49:59 --> Session: Class initialized using 'CodeIgniter\Session\Handlers\FileHandler' driver.
INFO - 2024-09-18 21:50:04 --> Session: Class initialized using 'CodeIgniter\Session\Handlers\FileHandler' driver.
INFO - 2024-09-18 21:50:19 --> Session: Class initialized using 'CodeIgniter\Session\Handlers\FileHandler' driver.
INFO - 2024-09-18 21:50:21 --> Session: Class initialized using 'CodeIgniter\Session\Handlers\FileHandler' driver.
INFO - 2024-09-18 21:50:24 --> Session: Class initialized using 'CodeIgniter\Session\Handlers\FileHandler' driver.
INFO - 2024-09-18 21:50:34 --> Session: Class initialized using 'CodeIgniter\Session\Handlers\FileHandler' driver.
INFO - 2024-09-18 21:50:37 --> Session: Class initialized using 'CodeIgniter\Session\Handlers\FileHandler' driver.
INFO - 2024-09-18 21:50:40 --> Session: Class initialized using 'CodeIgniter\Session\Handlers\FileHandler' driver.
INFO - 2024-09-18 21:50:59 --> Session: Class initialized using 'CodeIgniter\Session\Handlers\FileHandler' driver.
INFO - 2024-09-18 21:51:03 --> Session: Class initialized using 'CodeIgniter\Session\Handlers\FileHandler' driver.
INFO - 2024-09-18 21:51:06 --> Session: Class initialized using 'CodeIgniter\Session\Handlers\FileHandler' driver.
INFO - 2024-09-18 21:51:11 --> Session: Class initialized using 'CodeIgniter\Session\Handlers\FileHandler' driver.
INFO - 2024-09-18 21:51:14 --> Session: Class initialized using 'CodeIgniter\Session\Handlers\FileHandler' driver.
INFO - 2024-09-18 21:51:17 --> Session: Class initialized using 'CodeIgniter\Session\Handlers\FileHandler' driver.
INFO - 2024-09-18 21:51:23 --> Session: Class initialized using 'CodeIgniter\Session\Handlers\FileHandler' driver.
INFO - 2024-09-18 21:51:42 --> Session: Class initialized using 'CodeIgniter\Session\Handlers\FileHandler' driver.
INFO - 2024-09-18 21:51:45 --> Session: Class initialized using 'CodeIgniter\Session\Handlers\FileHandler' driver.
INFO - 2024-09-18 21:52:30 --> Session: Class initialized using 'CodeIgniter\Session\Handlers\FileHandler' driver.
INFO - 2024-09-18 21:52:34 --> Session: Class initialized using 'CodeIgniter\Session\Handlers\FileHandler' driver.
INFO - 2024-09-18 21:52:38 --> Session: Class initialized using 'CodeIgniter\Session\Handlers\FileHandler' driver.
INFO - 2024-09-18 21:52:46 --> Session: Class initialized using 'CodeIgniter\Session\Handlers\FileHandler' driver.
INFO - 2024-09-18 21:52:54 --> Session: Class initialized using 'CodeIgniter\Session\Handlers\FileHandler' driver.
INFO - 2024-09-18 21:52:59 --> Session: Class initialized using 'CodeIgniter\Session\Handlers\FileHandler' driver.
INFO - 2024-09-18 21:53:05 --> Session: Class initialized using 'CodeIgniter\Session\Handlers\FileHandler' driver.
INFO - 2024-09-18 21:54:04 --> Session: Class initialized using 'CodeIgniter\Session\Handlers\FileHandler' driver.
INFO - 2024-09-18 21:54:25 --> Session: Class initialized using 'CodeIgniter\Session\Handlers\FileHandler' driver.
INFO - 2024-09-18 21:54:30 --> Session: Class initialized using 'CodeIgniter\Session\Handlers\FileHandler' driver.
INFO - 2024-09-18 21:57:07 --> Session: Class initialized using 'CodeIgniter\Session\Handlers\FileHandler' driver.
INFO - 2024-09-18 21:57:11 --> Session: Class initialized using 'CodeIgniter\Session\Handlers\FileHandler' driver.
INFO - 2024-09-18 21:57:15 --> Session: Class initialized using 'CodeIgniter\Session\Handlers\FileHandler' driver.
INFO - 2024-09-18 21:57:18 --> Session: Class initialized using 'CodeIgniter\Session\Handlers\FileHandler' driver.
INFO - 2024-09-18 21:57:22 --> Session: Class initialized using 'CodeIgniter\Session\Handlers\FileHandler' driver.
INFO - 2024-09-18 22:01:37 --> Session: Class initialized using 'CodeIgniter\Session\Handlers\FileHandler' driver.
INFO - 2024-09-18 22:01:40 --> Session: Class initialized using 'CodeIgniter\Session\Handlers\FileHandler' driver.
INFO - 2024-09-18 22:01:43 --> Session: Class initialized using 'CodeIgniter\Session\Handlers\FileHandler' driver.
INFO - 2024-09-18 22:01:48 --> Session: Class initialized using 'CodeIgniter\Session\Handlers\FileHandler' driver.
INFO - 2024-09-18 22:01:51 --> Session: Class initialized using 'CodeIgniter\Session\Handlers\FileHandler' driver.
INFO - 2024-09-18 22:02:12 --> Session: Class initialized using 'CodeIgniter\Session\Handlers\FileHandler' driver.
INFO - 2024-09-18 22:02:42 --> Session: Class initialized using 'CodeIgniter\Session\Handlers\FileHandler' driver.
INFO - 2024-09-18 22:02:48 --> Session: Class initialized using 'CodeIgniter\Session\Handlers\FileHandler' driver.
INFO - 2024-09-18 22:03:03 --> Session: Class initialized using 'CodeIgniter\Session\Handlers\FileHandler' driver.
DEBUG - 2024-09-18 22:03:08 --> Datos del docente a actualizar: {"nombreCompleto":"Erika Lopez","nip":"236268","escalafon":"38358","fechaIngreso":"2020-01-01","estado":"Inactivo","tipo":"Docente","cargo":null,"idGrado":"9"}
INFO - 2024-09-18 22:03:09 --> Session: Class initialized using 'CodeIgniter\Session\Handlers\FileHandler' driver.
INFO - 2024-09-18 22:03:12 --> Session: Class initialized using 'CodeIgniter\Session\Handlers\FileHandler' driver.
INFO - 2024-09-18 22:03:34 --> Session: Class initialized using 'CodeIgniter\Session\Handlers\FileHandler' driver.
INFO - 2024-09-18 22:03:37 --> Session: Class initialized using 'CodeIgniter\Session\Handlers\FileHandler' driver.
INFO - 2024-09-18 22:03:41 --> Session: Class initialized using 'CodeIgniter\Session\Handlers\FileHandler' driver.
DEBUG - 2024-09-18 22:03:45 --> Datos del docente a actualizar: {"nombreCompleto":"Alexis Torres","nip":"9928","escalafon":"947249","fechaIngreso":"2020-01-01","estado":"Inactivo","tipo":"Docente","cargo":null,"idGrado":"4"}
INFO - 2024-09-18 22:03:47 --> Session: Class initialized using 'CodeIgniter\Session\Handlers\FileHandler' driver.
INFO - 2024-09-18 22:03:55 --> Session: Class initialized using 'CodeIgniter\Session\Handlers\FileHandler' driver.
INFO - 2024-09-18 22:03:59 --> Session: Class initialized using 'CodeIgniter\Session\Handlers\FileHandler' driver.
INFO - 2024-09-18 22:04:54 --> Session: Class initialized using 'CodeIgniter\Session\Handlers\FileHandler' driver.
INFO - 2024-09-18 22:04:58 --> Session: Class initialized using 'CodeIgniter\Session\Handlers\FileHandler' driver.
INFO - 2024-09-18 22:05:00 --> Session: Class initialized using 'CodeIgniter\Session\Handlers\FileHandler' driver.
INFO - 2024-09-18 22:05:04 --> Session: Class initialized using 'CodeIgniter\Session\Handlers\FileHandler' driver.
INFO - 2024-09-18 22:08:20 --> Session: Class initialized using 'CodeIgniter\Session\Handlers\FileHandler' driver.
INFO - 2024-09-18 22:08:22 --> Session: Class initialized using 'CodeIgniter\Session\Handlers\FileHandler' driver.
INFO - 2024-09-18 22:08:30 --> Session: Class initialized using 'CodeIgniter\Session\Handlers\FileHandler' driver.
INFO - 2024-09-18 22:08:33 --> Session: Class initialized using 'CodeIgniter\Session\Handlers\FileHandler' driver.
INFO - 2024-09-18 22:08:53 --> Session: Class initialized using 'CodeIgniter\Session\Handlers\FileHandler' driver.
INFO - 2024-09-18 22:08:56 --> Session: Class initialized using 'CodeIgniter\Session\Handlers\FileHandler' driver.
INFO - 2024-09-18 22:09:02 --> Session: Class initialized using 'CodeIgniter\Session\Handlers\FileHandler' driver.
INFO - 2024-09-18 22:09:17 --> Session: Class initialized using 'CodeIgniter\Session\Handlers\FileHandler' driver.
INFO - 2024-09-18 22:09:20 --> Session: Class initialized using 'CodeIgniter\Session\Handlers\FileHandler' driver.
INFO - 2024-09-18 22:09:32 --> Session: Class initialized using 'CodeIgniter\Session\Handlers\FileHandler' driver.
DEBUG - 2024-09-18 22:09:38 --> Datos del docente a actualizar: {"nombreCompleto":"feeyry","nip":"wreys","escalafon":"wr","fechaIngreso":"2020-01-01","estado":"Inactivo","tipo":"Docente","cargo":null,"idGrado":"4"}
INFO - 2024-09-18 22:09:40 --> Session: Class initialized using 'CodeIgniter\Session\Handlers\FileHandler' driver.
INFO - 2024-09-18 22:09:46 --> Session: Class initialized using 'CodeIgniter\Session\Handlers\FileHandler' driver.
INFO - 2024-09-18 22:12:16 --> Session: Class initialized using 'CodeIgniter\Session\Handlers\FileHandler' driver.
INFO - 2024-09-18 22:12:19 --> Session: Class initialized using 'CodeIgniter\Session\Handlers\FileHandler' driver.
INFO - 2024-09-18 22:12:21 --> Session: Class initialized using 'CodeIgniter\Session\Handlers\FileHandler' driver.
INFO - 2024-09-18 22:12:25 --> Session: Class initialized using 'CodeIgniter\Session\Handlers\FileHandler' driver.
INFO - 2024-09-18 22:12:45 --> Session: Class initialized using 'CodeIgniter\Session\Handlers\FileHandler' driver.
INFO - 2024-09-18 22:12:49 --> Session: Class initialized using 'CodeIgniter\Session\Handlers\FileHandler' driver.
INFO - 2024-09-18 22:12:54 --> Session: Class initialized using 'CodeIgniter\Session\Handlers\FileHandler' driver.
DEBUG - 2024-09-18 22:13:00 --> Datos del docente a actualizar: {"nombreCompleto":"feeyry","nip":"wreys","escalafon":"wr","fechaIngreso":"2020-01-01","estado":"Activo","tipo":"Docente","cargo":null,"idGrado":"4"}
INFO - 2024-09-18 22:13:02 --> Session: Class initialized using 'CodeIgniter\Session\Handlers\FileHandler' driver.
INFO - 2024-09-18 22:13:04 --> Session: Class initialized using 'CodeIgniter\Session\Handlers\FileHandler' driver.
INFO - 2024-09-18 22:13:08 --> Session: Class initialized using 'CodeIgniter\Session\Handlers\FileHandler' driver.
DEBUG - 2024-09-18 22:13:12 --> Datos del docente a actualizar: {"nombreCompleto":"feeyry","nip":"wreys","escalafon":"wr","fechaIngreso":"2020-01-01","estado":"Inactivo","tipo":"Docente","cargo":null,"idGrado":"4"}
INFO - 2024-09-18 22:13:14 --> Session: Class initialized using 'CodeIgniter\Session\Handlers\FileHandler' driver.
INFO - 2024-09-18 22:13:17 --> Session: Class initialized using 'CodeIgniter\Session\Handlers\FileHandler' driver.
INFO - 2024-09-18 22:13:45 --> Session: Class initialized using 'CodeIgniter\Session\Handlers\FileHandler' driver.
INFO - 2024-09-18 22:13:46 --> Session: Class initialized using 'CodeIgniter\Session\Handlers\FileHandler' driver.
INFO - 2024-09-18 22:14:05 --> Session: Class initialized using 'CodeIgniter\Session\Handlers\FileHandler' driver.
INFO - 2024-09-18 22:14:11 --> Session: Class initialized using 'CodeIgniter\Session\Handlers\FileHandler' driver.
INFO - 2024-09-18 22:14:14 --> Session: Class initialized using 'CodeIgniter\Session\Handlers\FileHandler' driver.
INFO - 2024-09-18 22:14:27 --> Session: Class initialized using 'CodeIgniter\Session\Handlers\FileHandler' driver.
INFO - 2024-09-18 22:14:37 --> Session: Class initialized using 'CodeIgniter\Session\Handlers\FileHandler' driver.
INFO - 2024-09-18 22:14:55 --> Session: Class initialized using 'CodeIgniter\Session\Handlers\FileHandler' driver.
INFO - 2024-09-18 22:14:55 --> Session: Class initialized using 'CodeIgniter\Session\Handlers\FileHandler' driver.
INFO - 2024-09-18 22:15:01 --> Session: Class initialized using 'CodeIgniter\Session\Handlers\FileHandler' driver.
INFO - 2024-09-18 22:15:04 --> Session: Class initialized using 'CodeIgniter\Session\Handlers\FileHandler' driver.
INFO - 2024-09-18 22:20:18 --> Session: Class initialized using 'CodeIgniter\Session\Handlers\FileHandler' driver.
INFO - 2024-09-18 22:20:23 --> Session: Class initialized using 'CodeIgniter\Session\Handlers\FileHandler' driver.
INFO - 2024-09-18 22:20:31 --> Session: Class initialized using 'CodeIgniter\Session\Handlers\FileHandler' driver.
INFO - 2024-09-18 23:06:39 --> Session: Class initialized using 'CodeIgniter\Session\Handlers\FileHandler' driver.
INFO - 2024-09-18 23:16:40 --> Session: Class initialized using 'CodeIgniter\Session\Handlers\FileHandler' driver.
INFO - 2024-09-18 23:18:37 --> Session: Class initialized using 'CodeIgniter\Session\Handlers\FileHandler' driver.
INFO - 2024-09-18 23:18:51 --> Session: Class initialized using 'CodeIgniter\Session\Handlers\FileHandler' driver.
INFO - 2024-09-18 23:24:36 --> Session: Class initialized using 'CodeIgniter\Session\Handlers\FileHandler' driver.
INFO - 2024-09-18 23:24:44 --> Session: Class initialized using 'CodeIgniter\Session\Handlers\FileHandler' driver.
INFO - 2024-09-18 23:25:46 --> Session: Class initialized using 'CodeIgniter\Session\Handlers\FileHandler' driver.
INFO - 2024-09-18 23:25:55 --> Session: Class initialized using 'CodeIgniter\Session\Handlers\FileHandler' driver.
INFO - 2024-09-18 23:26:39 --> Session: Class initialized using 'CodeIgniter\Session\Handlers\FileHandler' driver.
INFO - 2024-09-18 23:26:43 --> Session: Class initialized using 'CodeIgniter\Session\Handlers\FileHandler' driver.
INFO - 2024-09-18 23:26:47 --> Session: Class initialized using 'CodeIgniter\Session\Handlers\FileHandler' driver.
INFO - 2024-09-18 23:26:58 --> Session: Class initialized using 'CodeIgniter\Session\Handlers\FileHandler' driver.
INFO - 2024-09-18 23:27:21 --> Session: Class initialized using 'CodeIgniter\Session\Handlers\FileHandler' driver.
INFO - 2024-09-18 23:27:22 --> Session: Class initialized using 'CodeIgniter\Session\Handlers\FileHandler' driver.
INFO - 2024-09-18 23:27:30 --> Session: Class initialized using 'CodeIgniter\Session\Handlers\FileHandler' driver.
INFO - 2024-09-18 23:27:36 --> Session: Class initialized using 'CodeIgniter\Session\Handlers\FileHandler' driver.
INFO - 2024-09-18 23:30:42 --> Session: Class initialized using 'CodeIgniter\Session\Handlers\FileHandler' driver.
INFO - 2024-09-18 23:30:52 --> Session: Class initialized using 'CodeIgniter\Session\Handlers\FileHandler' driver.
INFO - 2024-09-18 23:30:53 --> Session: Class initialized using 'CodeIgniter\Session\Handlers\FileHandler' driver.
INFO - 2024-09-18 23:38:14 --> Session: Class initialized using 'CodeIgniter\Session\Handlers\FileHandler' driver.
INFO - 2024-09-18 23:38:32 --> Session: Class initialized using 'CodeIgniter\Session\Handlers\FileHandler' driver.
INFO - 2024-09-18 23:38:32 --> Session: Class initialized using 'CodeIgniter\Session\Handlers\FileHandler' driver.
INFO - 2024-09-18 23:39:04 --> Session: Class initialized using 'CodeIgniter\Session\Handlers\FileHandler' driver.
INFO - 2024-09-18 23:39:41 --> Session: Class initialized using 'CodeIgniter\Session\Handlers\FileHandler' driver.
INFO - 2024-09-18 23:39:42 --> Session: Class initialized using 'CodeIgniter\Session\Handlers\FileHandler' driver.
INFO - 2024-09-18 23:40:41 --> Session: Class initialized using 'CodeIgniter\Session\Handlers\FileHandler' driver.
INFO - 2024-09-18 23:40:51 --> Session: Class initialized using 'CodeIgniter\Session\Handlers\FileHandler' driver.
INFO - 2024-09-18 23:40:52 --> Session: Class initialized using 'CodeIgniter\Session\Handlers\FileHandler' driver.
INFO - 2024-09-18 23:42:27 --> Session: Class initialized using 'CodeIgniter\Session\Handlers\FileHandler' driver.
INFO - 2024-09-18 23:42:57 --> Session: Class initialized using 'CodeIgniter\Session\Handlers\FileHandler' driver.
DEBUG - 2024-09-18 23:42:57 --> Datos del alumno: Array
(
    [nombreAlumno] => w645re
    [generoAlumno] => F
    [NIE] => 3646
    [estado] => Activo
    [padre_id] => 47
)

INFO - 2024-09-18 23:42:58 --> Session: Class initialized using 'CodeIgniter\Session\Handlers\FileHandler' driver.
INFO - 2024-09-18 23:43:04 --> Session: Class initialized using 'CodeIgniter\Session\Handlers\FileHandler' driver.
INFO - 2024-09-18 23:43:11 --> Session: Class initialized using 'CodeIgniter\Session\Handlers\FileHandler' driver.
INFO - 2024-09-18 23:51:27 --> Session: Class initialized using 'CodeIgniter\Session\Handlers\FileHandler' driver.
INFO - 2024-09-18 23:51:31 --> Session: Class initialized using 'CodeIgniter\Session\Handlers\FileHandler' driver.
INFO - 2024-09-18 23:51:58 --> Session: Class initialized using 'CodeIgniter\Session\Handlers\FileHandler' driver.
INFO - 2024-09-18 23:54:37 --> Session: Class initialized using 'CodeIgniter\Session\Handlers\FileHandler' driver.
INFO - 2024-09-18 23:58:01 --> Session: Class initialized using 'CodeIgniter\Session\Handlers\FileHandler' driver.
