WARNING - 2024-09-14 05:12:45 --> [DEPRECATED] Function strftime() is deprecated in APPPATH\Views\includes\navbar\_header.php on line 24.
 1 SYSTEMPATH\View\View.php(228): include('C:\\laragon\\www\\Tesis-SistemaControl\\app\\Views\\includes\\navbar\\_header.php')
 2 SYSTEMPATH\View\View.php(231): CodeIgniter\View\View->CodeIgniter\View\{closure}()
 3 SYSTEMPATH\View\View.php(469): CodeIgniter\View\View->render('includes/navbar/_header', null, true)
 4 APPPATH\Views\layouts\default.php(44): CodeIgniter\View\View->include('includes/navbar/_header')
 5 SYSTEMPATH\View\View.php(228): include('C:\\laragon\\www\\Tesis-SistemaControl\\app\\Views\\layouts\\default.php')
 6 SYSTEMPATH\View\View.php(231): CodeIgniter\View\View->CodeIgniter\View\{closure}()
 7 SYSTEMPATH\View\View.php(244): CodeIgniter\View\View->render('layouts/default', [], true)
 8 SYSTEMPATH\Common.php(1178): CodeIgniter\View\View->render('donaciones/index', [], true)
 9 APPPATH\Controllers\Donaciones.php(30): view('donaciones/index', [...])
10 SYSTEMPATH\CodeIgniter.php(943): App\Controllers\Donaciones->index()
11 SYSTEMPATH\CodeIgniter.php(503): CodeIgniter\CodeIgniter->runController(Object(App\Controllers\Donaciones))
12 SYSTEMPATH\CodeIgniter.php(361): CodeIgniter\CodeIgniter->handleRequest(null, Object(Config\Cache), false)
13 FCPATH\index.php(81): CodeIgniter\CodeIgniter->run()
CRITICAL - 2024-09-14 05:12:45 --> ErrorException: Undefined variable $hora
in APPPATH\Views\includes\navbar\_header.php on line 25.
 1 APPPATH\Views\includes\navbar\_header.php(25): CodeIgniter\Debug\Exceptions->errorHandler(2, 'Undefined variable $hora', 'C:\\laragon\\www\\Tesis-SistemaControl\\app\\Views\\includes\\navbar\\_header.php', 25)
 2 SYSTEMPATH\View\View.php(228): include('C:\\laragon\\www\\Tesis-SistemaControl\\app\\Views\\includes\\navbar\\_header.php')
 3 SYSTEMPATH\View\View.php(231): CodeIgniter\View\View->CodeIgniter\View\{closure}()
 4 SYSTEMPATH\View\View.php(469): CodeIgniter\View\View->render('includes/navbar/_header', null, true)
 5 APPPATH\Views\layouts\default.php(44): CodeIgniter\View\View->include('includes/navbar/_header')
 6 SYSTEMPATH\View\View.php(228): include('C:\\laragon\\www\\Tesis-SistemaControl\\app\\Views\\layouts\\default.php')
 7 SYSTEMPATH\View\View.php(231): CodeIgniter\View\View->CodeIgniter\View\{closure}()
 8 SYSTEMPATH\View\View.php(244): CodeIgniter\View\View->render('layouts/default', [], true)
 9 SYSTEMPATH\Common.php(1178): CodeIgniter\View\View->render('donaciones/index', [], true)
10 APPPATH\Controllers\Donaciones.php(30): view('donaciones/index', [...])
11 SYSTEMPATH\CodeIgniter.php(943): App\Controllers\Donaciones->index()
12 SYSTEMPATH\CodeIgniter.php(503): CodeIgniter\CodeIgniter->runController(Object(App\Controllers\Donaciones))
13 SYSTEMPATH\CodeIgniter.php(361): CodeIgniter\CodeIgniter->handleRequest(null, Object(Config\Cache), false)
14 FCPATH\index.php(81): CodeIgniter\CodeIgniter->run()
WARNING - 2024-09-14 05:13:05 --> [DEPRECATED] Function strftime() is deprecated in APPPATH\Views\includes\navbar\_header.php on line 24.
 1 SYSTEMPATH\View\View.php(228): include('C:\\laragon\\www\\Tesis-SistemaControl\\app\\Views\\includes\\navbar\\_header.php')
 2 SYSTEMPATH\View\View.php(231): CodeIgniter\View\View->CodeIgniter\View\{closure}()
 3 SYSTEMPATH\View\View.php(469): CodeIgniter\View\View->render('includes/navbar/_header', null, true)
 4 APPPATH\Views\layouts\default.php(44): CodeIgniter\View\View->include('includes/navbar/_header')
 5 SYSTEMPATH\View\View.php(228): include('C:\\laragon\\www\\Tesis-SistemaControl\\app\\Views\\layouts\\default.php')
 6 SYSTEMPATH\View\View.php(231): CodeIgniter\View\View->CodeIgniter\View\{closure}()
 7 SYSTEMPATH\View\View.php(244): CodeIgniter\View\View->render('layouts/default', [], true)
 8 SYSTEMPATH\Common.php(1178): CodeIgniter\View\View->render('donaciones/index', [], true)
 9 APPPATH\Controllers\Donaciones.php(30): view('donaciones/index', [...])
10 SYSTEMPATH\CodeIgniter.php(943): App\Controllers\Donaciones->index()
11 SYSTEMPATH\CodeIgniter.php(503): CodeIgniter\CodeIgniter->runController(Object(App\Controllers\Donaciones))
12 SYSTEMPATH\CodeIgniter.php(361): CodeIgniter\CodeIgniter->handleRequest(null, Object(Config\Cache), false)
13 FCPATH\index.php(81): CodeIgniter\CodeIgniter->run()
WARNING - 2024-09-14 05:13:48 --> [DEPRECATED] Function strftime() is deprecated in APPPATH\Views\includes\navbar\_header.php on line 24.
 1 SYSTEMPATH\View\View.php(228): include('C:\\laragon\\www\\Tesis-SistemaControl\\app\\Views\\includes\\navbar\\_header.php')
 2 SYSTEMPATH\View\View.php(231): CodeIgniter\View\View->CodeIgniter\View\{closure}()
 3 SYSTEMPATH\View\View.php(469): CodeIgniter\View\View->render('includes/navbar/_header', null, true)
 4 APPPATH\Views\layouts\default.php(44): CodeIgniter\View\View->include('includes/navbar/_header')
 5 SYSTEMPATH\View\View.php(228): include('C:\\laragon\\www\\Tesis-SistemaControl\\app\\Views\\layouts\\default.php')
 6 SYSTEMPATH\View\View.php(231): CodeIgniter\View\View->CodeIgniter\View\{closure}()
 7 SYSTEMPATH\View\View.php(244): CodeIgniter\View\View->render('layouts/default', [], true)
 8 SYSTEMPATH\Common.php(1178): CodeIgniter\View\View->render('donaciones/index', [], true)
 9 APPPATH\Controllers\Donaciones.php(30): view('donaciones/index', [...])
10 SYSTEMPATH\CodeIgniter.php(943): App\Controllers\Donaciones->index()
11 SYSTEMPATH\CodeIgniter.php(503): CodeIgniter\CodeIgniter->runController(Object(App\Controllers\Donaciones))
12 SYSTEMPATH\CodeIgniter.php(361): CodeIgniter\CodeIgniter->handleRequest(null, Object(Config\Cache), false)
13 FCPATH\index.php(81): CodeIgniter\CodeIgniter->run()
WARNING - 2024-09-14 05:15:48 --> [DEPRECATED] Function strftime() is deprecated in APPPATH\Views\includes\navbar\_header.php on line 24.
 1 SYSTEMPATH\View\View.php(228): include('C:\\laragon\\www\\Tesis-SistemaControl\\app\\Views\\includes\\navbar\\_header.php')
 2 SYSTEMPATH\View\View.php(231): CodeIgniter\View\View->CodeIgniter\View\{closure}()
 3 SYSTEMPATH\View\View.php(469): CodeIgniter\View\View->render('includes/navbar/_header', null, true)
 4 APPPATH\Views\layouts\default.php(44): CodeIgniter\View\View->include('includes/navbar/_header')
 5 SYSTEMPATH\View\View.php(228): include('C:\\laragon\\www\\Tesis-SistemaControl\\app\\Views\\layouts\\default.php')
 6 SYSTEMPATH\View\View.php(231): CodeIgniter\View\View->CodeIgniter\View\{closure}()
 7 SYSTEMPATH\View\View.php(244): CodeIgniter\View\View->render('layouts/default', [], true)
 8 SYSTEMPATH\Common.php(1178): CodeIgniter\View\View->render('donaciones/index', [], true)
 9 APPPATH\Controllers\Donaciones.php(30): view('donaciones/index', [...])
10 SYSTEMPATH\CodeIgniter.php(943): App\Controllers\Donaciones->index()
11 SYSTEMPATH\CodeIgniter.php(503): CodeIgniter\CodeIgniter->runController(Object(App\Controllers\Donaciones))
12 SYSTEMPATH\CodeIgniter.php(361): CodeIgniter\CodeIgniter->handleRequest(null, Object(Config\Cache), false)
13 FCPATH\index.php(81): CodeIgniter\CodeIgniter->run()
WARNING - 2024-09-14 05:15:53 --> [DEPRECATED] Function strftime() is deprecated in APPPATH\Views\reportes\reciboDonacion.php on line 85.
 1 SYSTEMPATH\View\View.php(228): include('C:\\laragon\\www\\Tesis-SistemaControl\\app\\Views\\reportes\\reciboDonacion.php')
 2 SYSTEMPATH\View\View.php(231): CodeIgniter\View\View->CodeIgniter\View\{closure}()
 3 SYSTEMPATH\Common.php(1178): CodeIgniter\View\View->render('reportes/reciboDonacion', [], true)
 4 APPPATH\Controllers\Donaciones.php(124): view('reportes/reciboDonacion', [...])
 5 SYSTEMPATH\CodeIgniter.php(943): App\Controllers\Donaciones->GenerarTicket('3')
 6 SYSTEMPATH\CodeIgniter.php(503): CodeIgniter\CodeIgniter->runController(Object(App\Controllers\Donaciones))
 7 SYSTEMPATH\CodeIgniter.php(361): CodeIgniter\CodeIgniter->handleRequest(null, Object(Config\Cache), false)
 8 FCPATH\index.php(81): CodeIgniter\CodeIgniter->run()
INFO - 2024-09-14 21:25:15 --> Session: Class initialized using 'CodeIgniter\Session\Handlers\FileHandler' driver.
INFO - 2024-09-14 21:25:15 --> Session: Class initialized using 'CodeIgniter\Session\Handlers\FileHandler' driver.
INFO - 2024-09-14 21:34:51 --> Session: Class initialized using 'CodeIgniter\Session\Handlers\FileHandler' driver.
INFO - 2024-09-14 21:34:52 --> Session: Class initialized using 'CodeIgniter\Session\Handlers\FileHandler' driver.
INFO - 2024-09-14 21:34:53 --> Session: Class initialized using 'CodeIgniter\Session\Handlers\FileHandler' driver.
INFO - 2024-09-14 21:34:53 --> Session: Class initialized using 'CodeIgniter\Session\Handlers\FileHandler' driver.
INFO - 2024-09-14 21:36:04 --> Session: Class initialized using 'CodeIgniter\Session\Handlers\FileHandler' driver.
INFO - 2024-09-14 21:36:20 --> Session: Class initialized using 'CodeIgniter\Session\Handlers\FileHandler' driver.
