INFO - 2024-08-15 04:58:37 --> Session: Class initialized using 'CodeIgniter\Session\Handlers\FileHandler' driver.
CRITICAL - 2024-08-15 04:58:37 --> ErrorException: Undefined variable $solicitudes
in APPPATH\Views\solicitud_productos\index.php on line 48.
 1 APPPATH\Views\solicitud_productos\index.php(48): CodeIgniter\Debug\Exceptions->errorHandler(2, 'Undefined variable $solicitudes', 'C:\\laragon\\www\\prueba\\SistemaControl\\app\\Views\\solicitud_productos\\index.php', 48)
 2 SYSTEMPATH\View\View.php(228): include('C:\\laragon\\www\\prueba\\SistemaControl\\app\\Views\\solicitud_productos\\index.php')
 3 SYSTEMPATH\View\View.php(231): CodeIgniter\View\View->CodeIgniter\View\{closure}()
 4 SYSTEMPATH\Common.php(1178): CodeIgniter\View\View->render('solicitud_productos/index', [], true)
 5 APPPATH\Controllers\SolicitudProductos.php(61): view('solicitud_productos/index', [...])
 6 SYSTEMPATH\CodeIgniter.php(941): App\Controllers\SolicitudProductos->index()
 7 SYSTEMPATH\CodeIgniter.php(502): CodeIgniter\CodeIgniter->runController(Object(App\Controllers\SolicitudProductos))
 8 SYSTEMPATH\CodeIgniter.php(361): CodeIgniter\CodeIgniter->handleRequest(null, Object(Config\Cache), false)
 9 FCPATH\index.php(81): CodeIgniter\CodeIgniter->run()
INFO - 2024-08-15 05:17:30 --> Session: Class initialized using 'CodeIgniter\Session\Handlers\FileHandler' driver.
INFO - 2024-08-15 05:17:30 --> Session: Class initialized using 'CodeIgniter\Session\Handlers\FileHandler' driver.
CRITICAL - 2024-08-15 05:17:32 --> ErrorException: Undefined variable $solicitudes
in APPPATH\Views\solicitud_productos\index.php on line 48.
 1 APPPATH\Views\solicitud_productos\index.php(48): CodeIgniter\Debug\Exceptions->errorHandler(2, 'Undefined variable $solicitudes', 'C:\\laragon\\www\\prueba\\SistemaControl\\app\\Views\\solicitud_productos\\index.php', 48)
 2 SYSTEMPATH\View\View.php(228): include('C:\\laragon\\www\\prueba\\SistemaControl\\app\\Views\\solicitud_productos\\index.php')
 3 SYSTEMPATH\View\View.php(231): CodeIgniter\View\View->CodeIgniter\View\{closure}()
 4 SYSTEMPATH\Common.php(1178): CodeIgniter\View\View->render('solicitud_productos/index', [], true)
 5 APPPATH\Controllers\SolicitudProductos.php(61): view('solicitud_productos/index', [...])
 6 SYSTEMPATH\CodeIgniter.php(941): App\Controllers\SolicitudProductos->index()
 7 SYSTEMPATH\CodeIgniter.php(502): CodeIgniter\CodeIgniter->runController(Object(App\Controllers\SolicitudProductos))
 8 SYSTEMPATH\CodeIgniter.php(361): CodeIgniter\CodeIgniter->handleRequest(null, Object(Config\Cache), false)
 9 FCPATH\index.php(81): CodeIgniter\CodeIgniter->run()
CRITICAL - 2024-08-15 05:17:32 --> ErrorException: Undefined variable $solicitudes
in APPPATH\Views\solicitud_productos\index.php on line 48.
 1 APPPATH\Views\solicitud_productos\index.php(48): CodeIgniter\Debug\Exceptions->errorHandler(2, 'Undefined variable $solicitudes', 'C:\\laragon\\www\\prueba\\SistemaControl\\app\\Views\\solicitud_productos\\index.php', 48)
 2 SYSTEMPATH\View\View.php(228): include('C:\\laragon\\www\\prueba\\SistemaControl\\app\\Views\\solicitud_productos\\index.php')
 3 SYSTEMPATH\View\View.php(231): CodeIgniter\View\View->CodeIgniter\View\{closure}()
 4 SYSTEMPATH\Common.php(1178): CodeIgniter\View\View->render('solicitud_productos/index', [], true)
 5 APPPATH\Controllers\SolicitudProductos.php(61): view('solicitud_productos/index', [...])
 6 SYSTEMPATH\CodeIgniter.php(941): App\Controllers\SolicitudProductos->index()
 7 SYSTEMPATH\CodeIgniter.php(502): CodeIgniter\CodeIgniter->runController(Object(App\Controllers\SolicitudProductos))
 8 SYSTEMPATH\CodeIgniter.php(361): CodeIgniter\CodeIgniter->handleRequest(null, Object(Config\Cache), false)
 9 FCPATH\index.php(81): CodeIgniter\CodeIgniter->run()
INFO - 2024-08-15 05:17:41 --> Session: Class initialized using 'CodeIgniter\Session\Handlers\FileHandler' driver.
CRITICAL - 2024-08-15 05:17:42 --> ErrorException: Undefined variable $solicitudes
in APPPATH\Views\solicitud_productos\index.php on line 48.
 1 APPPATH\Views\solicitud_productos\index.php(48): CodeIgniter\Debug\Exceptions->errorHandler(2, 'Undefined variable $solicitudes', 'C:\\laragon\\www\\prueba\\SistemaControl\\app\\Views\\solicitud_productos\\index.php', 48)
 2 SYSTEMPATH\View\View.php(228): include('C:\\laragon\\www\\prueba\\SistemaControl\\app\\Views\\solicitud_productos\\index.php')
 3 SYSTEMPATH\View\View.php(231): CodeIgniter\View\View->CodeIgniter\View\{closure}()
 4 SYSTEMPATH\Common.php(1178): CodeIgniter\View\View->render('solicitud_productos/index', [], true)
 5 APPPATH\Controllers\SolicitudProductos.php(61): view('solicitud_productos/index', [...])
 6 SYSTEMPATH\CodeIgniter.php(941): App\Controllers\SolicitudProductos->index()
 7 SYSTEMPATH\CodeIgniter.php(502): CodeIgniter\CodeIgniter->runController(Object(App\Controllers\SolicitudProductos))
 8 SYSTEMPATH\CodeIgniter.php(361): CodeIgniter\CodeIgniter->handleRequest(null, Object(Config\Cache), false)
 9 FCPATH\index.php(81): CodeIgniter\CodeIgniter->run()
INFO - 2024-08-15 05:18:14 --> Session: Class initialized using 'CodeIgniter\Session\Handlers\FileHandler' driver.
CRITICAL - 2024-08-15 05:18:15 --> ErrorException: Undefined variable $solicitudes
in APPPATH\Views\solicitud_productos\index.php on line 48.
 1 APPPATH\Views\solicitud_productos\index.php(48): CodeIgniter\Debug\Exceptions->errorHandler(2, 'Undefined variable $solicitudes', 'C:\\laragon\\www\\prueba\\SistemaControl\\app\\Views\\solicitud_productos\\index.php', 48)
 2 SYSTEMPATH\View\View.php(228): include('C:\\laragon\\www\\prueba\\SistemaControl\\app\\Views\\solicitud_productos\\index.php')
 3 SYSTEMPATH\View\View.php(231): CodeIgniter\View\View->CodeIgniter\View\{closure}()
 4 SYSTEMPATH\Common.php(1178): CodeIgniter\View\View->render('solicitud_productos/index', [], true)
 5 APPPATH\Controllers\SolicitudProductos.php(61): view('solicitud_productos/index', [...])
 6 SYSTEMPATH\CodeIgniter.php(941): App\Controllers\SolicitudProductos->index()
 7 SYSTEMPATH\CodeIgniter.php(502): CodeIgniter\CodeIgniter->runController(Object(App\Controllers\SolicitudProductos))
 8 SYSTEMPATH\CodeIgniter.php(361): CodeIgniter\CodeIgniter->handleRequest(null, Object(Config\Cache), false)
 9 FCPATH\index.php(81): CodeIgniter\CodeIgniter->run()
INFO - 2024-08-15 05:18:24 --> Session: Class initialized using 'CodeIgniter\Session\Handlers\FileHandler' driver.
CRITICAL - 2024-08-15 05:18:25 --> ErrorException: Undefined variable $solicitudes
in APPPATH\Views\solicitud_productos\index.php on line 48.
 1 APPPATH\Views\solicitud_productos\index.php(48): CodeIgniter\Debug\Exceptions->errorHandler(2, 'Undefined variable $solicitudes', 'C:\\laragon\\www\\prueba\\SistemaControl\\app\\Views\\solicitud_productos\\index.php', 48)
 2 SYSTEMPATH\View\View.php(228): include('C:\\laragon\\www\\prueba\\SistemaControl\\app\\Views\\solicitud_productos\\index.php')
 3 SYSTEMPATH\View\View.php(231): CodeIgniter\View\View->CodeIgniter\View\{closure}()
 4 SYSTEMPATH\Common.php(1178): CodeIgniter\View\View->render('solicitud_productos/index', [], true)
 5 APPPATH\Controllers\SolicitudProductos.php(61): view('solicitud_productos/index', [...])
 6 SYSTEMPATH\CodeIgniter.php(941): App\Controllers\SolicitudProductos->index()
 7 SYSTEMPATH\CodeIgniter.php(502): CodeIgniter\CodeIgniter->runController(Object(App\Controllers\SolicitudProductos))
 8 SYSTEMPATH\CodeIgniter.php(361): CodeIgniter\CodeIgniter->handleRequest(null, Object(Config\Cache), false)
 9 FCPATH\index.php(81): CodeIgniter\CodeIgniter->run()
INFO - 2024-08-15 05:19:08 --> Session: Class initialized using 'CodeIgniter\Session\Handlers\FileHandler' driver.
INFO - 2024-08-15 05:19:27 --> Session: Class initialized using 'CodeIgniter\Session\Handlers\FileHandler' driver.
INFO - 2024-08-15 05:19:28 --> Session: Class initialized using 'CodeIgniter\Session\Handlers\FileHandler' driver.
INFO - 2024-08-15 05:19:40 --> Session: Class initialized using 'CodeIgniter\Session\Handlers\FileHandler' driver.
INFO - 2024-08-15 05:19:42 --> Session: Class initialized using 'CodeIgniter\Session\Handlers\FileHandler' driver.
INFO - 2024-08-15 05:19:45 --> Session: Class initialized using 'CodeIgniter\Session\Handlers\FileHandler' driver.
INFO - 2024-08-15 05:20:03 --> Session: Class initialized using 'CodeIgniter\Session\Handlers\FileHandler' driver.
INFO - 2024-08-15 05:32:51 --> Session: Class initialized using 'CodeIgniter\Session\Handlers\FileHandler' driver.
INFO - 2024-08-15 05:39:10 --> Session: Class initialized using 'CodeIgniter\Session\Handlers\FileHandler' driver.
INFO - 2024-08-15 05:39:29 --> Session: Class initialized using 'CodeIgniter\Session\Handlers\FileHandler' driver.
INFO - 2024-08-15 05:39:29 --> Session: Class initialized using 'CodeIgniter\Session\Handlers\FileHandler' driver.
INFO - 2024-08-15 05:40:36 --> Session: Class initialized using 'CodeIgniter\Session\Handlers\FileHandler' driver.
CRITICAL - 2024-08-15 05:40:36 --> BadMethodCallException: Call to undefined method App\Models\SolicitudProductosModel::getReporteSolicitudProductos
in SYSTEMPATH\Model.php on line 874.
 1 APPPATH\Controllers\ReporteSolicitudProductos.php(21): CodeIgniter\Model->__call('getReporteSolicitudProductos', [...])
 2 SYSTEMPATH\CodeIgniter.php(941): App\Controllers\ReporteSolicitudProductos->index()
 3 SYSTEMPATH\CodeIgniter.php(502): CodeIgniter\CodeIgniter->runController(Object(App\Controllers\ReporteSolicitudProductos))
 4 SYSTEMPATH\CodeIgniter.php(361): CodeIgniter\CodeIgniter->handleRequest(null, Object(Config\Cache), false)
 5 FCPATH\index.php(81): CodeIgniter\CodeIgniter->run()
INFO - 2024-08-15 05:45:15 --> Session: Class initialized using 'CodeIgniter\Session\Handlers\FileHandler' driver.
INFO - 2024-08-15 05:48:24 --> Session: Class initialized using 'CodeIgniter\Session\Handlers\FileHandler' driver.
INFO - 2024-08-15 05:51:40 --> Session: Class initialized using 'CodeIgniter\Session\Handlers\FileHandler' driver.
INFO - 2024-08-15 05:52:22 --> Session: Class initialized using 'CodeIgniter\Session\Handlers\FileHandler' driver.
INFO - 2024-08-15 05:54:59 --> Session: Class initialized using 'CodeIgniter\Session\Handlers\FileHandler' driver.
INFO - 2024-08-15 05:55:37 --> Session: Class initialized using 'CodeIgniter\Session\Handlers\FileHandler' driver.
INFO - 2024-08-15 05:55:42 --> Session: Class initialized using 'CodeIgniter\Session\Handlers\FileHandler' driver.
INFO - 2024-08-15 05:55:51 --> Session: Class initialized using 'CodeIgniter\Session\Handlers\FileHandler' driver.
INFO - 2024-08-15 05:56:11 --> Session: Class initialized using 'CodeIgniter\Session\Handlers\FileHandler' driver.
INFO - 2024-08-15 06:02:21 --> Session: Class initialized using 'CodeIgniter\Session\Handlers\FileHandler' driver.
INFO - 2024-08-15 06:02:29 --> Session: Class initialized using 'CodeIgniter\Session\Handlers\FileHandler' driver.
INFO - 2024-08-15 06:02:43 --> Session: Class initialized using 'CodeIgniter\Session\Handlers\FileHandler' driver.
INFO - 2024-08-15 06:06:18 --> Session: Class initialized using 'CodeIgniter\Session\Handlers\FileHandler' driver.
INFO - 2024-08-15 06:06:23 --> Session: Class initialized using 'CodeIgniter\Session\Handlers\FileHandler' driver.
INFO - 2024-08-15 06:06:39 --> Session: Class initialized using 'CodeIgniter\Session\Handlers\FileHandler' driver.
INFO - 2024-08-15 06:06:45 --> Session: Class initialized using 'CodeIgniter\Session\Handlers\FileHandler' driver.
INFO - 2024-08-15 06:18:25 --> Session: Class initialized using 'CodeIgniter\Session\Handlers\FileHandler' driver.
INFO - 2024-08-15 06:18:36 --> Session: Class initialized using 'CodeIgniter\Session\Handlers\FileHandler' driver.
CRITICAL - 2024-08-15 06:18:37 --> BadMethodCallException: Call to undefined method App\Models\SolicitudProductosModel::getDetallesSolicitud
in SYSTEMPATH\Model.php on line 874.
 1 APPPATH\Controllers\ReporteSolicitudProductos.php(57): CodeIgniter\Model->__call('getDetallesSolicitud', [...])
 2 SYSTEMPATH\CodeIgniter.php(941): App\Controllers\ReporteSolicitudProductos->generarReporte()
 3 SYSTEMPATH\CodeIgniter.php(502): CodeIgniter\CodeIgniter->runController(Object(App\Controllers\ReporteSolicitudProductos))
 4 SYSTEMPATH\CodeIgniter.php(361): CodeIgniter\CodeIgniter->handleRequest(null, Object(Config\Cache), false)
 5 FCPATH\index.php(81): CodeIgniter\CodeIgniter->run()
INFO - 2024-08-15 06:19:21 --> Session: Class initialized using 'CodeIgniter\Session\Handlers\FileHandler' driver.
ERROR - 2024-08-15 06:19:22 --> mysqli_sql_exception: Unknown column 'p.nombre' in 'field list' in C:\laragon\www\prueba\SistemaControl\vendor\codeigniter4\framework\system\Database\MySQLi\Connection.php:306
Stack trace:
#0 C:\laragon\www\prueba\SistemaControl\vendor\codeigniter4\framework\system\Database\MySQLi\Connection.php(306): mysqli->query('SELECT `p`.`nom...', 0)
#1 C:\laragon\www\prueba\SistemaControl\vendor\codeigniter4\framework\system\Database\BaseConnection.php(693): CodeIgniter\Database\MySQLi\Connection->execute('SELECT `p`.`nom...')
#2 C:\laragon\www\prueba\SistemaControl\vendor\codeigniter4\framework\system\Database\BaseConnection.php(607): CodeIgniter\Database\BaseConnection->simpleQuery('SELECT `p`.`nom...')
#3 C:\laragon\www\prueba\SistemaControl\vendor\codeigniter4\framework\system\Database\BaseBuilder.php(1613): CodeIgniter\Database\BaseConnection->query('SELECT `p`.`nom...', Array, false)
#4 C:\laragon\www\prueba\SistemaControl\app\Models\SolicitudProductosModel.php(138): CodeIgniter\Database\BaseBuilder->get()
#5 C:\laragon\www\prueba\SistemaControl\app\Controllers\ReporteSolicitudProductos.php(57): App\Models\SolicitudProductosModel->getDetallesSolicitud('34')
#6 C:\laragon\www\prueba\SistemaControl\vendor\codeigniter4\framework\system\CodeIgniter.php(941): App\Controllers\ReporteSolicitudProductos->generarReporte()
#7 C:\laragon\www\prueba\SistemaControl\vendor\codeigniter4\framework\system\CodeIgniter.php(502): CodeIgniter\CodeIgniter->runController(Object(App\Controllers\ReporteSolicitudProductos))
#8 C:\laragon\www\prueba\SistemaControl\vendor\codeigniter4\framework\system\CodeIgniter.php(361): CodeIgniter\CodeIgniter->handleRequest(NULL, Object(Config\Cache), false)
#9 C:\laragon\www\prueba\SistemaControl\public\index.php(81): CodeIgniter\CodeIgniter->run()
#10 {main}
CRITICAL - 2024-08-15 06:19:22 --> CodeIgniter\Database\Exceptions\DatabaseException: Unknown column 'p.nombre' in 'field list'
in SYSTEMPATH\Database\BaseConnection.php on line 647.
 1 SYSTEMPATH\Database\BaseBuilder.php(1613): CodeIgniter\Database\BaseConnection->query('SELECT `p`.`nombre` AS `nombre_producto`, `p`.`fecha_vencimiento`, `spd`.`cantidad`
FROM `solicitud_productos_detalle` `spd`
LEFT JOIN `productos` `p` ON `p`.`idProducto` = `spd`.`idProducto`
WHERE `spd`.`idSolicitudProductos` = :spd.idSolicitudProductos:', [...], false)
 2 APPPATH\Models\SolicitudProductosModel.php(138): CodeIgniter\Database\BaseBuilder->get()
 3 APPPATH\Controllers\ReporteSolicitudProductos.php(57): App\Models\SolicitudProductosModel->getDetallesSolicitud('34')
 4 SYSTEMPATH\CodeIgniter.php(941): App\Controllers\ReporteSolicitudProductos->generarReporte()
 5 SYSTEMPATH\CodeIgniter.php(502): CodeIgniter\CodeIgniter->runController(Object(App\Controllers\ReporteSolicitudProductos))
 6 SYSTEMPATH\CodeIgniter.php(361): CodeIgniter\CodeIgniter->handleRequest(null, Object(Config\Cache), false)
 7 FCPATH\index.php(81): CodeIgniter\CodeIgniter->run()
CRITICAL - 2024-08-15 06:19:22 --> [Caused by] CodeIgniter\Database\Exceptions\DatabaseException: Unknown column 'p.nombre' in 'field list'
in SYSTEMPATH\Database\MySQLi\Connection.php on line 311.
 1 SYSTEMPATH\Database\BaseConnection.php(693): CodeIgniter\Database\MySQLi\Connection->execute('SELECT `p`.`nombre` AS `nombre_producto`, `p`.`fecha_vencimiento`, `spd`.`cantidad`
FROM `solicitud_productos_detalle` `spd`
LEFT JOIN `productos` `p` ON `p`.`idProducto` = `spd`.`idProducto`
WHERE `spd`.`idSolicitudProductos` = \'34\'')
 2 SYSTEMPATH\Database\BaseConnection.php(607): CodeIgniter\Database\BaseConnection->simpleQuery('SELECT `p`.`nombre` AS `nombre_producto`, `p`.`fecha_vencimiento`, `spd`.`cantidad`
FROM `solicitud_productos_detalle` `spd`
LEFT JOIN `productos` `p` ON `p`.`idProducto` = `spd`.`idProducto`
WHERE `spd`.`idSolicitudProductos` = \'34\'')
 3 SYSTEMPATH\Database\BaseBuilder.php(1613): CodeIgniter\Database\BaseConnection->query('SELECT `p`.`nombre` AS `nombre_producto`, `p`.`fecha_vencimiento`, `spd`.`cantidad`
FROM `solicitud_productos_detalle` `spd`
LEFT JOIN `productos` `p` ON `p`.`idProducto` = `spd`.`idProducto`
WHERE `spd`.`idSolicitudProductos` = :spd.idSolicitudProductos:', [...], false)
 4 APPPATH\Models\SolicitudProductosModel.php(138): CodeIgniter\Database\BaseBuilder->get()
 5 APPPATH\Controllers\ReporteSolicitudProductos.php(57): App\Models\SolicitudProductosModel->getDetallesSolicitud('34')
 6 SYSTEMPATH\CodeIgniter.php(941): App\Controllers\ReporteSolicitudProductos->generarReporte()
 7 SYSTEMPATH\CodeIgniter.php(502): CodeIgniter\CodeIgniter->runController(Object(App\Controllers\ReporteSolicitudProductos))
 8 SYSTEMPATH\CodeIgniter.php(361): CodeIgniter\CodeIgniter->handleRequest(null, Object(Config\Cache), false)
 9 FCPATH\index.php(81): CodeIgniter\CodeIgniter->run()
CRITICAL - 2024-08-15 06:19:22 --> [Caused by] mysqli_sql_exception: Unknown column 'p.nombre' in 'field list'
in SYSTEMPATH\Database\MySQLi\Connection.php on line 306.
 1 SYSTEMPATH\Database\MySQLi\Connection.php(306): mysqli->query('SELECT `p`.`nombre` AS `nombre_producto`, `p`.`fecha_vencimiento`, `spd`.`cantidad`
FROM `solicitud_productos_detalle` `spd`
LEFT JOIN `productos` `p` ON `p`.`idProducto` = `spd`.`idProducto`
WHERE `spd`.`idSolicitudProductos` = \'34\'', 0)
 2 SYSTEMPATH\Database\BaseConnection.php(693): CodeIgniter\Database\MySQLi\Connection->execute('SELECT `p`.`nombre` AS `nombre_producto`, `p`.`fecha_vencimiento`, `spd`.`cantidad`
FROM `solicitud_productos_detalle` `spd`
LEFT JOIN `productos` `p` ON `p`.`idProducto` = `spd`.`idProducto`
WHERE `spd`.`idSolicitudProductos` = \'34\'')
 3 SYSTEMPATH\Database\BaseConnection.php(607): CodeIgniter\Database\BaseConnection->simpleQuery('SELECT `p`.`nombre` AS `nombre_producto`, `p`.`fecha_vencimiento`, `spd`.`cantidad`
FROM `solicitud_productos_detalle` `spd`
LEFT JOIN `productos` `p` ON `p`.`idProducto` = `spd`.`idProducto`
WHERE `spd`.`idSolicitudProductos` = \'34\'')
 4 SYSTEMPATH\Database\BaseBuilder.php(1613): CodeIgniter\Database\BaseConnection->query('SELECT `p`.`nombre` AS `nombre_producto`, `p`.`fecha_vencimiento`, `spd`.`cantidad`
FROM `solicitud_productos_detalle` `spd`
LEFT JOIN `productos` `p` ON `p`.`idProducto` = `spd`.`idProducto`
WHERE `spd`.`idSolicitudProductos` = :spd.idSolicitudProductos:', [...], false)
 5 APPPATH\Models\SolicitudProductosModel.php(138): CodeIgniter\Database\BaseBuilder->get()
 6 APPPATH\Controllers\ReporteSolicitudProductos.php(57): App\Models\SolicitudProductosModel->getDetallesSolicitud('34')
 7 SYSTEMPATH\CodeIgniter.php(941): App\Controllers\ReporteSolicitudProductos->generarReporte()
 8 SYSTEMPATH\CodeIgniter.php(502): CodeIgniter\CodeIgniter->runController(Object(App\Controllers\ReporteSolicitudProductos))
 9 SYSTEMPATH\CodeIgniter.php(361): CodeIgniter\CodeIgniter->handleRequest(null, Object(Config\Cache), false)
10 FCPATH\index.php(81): CodeIgniter\CodeIgniter->run()
INFO - 2024-08-15 06:20:40 --> Session: Class initialized using 'CodeIgniter\Session\Handlers\FileHandler' driver.
CRITICAL - 2024-08-15 06:20:40 --> ErrorException: Undefined array key "nombre_producto"
in APPPATH\Controllers\ReporteSolicitudProductos.php on line 59.
 1 APPPATH\Controllers\ReporteSolicitudProductos.php(59): CodeIgniter\Debug\Exceptions->errorHandler(2, 'Undefined array key "nombre_producto"', 'C:\\laragon\\www\\prueba\\SistemaControl\\app\\Controllers\\ReporteSolicitudProductos.php', 59)
 2 SYSTEMPATH\CodeIgniter.php(941): App\Controllers\ReporteSolicitudProductos->generarReporte()
 3 SYSTEMPATH\CodeIgniter.php(502): CodeIgniter\CodeIgniter->runController(Object(App\Controllers\ReporteSolicitudProductos))
 4 SYSTEMPATH\CodeIgniter.php(361): CodeIgniter\CodeIgniter->handleRequest(null, Object(Config\Cache), false)
 5 FCPATH\index.php(81): CodeIgniter\CodeIgniter->run()
INFO - 2024-08-15 06:21:07 --> Session: Class initialized using 'CodeIgniter\Session\Handlers\FileHandler' driver.
CRITICAL - 2024-08-15 06:21:07 --> ErrorException: Undefined array key "fecha_vencimiento"
in APPPATH\Controllers\ReporteSolicitudProductos.php on line 60.
 1 APPPATH\Controllers\ReporteSolicitudProductos.php(60): CodeIgniter\Debug\Exceptions->errorHandler(2, 'Undefined array key "fecha_vencimiento"', 'C:\\laragon\\www\\prueba\\SistemaControl\\app\\Controllers\\ReporteSolicitudProductos.php', 60)
 2 SYSTEMPATH\CodeIgniter.php(941): App\Controllers\ReporteSolicitudProductos->generarReporte()
 3 SYSTEMPATH\CodeIgniter.php(502): CodeIgniter\CodeIgniter->runController(Object(App\Controllers\ReporteSolicitudProductos))
 4 SYSTEMPATH\CodeIgniter.php(361): CodeIgniter\CodeIgniter->handleRequest(null, Object(Config\Cache), false)
 5 FCPATH\index.php(81): CodeIgniter\CodeIgniter->run()
INFO - 2024-08-15 06:22:08 --> Session: Class initialized using 'CodeIgniter\Session\Handlers\FileHandler' driver.
INFO - 2024-08-15 06:25:54 --> Session: Class initialized using 'CodeIgniter\Session\Handlers\FileHandler' driver.
INFO - 2024-08-15 06:26:04 --> Session: Class initialized using 'CodeIgniter\Session\Handlers\FileHandler' driver.
INFO - 2024-08-15 06:27:49 --> Session: Class initialized using 'CodeIgniter\Session\Handlers\FileHandler' driver.
INFO - 2024-08-15 06:29:19 --> Session: Class initialized using 'CodeIgniter\Session\Handlers\FileHandler' driver.
INFO - 2024-08-15 06:35:29 --> Session: Class initialized using 'CodeIgniter\Session\Handlers\FileHandler' driver.
INFO - 2024-08-15 06:38:45 --> Session: Class initialized using 'CodeIgniter\Session\Handlers\FileHandler' driver.
INFO - 2024-08-15 06:39:32 --> Session: Class initialized using 'CodeIgniter\Session\Handlers\FileHandler' driver.
INFO - 2024-08-15 06:39:49 --> Session: Class initialized using 'CodeIgniter\Session\Handlers\FileHandler' driver.
INFO - 2024-08-15 06:40:39 --> Session: Class initialized using 'CodeIgniter\Session\Handlers\FileHandler' driver.
INFO - 2024-08-15 06:41:57 --> Session: Class initialized using 'CodeIgniter\Session\Handlers\FileHandler' driver.
INFO - 2024-08-15 06:42:50 --> Session: Class initialized using 'CodeIgniter\Session\Handlers\FileHandler' driver.
INFO - 2024-08-15 06:44:08 --> Session: Class initialized using 'CodeIgniter\Session\Handlers\FileHandler' driver.
INFO - 2024-08-15 06:44:43 --> Session: Class initialized using 'CodeIgniter\Session\Handlers\FileHandler' driver.
INFO - 2024-08-15 06:46:18 --> Session: Class initialized using 'CodeIgniter\Session\Handlers\FileHandler' driver.
INFO - 2024-08-15 06:47:15 --> Session: Class initialized using 'CodeIgniter\Session\Handlers\FileHandler' driver.
INFO - 2024-08-15 06:47:48 --> Session: Class initialized using 'CodeIgniter\Session\Handlers\FileHandler' driver.
INFO - 2024-08-15 06:48:12 --> Session: Class initialized using 'CodeIgniter\Session\Handlers\FileHandler' driver.
INFO - 2024-08-15 06:48:41 --> Session: Class initialized using 'CodeIgniter\Session\Handlers\FileHandler' driver.
INFO - 2024-08-15 06:49:00 --> Session: Class initialized using 'CodeIgniter\Session\Handlers\FileHandler' driver.
INFO - 2024-08-15 06:49:19 --> Session: Class initialized using 'CodeIgniter\Session\Handlers\FileHandler' driver.
INFO - 2024-08-15 06:50:22 --> Session: Class initialized using 'CodeIgniter\Session\Handlers\FileHandler' driver.
INFO - 2024-08-15 06:50:48 --> Session: Class initialized using 'CodeIgniter\Session\Handlers\FileHandler' driver.
INFO - 2024-08-15 07:15:24 --> Session: Class initialized using 'CodeIgniter\Session\Handlers\FileHandler' driver.
INFO - 2024-08-15 07:15:41 --> Session: Class initialized using 'CodeIgniter\Session\Handlers\FileHandler' driver.
INFO - 2024-08-15 07:15:50 --> Session: Class initialized using 'CodeIgniter\Session\Handlers\FileHandler' driver.
INFO - 2024-08-15 07:15:57 --> Session: Class initialized using 'CodeIgniter\Session\Handlers\FileHandler' driver.
INFO - 2024-08-15 07:17:57 --> Session: Class initialized using 'CodeIgniter\Session\Handlers\FileHandler' driver.
INFO - 2024-08-15 07:18:20 --> Session: Class initialized using 'CodeIgniter\Session\Handlers\FileHandler' driver.
INFO - 2024-08-15 07:18:37 --> Session: Class initialized using 'CodeIgniter\Session\Handlers\FileHandler' driver.
INFO - 2024-08-15 07:18:44 --> Session: Class initialized using 'CodeIgniter\Session\Handlers\FileHandler' driver.
INFO - 2024-08-15 07:22:23 --> Session: Class initialized using 'CodeIgniter\Session\Handlers\FileHandler' driver.
INFO - 2024-08-15 07:22:39 --> Session: Class initialized using 'CodeIgniter\Session\Handlers\FileHandler' driver.
INFO - 2024-08-15 07:23:03 --> Session: Class initialized using 'CodeIgniter\Session\Handlers\FileHandler' driver.
INFO - 2024-08-15 07:23:13 --> Session: Class initialized using 'CodeIgniter\Session\Handlers\FileHandler' driver.
INFO - 2024-08-15 07:23:19 --> Session: Class initialized using 'CodeIgniter\Session\Handlers\FileHandler' driver.
INFO - 2024-08-15 07:23:34 --> Session: Class initialized using 'CodeIgniter\Session\Handlers\FileHandler' driver.
