CRITICAL - 2024-07-20 18:07:12 --> ErrorException: require(./fpdf.php): Failed to open stream: No such file or directory
in APPPATH\Views\fpdf\PruebaV.php on line 3.
 1 APPPATH\Views\fpdf\PruebaV.php(3): CodeIgniter\Debug\Exceptions->errorHandler(2, 'require(./fpdf.php): Failed to open stream: No such file or directory', 'C:\\laragon\\www\\Tesis-SistemaControl\\app\\Views\\fpdf\\PruebaV.php', 3)
 2 APPPATH\Views\fpdf\PruebaV.php(3): require()
 3 SYSTEMPATH\View\View.php(228): include('C:\\laragon\\www\\Tesis-SistemaControl\\app\\Views\\fpdf\\PruebaV.php')
 4 SYSTEMPATH\View\View.php(231): CodeIgniter\View\View->CodeIgniter\View\{closure}()
 5 SYSTEMPATH\Common.php(1178): CodeIgniter\View\View->render('fpdf/PruebaV', [], true)
 6 APPPATH\Controllers\Donaciones.php(71): view('fpdf/PruebaV')
 7 SYSTEMPATH\CodeIgniter.php(943): App\Controllers\Donaciones->GenerarReporte()
 8 SYSTEMPATH\CodeIgniter.php(503): CodeIgniter\CodeIgniter->runController(Object(App\Controllers\Donaciones))
 9 SYSTEMPATH\CodeIgniter.php(361): CodeIgniter\CodeIgniter->handleRequest(null, Object(Config\Cache), false)
10 FCPATH\index.php(79): CodeIgniter\CodeIgniter->run()
CRITICAL - 2024-07-20 18:08:41 --> ErrorException: require(./fpdf.php): Failed to open stream: No such file or directory
in APPPATH\Views\fpdf\PruebaV.php on line 3.
 1 APPPATH\Views\fpdf\PruebaV.php(3): CodeIgniter\Debug\Exceptions->errorHandler(2, 'require(./fpdf.php): Failed to open stream: No such file or directory', 'C:\\laragon\\www\\Tesis-SistemaControl\\app\\Views\\fpdf\\PruebaV.php', 3)
 2 APPPATH\Views\fpdf\PruebaV.php(3): require()
 3 SYSTEMPATH\View\View.php(228): include('C:\\laragon\\www\\Tesis-SistemaControl\\app\\Views\\fpdf\\PruebaV.php')
 4 SYSTEMPATH\View\View.php(231): CodeIgniter\View\View->CodeIgniter\View\{closure}()
 5 SYSTEMPATH\Common.php(1178): CodeIgniter\View\View->render('fpdf/PruebaV', [], true)
 6 APPPATH\Controllers\Donaciones.php(71): view('fpdf/PruebaV')
 7 SYSTEMPATH\CodeIgniter.php(943): App\Controllers\Donaciones->GenerarReporte()
 8 SYSTEMPATH\CodeIgniter.php(503): CodeIgniter\CodeIgniter->runController(Object(App\Controllers\Donaciones))
 9 SYSTEMPATH\CodeIgniter.php(361): CodeIgniter\CodeIgniter->handleRequest(null, Object(Config\Cache), false)
10 FCPATH\index.php(79): CodeIgniter\CodeIgniter->run()
CRITICAL - 2024-07-20 18:08:50 --> ErrorException: require(./fpdf.php): Failed to open stream: No such file or directory
in APPPATH\Views\fpdf\PruebaV.php on line 3.
 1 APPPATH\Views\fpdf\PruebaV.php(3): CodeIgniter\Debug\Exceptions->errorHandler(2, 'require(./fpdf.php): Failed to open stream: No such file or directory', 'C:\\laragon\\www\\Tesis-SistemaControl\\app\\Views\\fpdf\\PruebaV.php', 3)
 2 APPPATH\Views\fpdf\PruebaV.php(3): require()
 3 SYSTEMPATH\View\View.php(228): include('C:\\laragon\\www\\Tesis-SistemaControl\\app\\Views\\fpdf\\PruebaV.php')
 4 SYSTEMPATH\View\View.php(231): CodeIgniter\View\View->CodeIgniter\View\{closure}()
 5 SYSTEMPATH\Common.php(1178): CodeIgniter\View\View->render('fpdf/PruebaV', [], true)
 6 APPPATH\Controllers\Donaciones.php(71): view('fpdf/PruebaV')
 7 SYSTEMPATH\CodeIgniter.php(943): App\Controllers\Donaciones->GenerarReporte()
 8 SYSTEMPATH\CodeIgniter.php(503): CodeIgniter\CodeIgniter->runController(Object(App\Controllers\Donaciones))
 9 SYSTEMPATH\CodeIgniter.php(361): CodeIgniter\CodeIgniter->handleRequest(null, Object(Config\Cache), false)
10 FCPATH\index.php(79): CodeIgniter\CodeIgniter->run()
