INFO - 2024-09-20 21:56:21 --> Session: Class initialized using 'CodeIgniter\Session\Handlers\FileHandler' driver.
INFO - 2024-09-20 21:56:21 --> Session: Class initialized using 'CodeIgniter\Session\Handlers\FileHandler' driver.
INFO - 2024-09-20 21:56:21 --> Session: Class initialized using 'CodeIgniter\Session\Handlers\FileHandler' driver.
INFO - 2024-09-20 21:56:26 --> Session: Class initialized using 'CodeIgniter\Session\Handlers\FileHandler' driver.
INFO - 2024-09-20 21:56:28 --> Session: Class initialized using 'CodeIgniter\Session\Handlers\FileHandler' driver.
INFO - 2024-09-20 21:56:29 --> Session: Class initialized using 'CodeIgniter\Session\Handlers\FileHandler' driver.
INFO - 2024-09-20 21:56:30 --> Session: Class initialized using 'CodeIgniter\Session\Handlers\FileHandler' driver.
INFO - 2024-09-20 21:56:37 --> Session: Class initialized using 'CodeIgniter\Session\Handlers\FileHandler' driver.
ERROR - 2024-09-20 21:56:38 --> mysqli_sql_exception: Column 'estado' in where clause is ambiguous in C:\laragon\www\Tesis-SistemaControl\vendor\codeigniter4\framework\system\Database\MySQLi\Connection.php:306
Stack trace:
#0 C:\laragon\www\Tesis-SistemaControl\vendor\codeigniter4\framework\system\Database\MySQLi\Connection.php(306): mysqli->query('SELECT `donacio...', 0)
#1 C:\laragon\www\Tesis-SistemaControl\vendor\codeigniter4\framework\system\Database\BaseConnection.php(693): CodeIgniter\Database\MySQLi\Connection->execute('SELECT `donacio...')
#2 C:\laragon\www\Tesis-SistemaControl\vendor\codeigniter4\framework\system\Database\BaseConnection.php(607): CodeIgniter\Database\BaseConnection->simpleQuery('SELECT `donacio...')
#3 C:\laragon\www\Tesis-SistemaControl\vendor\codeigniter4\framework\system\Database\BaseBuilder.php(1616): CodeIgniter\Database\BaseConnection->query('SELECT `donacio...', Array, false)
#4 C:\laragon\www\Tesis-SistemaControl\app\Controllers\Donaciones.php(29): CodeIgniter\Database\BaseBuilder->get()
#5 C:\laragon\www\Tesis-SistemaControl\vendor\codeigniter4\framework\system\CodeIgniter.php(943): App\Controllers\Donaciones->index()
#6 C:\laragon\www\Tesis-SistemaControl\vendor\codeigniter4\framework\system\CodeIgniter.php(503): CodeIgniter\CodeIgniter->runController(Object(App\Controllers\Donaciones))
#7 C:\laragon\www\Tesis-SistemaControl\vendor\codeigniter4\framework\system\CodeIgniter.php(361): CodeIgniter\CodeIgniter->handleRequest(NULL, Object(Config\Cache), false)
#8 C:\laragon\www\Tesis-SistemaControl\public\index.php(81): CodeIgniter\CodeIgniter->run()
#9 {main}
CRITICAL - 2024-09-20 21:56:38 --> CodeIgniter\Database\Exceptions\DatabaseException: Column 'estado' in where clause is ambiguous
in SYSTEMPATH\Database\BaseConnection.php on line 647.
 1 SYSTEMPATH\Database\BaseBuilder.php(1616): CodeIgniter\Database\BaseConnection->query('SELECT `donaciones`.`idDonaciones`, `datos_responsable`.`nombreCompleto`, `donaciones`.`cantidad`, `donaciones`.`descripcion`, `donaciones`.`fechaDonacion`, `proyectos`.`nombreProyecto`
FROM `donaciones`
INNER JOIN `proyectos` ON `proyectos`.`idProyectos` = `donaciones`.`idProyectos`
INNER JOIN `datos_responsable` ON `datos_responsable`.`idDatosResponsable` = `donaciones`.`idDatosResponsable`
WHERE `estado` != :estado:', [...], false)
 2 APPPATH\Controllers\Donaciones.php(29): CodeIgniter\Database\BaseBuilder->get()
 3 SYSTEMPATH\CodeIgniter.php(943): App\Controllers\Donaciones->index()
 4 SYSTEMPATH\CodeIgniter.php(503): CodeIgniter\CodeIgniter->runController(Object(App\Controllers\Donaciones))
 5 SYSTEMPATH\CodeIgniter.php(361): CodeIgniter\CodeIgniter->handleRequest(null, Object(Config\Cache), false)
 6 FCPATH\index.php(81): CodeIgniter\CodeIgniter->run()
CRITICAL - 2024-09-20 21:56:38 --> [Caused by] CodeIgniter\Database\Exceptions\DatabaseException: Column 'estado' in where clause is ambiguous
in SYSTEMPATH\Database\MySQLi\Connection.php on line 311.
 1 SYSTEMPATH\Database\BaseConnection.php(693): CodeIgniter\Database\MySQLi\Connection->execute('SELECT `donaciones`.`idDonaciones`, `datos_responsable`.`nombreCompleto`, `donaciones`.`cantidad`, `donaciones`.`descripcion`, `donaciones`.`fechaDonacion`, `proyectos`.`nombreProyecto`
FROM `donaciones`
INNER JOIN `proyectos` ON `proyectos`.`idProyectos` = `donaciones`.`idProyectos`
INNER JOIN `datos_responsable` ON `datos_responsable`.`idDatosResponsable` = `donaciones`.`idDatosResponsable`
WHERE `estado` != \'Eliminado\'')
 2 SYSTEMPATH\Database\BaseConnection.php(607): CodeIgniter\Database\BaseConnection->simpleQuery('SELECT `donaciones`.`idDonaciones`, `datos_responsable`.`nombreCompleto`, `donaciones`.`cantidad`, `donaciones`.`descripcion`, `donaciones`.`fechaDonacion`, `proyectos`.`nombreProyecto`
FROM `donaciones`
INNER JOIN `proyectos` ON `proyectos`.`idProyectos` = `donaciones`.`idProyectos`
INNER JOIN `datos_responsable` ON `datos_responsable`.`idDatosResponsable` = `donaciones`.`idDatosResponsable`
WHERE `estado` != \'Eliminado\'')
 3 SYSTEMPATH\Database\BaseBuilder.php(1616): CodeIgniter\Database\BaseConnection->query('SELECT `donaciones`.`idDonaciones`, `datos_responsable`.`nombreCompleto`, `donaciones`.`cantidad`, `donaciones`.`descripcion`, `donaciones`.`fechaDonacion`, `proyectos`.`nombreProyecto`
FROM `donaciones`
INNER JOIN `proyectos` ON `proyectos`.`idProyectos` = `donaciones`.`idProyectos`
INNER JOIN `datos_responsable` ON `datos_responsable`.`idDatosResponsable` = `donaciones`.`idDatosResponsable`
WHERE `estado` != :estado:', [...], false)
 4 APPPATH\Controllers\Donaciones.php(29): CodeIgniter\Database\BaseBuilder->get()
 5 SYSTEMPATH\CodeIgniter.php(943): App\Controllers\Donaciones->index()
 6 SYSTEMPATH\CodeIgniter.php(503): CodeIgniter\CodeIgniter->runController(Object(App\Controllers\Donaciones))
 7 SYSTEMPATH\CodeIgniter.php(361): CodeIgniter\CodeIgniter->handleRequest(null, Object(Config\Cache), false)
 8 FCPATH\index.php(81): CodeIgniter\CodeIgniter->run()
CRITICAL - 2024-09-20 21:56:38 --> [Caused by] mysqli_sql_exception: Column 'estado' in where clause is ambiguous
in SYSTEMPATH\Database\MySQLi\Connection.php on line 306.
 1 SYSTEMPATH\Database\MySQLi\Connection.php(306): mysqli->query('SELECT `donaciones`.`idDonaciones`, `datos_responsable`.`nombreCompleto`, `donaciones`.`cantidad`, `donaciones`.`descripcion`, `donaciones`.`fechaDonacion`, `proyectos`.`nombreProyecto`
FROM `donaciones`
INNER JOIN `proyectos` ON `proyectos`.`idProyectos` = `donaciones`.`idProyectos`
INNER JOIN `datos_responsable` ON `datos_responsable`.`idDatosResponsable` = `donaciones`.`idDatosResponsable`
WHERE `estado` != \'Eliminado\'', 0)
 2 SYSTEMPATH\Database\BaseConnection.php(693): CodeIgniter\Database\MySQLi\Connection->execute('SELECT `donaciones`.`idDonaciones`, `datos_responsable`.`nombreCompleto`, `donaciones`.`cantidad`, `donaciones`.`descripcion`, `donaciones`.`fechaDonacion`, `proyectos`.`nombreProyecto`
FROM `donaciones`
INNER JOIN `proyectos` ON `proyectos`.`idProyectos` = `donaciones`.`idProyectos`
INNER JOIN `datos_responsable` ON `datos_responsable`.`idDatosResponsable` = `donaciones`.`idDatosResponsable`
WHERE `estado` != \'Eliminado\'')
 3 SYSTEMPATH\Database\BaseConnection.php(607): CodeIgniter\Database\BaseConnection->simpleQuery('SELECT `donaciones`.`idDonaciones`, `datos_responsable`.`nombreCompleto`, `donaciones`.`cantidad`, `donaciones`.`descripcion`, `donaciones`.`fechaDonacion`, `proyectos`.`nombreProyecto`
FROM `donaciones`
INNER JOIN `proyectos` ON `proyectos`.`idProyectos` = `donaciones`.`idProyectos`
INNER JOIN `datos_responsable` ON `datos_responsable`.`idDatosResponsable` = `donaciones`.`idDatosResponsable`
WHERE `estado` != \'Eliminado\'')
 4 SYSTEMPATH\Database\BaseBuilder.php(1616): CodeIgniter\Database\BaseConnection->query('SELECT `donaciones`.`idDonaciones`, `datos_responsable`.`nombreCompleto`, `donaciones`.`cantidad`, `donaciones`.`descripcion`, `donaciones`.`fechaDonacion`, `proyectos`.`nombreProyecto`
FROM `donaciones`
INNER JOIN `proyectos` ON `proyectos`.`idProyectos` = `donaciones`.`idProyectos`
INNER JOIN `datos_responsable` ON `datos_responsable`.`idDatosResponsable` = `donaciones`.`idDatosResponsable`
WHERE `estado` != :estado:', [...], false)
 5 APPPATH\Controllers\Donaciones.php(29): CodeIgniter\Database\BaseBuilder->get()
 6 SYSTEMPATH\CodeIgniter.php(943): App\Controllers\Donaciones->index()
 7 SYSTEMPATH\CodeIgniter.php(503): CodeIgniter\CodeIgniter->runController(Object(App\Controllers\Donaciones))
 8 SYSTEMPATH\CodeIgniter.php(361): CodeIgniter\CodeIgniter->handleRequest(null, Object(Config\Cache), false)
 9 FCPATH\index.php(81): CodeIgniter\CodeIgniter->run()
INFO - 2024-09-20 21:58:45 --> Session: Class initialized using 'CodeIgniter\Session\Handlers\FileHandler' driver.
ERROR - 2024-09-20 21:58:45 --> mysqli_sql_exception: Column 'estado' in where clause is ambiguous in C:\laragon\www\Tesis-SistemaControl\vendor\codeigniter4\framework\system\Database\MySQLi\Connection.php:306
Stack trace:
#0 C:\laragon\www\Tesis-SistemaControl\vendor\codeigniter4\framework\system\Database\MySQLi\Connection.php(306): mysqli->query('SELECT `donacio...', 0)
#1 C:\laragon\www\Tesis-SistemaControl\vendor\codeigniter4\framework\system\Database\BaseConnection.php(693): CodeIgniter\Database\MySQLi\Connection->execute('SELECT `donacio...')
#2 C:\laragon\www\Tesis-SistemaControl\vendor\codeigniter4\framework\system\Database\BaseConnection.php(607): CodeIgniter\Database\BaseConnection->simpleQuery('SELECT `donacio...')
#3 C:\laragon\www\Tesis-SistemaControl\vendor\codeigniter4\framework\system\Database\BaseBuilder.php(1616): CodeIgniter\Database\BaseConnection->query('SELECT `donacio...', Array, false)
#4 C:\laragon\www\Tesis-SistemaControl\app\Controllers\Donaciones.php(29): CodeIgniter\Database\BaseBuilder->get()
#5 C:\laragon\www\Tesis-SistemaControl\vendor\codeigniter4\framework\system\CodeIgniter.php(943): App\Controllers\Donaciones->index()
#6 C:\laragon\www\Tesis-SistemaControl\vendor\codeigniter4\framework\system\CodeIgniter.php(503): CodeIgniter\CodeIgniter->runController(Object(App\Controllers\Donaciones))
#7 C:\laragon\www\Tesis-SistemaControl\vendor\codeigniter4\framework\system\CodeIgniter.php(361): CodeIgniter\CodeIgniter->handleRequest(NULL, Object(Config\Cache), false)
#8 C:\laragon\www\Tesis-SistemaControl\public\index.php(81): CodeIgniter\CodeIgniter->run()
#9 {main}
CRITICAL - 2024-09-20 21:58:45 --> CodeIgniter\Database\Exceptions\DatabaseException: Column 'estado' in where clause is ambiguous
in SYSTEMPATH\Database\BaseConnection.php on line 647.
 1 SYSTEMPATH\Database\BaseBuilder.php(1616): CodeIgniter\Database\BaseConnection->query('SELECT `donaciones`.`idDonaciones`, `datos_responsable`.`nombreCompleto`, `donaciones`.`cantidad`, `donaciones`.`descripcion`, `donaciones`.`fechaDonacion`, `proyectos`.`nombreProyecto`
FROM `donaciones`
INNER JOIN `proyectos` ON `proyectos`.`idProyectos` = `donaciones`.`idProyectos`
INNER JOIN `datos_responsable` ON `datos_responsable`.`idDatosResponsable` = `donaciones`.`idDatosResponsable`
WHERE `estado` != :estado:', [...], false)
 2 APPPATH\Controllers\Donaciones.php(29): CodeIgniter\Database\BaseBuilder->get()
 3 SYSTEMPATH\CodeIgniter.php(943): App\Controllers\Donaciones->index()
 4 SYSTEMPATH\CodeIgniter.php(503): CodeIgniter\CodeIgniter->runController(Object(App\Controllers\Donaciones))
 5 SYSTEMPATH\CodeIgniter.php(361): CodeIgniter\CodeIgniter->handleRequest(null, Object(Config\Cache), false)
 6 FCPATH\index.php(81): CodeIgniter\CodeIgniter->run()
CRITICAL - 2024-09-20 21:58:45 --> [Caused by] CodeIgniter\Database\Exceptions\DatabaseException: Column 'estado' in where clause is ambiguous
in SYSTEMPATH\Database\MySQLi\Connection.php on line 311.
 1 SYSTEMPATH\Database\BaseConnection.php(693): CodeIgniter\Database\MySQLi\Connection->execute('SELECT `donaciones`.`idDonaciones`, `datos_responsable`.`nombreCompleto`, `donaciones`.`cantidad`, `donaciones`.`descripcion`, `donaciones`.`fechaDonacion`, `proyectos`.`nombreProyecto`
FROM `donaciones`
INNER JOIN `proyectos` ON `proyectos`.`idProyectos` = `donaciones`.`idProyectos`
INNER JOIN `datos_responsable` ON `datos_responsable`.`idDatosResponsable` = `donaciones`.`idDatosResponsable`
WHERE `estado` != \'Eliminado\'')
 2 SYSTEMPATH\Database\BaseConnection.php(607): CodeIgniter\Database\BaseConnection->simpleQuery('SELECT `donaciones`.`idDonaciones`, `datos_responsable`.`nombreCompleto`, `donaciones`.`cantidad`, `donaciones`.`descripcion`, `donaciones`.`fechaDonacion`, `proyectos`.`nombreProyecto`
FROM `donaciones`
INNER JOIN `proyectos` ON `proyectos`.`idProyectos` = `donaciones`.`idProyectos`
INNER JOIN `datos_responsable` ON `datos_responsable`.`idDatosResponsable` = `donaciones`.`idDatosResponsable`
WHERE `estado` != \'Eliminado\'')
 3 SYSTEMPATH\Database\BaseBuilder.php(1616): CodeIgniter\Database\BaseConnection->query('SELECT `donaciones`.`idDonaciones`, `datos_responsable`.`nombreCompleto`, `donaciones`.`cantidad`, `donaciones`.`descripcion`, `donaciones`.`fechaDonacion`, `proyectos`.`nombreProyecto`
FROM `donaciones`
INNER JOIN `proyectos` ON `proyectos`.`idProyectos` = `donaciones`.`idProyectos`
INNER JOIN `datos_responsable` ON `datos_responsable`.`idDatosResponsable` = `donaciones`.`idDatosResponsable`
WHERE `estado` != :estado:', [...], false)
 4 APPPATH\Controllers\Donaciones.php(29): CodeIgniter\Database\BaseBuilder->get()
 5 SYSTEMPATH\CodeIgniter.php(943): App\Controllers\Donaciones->index()
 6 SYSTEMPATH\CodeIgniter.php(503): CodeIgniter\CodeIgniter->runController(Object(App\Controllers\Donaciones))
 7 SYSTEMPATH\CodeIgniter.php(361): CodeIgniter\CodeIgniter->handleRequest(null, Object(Config\Cache), false)
 8 FCPATH\index.php(81): CodeIgniter\CodeIgniter->run()
CRITICAL - 2024-09-20 21:58:45 --> [Caused by] mysqli_sql_exception: Column 'estado' in where clause is ambiguous
in SYSTEMPATH\Database\MySQLi\Connection.php on line 306.
 1 SYSTEMPATH\Database\MySQLi\Connection.php(306): mysqli->query('SELECT `donaciones`.`idDonaciones`, `datos_responsable`.`nombreCompleto`, `donaciones`.`cantidad`, `donaciones`.`descripcion`, `donaciones`.`fechaDonacion`, `proyectos`.`nombreProyecto`
FROM `donaciones`
INNER JOIN `proyectos` ON `proyectos`.`idProyectos` = `donaciones`.`idProyectos`
INNER JOIN `datos_responsable` ON `datos_responsable`.`idDatosResponsable` = `donaciones`.`idDatosResponsable`
WHERE `estado` != \'Eliminado\'', 0)
 2 SYSTEMPATH\Database\BaseConnection.php(693): CodeIgniter\Database\MySQLi\Connection->execute('SELECT `donaciones`.`idDonaciones`, `datos_responsable`.`nombreCompleto`, `donaciones`.`cantidad`, `donaciones`.`descripcion`, `donaciones`.`fechaDonacion`, `proyectos`.`nombreProyecto`
FROM `donaciones`
INNER JOIN `proyectos` ON `proyectos`.`idProyectos` = `donaciones`.`idProyectos`
INNER JOIN `datos_responsable` ON `datos_responsable`.`idDatosResponsable` = `donaciones`.`idDatosResponsable`
WHERE `estado` != \'Eliminado\'')
 3 SYSTEMPATH\Database\BaseConnection.php(607): CodeIgniter\Database\BaseConnection->simpleQuery('SELECT `donaciones`.`idDonaciones`, `datos_responsable`.`nombreCompleto`, `donaciones`.`cantidad`, `donaciones`.`descripcion`, `donaciones`.`fechaDonacion`, `proyectos`.`nombreProyecto`
FROM `donaciones`
INNER JOIN `proyectos` ON `proyectos`.`idProyectos` = `donaciones`.`idProyectos`
INNER JOIN `datos_responsable` ON `datos_responsable`.`idDatosResponsable` = `donaciones`.`idDatosResponsable`
WHERE `estado` != \'Eliminado\'')
 4 SYSTEMPATH\Database\BaseBuilder.php(1616): CodeIgniter\Database\BaseConnection->query('SELECT `donaciones`.`idDonaciones`, `datos_responsable`.`nombreCompleto`, `donaciones`.`cantidad`, `donaciones`.`descripcion`, `donaciones`.`fechaDonacion`, `proyectos`.`nombreProyecto`
FROM `donaciones`
INNER JOIN `proyectos` ON `proyectos`.`idProyectos` = `donaciones`.`idProyectos`
INNER JOIN `datos_responsable` ON `datos_responsable`.`idDatosResponsable` = `donaciones`.`idDatosResponsable`
WHERE `estado` != :estado:', [...], false)
 5 APPPATH\Controllers\Donaciones.php(29): CodeIgniter\Database\BaseBuilder->get()
 6 SYSTEMPATH\CodeIgniter.php(943): App\Controllers\Donaciones->index()
 7 SYSTEMPATH\CodeIgniter.php(503): CodeIgniter\CodeIgniter->runController(Object(App\Controllers\Donaciones))
 8 SYSTEMPATH\CodeIgniter.php(361): CodeIgniter\CodeIgniter->handleRequest(null, Object(Config\Cache), false)
 9 FCPATH\index.php(81): CodeIgniter\CodeIgniter->run()
INFO - 2024-09-20 21:59:26 --> Session: Class initialized using 'CodeIgniter\Session\Handlers\FileHandler' driver.
INFO - 2024-09-20 21:59:35 --> Session: Class initialized using 'CodeIgniter\Session\Handlers\FileHandler' driver.
INFO - 2024-09-20 22:02:28 --> Session: Class initialized using 'CodeIgniter\Session\Handlers\FileHandler' driver.
INFO - 2024-09-20 22:02:34 --> Session: Class initialized using 'CodeIgniter\Session\Handlers\FileHandler' driver.
