INFO - 2024-08-11 02:12:15 --> Session: Class initialized using 'CodeIgniter\Session\Handlers\FileHandler' driver.
INFO - 2024-08-11 02:12:40 --> Session: Class initialized using 'CodeIgniter\Session\Handlers\FileHandler' driver.
INFO - 2024-08-11 02:12:40 --> Session: Class initialized using 'CodeIgniter\Session\Handlers\FileHandler' driver.
INFO - 2024-08-11 02:17:41 --> Session: Class initialized using 'CodeIgniter\Session\Handlers\FileHandler' driver.
INFO - 2024-08-11 02:17:45 --> Session: Class initialized using 'CodeIgniter\Session\Handlers\FileHandler' driver.
INFO - 2024-08-11 02:19:25 --> Session: Class initialized using 'CodeIgniter\Session\Handlers\FileHandler' driver.
INFO - 2024-08-11 02:20:42 --> Session: Class initialized using 'CodeIgniter\Session\Handlers\FileHandler' driver.
CRITICAL - 2024-08-11 02:20:42 --> BadMethodCallException: Call to undefined method App\Models\PermisosPersonalModel::getTipoPermisos
in SYSTEMPATH\Model.php on line 874.
 1 APPPATH\Controllers\PermisosPersonal.php(193): CodeIgniter\Model->__call('getTipoPermisos', [])
 2 SYSTEMPATH\CodeIgniter.php(941): App\Controllers\PermisosPersonal->reporte()
 3 SYSTEMPATH\CodeIgniter.php(502): CodeIgniter\CodeIgniter->runController(Object(App\Controllers\PermisosPersonal))
 4 SYSTEMPATH\CodeIgniter.php(361): CodeIgniter\CodeIgniter->handleRequest(null, Object(Config\Cache), false)
 5 FCPATH\index.php(81): CodeIgniter\CodeIgniter->run()
INFO - 2024-08-11 02:20:48 --> Session: Class initialized using 'CodeIgniter\Session\Handlers\FileHandler' driver.
INFO - 2024-08-11 03:13:07 --> Session: Class initialized using 'CodeIgniter\Session\Handlers\FileHandler' driver.
INFO - 2024-08-11 03:17:39 --> Session: Class initialized using 'CodeIgniter\Session\Handlers\FileHandler' driver.
CRITICAL - 2024-08-11 03:17:39 --> BadMethodCallException: Call to undefined method App\Models\PermisosPersonalModel::getTipoPermisos
in SYSTEMPATH\Model.php on line 874.
 1 APPPATH\Controllers\PermisosPersonal.php(193): CodeIgniter\Model->__call('getTipoPermisos', [])
 2 SYSTEMPATH\CodeIgniter.php(941): App\Controllers\PermisosPersonal->reporte()
 3 SYSTEMPATH\CodeIgniter.php(502): CodeIgniter\CodeIgniter->runController(Object(App\Controllers\PermisosPersonal))
 4 SYSTEMPATH\CodeIgniter.php(361): CodeIgniter\CodeIgniter->handleRequest(null, Object(Config\Cache), false)
 5 FCPATH\index.php(81): CodeIgniter\CodeIgniter->run()
INFO - 2024-08-11 03:18:15 --> Session: Class initialized using 'CodeIgniter\Session\Handlers\FileHandler' driver.
CRITICAL - 2024-08-11 03:18:15 --> BadMethodCallException: Call to undefined method App\Models\PermisosPersonalModel::getTipoPermisos
in SYSTEMPATH\Model.php on line 874.
 1 APPPATH\Controllers\PermisosPersonal.php(193): CodeIgniter\Model->__call('getTipoPermisos', [])
 2 SYSTEMPATH\CodeIgniter.php(941): App\Controllers\PermisosPersonal->reporte()
 3 SYSTEMPATH\CodeIgniter.php(502): CodeIgniter\CodeIgniter->runController(Object(App\Controllers\PermisosPersonal))
 4 SYSTEMPATH\CodeIgniter.php(361): CodeIgniter\CodeIgniter->handleRequest(null, Object(Config\Cache), false)
 5 FCPATH\index.php(81): CodeIgniter\CodeIgniter->run()
INFO - 2024-08-11 03:18:41 --> Session: Class initialized using 'CodeIgniter\Session\Handlers\FileHandler' driver.
CRITICAL - 2024-08-11 03:18:41 --> BadMethodCallException: Call to undefined method App\Models\PermisosPersonalModel::getTipoPermisos
in SYSTEMPATH\Model.php on line 874.
 1 APPPATH\Controllers\PermisosPersonal.php(193): CodeIgniter\Model->__call('getTipoPermisos', [])
 2 SYSTEMPATH\CodeIgniter.php(941): App\Controllers\PermisosPersonal->reporte()
 3 SYSTEMPATH\CodeIgniter.php(502): CodeIgniter\CodeIgniter->runController(Object(App\Controllers\PermisosPersonal))
 4 SYSTEMPATH\CodeIgniter.php(361): CodeIgniter\CodeIgniter->handleRequest(null, Object(Config\Cache), false)
 5 FCPATH\index.php(81): CodeIgniter\CodeIgniter->run()
INFO - 2024-08-11 03:18:51 --> Session: Class initialized using 'CodeIgniter\Session\Handlers\FileHandler' driver.
CRITICAL - 2024-08-11 03:18:51 --> BadMethodCallException: Call to undefined method App\Models\PermisosPersonalModel::getTipoPermisos
in SYSTEMPATH\Model.php on line 874.
 1 APPPATH\Controllers\PermisosPersonal.php(193): CodeIgniter\Model->__call('getTipoPermisos', [])
 2 SYSTEMPATH\CodeIgniter.php(941): App\Controllers\PermisosPersonal->reporte()
 3 SYSTEMPATH\CodeIgniter.php(502): CodeIgniter\CodeIgniter->runController(Object(App\Controllers\PermisosPersonal))
 4 SYSTEMPATH\CodeIgniter.php(361): CodeIgniter\CodeIgniter->handleRequest(null, Object(Config\Cache), false)
 5 FCPATH\index.php(81): CodeIgniter\CodeIgniter->run()
INFO - 2024-08-11 03:18:59 --> Session: Class initialized using 'CodeIgniter\Session\Handlers\FileHandler' driver.
CRITICAL - 2024-08-11 03:18:59 --> BadMethodCallException: Call to undefined method App\Models\PermisosPersonalModel::getTipoPermisos
in SYSTEMPATH\Model.php on line 874.
 1 APPPATH\Controllers\PermisosPersonal.php(193): CodeIgniter\Model->__call('getTipoPermisos', [])
 2 SYSTEMPATH\CodeIgniter.php(941): App\Controllers\PermisosPersonal->reporte()
 3 SYSTEMPATH\CodeIgniter.php(502): CodeIgniter\CodeIgniter->runController(Object(App\Controllers\PermisosPersonal))
 4 SYSTEMPATH\CodeIgniter.php(361): CodeIgniter\CodeIgniter->handleRequest(null, Object(Config\Cache), false)
 5 FCPATH\index.php(81): CodeIgniter\CodeIgniter->run()
INFO - 2024-08-11 03:19:09 --> Session: Class initialized using 'CodeIgniter\Session\Handlers\FileHandler' driver.
CRITICAL - 2024-08-11 03:19:09 --> BadMethodCallException: Call to undefined method App\Models\PermisosPersonalModel::getTipoPermisos
in SYSTEMPATH\Model.php on line 874.
 1 APPPATH\Controllers\PermisosPersonal.php(193): CodeIgniter\Model->__call('getTipoPermisos', [])
 2 SYSTEMPATH\CodeIgniter.php(941): App\Controllers\PermisosPersonal->reporte()
 3 SYSTEMPATH\CodeIgniter.php(502): CodeIgniter\CodeIgniter->runController(Object(App\Controllers\PermisosPersonal))
 4 SYSTEMPATH\CodeIgniter.php(361): CodeIgniter\CodeIgniter->handleRequest(null, Object(Config\Cache), false)
 5 FCPATH\index.php(81): CodeIgniter\CodeIgniter->run()
INFO - 2024-08-11 03:19:55 --> Session: Class initialized using 'CodeIgniter\Session\Handlers\FileHandler' driver.
CRITICAL - 2024-08-11 03:19:55 --> BadMethodCallException: Call to undefined method App\Models\PermisosPersonalModel::getTipoPermisos
in SYSTEMPATH\Model.php on line 874.
 1 APPPATH\Controllers\PermisosPersonal.php(193): CodeIgniter\Model->__call('getTipoPermisos', [])
 2 SYSTEMPATH\CodeIgniter.php(941): App\Controllers\PermisosPersonal->reporte()
 3 SYSTEMPATH\CodeIgniter.php(502): CodeIgniter\CodeIgniter->runController(Object(App\Controllers\PermisosPersonal))
 4 SYSTEMPATH\CodeIgniter.php(361): CodeIgniter\CodeIgniter->handleRequest(null, Object(Config\Cache), false)
 5 FCPATH\index.php(81): CodeIgniter\CodeIgniter->run()
INFO - 2024-08-11 03:21:03 --> Session: Class initialized using 'CodeIgniter\Session\Handlers\FileHandler' driver.
CRITICAL - 2024-08-11 03:21:03 --> BadMethodCallException: Call to undefined method App\Models\PermisosPersonalModel::getTipoPermisos
in SYSTEMPATH\Model.php on line 874.
 1 APPPATH\Controllers\PermisosPersonal.php(193): CodeIgniter\Model->__call('getTipoPermisos', [])
 2 SYSTEMPATH\CodeIgniter.php(941): App\Controllers\PermisosPersonal->reporte()
 3 SYSTEMPATH\CodeIgniter.php(502): CodeIgniter\CodeIgniter->runController(Object(App\Controllers\PermisosPersonal))
 4 SYSTEMPATH\CodeIgniter.php(361): CodeIgniter\CodeIgniter->handleRequest(null, Object(Config\Cache), false)
 5 FCPATH\index.php(81): CodeIgniter\CodeIgniter->run()
INFO - 2024-08-11 03:21:06 --> Session: Class initialized using 'CodeIgniter\Session\Handlers\FileHandler' driver.
INFO - 2024-08-11 03:31:28 --> Session: Class initialized using 'CodeIgniter\Session\Handlers\FileHandler' driver.
CRITICAL - 2024-08-11 03:31:28 --> BadMethodCallException: Call to undefined method App\Models\PermisosPersonalModel::getTipoPermisos
in SYSTEMPATH\Model.php on line 874.
 1 APPPATH\Controllers\PermisosPersonal.php(193): CodeIgniter\Model->__call('getTipoPermisos', [])
 2 SYSTEMPATH\CodeIgniter.php(941): App\Controllers\PermisosPersonal->reporte()
 3 SYSTEMPATH\CodeIgniter.php(502): CodeIgniter\CodeIgniter->runController(Object(App\Controllers\PermisosPersonal))
 4 SYSTEMPATH\CodeIgniter.php(361): CodeIgniter\CodeIgniter->handleRequest(null, Object(Config\Cache), false)
 5 FCPATH\index.php(81): CodeIgniter\CodeIgniter->run()
INFO - 2024-08-11 03:31:50 --> Session: Class initialized using 'CodeIgniter\Session\Handlers\FileHandler' driver.
CRITICAL - 2024-08-11 03:31:50 --> BadMethodCallException: Call to undefined method App\Models\PermisosPersonalModel::getTipoPermisos
in SYSTEMPATH\Model.php on line 874.
 1 APPPATH\Controllers\PermisosPersonal.php(193): CodeIgniter\Model->__call('getTipoPermisos', [])
 2 SYSTEMPATH\CodeIgniter.php(941): App\Controllers\PermisosPersonal->reporte()
 3 SYSTEMPATH\CodeIgniter.php(502): CodeIgniter\CodeIgniter->runController(Object(App\Controllers\PermisosPersonal))
 4 SYSTEMPATH\CodeIgniter.php(361): CodeIgniter\CodeIgniter->handleRequest(null, Object(Config\Cache), false)
 5 FCPATH\index.php(81): CodeIgniter\CodeIgniter->run()
INFO - 2024-08-11 03:32:24 --> Session: Class initialized using 'CodeIgniter\Session\Handlers\FileHandler' driver.
CRITICAL - 2024-08-11 03:32:24 --> BadMethodCallException: Call to undefined method App\Models\PermisosPersonalModel::getTipoPermisos
in SYSTEMPATH\Model.php on line 874.
 1 APPPATH\Controllers\PermisosPersonal.php(193): CodeIgniter\Model->__call('getTipoPermisos', [])
 2 SYSTEMPATH\CodeIgniter.php(941): App\Controllers\PermisosPersonal->reporte()
 3 SYSTEMPATH\CodeIgniter.php(502): CodeIgniter\CodeIgniter->runController(Object(App\Controllers\PermisosPersonal))
 4 SYSTEMPATH\CodeIgniter.php(361): CodeIgniter\CodeIgniter->handleRequest(null, Object(Config\Cache), false)
 5 FCPATH\index.php(81): CodeIgniter\CodeIgniter->run()
INFO - 2024-08-11 03:32:33 --> Session: Class initialized using 'CodeIgniter\Session\Handlers\FileHandler' driver.
CRITICAL - 2024-08-11 03:32:33 --> BadMethodCallException: Call to undefined method App\Models\PermisosPersonalModel::getTipoPermisos
in SYSTEMPATH\Model.php on line 874.
 1 APPPATH\Controllers\PermisosPersonal.php(193): CodeIgniter\Model->__call('getTipoPermisos', [])
 2 SYSTEMPATH\CodeIgniter.php(941): App\Controllers\PermisosPersonal->reporte()
 3 SYSTEMPATH\CodeIgniter.php(502): CodeIgniter\CodeIgniter->runController(Object(App\Controllers\PermisosPersonal))
 4 SYSTEMPATH\CodeIgniter.php(361): CodeIgniter\CodeIgniter->handleRequest(null, Object(Config\Cache), false)
 5 FCPATH\index.php(81): CodeIgniter\CodeIgniter->run()
INFO - 2024-08-11 03:32:45 --> Session: Class initialized using 'CodeIgniter\Session\Handlers\FileHandler' driver.
CRITICAL - 2024-08-11 03:32:45 --> BadMethodCallException: Call to undefined method App\Models\PermisosPersonalModel::getTipoPermisos
in SYSTEMPATH\Model.php on line 874.
 1 APPPATH\Controllers\PermisosPersonal.php(193): CodeIgniter\Model->__call('getTipoPermisos', [])
 2 SYSTEMPATH\CodeIgniter.php(941): App\Controllers\PermisosPersonal->reporte()
 3 SYSTEMPATH\CodeIgniter.php(502): CodeIgniter\CodeIgniter->runController(Object(App\Controllers\PermisosPersonal))
 4 SYSTEMPATH\CodeIgniter.php(361): CodeIgniter\CodeIgniter->handleRequest(null, Object(Config\Cache), false)
 5 FCPATH\index.php(81): CodeIgniter\CodeIgniter->run()
INFO - 2024-08-11 03:32:55 --> Session: Class initialized using 'CodeIgniter\Session\Handlers\FileHandler' driver.
CRITICAL - 2024-08-11 03:32:55 --> BadMethodCallException: Call to undefined method App\Models\PermisosPersonalModel::getTipoPermisos
in SYSTEMPATH\Model.php on line 874.
 1 APPPATH\Controllers\PermisosPersonal.php(193): CodeIgniter\Model->__call('getTipoPermisos', [])
 2 SYSTEMPATH\CodeIgniter.php(941): App\Controllers\PermisosPersonal->reporte()
 3 SYSTEMPATH\CodeIgniter.php(502): CodeIgniter\CodeIgniter->runController(Object(App\Controllers\PermisosPersonal))
 4 SYSTEMPATH\CodeIgniter.php(361): CodeIgniter\CodeIgniter->handleRequest(null, Object(Config\Cache), false)
 5 FCPATH\index.php(81): CodeIgniter\CodeIgniter->run()
INFO - 2024-08-11 03:33:03 --> Session: Class initialized using 'CodeIgniter\Session\Handlers\FileHandler' driver.
CRITICAL - 2024-08-11 03:33:03 --> BadMethodCallException: Call to undefined method App\Models\PermisosPersonalModel::getTipoPermisos
in SYSTEMPATH\Model.php on line 874.
 1 APPPATH\Controllers\PermisosPersonal.php(193): CodeIgniter\Model->__call('getTipoPermisos', [])
 2 SYSTEMPATH\CodeIgniter.php(941): App\Controllers\PermisosPersonal->reporte()
 3 SYSTEMPATH\CodeIgniter.php(502): CodeIgniter\CodeIgniter->runController(Object(App\Controllers\PermisosPersonal))
 4 SYSTEMPATH\CodeIgniter.php(361): CodeIgniter\CodeIgniter->handleRequest(null, Object(Config\Cache), false)
 5 FCPATH\index.php(81): CodeIgniter\CodeIgniter->run()
INFO - 2024-08-11 03:33:13 --> Session: Class initialized using 'CodeIgniter\Session\Handlers\FileHandler' driver.
CRITICAL - 2024-08-11 03:33:13 --> BadMethodCallException: Call to undefined method App\Models\PermisosPersonalModel::getTipoPermisos
in SYSTEMPATH\Model.php on line 874.
 1 APPPATH\Controllers\PermisosPersonal.php(193): CodeIgniter\Model->__call('getTipoPermisos', [])
 2 SYSTEMPATH\CodeIgniter.php(941): App\Controllers\PermisosPersonal->reporte()
 3 SYSTEMPATH\CodeIgniter.php(502): CodeIgniter\CodeIgniter->runController(Object(App\Controllers\PermisosPersonal))
 4 SYSTEMPATH\CodeIgniter.php(361): CodeIgniter\CodeIgniter->handleRequest(null, Object(Config\Cache), false)
 5 FCPATH\index.php(81): CodeIgniter\CodeIgniter->run()
INFO - 2024-08-11 03:33:31 --> Session: Class initialized using 'CodeIgniter\Session\Handlers\FileHandler' driver.
CRITICAL - 2024-08-11 03:33:31 --> BadMethodCallException: Call to undefined method App\Models\PermisosPersonalModel::getTipoPermisos
in SYSTEMPATH\Model.php on line 874.
 1 APPPATH\Controllers\PermisosPersonal.php(193): CodeIgniter\Model->__call('getTipoPermisos', [])
 2 SYSTEMPATH\CodeIgniter.php(941): App\Controllers\PermisosPersonal->reporte()
 3 SYSTEMPATH\CodeIgniter.php(502): CodeIgniter\CodeIgniter->runController(Object(App\Controllers\PermisosPersonal))
 4 SYSTEMPATH\CodeIgniter.php(361): CodeIgniter\CodeIgniter->handleRequest(null, Object(Config\Cache), false)
 5 FCPATH\index.php(81): CodeIgniter\CodeIgniter->run()
INFO - 2024-08-11 03:33:46 --> Session: Class initialized using 'CodeIgniter\Session\Handlers\FileHandler' driver.
CRITICAL - 2024-08-11 03:33:46 --> BadMethodCallException: Call to undefined method App\Models\PermisosPersonalModel::getTipoPermisos
in SYSTEMPATH\Model.php on line 874.
 1 APPPATH\Controllers\PermisosPersonal.php(193): CodeIgniter\Model->__call('getTipoPermisos', [])
 2 SYSTEMPATH\CodeIgniter.php(941): App\Controllers\PermisosPersonal->reporte()
 3 SYSTEMPATH\CodeIgniter.php(502): CodeIgniter\CodeIgniter->runController(Object(App\Controllers\PermisosPersonal))
 4 SYSTEMPATH\CodeIgniter.php(361): CodeIgniter\CodeIgniter->handleRequest(null, Object(Config\Cache), false)
 5 FCPATH\index.php(81): CodeIgniter\CodeIgniter->run()
INFO - 2024-08-11 03:34:22 --> Session: Class initialized using 'CodeIgniter\Session\Handlers\FileHandler' driver.
DEBUG - 2024-08-11 03:34:22 --> Nombre Completo: 
DEBUG - 2024-08-11 03:34:22 --> NIP: 
DEBUG - 2024-08-11 03:34:22 --> Fecha Inicio: 
DEBUG - 2024-08-11 03:34:22 --> Fecha Fin: 
INFO - 2024-08-11 03:34:38 --> Session: Class initialized using 'CodeIgniter\Session\Handlers\FileHandler' driver.
DEBUG - 2024-08-11 03:34:38 --> Nombre Completo: Walter
DEBUG - 2024-08-11 03:34:38 --> NIP: 
DEBUG - 2024-08-11 03:34:38 --> Fecha Inicio: 
DEBUG - 2024-08-11 03:34:38 --> Fecha Fin: 
INFO - 2024-08-11 03:34:52 --> Session: Class initialized using 'CodeIgniter\Session\Handlers\FileHandler' driver.
DEBUG - 2024-08-11 03:34:52 --> Nombre Completo: Walter
DEBUG - 2024-08-11 03:34:52 --> NIP: 
DEBUG - 2024-08-11 03:34:52 --> Fecha Inicio: 
DEBUG - 2024-08-11 03:34:52 --> Fecha Fin: 
INFO - 2024-08-11 03:35:04 --> Session: Class initialized using 'CodeIgniter\Session\Handlers\FileHandler' driver.
DEBUG - 2024-08-11 03:35:04 --> Nombre Completo: Walter
DEBUG - 2024-08-11 03:35:04 --> NIP: 
DEBUG - 2024-08-11 03:35:04 --> Fecha Inicio: 
DEBUG - 2024-08-11 03:35:04 --> Fecha Fin: 
INFO - 2024-08-11 03:35:08 --> Session: Class initialized using 'CodeIgniter\Session\Handlers\FileHandler' driver.
DEBUG - 2024-08-11 03:35:08 --> Nombre Completo: Walter
DEBUG - 2024-08-11 03:35:08 --> NIP: 
DEBUG - 2024-08-11 03:35:08 --> Fecha Inicio: 
DEBUG - 2024-08-11 03:35:08 --> Fecha Fin: 
INFO - 2024-08-11 03:35:19 --> Session: Class initialized using 'CodeIgniter\Session\Handlers\FileHandler' driver.
DEBUG - 2024-08-11 03:35:19 --> Nombre Completo: Walter
DEBUG - 2024-08-11 03:35:19 --> NIP: 
DEBUG - 2024-08-11 03:35:19 --> Fecha Inicio: 
DEBUG - 2024-08-11 03:35:19 --> Fecha Fin: 
INFO - 2024-08-11 03:35:23 --> Session: Class initialized using 'CodeIgniter\Session\Handlers\FileHandler' driver.
DEBUG - 2024-08-11 03:35:23 --> Nombre Completo: Walter
DEBUG - 2024-08-11 03:35:23 --> NIP: 
DEBUG - 2024-08-11 03:35:23 --> Fecha Inicio: 
DEBUG - 2024-08-11 03:35:23 --> Fecha Fin: 
INFO - 2024-08-11 03:35:35 --> Session: Class initialized using 'CodeIgniter\Session\Handlers\FileHandler' driver.
DEBUG - 2024-08-11 03:35:35 --> Nombre Completo: Walter
DEBUG - 2024-08-11 03:35:35 --> NIP: 
DEBUG - 2024-08-11 03:35:35 --> Fecha Inicio: 
DEBUG - 2024-08-11 03:35:35 --> Fecha Fin: 
INFO - 2024-08-11 03:35:38 --> Session: Class initialized using 'CodeIgniter\Session\Handlers\FileHandler' driver.
DEBUG - 2024-08-11 03:35:38 --> Nombre Completo: Walter
DEBUG - 2024-08-11 03:35:38 --> NIP: 
DEBUG - 2024-08-11 03:35:38 --> Fecha Inicio: 
DEBUG - 2024-08-11 03:35:38 --> Fecha Fin: 
INFO - 2024-08-11 03:35:45 --> Session: Class initialized using 'CodeIgniter\Session\Handlers\FileHandler' driver.
DEBUG - 2024-08-11 03:35:45 --> Nombre Completo: Walter
DEBUG - 2024-08-11 03:35:45 --> NIP: 
DEBUG - 2024-08-11 03:35:45 --> Fecha Inicio: 
DEBUG - 2024-08-11 03:35:45 --> Fecha Fin: 
INFO - 2024-08-11 03:35:52 --> Session: Class initialized using 'CodeIgniter\Session\Handlers\FileHandler' driver.
DEBUG - 2024-08-11 03:35:52 --> Nombre Completo: Walter
DEBUG - 2024-08-11 03:35:52 --> NIP: 
DEBUG - 2024-08-11 03:35:52 --> Fecha Inicio: 
DEBUG - 2024-08-11 03:35:52 --> Fecha Fin: 
INFO - 2024-08-11 03:36:07 --> Session: Class initialized using 'CodeIgniter\Session\Handlers\FileHandler' driver.
DEBUG - 2024-08-11 03:36:07 --> Nombre Completo: Walter
DEBUG - 2024-08-11 03:36:07 --> NIP: 
DEBUG - 2024-08-11 03:36:07 --> Fecha Inicio: 
DEBUG - 2024-08-11 03:36:07 --> Fecha Fin: 
INFO - 2024-08-11 03:36:11 --> Session: Class initialized using 'CodeIgniter\Session\Handlers\FileHandler' driver.
DEBUG - 2024-08-11 03:36:11 --> Nombre Completo: Walter
DEBUG - 2024-08-11 03:36:11 --> NIP: 
DEBUG - 2024-08-11 03:36:11 --> Fecha Inicio: 
DEBUG - 2024-08-11 03:36:11 --> Fecha Fin: 
INFO - 2024-08-11 03:36:24 --> Session: Class initialized using 'CodeIgniter\Session\Handlers\FileHandler' driver.
DEBUG - 2024-08-11 03:36:24 --> Nombre Completo: Walter
DEBUG - 2024-08-11 03:36:24 --> NIP: 
DEBUG - 2024-08-11 03:36:24 --> Fecha Inicio: 
DEBUG - 2024-08-11 03:36:24 --> Fecha Fin: 
INFO - 2024-08-11 03:36:28 --> Session: Class initialized using 'CodeIgniter\Session\Handlers\FileHandler' driver.
DEBUG - 2024-08-11 03:36:28 --> Nombre Completo: Walter
DEBUG - 2024-08-11 03:36:28 --> NIP: 
DEBUG - 2024-08-11 03:36:28 --> Fecha Inicio: 
DEBUG - 2024-08-11 03:36:28 --> Fecha Fin: 
INFO - 2024-08-11 03:36:46 --> Session: Class initialized using 'CodeIgniter\Session\Handlers\FileHandler' driver.
DEBUG - 2024-08-11 03:36:46 --> Nombre Completo: Walter
DEBUG - 2024-08-11 03:36:46 --> NIP: 
DEBUG - 2024-08-11 03:36:46 --> Fecha Inicio: 
DEBUG - 2024-08-11 03:36:46 --> Fecha Fin: 
INFO - 2024-08-11 03:36:49 --> Session: Class initialized using 'CodeIgniter\Session\Handlers\FileHandler' driver.
DEBUG - 2024-08-11 03:36:49 --> Nombre Completo: Walter
DEBUG - 2024-08-11 03:36:49 --> NIP: 
DEBUG - 2024-08-11 03:36:49 --> Fecha Inicio: 
DEBUG - 2024-08-11 03:36:49 --> Fecha Fin: 
INFO - 2024-08-11 03:36:59 --> Session: Class initialized using 'CodeIgniter\Session\Handlers\FileHandler' driver.
DEBUG - 2024-08-11 03:36:59 --> Nombre Completo: Walter
DEBUG - 2024-08-11 03:36:59 --> NIP: 
DEBUG - 2024-08-11 03:36:59 --> Fecha Inicio: 
DEBUG - 2024-08-11 03:36:59 --> Fecha Fin: 
INFO - 2024-08-11 03:37:02 --> Session: Class initialized using 'CodeIgniter\Session\Handlers\FileHandler' driver.
DEBUG - 2024-08-11 03:37:02 --> Nombre Completo: Walter
DEBUG - 2024-08-11 03:37:02 --> NIP: 
DEBUG - 2024-08-11 03:37:02 --> Fecha Inicio: 
DEBUG - 2024-08-11 03:37:02 --> Fecha Fin: 
INFO - 2024-08-11 03:37:24 --> Session: Class initialized using 'CodeIgniter\Session\Handlers\FileHandler' driver.
INFO - 2024-08-11 03:37:28 --> Session: Class initialized using 'CodeIgniter\Session\Handlers\FileHandler' driver.
INFO - 2024-08-11 03:37:38 --> Session: Class initialized using 'CodeIgniter\Session\Handlers\FileHandler' driver.
CRITICAL - 2024-08-11 03:37:40 --> ErrorException: Undefined variable $tipoPermisos
in APPPATH\Views\Reportes\permisos_reporte.php on line 64.
 1 APPPATH\Views\Reportes\permisos_reporte.php(64): CodeIgniter\Debug\Exceptions->errorHandler(2, 'Undefined variable $tipoPermisos', 'C:\\laragon\\www\\prueba\\SistemaControl\\app\\Views\\Reportes\\permisos_reporte.php', 64)
 2 SYSTEMPATH\View\View.php(228): include('C:\\laragon\\www\\prueba\\SistemaControl\\app\\Views\\Reportes\\permisos_reporte.php')
 3 SYSTEMPATH\View\View.php(231): CodeIgniter\View\View->CodeIgniter\View\{closure}()
 4 SYSTEMPATH\Common.php(1178): CodeIgniter\View\View->render('reportes/permisos_reporte', [], true)
 5 APPPATH\Controllers\PermisosPersonal.php(224): view('reportes/permisos_reporte', [...])
 6 SYSTEMPATH\CodeIgniter.php(941): App\Controllers\PermisosPersonal->reporte()
 7 SYSTEMPATH\CodeIgniter.php(502): CodeIgniter\CodeIgniter->runController(Object(App\Controllers\PermisosPersonal))
 8 SYSTEMPATH\CodeIgniter.php(361): CodeIgniter\CodeIgniter->handleRequest(null, Object(Config\Cache), false)
 9 FCPATH\index.php(81): CodeIgniter\CodeIgniter->run()
INFO - 2024-08-11 03:37:46 --> Session: Class initialized using 'CodeIgniter\Session\Handlers\FileHandler' driver.
CRITICAL - 2024-08-11 03:37:46 --> ErrorException: Undefined variable $tipoPermisos
in APPPATH\Views\Reportes\permisos_reporte.php on line 64.
 1 APPPATH\Views\Reportes\permisos_reporte.php(64): CodeIgniter\Debug\Exceptions->errorHandler(2, 'Undefined variable $tipoPermisos', 'C:\\laragon\\www\\prueba\\SistemaControl\\app\\Views\\Reportes\\permisos_reporte.php', 64)
 2 SYSTEMPATH\View\View.php(228): include('C:\\laragon\\www\\prueba\\SistemaControl\\app\\Views\\Reportes\\permisos_reporte.php')
 3 SYSTEMPATH\View\View.php(231): CodeIgniter\View\View->CodeIgniter\View\{closure}()
 4 SYSTEMPATH\Common.php(1178): CodeIgniter\View\View->render('reportes/permisos_reporte', [], true)
 5 APPPATH\Controllers\PermisosPersonal.php(236): view('reportes/permisos_reporte', [...])
 6 SYSTEMPATH\CodeIgniter.php(941): App\Controllers\PermisosPersonal->reporte()
 7 SYSTEMPATH\CodeIgniter.php(502): CodeIgniter\CodeIgniter->runController(Object(App\Controllers\PermisosPersonal))
 8 SYSTEMPATH\CodeIgniter.php(361): CodeIgniter\CodeIgniter->handleRequest(null, Object(Config\Cache), false)
 9 FCPATH\index.php(81): CodeIgniter\CodeIgniter->run()
INFO - 2024-08-11 03:37:55 --> Session: Class initialized using 'CodeIgniter\Session\Handlers\FileHandler' driver.
CRITICAL - 2024-08-11 03:37:55 --> ErrorException: Undefined variable $tipoPermisos
in APPPATH\Views\Reportes\permisos_reporte.php on line 64.
 1 APPPATH\Views\Reportes\permisos_reporte.php(64): CodeIgniter\Debug\Exceptions->errorHandler(2, 'Undefined variable $tipoPermisos', 'C:\\laragon\\www\\prueba\\SistemaControl\\app\\Views\\Reportes\\permisos_reporte.php', 64)
 2 SYSTEMPATH\View\View.php(228): include('C:\\laragon\\www\\prueba\\SistemaControl\\app\\Views\\Reportes\\permisos_reporte.php')
 3 SYSTEMPATH\View\View.php(231): CodeIgniter\View\View->CodeIgniter\View\{closure}()
 4 SYSTEMPATH\Common.php(1178): CodeIgniter\View\View->render('reportes/permisos_reporte', [], true)
 5 APPPATH\Controllers\PermisosPersonal.php(223): view('reportes/permisos_reporte', [...])
 6 SYSTEMPATH\CodeIgniter.php(941): App\Controllers\PermisosPersonal->reporte()
 7 SYSTEMPATH\CodeIgniter.php(502): CodeIgniter\CodeIgniter->runController(Object(App\Controllers\PermisosPersonal))
 8 SYSTEMPATH\CodeIgniter.php(361): CodeIgniter\CodeIgniter->handleRequest(null, Object(Config\Cache), false)
 9 FCPATH\index.php(81): CodeIgniter\CodeIgniter->run()
INFO - 2024-08-11 03:38:16 --> Session: Class initialized using 'CodeIgniter\Session\Handlers\FileHandler' driver.
INFO - 2024-08-11 03:38:30 --> Session: Class initialized using 'CodeIgniter\Session\Handlers\FileHandler' driver.
INFO - 2024-08-11 03:38:35 --> Session: Class initialized using 'CodeIgniter\Session\Handlers\FileHandler' driver.
INFO - 2024-08-11 03:39:02 --> Session: Class initialized using 'CodeIgniter\Session\Handlers\FileHandler' driver.
INFO - 2024-08-11 03:39:06 --> Session: Class initialized using 'CodeIgniter\Session\Handlers\FileHandler' driver.
INFO - 2024-08-11 03:41:34 --> Session: Class initialized using 'CodeIgniter\Session\Handlers\FileHandler' driver.
INFO - 2024-08-11 03:41:39 --> Session: Class initialized using 'CodeIgniter\Session\Handlers\FileHandler' driver.
INFO - 2024-08-11 03:42:12 --> Session: Class initialized using 'CodeIgniter\Session\Handlers\FileHandler' driver.
CRITICAL - 2024-08-11 03:42:12 --> ErrorException: Undefined variable $tipoPermisos
in APPPATH\Views\Reportes\permisos_reporte.php on line 64.
 1 APPPATH\Views\Reportes\permisos_reporte.php(64): CodeIgniter\Debug\Exceptions->errorHandler(2, 'Undefined variable $tipoPermisos', 'C:\\laragon\\www\\prueba\\SistemaControl\\app\\Views\\Reportes\\permisos_reporte.php', 64)
 2 SYSTEMPATH\View\View.php(228): include('C:\\laragon\\www\\prueba\\SistemaControl\\app\\Views\\Reportes\\permisos_reporte.php')
 3 SYSTEMPATH\View\View.php(231): CodeIgniter\View\View->CodeIgniter\View\{closure}()
 4 SYSTEMPATH\Common.php(1178): CodeIgniter\View\View->render('reportes/permisos_reporte', [], true)
 5 APPPATH\Controllers\PermisosPersonal.php(236): view('reportes/permisos_reporte', [...])
 6 SYSTEMPATH\CodeIgniter.php(941): App\Controllers\PermisosPersonal->reporte()
 7 SYSTEMPATH\CodeIgniter.php(502): CodeIgniter\CodeIgniter->runController(Object(App\Controllers\PermisosPersonal))
 8 SYSTEMPATH\CodeIgniter.php(361): CodeIgniter\CodeIgniter->handleRequest(null, Object(Config\Cache), false)
 9 FCPATH\index.php(81): CodeIgniter\CodeIgniter->run()
INFO - 2024-08-11 03:42:46 --> Session: Class initialized using 'CodeIgniter\Session\Handlers\FileHandler' driver.
INFO - 2024-08-11 03:43:06 --> Session: Class initialized using 'CodeIgniter\Session\Handlers\FileHandler' driver.
INFO - 2024-08-11 03:43:22 --> Session: Class initialized using 'CodeIgniter\Session\Handlers\FileHandler' driver.
INFO - 2024-08-11 03:43:57 --> Session: Class initialized using 'CodeIgniter\Session\Handlers\FileHandler' driver.
INFO - 2024-08-11 03:44:03 --> Session: Class initialized using 'CodeIgniter\Session\Handlers\FileHandler' driver.
INFO - 2024-08-11 03:44:13 --> Session: Class initialized using 'CodeIgniter\Session\Handlers\FileHandler' driver.
INFO - 2024-08-11 03:44:27 --> Session: Class initialized using 'CodeIgniter\Session\Handlers\FileHandler' driver.
INFO - 2024-08-11 03:44:38 --> Session: Class initialized using 'CodeIgniter\Session\Handlers\FileHandler' driver.
INFO - 2024-08-11 03:59:21 --> Session: Class initialized using 'CodeIgniter\Session\Handlers\FileHandler' driver.
INFO - 2024-08-11 04:14:54 --> Session: Class initialized using 'CodeIgniter\Session\Handlers\FileHandler' driver.
INFO - 2024-08-11 04:14:54 --> Session: Class initialized using 'CodeIgniter\Session\Handlers\FileHandler' driver.
INFO - 2024-08-11 04:15:38 --> Session: Class initialized using 'CodeIgniter\Session\Handlers\FileHandler' driver.
INFO - 2024-08-11 04:15:41 --> Session: Class initialized using 'CodeIgniter\Session\Handlers\FileHandler' driver.
INFO - 2024-08-11 04:16:00 --> Session: Class initialized using 'CodeIgniter\Session\Handlers\FileHandler' driver.
INFO - 2024-08-11 04:16:00 --> Datos recibidos: Array
(
    [idDocente] => 40
    [idTipoPermiso] => 9
    [tipoSolicitud] => Horas
    [horasSolicitadas] => 3
    [fechaUnica] => 2024-08-10
    [fechaInicio] => 
    [fechaFin] => 
)

INFO - 2024-08-11 04:16:00 --> Insertar permiso por horas: Array
(
    [idSaldoPersonal] => 15
    [fechaInicio] => 2024-08-10
    [fechaFin] => 2024-08-10
    [horasSolicitadas] => 3
    [saldoHistorialHoras] => 150
    [saldoHistorialDias] => 25.00
    [fechaCreacion] => 2024-08-11
)

INFO - 2024-08-11 04:16:02 --> Session: Class initialized using 'CodeIgniter\Session\Handlers\FileHandler' driver.
INFO - 2024-08-11 04:16:36 --> Session: Class initialized using 'CodeIgniter\Session\Handlers\FileHandler' driver.
INFO - 2024-08-11 04:16:44 --> Session: Class initialized using 'CodeIgniter\Session\Handlers\FileHandler' driver.
INFO - 2024-08-11 04:16:47 --> Session: Class initialized using 'CodeIgniter\Session\Handlers\FileHandler' driver.
INFO - 2024-08-11 04:17:02 --> Session: Class initialized using 'CodeIgniter\Session\Handlers\FileHandler' driver.
INFO - 2024-08-11 04:17:02 --> Datos recibidos: Array
(
    [idDocente] => 40
    [idTipoPermiso] => 9
    [tipoSolicitud] => Horas
    [horasSolicitadas] => 2
    [fechaUnica] => 2024-08-12
    [fechaInicio] => 
    [fechaFin] => 
)

INFO - 2024-08-11 04:17:02 --> Insertar permiso por horas: Array
(
    [idSaldoPersonal] => 15
    [fechaInicio] => 2024-08-12
    [fechaFin] => 2024-08-12
    [horasSolicitadas] => 2
    [saldoHistorialHoras] => 147
    [saldoHistorialDias] => 24.50
    [fechaCreacion] => 2024-08-11
)

INFO - 2024-08-11 04:17:04 --> Session: Class initialized using 'CodeIgniter\Session\Handlers\FileHandler' driver.
INFO - 2024-08-11 04:17:12 --> Session: Class initialized using 'CodeIgniter\Session\Handlers\FileHandler' driver.
INFO - 2024-08-11 04:17:24 --> Session: Class initialized using 'CodeIgniter\Session\Handlers\FileHandler' driver.
INFO - 2024-08-11 04:17:24 --> Datos recibidos: Array
(
    [idDocente] => 40
    [idTipoPermiso] => 9
    [tipoSolicitud] => Horas
    [horasSolicitadas] => 1
    [fechaUnica] => 2024-08-13
    [fechaInicio] => 
    [fechaFin] => 
)

INFO - 2024-08-11 04:17:24 --> Insertar permiso por horas: Array
(
    [idSaldoPersonal] => 15
    [fechaInicio] => 2024-08-13
    [fechaFin] => 2024-08-13
    [horasSolicitadas] => 1
    [saldoHistorialHoras] => 145
    [saldoHistorialDias] => 24.17
    [fechaCreacion] => 2024-08-11
)

INFO - 2024-08-11 04:17:25 --> Session: Class initialized using 'CodeIgniter\Session\Handlers\FileHandler' driver.
INFO - 2024-08-11 04:18:26 --> Session: Class initialized using 'CodeIgniter\Session\Handlers\FileHandler' driver.
INFO - 2024-08-11 04:18:41 --> Session: Class initialized using 'CodeIgniter\Session\Handlers\FileHandler' driver.
INFO - 2024-08-11 04:18:41 --> Datos recibidos: Array
(
    [idDocente] => 40
    [idTipoPermiso] => 9
    [tipoSolicitud] => Dias
    [horasSolicitadas] => 0
    [fechaUnica] => 
    [fechaInicio] => 2024-08-14
    [fechaFin] => 2024-08-14
)

INFO - 2024-08-11 04:18:41 --> Días solicitados: 1
INFO - 2024-08-11 04:18:41 --> Insertar permiso por días: Array
(
    [idSaldoPersonal] => 15
    [fechaInicio] => 2024-08-14
    [fechaFin] => 2024-08-14
    [saldoHistorialHoras] => 144
    [saldoHistorialDias] => 24.00
)

INFO - 2024-08-11 04:18:43 --> Session: Class initialized using 'CodeIgniter\Session\Handlers\FileHandler' driver.
INFO - 2024-08-11 04:19:10 --> Session: Class initialized using 'CodeIgniter\Session\Handlers\FileHandler' driver.
INFO - 2024-08-11 04:19:25 --> Session: Class initialized using 'CodeIgniter\Session\Handlers\FileHandler' driver.
INFO - 2024-08-11 04:19:25 --> Datos recibidos: Array
(
    [idDocente] => 40
    [idTipoPermiso] => 9
    [tipoSolicitud] => Dias
    [horasSolicitadas] => 0
    [fechaUnica] => 
    [fechaInicio] => 2024-08-15
    [fechaFin] => 2024-08-15
)

INFO - 2024-08-11 04:19:25 --> Días solicitados: 1
INFO - 2024-08-11 04:19:25 --> Insertar permiso por días: Array
(
    [idSaldoPersonal] => 15
    [fechaInicio] => 2024-08-15
    [fechaFin] => 2024-08-15
    [saldoHistorialHoras] => 138
    [saldoHistorialDias] => 23.00
)

INFO - 2024-08-11 04:19:26 --> Session: Class initialized using 'CodeIgniter\Session\Handlers\FileHandler' driver.
INFO - 2024-08-11 04:21:37 --> Session: Class initialized using 'CodeIgniter\Session\Handlers\FileHandler' driver.
INFO - 2024-08-11 04:26:01 --> Session: Class initialized using 'CodeIgniter\Session\Handlers\FileHandler' driver.
INFO - 2024-08-11 04:27:33 --> Session: Class initialized using 'CodeIgniter\Session\Handlers\FileHandler' driver.
INFO - 2024-08-11 04:27:54 --> Session: Class initialized using 'CodeIgniter\Session\Handlers\FileHandler' driver.
INFO - 2024-08-11 04:28:12 --> Session: Class initialized using 'CodeIgniter\Session\Handlers\FileHandler' driver.
INFO - 2024-08-11 04:37:20 --> Session: Class initialized using 'CodeIgniter\Session\Handlers\FileHandler' driver.
CRITICAL - 2024-08-11 04:37:20 --> ErrorException: Undefined variable $data
in APPPATH\Views\Reportes\permisos_reporte.php on line 64.
 1 APPPATH\Views\Reportes\permisos_reporte.php(64): CodeIgniter\Debug\Exceptions->errorHandler(2, 'Undefined variable $data', 'C:\\laragon\\www\\prueba\\SistemaControl\\app\\Views\\Reportes\\permisos_reporte.php', 64)
 2 SYSTEMPATH\View\View.php(228): include('C:\\laragon\\www\\prueba\\SistemaControl\\app\\Views\\Reportes\\permisos_reporte.php')
 3 SYSTEMPATH\View\View.php(231): CodeIgniter\View\View->CodeIgniter\View\{closure}()
 4 SYSTEMPATH\Common.php(1178): CodeIgniter\View\View->render('reportes/permisos_reporte', [], true)
 5 APPPATH\Controllers\PermisosPersonal.php(194): view('reportes/permisos_reporte')
 6 SYSTEMPATH\CodeIgniter.php(941): App\Controllers\PermisosPersonal->reporte()
 7 SYSTEMPATH\CodeIgniter.php(502): CodeIgniter\CodeIgniter->runController(Object(App\Controllers\PermisosPersonal))
 8 SYSTEMPATH\CodeIgniter.php(361): CodeIgniter\CodeIgniter->handleRequest(null, Object(Config\Cache), false)
 9 FCPATH\index.php(81): CodeIgniter\CodeIgniter->run()
INFO - 2024-08-11 04:42:20 --> Session: Class initialized using 'CodeIgniter\Session\Handlers\FileHandler' driver.
CRITICAL - 2024-08-11 04:42:20 --> ErrorException: Undefined variable $data
in APPPATH\Views\Reportes\permisos_reporte.php on line 64.
 1 APPPATH\Views\Reportes\permisos_reporte.php(64): CodeIgniter\Debug\Exceptions->errorHandler(2, 'Undefined variable $data', 'C:\\laragon\\www\\prueba\\SistemaControl\\app\\Views\\Reportes\\permisos_reporte.php', 64)
 2 SYSTEMPATH\View\View.php(228): include('C:\\laragon\\www\\prueba\\SistemaControl\\app\\Views\\Reportes\\permisos_reporte.php')
 3 SYSTEMPATH\View\View.php(231): CodeIgniter\View\View->CodeIgniter\View\{closure}()
 4 SYSTEMPATH\Common.php(1178): CodeIgniter\View\View->render('reportes/permisos_reporte', [], true)
 5 APPPATH\Controllers\PermisosPersonal.php(194): view('reportes/permisos_reporte')
 6 SYSTEMPATH\CodeIgniter.php(941): App\Controllers\PermisosPersonal->reporte()
 7 SYSTEMPATH\CodeIgniter.php(502): CodeIgniter\CodeIgniter->runController(Object(App\Controllers\PermisosPersonal))
 8 SYSTEMPATH\CodeIgniter.php(361): CodeIgniter\CodeIgniter->handleRequest(null, Object(Config\Cache), false)
 9 FCPATH\index.php(81): CodeIgniter\CodeIgniter->run()
INFO - 2024-08-11 04:44:29 --> Session: Class initialized using 'CodeIgniter\Session\Handlers\FileHandler' driver.
CRITICAL - 2024-08-11 04:44:29 --> ErrorException: Undefined variable $data
in APPPATH\Views\Reportes\permisos_reporte.php on line 64.
 1 APPPATH\Views\Reportes\permisos_reporte.php(64): CodeIgniter\Debug\Exceptions->errorHandler(2, 'Undefined variable $data', 'C:\\laragon\\www\\prueba\\SistemaControl\\app\\Views\\Reportes\\permisos_reporte.php', 64)
 2 SYSTEMPATH\View\View.php(228): include('C:\\laragon\\www\\prueba\\SistemaControl\\app\\Views\\Reportes\\permisos_reporte.php')
 3 SYSTEMPATH\View\View.php(231): CodeIgniter\View\View->CodeIgniter\View\{closure}()
 4 SYSTEMPATH\Common.php(1178): CodeIgniter\View\View->render('reportes/permisos_reporte', [], true)
 5 APPPATH\Controllers\PermisosPersonal.php(194): view('reportes/permisos_reporte')
 6 SYSTEMPATH\CodeIgniter.php(941): App\Controllers\PermisosPersonal->reporte()
 7 SYSTEMPATH\CodeIgniter.php(502): CodeIgniter\CodeIgniter->runController(Object(App\Controllers\PermisosPersonal))
 8 SYSTEMPATH\CodeIgniter.php(361): CodeIgniter\CodeIgniter->handleRequest(null, Object(Config\Cache), false)
 9 FCPATH\index.php(81): CodeIgniter\CodeIgniter->run()
INFO - 2024-08-11 04:47:48 --> Session: Class initialized using 'CodeIgniter\Session\Handlers\FileHandler' driver.
CRITICAL - 2024-08-11 04:47:49 --> ErrorException: Undefined variable $pager
in APPPATH\Views\Reportes\permisos_reporte.php on line 113.
 1 APPPATH\Views\Reportes\permisos_reporte.php(113): CodeIgniter\Debug\Exceptions->errorHandler(2, 'Undefined variable $pager', 'C:\\laragon\\www\\prueba\\SistemaControl\\app\\Views\\Reportes\\permisos_reporte.php', 113)
 2 SYSTEMPATH\View\View.php(228): include('C:\\laragon\\www\\prueba\\SistemaControl\\app\\Views\\Reportes\\permisos_reporte.php')
 3 SYSTEMPATH\View\View.php(231): CodeIgniter\View\View->CodeIgniter\View\{closure}()
 4 SYSTEMPATH\Common.php(1178): CodeIgniter\View\View->render('reportes/permisos_reporte', [], true)
 5 APPPATH\Controllers\PermisosPersonal.php(215): view('reportes/permisos_reporte', [...])
 6 SYSTEMPATH\CodeIgniter.php(941): App\Controllers\PermisosPersonal->reporte()
 7 SYSTEMPATH\CodeIgniter.php(502): CodeIgniter\CodeIgniter->runController(Object(App\Controllers\PermisosPersonal))
 8 SYSTEMPATH\CodeIgniter.php(361): CodeIgniter\CodeIgniter->handleRequest(null, Object(Config\Cache), false)
 9 FCPATH\index.php(81): CodeIgniter\CodeIgniter->run()
INFO - 2024-08-11 04:49:35 --> Session: Class initialized using 'CodeIgniter\Session\Handlers\FileHandler' driver.
CRITICAL - 2024-08-11 04:49:36 --> Error: Call to a member function links() on string
in APPPATH\Views\Reportes\permisos_reporte.php on line 113.
 1 SYSTEMPATH\View\View.php(228): include()
 2 SYSTEMPATH\View\View.php(231): CodeIgniter\View\View->CodeIgniter\View\{closure}()
 3 SYSTEMPATH\Common.php(1178): CodeIgniter\View\View->render('reportes/permisos_reporte', [], true)
 4 APPPATH\Controllers\PermisosPersonal.php(221): view('reportes/permisos_reporte', [...])
 5 SYSTEMPATH\CodeIgniter.php(941): App\Controllers\PermisosPersonal->reporte()
 6 SYSTEMPATH\CodeIgniter.php(502): CodeIgniter\CodeIgniter->runController(Object(App\Controllers\PermisosPersonal))
 7 SYSTEMPATH\CodeIgniter.php(361): CodeIgniter\CodeIgniter->handleRequest(null, Object(Config\Cache), false)
 8 FCPATH\index.php(81): CodeIgniter\CodeIgniter->run()
INFO - 2024-08-11 04:52:20 --> Session: Class initialized using 'CodeIgniter\Session\Handlers\FileHandler' driver.
CRITICAL - 2024-08-11 04:52:20 --> Error: Call to a member function links() on string
in APPPATH\Views\Reportes\permisos_reporte.php on line 113.
 1 SYSTEMPATH\View\View.php(228): include()
 2 SYSTEMPATH\View\View.php(231): CodeIgniter\View\View->CodeIgniter\View\{closure}()
 3 SYSTEMPATH\Common.php(1178): CodeIgniter\View\View->render('reportes/permisos_reporte', [], true)
 4 APPPATH\Controllers\PermisosPersonal.php(223): view('reportes/permisos_reporte', [...])
 5 SYSTEMPATH\CodeIgniter.php(941): App\Controllers\PermisosPersonal->reporte()
 6 SYSTEMPATH\CodeIgniter.php(502): CodeIgniter\CodeIgniter->runController(Object(App\Controllers\PermisosPersonal))
 7 SYSTEMPATH\CodeIgniter.php(361): CodeIgniter\CodeIgniter->handleRequest(null, Object(Config\Cache), false)
 8 FCPATH\index.php(81): CodeIgniter\CodeIgniter->run()
INFO - 2024-08-11 04:52:49 --> Session: Class initialized using 'CodeIgniter\Session\Handlers\FileHandler' driver.
CRITICAL - 2024-08-11 04:52:49 --> Error: Call to a member function links() on string
in APPPATH\Views\Reportes\permisos_reporte.php on line 113.
 1 SYSTEMPATH\View\View.php(228): include()
 2 SYSTEMPATH\View\View.php(231): CodeIgniter\View\View->CodeIgniter\View\{closure}()
 3 SYSTEMPATH\Common.php(1178): CodeIgniter\View\View->render('reportes/permisos_reporte', [], true)
 4 APPPATH\Controllers\PermisosPersonal.php(223): view('reportes/permisos_reporte', [...])
 5 SYSTEMPATH\CodeIgniter.php(941): App\Controllers\PermisosPersonal->reporte()
 6 SYSTEMPATH\CodeIgniter.php(502): CodeIgniter\CodeIgniter->runController(Object(App\Controllers\PermisosPersonal))
 7 SYSTEMPATH\CodeIgniter.php(361): CodeIgniter\CodeIgniter->handleRequest(null, Object(Config\Cache), false)
 8 FCPATH\index.php(81): CodeIgniter\CodeIgniter->run()
INFO - 2024-08-11 04:55:42 --> Session: Class initialized using 'CodeIgniter\Session\Handlers\FileHandler' driver.
INFO - 2024-08-11 04:56:00 --> Session: Class initialized using 'CodeIgniter\Session\Handlers\FileHandler' driver.
INFO - 2024-08-11 04:56:50 --> Session: Class initialized using 'CodeIgniter\Session\Handlers\FileHandler' driver.
INFO - 2024-08-11 04:57:01 --> Session: Class initialized using 'CodeIgniter\Session\Handlers\FileHandler' driver.
INFO - 2024-08-11 04:57:08 --> Session: Class initialized using 'CodeIgniter\Session\Handlers\FileHandler' driver.
INFO - 2024-08-11 05:02:35 --> Session: Class initialized using 'CodeIgniter\Session\Handlers\FileHandler' driver.
INFO - 2024-08-11 05:02:42 --> Session: Class initialized using 'CodeIgniter\Session\Handlers\FileHandler' driver.
INFO - 2024-08-11 05:02:48 --> Session: Class initialized using 'CodeIgniter\Session\Handlers\FileHandler' driver.
INFO - 2024-08-11 05:02:53 --> Session: Class initialized using 'CodeIgniter\Session\Handlers\FileHandler' driver.
INFO - 2024-08-11 05:13:05 --> Session: Class initialized using 'CodeIgniter\Session\Handlers\FileHandler' driver.
INFO - 2024-08-11 05:13:19 --> Session: Class initialized using 'CodeIgniter\Session\Handlers\FileHandler' driver.
INFO - 2024-08-11 05:13:31 --> Session: Class initialized using 'CodeIgniter\Session\Handlers\FileHandler' driver.
INFO - 2024-08-11 05:19:51 --> Session: Class initialized using 'CodeIgniter\Session\Handlers\FileHandler' driver.
ERROR - 2024-08-11 05:19:53 --> mysqli_sql_exception: Table 'sistema_control.maestros' doesn't exist in C:\laragon\www\prueba\SistemaControl\vendor\codeigniter4\framework\system\Database\MySQLi\Connection.php:306
Stack trace:
#0 C:\laragon\www\prueba\SistemaControl\vendor\codeigniter4\framework\system\Database\MySQLi\Connection.php(306): mysqli->query('SELECT `permiso...', 0)
#1 C:\laragon\www\prueba\SistemaControl\vendor\codeigniter4\framework\system\Database\BaseConnection.php(693): CodeIgniter\Database\MySQLi\Connection->execute('SELECT `permiso...')
#2 C:\laragon\www\prueba\SistemaControl\vendor\codeigniter4\framework\system\Database\BaseConnection.php(607): CodeIgniter\Database\BaseConnection->simpleQuery('SELECT `permiso...')
#3 C:\laragon\www\prueba\SistemaControl\vendor\codeigniter4\framework\system\Database\BaseBuilder.php(1613): CodeIgniter\Database\BaseConnection->query('SELECT `permiso...', Array, false)
#4 C:\laragon\www\prueba\SistemaControl\app\Models\PermisosPersonalModel.php(103): CodeIgniter\Database\BaseBuilder->get()
#5 C:\laragon\www\prueba\SistemaControl\app\Controllers\PermisosPersonal.php(192): App\Models\PermisosPersonalModel->getPermisosReporte('2024-08-08', '2024-08-08')
#6 C:\laragon\www\prueba\SistemaControl\vendor\codeigniter4\framework\system\CodeIgniter.php(941): App\Controllers\PermisosPersonal->reporte()
#7 C:\laragon\www\prueba\SistemaControl\vendor\codeigniter4\framework\system\CodeIgniter.php(502): CodeIgniter\CodeIgniter->runController(Object(App\Controllers\PermisosPersonal))
#8 C:\laragon\www\prueba\SistemaControl\vendor\codeigniter4\framework\system\CodeIgniter.php(361): CodeIgniter\CodeIgniter->handleRequest(NULL, Object(Config\Cache), false)
#9 C:\laragon\www\prueba\SistemaControl\public\index.php(81): CodeIgniter\CodeIgniter->run()
#10 {main}
CRITICAL - 2024-08-11 05:19:53 --> CodeIgniter\Database\Exceptions\DatabaseException: Table 'sistema_control.maestros' doesn't exist
in SYSTEMPATH\Database\BaseConnection.php on line 647.
 1 SYSTEMPATH\Database\BaseBuilder.php(1613): CodeIgniter\Database\BaseConnection->query('SELECT `permisos_personal`.*, `maestros`.`nombre_completo`, `tipo_permisos`.`nombre` as `tipoPermisoNombre`, `saldos_personal`.`saldoActualDias`, `saldos_personal`.`saldoActualHoras`, `saldos_personal`.`saldoHistorialDias`, `saldos_personal`.`saldoHistorialHoras`
FROM `permisos_personal`
JOIN `maestros` ON `maestros`.`idMaestro` = `permisos_personal`.`idMaestro`
JOIN `tipo_permisos` ON `tipo_permisos`.`idTipoPermiso` = `permisos_personal`.`idTipoPermiso`
JOIN `saldos_personal` ON `saldos_personal`.`idSaldoPersonal` = `permisos_personal`.`idSaldoPersonal`
WHERE `permisos_personal`.`fechaInicio` >= :permisos_personal.fechaInicio:
AND `permisos_personal`.`fechaFin` <= :permisos_personal.fechaFin:', [...], false)
 2 APPPATH\Models\PermisosPersonalModel.php(103): CodeIgniter\Database\BaseBuilder->get()
 3 APPPATH\Controllers\PermisosPersonal.php(192): App\Models\PermisosPersonalModel->getPermisosReporte('2024-08-08', '2024-08-08')
 4 SYSTEMPATH\CodeIgniter.php(941): App\Controllers\PermisosPersonal->reporte()
 5 SYSTEMPATH\CodeIgniter.php(502): CodeIgniter\CodeIgniter->runController(Object(App\Controllers\PermisosPersonal))
 6 SYSTEMPATH\CodeIgniter.php(361): CodeIgniter\CodeIgniter->handleRequest(null, Object(Config\Cache), false)
 7 FCPATH\index.php(81): CodeIgniter\CodeIgniter->run()
CRITICAL - 2024-08-11 05:19:53 --> [Caused by] CodeIgniter\Database\Exceptions\DatabaseException: Table 'sistema_control.maestros' doesn't exist
in SYSTEMPATH\Database\MySQLi\Connection.php on line 311.
 1 SYSTEMPATH\Database\BaseConnection.php(693): CodeIgniter\Database\MySQLi\Connection->execute('SELECT `permisos_personal`.*, `maestros`.`nombre_completo`, `tipo_permisos`.`nombre` as `tipoPermisoNombre`, `saldos_personal`.`saldoActualDias`, `saldos_personal`.`saldoActualHoras`, `saldos_personal`.`saldoHistorialDias`, `saldos_personal`.`saldoHistorialHoras`
FROM `permisos_personal`
JOIN `maestros` ON `maestros`.`idMaestro` = `permisos_personal`.`idMaestro`
JOIN `tipo_permisos` ON `tipo_permisos`.`idTipoPermiso` = `permisos_personal`.`idTipoPermiso`
JOIN `saldos_personal` ON `saldos_personal`.`idSaldoPersonal` = `permisos_personal`.`idSaldoPersonal`
WHERE `permisos_personal`.`fechaInicio` >= \'2024-08-08\'
AND `permisos_personal`.`fechaFin` <= \'2024-08-08\'')
 2 SYSTEMPATH\Database\BaseConnection.php(607): CodeIgniter\Database\BaseConnection->simpleQuery('SELECT `permisos_personal`.*, `maestros`.`nombre_completo`, `tipo_permisos`.`nombre` as `tipoPermisoNombre`, `saldos_personal`.`saldoActualDias`, `saldos_personal`.`saldoActualHoras`, `saldos_personal`.`saldoHistorialDias`, `saldos_personal`.`saldoHistorialHoras`
FROM `permisos_personal`
JOIN `maestros` ON `maestros`.`idMaestro` = `permisos_personal`.`idMaestro`
JOIN `tipo_permisos` ON `tipo_permisos`.`idTipoPermiso` = `permisos_personal`.`idTipoPermiso`
JOIN `saldos_personal` ON `saldos_personal`.`idSaldoPersonal` = `permisos_personal`.`idSaldoPersonal`
WHERE `permisos_personal`.`fechaInicio` >= \'2024-08-08\'
AND `permisos_personal`.`fechaFin` <= \'2024-08-08\'')
 3 SYSTEMPATH\Database\BaseBuilder.php(1613): CodeIgniter\Database\BaseConnection->query('SELECT `permisos_personal`.*, `maestros`.`nombre_completo`, `tipo_permisos`.`nombre` as `tipoPermisoNombre`, `saldos_personal`.`saldoActualDias`, `saldos_personal`.`saldoActualHoras`, `saldos_personal`.`saldoHistorialDias`, `saldos_personal`.`saldoHistorialHoras`
FROM `permisos_personal`
JOIN `maestros` ON `maestros`.`idMaestro` = `permisos_personal`.`idMaestro`
JOIN `tipo_permisos` ON `tipo_permisos`.`idTipoPermiso` = `permisos_personal`.`idTipoPermiso`
JOIN `saldos_personal` ON `saldos_personal`.`idSaldoPersonal` = `permisos_personal`.`idSaldoPersonal`
WHERE `permisos_personal`.`fechaInicio` >= :permisos_personal.fechaInicio:
AND `permisos_personal`.`fechaFin` <= :permisos_personal.fechaFin:', [...], false)
 4 APPPATH\Models\PermisosPersonalModel.php(103): CodeIgniter\Database\BaseBuilder->get()
 5 APPPATH\Controllers\PermisosPersonal.php(192): App\Models\PermisosPersonalModel->getPermisosReporte('2024-08-08', '2024-08-08')
 6 SYSTEMPATH\CodeIgniter.php(941): App\Controllers\PermisosPersonal->reporte()
 7 SYSTEMPATH\CodeIgniter.php(502): CodeIgniter\CodeIgniter->runController(Object(App\Controllers\PermisosPersonal))
 8 SYSTEMPATH\CodeIgniter.php(361): CodeIgniter\CodeIgniter->handleRequest(null, Object(Config\Cache), false)
 9 FCPATH\index.php(81): CodeIgniter\CodeIgniter->run()
CRITICAL - 2024-08-11 05:19:53 --> [Caused by] mysqli_sql_exception: Table 'sistema_control.maestros' doesn't exist
in SYSTEMPATH\Database\MySQLi\Connection.php on line 306.
 1 SYSTEMPATH\Database\MySQLi\Connection.php(306): mysqli->query('SELECT `permisos_personal`.*, `maestros`.`nombre_completo`, `tipo_permisos`.`nombre` as `tipoPermisoNombre`, `saldos_personal`.`saldoActualDias`, `saldos_personal`.`saldoActualHoras`, `saldos_personal`.`saldoHistorialDias`, `saldos_personal`.`saldoHistorialHoras`
FROM `permisos_personal`
JOIN `maestros` ON `maestros`.`idMaestro` = `permisos_personal`.`idMaestro`
JOIN `tipo_permisos` ON `tipo_permisos`.`idTipoPermiso` = `permisos_personal`.`idTipoPermiso`
JOIN `saldos_personal` ON `saldos_personal`.`idSaldoPersonal` = `permisos_personal`.`idSaldoPersonal`
WHERE `permisos_personal`.`fechaInicio` >= \'2024-08-08\'
AND `permisos_personal`.`fechaFin` <= \'2024-08-08\'', 0)
 2 SYSTEMPATH\Database\BaseConnection.php(693): CodeIgniter\Database\MySQLi\Connection->execute('SELECT `permisos_personal`.*, `maestros`.`nombre_completo`, `tipo_permisos`.`nombre` as `tipoPermisoNombre`, `saldos_personal`.`saldoActualDias`, `saldos_personal`.`saldoActualHoras`, `saldos_personal`.`saldoHistorialDias`, `saldos_personal`.`saldoHistorialHoras`
FROM `permisos_personal`
JOIN `maestros` ON `maestros`.`idMaestro` = `permisos_personal`.`idMaestro`
JOIN `tipo_permisos` ON `tipo_permisos`.`idTipoPermiso` = `permisos_personal`.`idTipoPermiso`
JOIN `saldos_personal` ON `saldos_personal`.`idSaldoPersonal` = `permisos_personal`.`idSaldoPersonal`
WHERE `permisos_personal`.`fechaInicio` >= \'2024-08-08\'
AND `permisos_personal`.`fechaFin` <= \'2024-08-08\'')
 3 SYSTEMPATH\Database\BaseConnection.php(607): CodeIgniter\Database\BaseConnection->simpleQuery('SELECT `permisos_personal`.*, `maestros`.`nombre_completo`, `tipo_permisos`.`nombre` as `tipoPermisoNombre`, `saldos_personal`.`saldoActualDias`, `saldos_personal`.`saldoActualHoras`, `saldos_personal`.`saldoHistorialDias`, `saldos_personal`.`saldoHistorialHoras`
FROM `permisos_personal`
JOIN `maestros` ON `maestros`.`idMaestro` = `permisos_personal`.`idMaestro`
JOIN `tipo_permisos` ON `tipo_permisos`.`idTipoPermiso` = `permisos_personal`.`idTipoPermiso`
JOIN `saldos_personal` ON `saldos_personal`.`idSaldoPersonal` = `permisos_personal`.`idSaldoPersonal`
WHERE `permisos_personal`.`fechaInicio` >= \'2024-08-08\'
AND `permisos_personal`.`fechaFin` <= \'2024-08-08\'')
 4 SYSTEMPATH\Database\BaseBuilder.php(1613): CodeIgniter\Database\BaseConnection->query('SELECT `permisos_personal`.*, `maestros`.`nombre_completo`, `tipo_permisos`.`nombre` as `tipoPermisoNombre`, `saldos_personal`.`saldoActualDias`, `saldos_personal`.`saldoActualHoras`, `saldos_personal`.`saldoHistorialDias`, `saldos_personal`.`saldoHistorialHoras`
FROM `permisos_personal`
JOIN `maestros` ON `maestros`.`idMaestro` = `permisos_personal`.`idMaestro`
JOIN `tipo_permisos` ON `tipo_permisos`.`idTipoPermiso` = `permisos_personal`.`idTipoPermiso`
JOIN `saldos_personal` ON `saldos_personal`.`idSaldoPersonal` = `permisos_personal`.`idSaldoPersonal`
WHERE `permisos_personal`.`fechaInicio` >= :permisos_personal.fechaInicio:
AND `permisos_personal`.`fechaFin` <= :permisos_personal.fechaFin:', [...], false)
 5 APPPATH\Models\PermisosPersonalModel.php(103): CodeIgniter\Database\BaseBuilder->get()
 6 APPPATH\Controllers\PermisosPersonal.php(192): App\Models\PermisosPersonalModel->getPermisosReporte('2024-08-08', '2024-08-08')
 7 SYSTEMPATH\CodeIgniter.php(941): App\Controllers\PermisosPersonal->reporte()
 8 SYSTEMPATH\CodeIgniter.php(502): CodeIgniter\CodeIgniter->runController(Object(App\Controllers\PermisosPersonal))
 9 SYSTEMPATH\CodeIgniter.php(361): CodeIgniter\CodeIgniter->handleRequest(null, Object(Config\Cache), false)
10 FCPATH\index.php(81): CodeIgniter\CodeIgniter->run()
INFO - 2024-08-11 05:20:42 --> Session: Class initialized using 'CodeIgniter\Session\Handlers\FileHandler' driver.
INFO - 2024-08-11 05:20:46 --> Session: Class initialized using 'CodeIgniter\Session\Handlers\FileHandler' driver.
INFO - 2024-08-11 05:20:55 --> Session: Class initialized using 'CodeIgniter\Session\Handlers\FileHandler' driver.
CRITICAL - 2024-08-11 05:20:55 --> ErrorException: Undefined array key "tipoPermisoNombre"
in APPPATH\Controllers\PermisosPersonal.php on line 201.
 1 APPPATH\Controllers\PermisosPersonal.php(201): CodeIgniter\Debug\Exceptions->errorHandler(2, 'Undefined array key "tipoPermisoNombre"', 'C:\\laragon\\www\\prueba\\SistemaControl\\app\\Controllers\\PermisosPersonal.php', 201)
 2 SYSTEMPATH\CodeIgniter.php(941): App\Controllers\PermisosPersonal->reporte()
 3 SYSTEMPATH\CodeIgniter.php(502): CodeIgniter\CodeIgniter->runController(Object(App\Controllers\PermisosPersonal))
 4 SYSTEMPATH\CodeIgniter.php(361): CodeIgniter\CodeIgniter->handleRequest(null, Object(Config\Cache), false)
 5 FCPATH\index.php(81): CodeIgniter\CodeIgniter->run()
INFO - 2024-08-11 05:21:48 --> Session: Class initialized using 'CodeIgniter\Session\Handlers\FileHandler' driver.
CRITICAL - 2024-08-11 05:21:48 --> ErrorException: Undefined variable $nombreCompleto
in APPPATH\Models\PermisosPersonalModel.php on line 109.
 1 APPPATH\Models\PermisosPersonalModel.php(109): CodeIgniter\Debug\Exceptions->errorHandler(2, 'Undefined variable $nombreCompleto', 'C:\\laragon\\www\\prueba\\SistemaControl\\app\\Models\\PermisosPersonalModel.php', 109)
 2 APPPATH\Controllers\PermisosPersonal.php(192): App\Models\PermisosPersonalModel->getPermisosReporte('2024-08-01', '2024-08-31')
 3 SYSTEMPATH\CodeIgniter.php(941): App\Controllers\PermisosPersonal->reporte()
 4 SYSTEMPATH\CodeIgniter.php(502): CodeIgniter\CodeIgniter->runController(Object(App\Controllers\PermisosPersonal))
 5 SYSTEMPATH\CodeIgniter.php(361): CodeIgniter\CodeIgniter->handleRequest(null, Object(Config\Cache), false)
 6 FCPATH\index.php(81): CodeIgniter\CodeIgniter->run()
INFO - 2024-08-11 05:22:11 --> Session: Class initialized using 'CodeIgniter\Session\Handlers\FileHandler' driver.
INFO - 2024-08-11 05:22:15 --> Session: Class initialized using 'CodeIgniter\Session\Handlers\FileHandler' driver.
INFO - 2024-08-11 05:30:09 --> Session: Class initialized using 'CodeIgniter\Session\Handlers\FileHandler' driver.
CRITICAL - 2024-08-11 05:30:09 --> ErrorException: Undefined array key "tipoPermisoNombre"
in APPPATH\Controllers\PermisosPersonal.php on line 201.
 1 APPPATH\Controllers\PermisosPersonal.php(201): CodeIgniter\Debug\Exceptions->errorHandler(2, 'Undefined array key "tipoPermisoNombre"', 'C:\\laragon\\www\\prueba\\SistemaControl\\app\\Controllers\\PermisosPersonal.php', 201)
 2 SYSTEMPATH\CodeIgniter.php(941): App\Controllers\PermisosPersonal->reporte()
 3 SYSTEMPATH\CodeIgniter.php(502): CodeIgniter\CodeIgniter->runController(Object(App\Controllers\PermisosPersonal))
 4 SYSTEMPATH\CodeIgniter.php(361): CodeIgniter\CodeIgniter->handleRequest(null, Object(Config\Cache), false)
 5 FCPATH\index.php(81): CodeIgniter\CodeIgniter->run()
INFO - 2024-08-11 05:31:30 --> Session: Class initialized using 'CodeIgniter\Session\Handlers\FileHandler' driver.
INFO - 2024-08-11 05:31:35 --> Session: Class initialized using 'CodeIgniter\Session\Handlers\FileHandler' driver.
INFO - 2024-08-11 05:32:30 --> Session: Class initialized using 'CodeIgniter\Session\Handlers\FileHandler' driver.
CRITICAL - 2024-08-11 05:32:30 --> ErrorException: Undefined array key "tipoPermisoNombre"
in APPPATH\Controllers\PermisosPersonal.php on line 201.
 1 APPPATH\Controllers\PermisosPersonal.php(201): CodeIgniter\Debug\Exceptions->errorHandler(2, 'Undefined array key "tipoPermisoNombre"', 'C:\\laragon\\www\\prueba\\SistemaControl\\app\\Controllers\\PermisosPersonal.php', 201)
 2 SYSTEMPATH\CodeIgniter.php(941): App\Controllers\PermisosPersonal->reporte()
 3 SYSTEMPATH\CodeIgniter.php(502): CodeIgniter\CodeIgniter->runController(Object(App\Controllers\PermisosPersonal))
 4 SYSTEMPATH\CodeIgniter.php(361): CodeIgniter\CodeIgniter->handleRequest(null, Object(Config\Cache), false)
 5 FCPATH\index.php(81): CodeIgniter\CodeIgniter->run()
INFO - 2024-08-11 05:34:42 --> Session: Class initialized using 'CodeIgniter\Session\Handlers\FileHandler' driver.
INFO - 2024-08-11 05:35:10 --> Session: Class initialized using 'CodeIgniter\Session\Handlers\FileHandler' driver.
INFO - 2024-08-11 05:35:14 --> Session: Class initialized using 'CodeIgniter\Session\Handlers\FileHandler' driver.
INFO - 2024-08-11 05:35:22 --> Session: Class initialized using 'CodeIgniter\Session\Handlers\FileHandler' driver.
INFO - 2024-08-11 05:35:44 --> Session: Class initialized using 'CodeIgniter\Session\Handlers\FileHandler' driver.
INFO - 2024-08-11 05:38:08 --> Session: Class initialized using 'CodeIgniter\Session\Handlers\FileHandler' driver.
INFO - 2024-08-11 05:38:13 --> Session: Class initialized using 'CodeIgniter\Session\Handlers\FileHandler' driver.
INFO - 2024-08-11 05:38:22 --> Session: Class initialized using 'CodeIgniter\Session\Handlers\FileHandler' driver.
INFO - 2024-08-11 05:38:30 --> Session: Class initialized using 'CodeIgniter\Session\Handlers\FileHandler' driver.
INFO - 2024-08-11 05:38:34 --> Session: Class initialized using 'CodeIgniter\Session\Handlers\FileHandler' driver.
INFO - 2024-08-11 05:38:41 --> Session: Class initialized using 'CodeIgniter\Session\Handlers\FileHandler' driver.
INFO - 2024-08-11 05:38:46 --> Session: Class initialized using 'CodeIgniter\Session\Handlers\FileHandler' driver.
INFO - 2024-08-11 05:47:31 --> Session: Class initialized using 'CodeIgniter\Session\Handlers\FileHandler' driver.
INFO - 2024-08-11 05:47:51 --> Session: Class initialized using 'CodeIgniter\Session\Handlers\FileHandler' driver.
DEBUG - 2024-08-11 05:48:34 --> Datos del docente: {"nombre_completo":"Roni Quiroz","nip":"1122","escalafon":"1122","fecha_ingreso":"2023-01-01","estado":"Activo","tipo":"Docente","cargo":null}
INFO - 2024-08-11 05:48:40 --> Session: Class initialized using 'CodeIgniter\Session\Handlers\FileHandler' driver.
INFO - 2024-08-11 05:49:05 --> Session: Class initialized using 'CodeIgniter\Session\Handlers\FileHandler' driver.
DEBUG - 2024-08-11 05:50:25 --> Datos del docente: {"nombre_completo":"Samuel Ramos","nip":"571","escalafon":"571","fecha_ingreso":"2022-05-02","estado":"Activo","tipo":"Administrativo","cargo":"Contador"}
INFO - 2024-08-11 05:50:30 --> Session: Class initialized using 'CodeIgniter\Session\Handlers\FileHandler' driver.
INFO - 2024-08-11 05:51:11 --> Session: Class initialized using 'CodeIgniter\Session\Handlers\FileHandler' driver.
INFO - 2024-08-11 05:52:57 --> Session: Class initialized using 'CodeIgniter\Session\Handlers\FileHandler' driver.
INFO - 2024-08-11 05:53:04 --> Session: Class initialized using 'CodeIgniter\Session\Handlers\FileHandler' driver.
INFO - 2024-08-11 05:53:06 --> Session: Class initialized using 'CodeIgniter\Session\Handlers\FileHandler' driver.
INFO - 2024-08-11 05:53:22 --> Session: Class initialized using 'CodeIgniter\Session\Handlers\FileHandler' driver.
INFO - 2024-08-11 05:53:26 --> Session: Class initialized using 'CodeIgniter\Session\Handlers\FileHandler' driver.
INFO - 2024-08-11 22:30:39 --> Session: Class initialized using 'CodeIgniter\Session\Handlers\FileHandler' driver.
INFO - 2024-08-11 22:53:01 --> Session: Class initialized using 'CodeIgniter\Session\Handlers\FileHandler' driver.
INFO - 2024-08-11 22:53:03 --> Session: Class initialized using 'CodeIgniter\Session\Handlers\FileHandler' driver.
INFO - 2024-08-11 22:53:17 --> Session: Class initialized using 'CodeIgniter\Session\Handlers\FileHandler' driver.
INFO - 2024-08-11 22:53:20 --> Session: Class initialized using 'CodeIgniter\Session\Handlers\FileHandler' driver.
INFO - 2024-08-11 22:53:30 --> Session: Class initialized using 'CodeIgniter\Session\Handlers\FileHandler' driver.
INFO - 2024-08-11 22:53:45 --> Session: Class initialized using 'CodeIgniter\Session\Handlers\FileHandler' driver.
INFO - 2024-08-11 22:53:54 --> Session: Class initialized using 'CodeIgniter\Session\Handlers\FileHandler' driver.
INFO - 2024-08-11 22:54:01 --> Session: Class initialized using 'CodeIgniter\Session\Handlers\FileHandler' driver.
INFO - 2024-08-11 22:54:15 --> Session: Class initialized using 'CodeIgniter\Session\Handlers\FileHandler' driver.
INFO - 2024-08-11 22:54:21 --> Session: Class initialized using 'CodeIgniter\Session\Handlers\FileHandler' driver.
INFO - 2024-08-11 22:54:26 --> Session: Class initialized using 'CodeIgniter\Session\Handlers\FileHandler' driver.
INFO - 2024-08-11 23:02:21 --> Session: Class initialized using 'CodeIgniter\Session\Handlers\FileHandler' driver.
INFO - 2024-08-11 23:06:45 --> Session: Class initialized using 'CodeIgniter\Session\Handlers\FileHandler' driver.
INFO - 2024-08-11 23:07:00 --> Session: Class initialized using 'CodeIgniter\Session\Handlers\FileHandler' driver.
INFO - 2024-08-11 23:07:21 --> Session: Class initialized using 'CodeIgniter\Session\Handlers\FileHandler' driver.
INFO - 2024-08-11 23:18:07 --> Session: Class initialized using 'CodeIgniter\Session\Handlers\FileHandler' driver.
INFO - 2024-08-11 23:23:20 --> Session: Class initialized using 'CodeIgniter\Session\Handlers\FileHandler' driver.
INFO - 2024-08-11 23:24:49 --> Session: Class initialized using 'CodeIgniter\Session\Handlers\FileHandler' driver.
INFO - 2024-08-11 23:25:39 --> Session: Class initialized using 'CodeIgniter\Session\Handlers\FileHandler' driver.
INFO - 2024-08-11 23:25:59 --> Session: Class initialized using 'CodeIgniter\Session\Handlers\FileHandler' driver.
INFO - 2024-08-11 23:26:29 --> Session: Class initialized using 'CodeIgniter\Session\Handlers\FileHandler' driver.
INFO - 2024-08-11 23:26:42 --> Session: Class initialized using 'CodeIgniter\Session\Handlers\FileHandler' driver.
INFO - 2024-08-11 23:27:04 --> Session: Class initialized using 'CodeIgniter\Session\Handlers\FileHandler' driver.
INFO - 2024-08-11 23:27:27 --> Session: Class initialized using 'CodeIgniter\Session\Handlers\FileHandler' driver.
INFO - 2024-08-11 23:30:52 --> Session: Class initialized using 'CodeIgniter\Session\Handlers\FileHandler' driver.
INFO - 2024-08-11 23:31:32 --> Session: Class initialized using 'CodeIgniter\Session\Handlers\FileHandler' driver.
INFO - 2024-08-11 23:32:07 --> Session: Class initialized using 'CodeIgniter\Session\Handlers\FileHandler' driver.
INFO - 2024-08-11 23:32:19 --> Session: Class initialized using 'CodeIgniter\Session\Handlers\FileHandler' driver.
INFO - 2024-08-11 23:33:55 --> Session: Class initialized using 'CodeIgniter\Session\Handlers\FileHandler' driver.
INFO - 2024-08-11 23:35:40 --> Session: Class initialized using 'CodeIgniter\Session\Handlers\FileHandler' driver.
INFO - 2024-08-11 23:37:45 --> Session: Class initialized using 'CodeIgniter\Session\Handlers\FileHandler' driver.
INFO - 2024-08-11 23:39:45 --> Session: Class initialized using 'CodeIgniter\Session\Handlers\FileHandler' driver.
INFO - 2024-08-11 23:40:04 --> Session: Class initialized using 'CodeIgniter\Session\Handlers\FileHandler' driver.
INFO - 2024-08-11 23:41:42 --> Session: Class initialized using 'CodeIgniter\Session\Handlers\FileHandler' driver.
INFO - 2024-08-11 23:44:01 --> Session: Class initialized using 'CodeIgniter\Session\Handlers\FileHandler' driver.
INFO - 2024-08-11 23:45:02 --> Session: Class initialized using 'CodeIgniter\Session\Handlers\FileHandler' driver.
INFO - 2024-08-11 23:47:56 --> Session: Class initialized using 'CodeIgniter\Session\Handlers\FileHandler' driver.
INFO - 2024-08-11 23:48:12 --> Session: Class initialized using 'CodeIgniter\Session\Handlers\FileHandler' driver.
INFO - 2024-08-11 23:48:31 --> Session: Class initialized using 'CodeIgniter\Session\Handlers\FileHandler' driver.
INFO - 2024-08-11 23:49:42 --> Session: Class initialized using 'CodeIgniter\Session\Handlers\FileHandler' driver.
INFO - 2024-08-11 23:50:40 --> Session: Class initialized using 'CodeIgniter\Session\Handlers\FileHandler' driver.
INFO - 2024-08-11 23:51:38 --> Session: Class initialized using 'CodeIgniter\Session\Handlers\FileHandler' driver.
INFO - 2024-08-11 23:52:32 --> Session: Class initialized using 'CodeIgniter\Session\Handlers\FileHandler' driver.
INFO - 2024-08-11 23:55:06 --> Session: Class initialized using 'CodeIgniter\Session\Handlers\FileHandler' driver.
INFO - 2024-08-11 23:58:54 --> Session: Class initialized using 'CodeIgniter\Session\Handlers\FileHandler' driver.
