INFO - 2024-07-31 02:40:35 --> Session: Class initialized using 'CodeIgniter\Session\Handlers\FileHandler' driver.
INFO - 2024-07-31 02:40:57 --> Session: Class initialized using 'CodeIgniter\Session\Handlers\FileHandler' driver.
INFO - 2024-07-31 02:40:57 --> Session: Class initialized using 'CodeIgniter\Session\Handlers\FileHandler' driver.
INFO - 2024-07-31 02:41:07 --> Session: Class initialized using 'CodeIgniter\Session\Handlers\FileHandler' driver.
INFO - 2024-07-31 02:41:17 --> Session: Class initialized using 'CodeIgniter\Session\Handlers\FileHandler' driver.
INFO - 2024-07-31 02:44:06 --> Session: Class initialized using 'CodeIgniter\Session\Handlers\FileHandler' driver.
INFO - 2024-07-31 02:44:20 --> Session: Class initialized using 'CodeIgniter\Session\Handlers\FileHandler' driver.
INFO - 2024-07-31 02:44:51 --> Session: Class initialized using 'CodeIgniter\Session\Handlers\FileHandler' driver.
INFO - 2024-07-31 02:46:02 --> Session: Class initialized using 'CodeIgniter\Session\Handlers\FileHandler' driver.
INFO - 2024-07-31 02:46:30 --> Session: Class initialized using 'CodeIgniter\Session\Handlers\FileHandler' driver.
INFO - 2024-07-31 02:46:31 --> Session: Class initialized using 'CodeIgniter\Session\Handlers\FileHandler' driver.
INFO - 2024-07-31 02:46:39 --> Session: Class initialized using 'CodeIgniter\Session\Handlers\FileHandler' driver.
INFO - 2024-07-31 02:46:39 --> Session: Class initialized using 'CodeIgniter\Session\Handlers\FileHandler' driver.
INFO - 2024-07-31 03:27:50 --> Session: Class initialized using 'CodeIgniter\Session\Handlers\FileHandler' driver.
INFO - 2024-07-31 03:30:58 --> Session: Class initialized using 'CodeIgniter\Session\Handlers\FileHandler' driver.
INFO - 2024-07-31 03:31:03 --> Session: Class initialized using 'CodeIgniter\Session\Handlers\FileHandler' driver.
INFO - 2024-07-31 03:31:55 --> Session: Class initialized using 'CodeIgniter\Session\Handlers\FileHandler' driver.
INFO - 2024-07-31 03:33:04 --> Session: Class initialized using 'CodeIgniter\Session\Handlers\FileHandler' driver.
INFO - 2024-07-31 03:33:09 --> Session: Class initialized using 'CodeIgniter\Session\Handlers\FileHandler' driver.
INFO - 2024-07-31 03:33:09 --> Session: Class initialized using 'CodeIgniter\Session\Handlers\FileHandler' driver.
INFO - 2024-07-31 03:33:15 --> Session: Class initialized using 'CodeIgniter\Session\Handlers\FileHandler' driver.
INFO - 2024-07-31 03:33:15 --> Session: Class initialized using 'CodeIgniter\Session\Handlers\FileHandler' driver.
INFO - 2024-07-31 03:33:22 --> Session: Class initialized using 'CodeIgniter\Session\Handlers\FileHandler' driver.
INFO - 2024-07-31 03:33:22 --> Session: Class initialized using 'CodeIgniter\Session\Handlers\FileHandler' driver.
INFO - 2024-07-31 03:33:27 --> Session: Class initialized using 'CodeIgniter\Session\Handlers\FileHandler' driver.
INFO - 2024-07-31 03:33:28 --> Session: Class initialized using 'CodeIgniter\Session\Handlers\FileHandler' driver.
INFO - 2024-07-31 03:33:31 --> Session: Class initialized using 'CodeIgniter\Session\Handlers\FileHandler' driver.
INFO - 2024-07-31 03:33:32 --> Session: Class initialized using 'CodeIgniter\Session\Handlers\FileHandler' driver.
INFO - 2024-07-31 03:33:36 --> Session: Class initialized using 'CodeIgniter\Session\Handlers\FileHandler' driver.
INFO - 2024-07-31 03:33:36 --> Session: Class initialized using 'CodeIgniter\Session\Handlers\FileHandler' driver.
INFO - 2024-07-31 03:33:40 --> Session: Class initialized using 'CodeIgniter\Session\Handlers\FileHandler' driver.
INFO - 2024-07-31 03:33:40 --> Session: Class initialized using 'CodeIgniter\Session\Handlers\FileHandler' driver.
INFO - 2024-07-31 03:33:45 --> Session: Class initialized using 'CodeIgniter\Session\Handlers\FileHandler' driver.
INFO - 2024-07-31 03:33:46 --> Session: Class initialized using 'CodeIgniter\Session\Handlers\FileHandler' driver.
INFO - 2024-07-31 03:33:48 --> Session: Class initialized using 'CodeIgniter\Session\Handlers\FileHandler' driver.
INFO - 2024-07-31 03:33:49 --> Session: Class initialized using 'CodeIgniter\Session\Handlers\FileHandler' driver.
INFO - 2024-07-31 03:33:52 --> Session: Class initialized using 'CodeIgniter\Session\Handlers\FileHandler' driver.
INFO - 2024-07-31 03:33:52 --> Session: Class initialized using 'CodeIgniter\Session\Handlers\FileHandler' driver.
INFO - 2024-07-31 03:33:56 --> Session: Class initialized using 'CodeIgniter\Session\Handlers\FileHandler' driver.
INFO - 2024-07-31 03:33:56 --> Session: Class initialized using 'CodeIgniter\Session\Handlers\FileHandler' driver.
INFO - 2024-07-31 03:34:17 --> Session: Class initialized using 'CodeIgniter\Session\Handlers\FileHandler' driver.
INFO - 2024-07-31 03:34:28 --> Session: Class initialized using 'CodeIgniter\Session\Handlers\FileHandler' driver.
INFO - 2024-07-31 03:37:21 --> Session: Class initialized using 'CodeIgniter\Session\Handlers\FileHandler' driver.
INFO - 2024-07-31 03:37:32 --> Session: Class initialized using 'CodeIgniter\Session\Handlers\FileHandler' driver.
DEBUG - 2024-07-31 03:37:43 --> getSaldoInicial called with idProducto: 2
INFO - 2024-07-31 03:37:53 --> Session: Class initialized using 'CodeIgniter\Session\Handlers\FileHandler' driver.
INFO - 2024-07-31 03:37:54 --> Session: Class initialized using 'CodeIgniter\Session\Handlers\FileHandler' driver.
INFO - 2024-07-31 03:37:58 --> Session: Class initialized using 'CodeIgniter\Session\Handlers\FileHandler' driver.
DEBUG - 2024-07-31 03:38:04 --> getSaldoInicial called with idProducto: 4
INFO - 2024-07-31 03:38:09 --> Session: Class initialized using 'CodeIgniter\Session\Handlers\FileHandler' driver.
INFO - 2024-07-31 03:38:09 --> Session: Class initialized using 'CodeIgniter\Session\Handlers\FileHandler' driver.
INFO - 2024-07-31 03:38:12 --> Session: Class initialized using 'CodeIgniter\Session\Handlers\FileHandler' driver.
DEBUG - 2024-07-31 03:38:14 --> getSaldoInicial called with idProducto: 7
DEBUG - 2024-07-31 03:38:19 --> getSaldoInicial called with idProducto: 3
DEBUG - 2024-07-31 03:38:20 --> getSaldoInicial called with idProducto: 2
DEBUG - 2024-07-31 03:38:21 --> getSaldoInicial called with idProducto: 3
INFO - 2024-07-31 03:39:05 --> Session: Class initialized using 'CodeIgniter\Session\Handlers\FileHandler' driver.
INFO - 2024-07-31 03:39:06 --> Session: Class initialized using 'CodeIgniter\Session\Handlers\FileHandler' driver.
INFO - 2024-07-31 03:39:14 --> Session: Class initialized using 'CodeIgniter\Session\Handlers\FileHandler' driver.
INFO - 2024-07-31 03:39:59 --> Session: Class initialized using 'CodeIgniter\Session\Handlers\FileHandler' driver.
INFO - 2024-07-31 03:47:24 --> Session: Class initialized using 'CodeIgniter\Session\Handlers\FileHandler' driver.
INFO - 2024-07-31 03:48:13 --> Salida registrada para el producto ID: 3
INFO - 2024-07-31 03:48:13 --> Salida registrada para el producto ID: 4
INFO - 2024-07-31 03:48:13 --> Session: Class initialized using 'CodeIgniter\Session\Handlers\FileHandler' driver.
INFO - 2024-07-31 03:48:14 --> Session: Class initialized using 'CodeIgniter\Session\Handlers\FileHandler' driver.
INFO - 2024-07-31 03:48:28 --> Session: Class initialized using 'CodeIgniter\Session\Handlers\FileHandler' driver.
INFO - 2024-07-31 03:48:47 --> Session: Class initialized using 'CodeIgniter\Session\Handlers\FileHandler' driver.
INFO - 2024-07-31 03:49:46 --> Session: Class initialized using 'CodeIgniter\Session\Handlers\FileHandler' driver.
INFO - 2024-07-31 03:49:59 --> Session: Class initialized using 'CodeIgniter\Session\Handlers\FileHandler' driver.
INFO - 2024-07-31 03:51:52 --> Salida registrada para el producto ID: 2
INFO - 2024-07-31 03:51:52 --> Salida registrada para el producto ID: 4
INFO - 2024-07-31 03:51:52 --> Session: Class initialized using 'CodeIgniter\Session\Handlers\FileHandler' driver.
INFO - 2024-07-31 03:51:53 --> Session: Class initialized using 'CodeIgniter\Session\Handlers\FileHandler' driver.
INFO - 2024-07-31 03:52:05 --> Session: Class initialized using 'CodeIgniter\Session\Handlers\FileHandler' driver.
INFO - 2024-07-31 03:52:30 --> Session: Class initialized using 'CodeIgniter\Session\Handlers\FileHandler' driver.
INFO - 2024-07-31 03:53:14 --> Session: Class initialized using 'CodeIgniter\Session\Handlers\FileHandler' driver.
INFO - 2024-07-31 03:58:48 --> Session: Class initialized using 'CodeIgniter\Session\Handlers\FileHandler' driver.
INFO - 2024-07-31 04:04:28 --> Session: Class initialized using 'CodeIgniter\Session\Handlers\FileHandler' driver.
INFO - 2024-07-31 04:20:50 --> Session: Class initialized using 'CodeIgniter\Session\Handlers\FileHandler' driver.
INFO - 2024-07-31 04:22:15 --> Session: Class initialized using 'CodeIgniter\Session\Handlers\FileHandler' driver.
INFO - 2024-07-31 04:24:45 --> Session: Class initialized using 'CodeIgniter\Session\Handlers\FileHandler' driver.
CRITICAL - 2024-07-31 04:24:52 --> ErrorException: Undefined array key "nombre"
in APPPATH\Controllers\SolicitudProductos.php on line 162.
 1 APPPATH\Controllers\SolicitudProductos.php(162): CodeIgniter\Debug\Exceptions->errorHandler(2, 'Undefined array key "nombre"', 'C:\\laragon\\www\\prueba\\SistemaControl\\app\\Controllers\\SolicitudProductos.php', 162)
 2 SYSTEMPATH\CodeIgniter.php(943): App\Controllers\SolicitudProductos->cargarModal('35')
 3 SYSTEMPATH\CodeIgniter.php(503): CodeIgniter\CodeIgniter->runController(Object(App\Controllers\SolicitudProductos))
 4 SYSTEMPATH\CodeIgniter.php(361): CodeIgniter\CodeIgniter->handleRequest(null, Object(Config\Cache), false)
 5 FCPATH\index.php(81): CodeIgniter\CodeIgniter->run()
INFO - 2024-07-31 04:26:39 --> Session: Class initialized using 'CodeIgniter\Session\Handlers\FileHandler' driver.
CRITICAL - 2024-07-31 04:26:46 --> ErrorException: Undefined array key "nombre"
in APPPATH\Controllers\SolicitudProductos.php on line 162.
 1 APPPATH\Controllers\SolicitudProductos.php(162): CodeIgniter\Debug\Exceptions->errorHandler(2, 'Undefined array key "nombre"', 'C:\\laragon\\www\\prueba\\SistemaControl\\app\\Controllers\\SolicitudProductos.php', 162)
 2 SYSTEMPATH\CodeIgniter.php(943): App\Controllers\SolicitudProductos->cargarModal('35')
 3 SYSTEMPATH\CodeIgniter.php(503): CodeIgniter\CodeIgniter->runController(Object(App\Controllers\SolicitudProductos))
 4 SYSTEMPATH\CodeIgniter.php(361): CodeIgniter\CodeIgniter->handleRequest(null, Object(Config\Cache), false)
 5 FCPATH\index.php(81): CodeIgniter\CodeIgniter->run()
INFO - 2024-07-31 04:30:12 --> Session: Class initialized using 'CodeIgniter\Session\Handlers\FileHandler' driver.
INFO - 2024-07-31 04:36:00 --> Session: Class initialized using 'CodeIgniter\Session\Handlers\FileHandler' driver.
ERROR - 2024-07-31 04:36:07 --> mysqli_sql_exception: Unknown table 'detalle_solicitud_productos' in C:\laragon\www\prueba\SistemaControl\vendor\codeigniter4\framework\system\Database\MySQLi\Connection.php:306
Stack trace:
#0 C:\laragon\www\prueba\SistemaControl\vendor\codeigniter4\framework\system\Database\MySQLi\Connection.php(306): mysqli->query('SELECT `detalle...', 0)
#1 C:\laragon\www\prueba\SistemaControl\vendor\codeigniter4\framework\system\Database\BaseConnection.php(693): CodeIgniter\Database\MySQLi\Connection->execute('SELECT `detalle...')
#2 C:\laragon\www\prueba\SistemaControl\vendor\codeigniter4\framework\system\Database\BaseConnection.php(607): CodeIgniter\Database\BaseConnection->simpleQuery('SELECT `detalle...')
#3 C:\laragon\www\prueba\SistemaControl\vendor\codeigniter4\framework\system\Database\BaseBuilder.php(1616): CodeIgniter\Database\BaseConnection->query('SELECT `detalle...', Array, false)
#4 C:\laragon\www\prueba\SistemaControl\vendor\codeigniter4\framework\system\Model.php(243): CodeIgniter\Database\BaseBuilder->get()
#5 C:\laragon\www\prueba\SistemaControl\vendor\codeigniter4\framework\system\BaseModel.php(641): CodeIgniter\Model->doFindAll(0, 0)
#6 C:\laragon\www\prueba\SistemaControl\app\Models\SolicitudProductoDetalleModel.php(36): CodeIgniter\BaseModel->findAll()
#7 C:\laragon\www\prueba\SistemaControl\app\Controllers\SolicitudProductos.php(155): App\Models\SolicitudProductoDetalleModel->getDetallesBySolicitud('35')
#8 C:\laragon\www\prueba\SistemaControl\vendor\codeigniter4\framework\system\CodeIgniter.php(943): App\Controllers\SolicitudProductos->cargarModal('35')
#9 C:\laragon\www\prueba\SistemaControl\vendor\codeigniter4\framework\system\CodeIgniter.php(503): CodeIgniter\CodeIgniter->runController(Object(App\Controllers\SolicitudProductos))
#10 C:\laragon\www\prueba\SistemaControl\vendor\codeigniter4\framework\system\CodeIgniter.php(361): CodeIgniter\CodeIgniter->handleRequest(NULL, Object(Config\Cache), false)
#11 C:\laragon\www\prueba\SistemaControl\public\index.php(81): CodeIgniter\CodeIgniter->run()
#12 {main}
CRITICAL - 2024-07-31 04:36:07 --> CodeIgniter\Database\Exceptions\DatabaseException: Unknown table 'detalle_solicitud_productos'
in SYSTEMPATH\Database\BaseConnection.php on line 647.
 1 SYSTEMPATH\Database\BaseBuilder.php(1616): CodeIgniter\Database\BaseConnection->query('SELECT `detalle_solicitud_productos`.*, `tipo_producto`.`nombre` as `nombre_producto`
FROM `solicitud_productos_detalle`
JOIN `productos` ON `productos`.`idProducto` = `detalle_solicitud_productos`.`idProducto`
JOIN `tipo_producto` ON `tipo_producto`.`idtipoProducto` = `productos`.`idtipoProducto`
WHERE `detalle_solicitud_productos`.`idSolicitudProductos` = :detalle_solicitud_productos.idSolicitudProductos:', [...], false)
 2 SYSTEMPATH\Model.php(243): CodeIgniter\Database\BaseBuilder->get()
 3 SYSTEMPATH\BaseModel.php(641): CodeIgniter\Model->doFindAll(0, 0)
 4 APPPATH\Models\SolicitudProductoDetalleModel.php(36): CodeIgniter\BaseModel->findAll()
 5 APPPATH\Controllers\SolicitudProductos.php(155): App\Models\SolicitudProductoDetalleModel->getDetallesBySolicitud('35')
 6 SYSTEMPATH\CodeIgniter.php(943): App\Controllers\SolicitudProductos->cargarModal('35')
 7 SYSTEMPATH\CodeIgniter.php(503): CodeIgniter\CodeIgniter->runController(Object(App\Controllers\SolicitudProductos))
 8 SYSTEMPATH\CodeIgniter.php(361): CodeIgniter\CodeIgniter->handleRequest(null, Object(Config\Cache), false)
 9 FCPATH\index.php(81): CodeIgniter\CodeIgniter->run()
CRITICAL - 2024-07-31 04:36:07 --> [Caused by] CodeIgniter\Database\Exceptions\DatabaseException: Unknown table 'detalle_solicitud_productos'
in SYSTEMPATH\Database\MySQLi\Connection.php on line 311.
 1 SYSTEMPATH\Database\BaseConnection.php(693): CodeIgniter\Database\MySQLi\Connection->execute('SELECT `detalle_solicitud_productos`.*, `tipo_producto`.`nombre` as `nombre_producto`
FROM `solicitud_productos_detalle`
JOIN `productos` ON `productos`.`idProducto` = `detalle_solicitud_productos`.`idProducto`
JOIN `tipo_producto` ON `tipo_producto`.`idtipoProducto` = `productos`.`idtipoProducto`
WHERE `detalle_solicitud_productos`.`idSolicitudProductos` = \'35\'')
 2 SYSTEMPATH\Database\BaseConnection.php(607): CodeIgniter\Database\BaseConnection->simpleQuery('SELECT `detalle_solicitud_productos`.*, `tipo_producto`.`nombre` as `nombre_producto`
FROM `solicitud_productos_detalle`
JOIN `productos` ON `productos`.`idProducto` = `detalle_solicitud_productos`.`idProducto`
JOIN `tipo_producto` ON `tipo_producto`.`idtipoProducto` = `productos`.`idtipoProducto`
WHERE `detalle_solicitud_productos`.`idSolicitudProductos` = \'35\'')
 3 SYSTEMPATH\Database\BaseBuilder.php(1616): CodeIgniter\Database\BaseConnection->query('SELECT `detalle_solicitud_productos`.*, `tipo_producto`.`nombre` as `nombre_producto`
FROM `solicitud_productos_detalle`
JOIN `productos` ON `productos`.`idProducto` = `detalle_solicitud_productos`.`idProducto`
JOIN `tipo_producto` ON `tipo_producto`.`idtipoProducto` = `productos`.`idtipoProducto`
WHERE `detalle_solicitud_productos`.`idSolicitudProductos` = :detalle_solicitud_productos.idSolicitudProductos:', [...], false)
 4 SYSTEMPATH\Model.php(243): CodeIgniter\Database\BaseBuilder->get()
 5 SYSTEMPATH\BaseModel.php(641): CodeIgniter\Model->doFindAll(0, 0)
 6 APPPATH\Models\SolicitudProductoDetalleModel.php(36): CodeIgniter\BaseModel->findAll()
 7 APPPATH\Controllers\SolicitudProductos.php(155): App\Models\SolicitudProductoDetalleModel->getDetallesBySolicitud('35')
 8 SYSTEMPATH\CodeIgniter.php(943): App\Controllers\SolicitudProductos->cargarModal('35')
 9 SYSTEMPATH\CodeIgniter.php(503): CodeIgniter\CodeIgniter->runController(Object(App\Controllers\SolicitudProductos))
10 SYSTEMPATH\CodeIgniter.php(361): CodeIgniter\CodeIgniter->handleRequest(null, Object(Config\Cache), false)
11 FCPATH\index.php(81): CodeIgniter\CodeIgniter->run()
CRITICAL - 2024-07-31 04:36:07 --> [Caused by] mysqli_sql_exception: Unknown table 'detalle_solicitud_productos'
in SYSTEMPATH\Database\MySQLi\Connection.php on line 306.
 1 SYSTEMPATH\Database\MySQLi\Connection.php(306): mysqli->query('SELECT `detalle_solicitud_productos`.*, `tipo_producto`.`nombre` as `nombre_producto`
FROM `solicitud_productos_detalle`
JOIN `productos` ON `productos`.`idProducto` = `detalle_solicitud_productos`.`idProducto`
JOIN `tipo_producto` ON `tipo_producto`.`idtipoProducto` = `productos`.`idtipoProducto`
WHERE `detalle_solicitud_productos`.`idSolicitudProductos` = \'35\'', 0)
 2 SYSTEMPATH\Database\BaseConnection.php(693): CodeIgniter\Database\MySQLi\Connection->execute('SELECT `detalle_solicitud_productos`.*, `tipo_producto`.`nombre` as `nombre_producto`
FROM `solicitud_productos_detalle`
JOIN `productos` ON `productos`.`idProducto` = `detalle_solicitud_productos`.`idProducto`
JOIN `tipo_producto` ON `tipo_producto`.`idtipoProducto` = `productos`.`idtipoProducto`
WHERE `detalle_solicitud_productos`.`idSolicitudProductos` = \'35\'')
 3 SYSTEMPATH\Database\BaseConnection.php(607): CodeIgniter\Database\BaseConnection->simpleQuery('SELECT `detalle_solicitud_productos`.*, `tipo_producto`.`nombre` as `nombre_producto`
FROM `solicitud_productos_detalle`
JOIN `productos` ON `productos`.`idProducto` = `detalle_solicitud_productos`.`idProducto`
JOIN `tipo_producto` ON `tipo_producto`.`idtipoProducto` = `productos`.`idtipoProducto`
WHERE `detalle_solicitud_productos`.`idSolicitudProductos` = \'35\'')
 4 SYSTEMPATH\Database\BaseBuilder.php(1616): CodeIgniter\Database\BaseConnection->query('SELECT `detalle_solicitud_productos`.*, `tipo_producto`.`nombre` as `nombre_producto`
FROM `solicitud_productos_detalle`
JOIN `productos` ON `productos`.`idProducto` = `detalle_solicitud_productos`.`idProducto`
JOIN `tipo_producto` ON `tipo_producto`.`idtipoProducto` = `productos`.`idtipoProducto`
WHERE `detalle_solicitud_productos`.`idSolicitudProductos` = :detalle_solicitud_productos.idSolicitudProductos:', [...], false)
 5 SYSTEMPATH\Model.php(243): CodeIgniter\Database\BaseBuilder->get()
 6 SYSTEMPATH\BaseModel.php(641): CodeIgniter\Model->doFindAll(0, 0)
 7 APPPATH\Models\SolicitudProductoDetalleModel.php(36): CodeIgniter\BaseModel->findAll()
 8 APPPATH\Controllers\SolicitudProductos.php(155): App\Models\SolicitudProductoDetalleModel->getDetallesBySolicitud('35')
 9 SYSTEMPATH\CodeIgniter.php(943): App\Controllers\SolicitudProductos->cargarModal('35')
10 SYSTEMPATH\CodeIgniter.php(503): CodeIgniter\CodeIgniter->runController(Object(App\Controllers\SolicitudProductos))
11 SYSTEMPATH\CodeIgniter.php(361): CodeIgniter\CodeIgniter->handleRequest(null, Object(Config\Cache), false)
12 FCPATH\index.php(81): CodeIgniter\CodeIgniter->run()
INFO - 2024-07-31 04:38:11 --> Session: Class initialized using 'CodeIgniter\Session\Handlers\FileHandler' driver.
INFO - 2024-07-31 04:40:08 --> Session: Class initialized using 'CodeIgniter\Session\Handlers\FileHandler' driver.
INFO - 2024-07-31 04:44:53 --> Session: Class initialized using 'CodeIgniter\Session\Handlers\FileHandler' driver.
INFO - 2024-07-31 04:44:57 --> Session: Class initialized using 'CodeIgniter\Session\Handlers\FileHandler' driver.
CRITICAL - 2024-07-31 04:45:04 --> CodeIgniter\View\Exceptions\ViewException: Invalid file: "solicitudproductos/edit.php"
in SYSTEMPATH\Exceptions\FrameworkException.php on line 39.
 1 SYSTEMPATH\View\View.php(216): CodeIgniter\Exceptions\FrameworkException::forInvalidFile('solicitudproductos/edit.php')
 2 SYSTEMPATH\Common.php(1178): CodeIgniter\View\View->render('solicitudproductos/edit', [], true)
 3 APPPATH\Controllers\SolicitudProductos.php(139): view('solicitudproductos/edit', [...])
 4 SYSTEMPATH\CodeIgniter.php(943): App\Controllers\SolicitudProductos->edit('35')
 5 SYSTEMPATH\CodeIgniter.php(503): CodeIgniter\CodeIgniter->runController(Object(App\Controllers\SolicitudProductos))
 6 SYSTEMPATH\CodeIgniter.php(361): CodeIgniter\CodeIgniter->handleRequest(null, Object(Config\Cache), false)
 7 FCPATH\index.php(81): CodeIgniter\CodeIgniter->run()
CRITICAL - 2024-07-31 04:47:13 --> ErrorException: Undefined array key "descripcion"
in APPPATH\Views\solicitud_productos\edit.php on line 48.
 1 APPPATH\Views\solicitud_productos\edit.php(48): CodeIgniter\Debug\Exceptions->errorHandler(2, 'Undefined array key "descripcion"', 'C:\\laragon\\www\\prueba\\SistemaControl\\app\\Views\\solicitud_productos\\edit.php', 48)
 2 SYSTEMPATH\View\View.php(228): include('C:\\laragon\\www\\prueba\\SistemaControl\\app\\Views\\solicitud_productos\\edit.php')
 3 SYSTEMPATH\View\View.php(231): CodeIgniter\View\View->CodeIgniter\View\{closure}()
 4 SYSTEMPATH\Common.php(1178): CodeIgniter\View\View->render('solicitud_productos/edit', [], true)
 5 APPPATH\Controllers\SolicitudProductos.php(139): view('solicitud_productos/edit', [...])
 6 SYSTEMPATH\CodeIgniter.php(943): App\Controllers\SolicitudProductos->edit('35')
 7 SYSTEMPATH\CodeIgniter.php(503): CodeIgniter\CodeIgniter->runController(Object(App\Controllers\SolicitudProductos))
 8 SYSTEMPATH\CodeIgniter.php(361): CodeIgniter\CodeIgniter->handleRequest(null, Object(Config\Cache), false)
 9 FCPATH\index.php(81): CodeIgniter\CodeIgniter->run()
CRITICAL - 2024-07-31 04:49:36 --> ErrorException: Undefined array key "producto_saldo"
in APPPATH\Views\solicitud_productos\edit.php on line 49.
 1 APPPATH\Views\solicitud_productos\edit.php(49): CodeIgniter\Debug\Exceptions->errorHandler(2, 'Undefined array key "producto_saldo"', 'C:\\laragon\\www\\prueba\\SistemaControl\\app\\Views\\solicitud_productos\\edit.php', 49)
 2 SYSTEMPATH\View\View.php(228): include('C:\\laragon\\www\\prueba\\SistemaControl\\app\\Views\\solicitud_productos\\edit.php')
 3 SYSTEMPATH\View\View.php(231): CodeIgniter\View\View->CodeIgniter\View\{closure}()
 4 SYSTEMPATH\Common.php(1178): CodeIgniter\View\View->render('solicitud_productos/edit', [], true)
 5 APPPATH\Controllers\SolicitudProductos.php(139): view('solicitud_productos/edit', [...])
 6 SYSTEMPATH\CodeIgniter.php(943): App\Controllers\SolicitudProductos->edit('35')
 7 SYSTEMPATH\CodeIgniter.php(503): CodeIgniter\CodeIgniter->runController(Object(App\Controllers\SolicitudProductos))
 8 SYSTEMPATH\CodeIgniter.php(361): CodeIgniter\CodeIgniter->handleRequest(null, Object(Config\Cache), false)
 9 FCPATH\index.php(81): CodeIgniter\CodeIgniter->run()
CRITICAL - 2024-07-31 04:50:34 --> ErrorException: Undefined array key "producto_saldo"
in APPPATH\Views\solicitud_productos\edit.php on line 49.
 1 APPPATH\Views\solicitud_productos\edit.php(49): CodeIgniter\Debug\Exceptions->errorHandler(2, 'Undefined array key "producto_saldo"', 'C:\\laragon\\www\\prueba\\SistemaControl\\app\\Views\\solicitud_productos\\edit.php', 49)
 2 SYSTEMPATH\View\View.php(228): include('C:\\laragon\\www\\prueba\\SistemaControl\\app\\Views\\solicitud_productos\\edit.php')
 3 SYSTEMPATH\View\View.php(231): CodeIgniter\View\View->CodeIgniter\View\{closure}()
 4 SYSTEMPATH\Common.php(1178): CodeIgniter\View\View->render('solicitud_productos/edit', [], true)
 5 APPPATH\Controllers\SolicitudProductos.php(139): view('solicitud_productos/edit', [...])
 6 SYSTEMPATH\CodeIgniter.php(943): App\Controllers\SolicitudProductos->edit('35')
 7 SYSTEMPATH\CodeIgniter.php(503): CodeIgniter\CodeIgniter->runController(Object(App\Controllers\SolicitudProductos))
 8 SYSTEMPATH\CodeIgniter.php(361): CodeIgniter\CodeIgniter->handleRequest(null, Object(Config\Cache), false)
 9 FCPATH\index.php(81): CodeIgniter\CodeIgniter->run()
CRITICAL - 2024-07-31 04:56:24 --> ErrorException: Undefined array key "producto_saldo"
in APPPATH\Views\solicitud_productos\edit.php on line 49.
 1 APPPATH\Views\solicitud_productos\edit.php(49): CodeIgniter\Debug\Exceptions->errorHandler(2, 'Undefined array key "producto_saldo"', 'C:\\laragon\\www\\prueba\\SistemaControl\\app\\Views\\solicitud_productos\\edit.php', 49)
 2 SYSTEMPATH\View\View.php(228): include('C:\\laragon\\www\\prueba\\SistemaControl\\app\\Views\\solicitud_productos\\edit.php')
 3 SYSTEMPATH\View\View.php(231): CodeIgniter\View\View->CodeIgniter\View\{closure}()
 4 SYSTEMPATH\Common.php(1178): CodeIgniter\View\View->render('solicitud_productos/edit', [], true)
 5 APPPATH\Controllers\SolicitudProductos.php(139): view('solicitud_productos/edit', [...])
 6 SYSTEMPATH\CodeIgniter.php(943): App\Controllers\SolicitudProductos->edit('35')
 7 SYSTEMPATH\CodeIgniter.php(503): CodeIgniter\CodeIgniter->runController(Object(App\Controllers\SolicitudProductos))
 8 SYSTEMPATH\CodeIgniter.php(361): CodeIgniter\CodeIgniter->handleRequest(null, Object(Config\Cache), false)
 9 FCPATH\index.php(81): CodeIgniter\CodeIgniter->run()
INFO - 2024-07-31 04:56:35 --> Session: Class initialized using 'CodeIgniter\Session\Handlers\FileHandler' driver.
CRITICAL - 2024-07-31 04:56:47 --> ErrorException: Undefined array key "producto_saldo"
in APPPATH\Views\solicitud_productos\edit.php on line 49.
 1 APPPATH\Views\solicitud_productos\edit.php(49): CodeIgniter\Debug\Exceptions->errorHandler(2, 'Undefined array key "producto_saldo"', 'C:\\laragon\\www\\prueba\\SistemaControl\\app\\Views\\solicitud_productos\\edit.php', 49)
 2 SYSTEMPATH\View\View.php(228): include('C:\\laragon\\www\\prueba\\SistemaControl\\app\\Views\\solicitud_productos\\edit.php')
 3 SYSTEMPATH\View\View.php(231): CodeIgniter\View\View->CodeIgniter\View\{closure}()
 4 SYSTEMPATH\Common.php(1178): CodeIgniter\View\View->render('solicitud_productos/edit', [], true)
 5 APPPATH\Controllers\SolicitudProductos.php(139): view('solicitud_productos/edit', [...])
 6 SYSTEMPATH\CodeIgniter.php(943): App\Controllers\SolicitudProductos->edit('35')
 7 SYSTEMPATH\CodeIgniter.php(503): CodeIgniter\CodeIgniter->runController(Object(App\Controllers\SolicitudProductos))
 8 SYSTEMPATH\CodeIgniter.php(361): CodeIgniter\CodeIgniter->handleRequest(null, Object(Config\Cache), false)
 9 FCPATH\index.php(81): CodeIgniter\CodeIgniter->run()
INFO - 2024-07-31 05:02:02 --> Datos de la solicitud:
INFO - 2024-07-31 05:02:02 --> Detalles de productos:
CRITICAL - 2024-07-31 05:02:02 --> ErrorException: Undefined array key "producto_saldo"
in APPPATH\Views\solicitud_productos\edit.php on line 49.
 1 APPPATH\Views\solicitud_productos\edit.php(49): CodeIgniter\Debug\Exceptions->errorHandler(2, 'Undefined array key "producto_saldo"', 'C:\\laragon\\www\\prueba\\SistemaControl\\app\\Views\\solicitud_productos\\edit.php', 49)
 2 SYSTEMPATH\View\View.php(228): include('C:\\laragon\\www\\prueba\\SistemaControl\\app\\Views\\solicitud_productos\\edit.php')
 3 SYSTEMPATH\View\View.php(231): CodeIgniter\View\View->CodeIgniter\View\{closure}()
 4 SYSTEMPATH\Common.php(1178): CodeIgniter\View\View->render('solicitud_productos/edit', [], true)
 5 APPPATH\Controllers\SolicitudProductos.php(143): view('solicitud_productos/edit', [...])
 6 SYSTEMPATH\CodeIgniter.php(943): App\Controllers\SolicitudProductos->edit('35')
 7 SYSTEMPATH\CodeIgniter.php(503): CodeIgniter\CodeIgniter->runController(Object(App\Controllers\SolicitudProductos))
 8 SYSTEMPATH\CodeIgniter.php(361): CodeIgniter\CodeIgniter->handleRequest(null, Object(Config\Cache), false)
 9 FCPATH\index.php(81): CodeIgniter\CodeIgniter->run()
INFO - 2024-07-31 05:02:29 --> Session: Class initialized using 'CodeIgniter\Session\Handlers\FileHandler' driver.
INFO - 2024-07-31 05:02:40 --> Datos de la solicitud:
INFO - 2024-07-31 05:02:40 --> Detalles de productos:
CRITICAL - 2024-07-31 05:02:40 --> ErrorException: Undefined array key "producto_saldo"
in APPPATH\Views\solicitud_productos\edit.php on line 49.
 1 APPPATH\Views\solicitud_productos\edit.php(49): CodeIgniter\Debug\Exceptions->errorHandler(2, 'Undefined array key "producto_saldo"', 'C:\\laragon\\www\\prueba\\SistemaControl\\app\\Views\\solicitud_productos\\edit.php', 49)
 2 SYSTEMPATH\View\View.php(228): include('C:\\laragon\\www\\prueba\\SistemaControl\\app\\Views\\solicitud_productos\\edit.php')
 3 SYSTEMPATH\View\View.php(231): CodeIgniter\View\View->CodeIgniter\View\{closure}()
 4 SYSTEMPATH\Common.php(1178): CodeIgniter\View\View->render('solicitud_productos/edit', [], true)
 5 APPPATH\Controllers\SolicitudProductos.php(143): view('solicitud_productos/edit', [...])
 6 SYSTEMPATH\CodeIgniter.php(943): App\Controllers\SolicitudProductos->edit('35')
 7 SYSTEMPATH\CodeIgniter.php(503): CodeIgniter\CodeIgniter->runController(Object(App\Controllers\SolicitudProductos))
 8 SYSTEMPATH\CodeIgniter.php(361): CodeIgniter\CodeIgniter->handleRequest(null, Object(Config\Cache), false)
 9 FCPATH\index.php(81): CodeIgniter\CodeIgniter->run()
INFO - 2024-07-31 05:04:04 --> Datos de la solicitud:
INFO - 2024-07-31 05:04:04 --> Detalles de productos:
CRITICAL - 2024-07-31 05:04:04 --> ErrorException: Undefined array key "producto_saldo"
in APPPATH\Views\solicitud_productos\edit.php on line 49.
 1 APPPATH\Views\solicitud_productos\edit.php(49): CodeIgniter\Debug\Exceptions->errorHandler(2, 'Undefined array key "producto_saldo"', 'C:\\laragon\\www\\prueba\\SistemaControl\\app\\Views\\solicitud_productos\\edit.php', 49)
 2 SYSTEMPATH\View\View.php(228): include('C:\\laragon\\www\\prueba\\SistemaControl\\app\\Views\\solicitud_productos\\edit.php')
 3 SYSTEMPATH\View\View.php(231): CodeIgniter\View\View->CodeIgniter\View\{closure}()
 4 SYSTEMPATH\Common.php(1178): CodeIgniter\View\View->render('solicitud_productos/edit', [], true)
 5 APPPATH\Controllers\SolicitudProductos.php(143): view('solicitud_productos/edit', [...])
 6 SYSTEMPATH\CodeIgniter.php(943): App\Controllers\SolicitudProductos->edit('35')
 7 SYSTEMPATH\CodeIgniter.php(503): CodeIgniter\CodeIgniter->runController(Object(App\Controllers\SolicitudProductos))
 8 SYSTEMPATH\CodeIgniter.php(361): CodeIgniter\CodeIgniter->handleRequest(null, Object(Config\Cache), false)
 9 FCPATH\index.php(81): CodeIgniter\CodeIgniter->run()
INFO - 2024-07-31 05:04:12 --> Session: Class initialized using 'CodeIgniter\Session\Handlers\FileHandler' driver.
INFO - 2024-07-31 05:04:25 --> Session: Class initialized using 'CodeIgniter\Session\Handlers\FileHandler' driver.
INFO - 2024-07-31 05:04:46 --> Salida registrada para el producto ID: 4
INFO - 2024-07-31 05:04:46 --> Session: Class initialized using 'CodeIgniter\Session\Handlers\FileHandler' driver.
INFO - 2024-07-31 05:04:47 --> Session: Class initialized using 'CodeIgniter\Session\Handlers\FileHandler' driver.
INFO - 2024-07-31 05:05:04 --> Session: Class initialized using 'CodeIgniter\Session\Handlers\FileHandler' driver.
INFO - 2024-07-31 05:05:09 --> Session: Class initialized using 'CodeIgniter\Session\Handlers\FileHandler' driver.
INFO - 2024-07-31 05:05:50 --> Session: Class initialized using 'CodeIgniter\Session\Handlers\FileHandler' driver.
INFO - 2024-07-31 05:06:32 --> Session: Class initialized using 'CodeIgniter\Session\Handlers\FileHandler' driver.
INFO - 2024-07-31 05:06:38 --> Session: Class initialized using 'CodeIgniter\Session\Handlers\FileHandler' driver.
DEBUG - 2024-07-31 05:06:47 --> getSaldoInicial called with idProducto: 2
DEBUG - 2024-07-31 05:10:56 --> getSaldoInicial called with idProducto: 3
DEBUG - 2024-07-31 05:11:00 --> getSaldoInicial called with idProducto: 5
DEBUG - 2024-07-31 05:11:02 --> getSaldoInicial called with idProducto: 7
INFO - 2024-07-31 05:11:17 --> Session: Class initialized using 'CodeIgniter\Session\Handlers\FileHandler' driver.
INFO - 2024-07-31 05:11:53 --> Session: Class initialized using 'CodeIgniter\Session\Handlers\FileHandler' driver.
INFO - 2024-07-31 05:12:13 --> Session: Class initialized using 'CodeIgniter\Session\Handlers\FileHandler' driver.
INFO - 2024-07-31 05:12:31 --> Session: Class initialized using 'CodeIgniter\Session\Handlers\FileHandler' driver.
INFO - 2024-07-31 05:12:41 --> Session: Class initialized using 'CodeIgniter\Session\Handlers\FileHandler' driver.
INFO - 2024-07-31 05:15:20 --> Session: Class initialized using 'CodeIgniter\Session\Handlers\FileHandler' driver.
INFO - 2024-07-31 05:25:05 --> Session: Class initialized using 'CodeIgniter\Session\Handlers\FileHandler' driver.
INFO - 2024-07-31 05:25:19 --> Session: Class initialized using 'CodeIgniter\Session\Handlers\FileHandler' driver.
INFO - 2024-07-31 05:25:41 --> Session: Class initialized using 'CodeIgniter\Session\Handlers\FileHandler' driver.
INFO - 2024-07-31 05:25:43 --> Session: Class initialized using 'CodeIgniter\Session\Handlers\FileHandler' driver.
INFO - 2024-07-31 05:34:27 --> Session: Class initialized using 'CodeIgniter\Session\Handlers\FileHandler' driver.
ERROR - 2024-07-31 05:34:29 --> mysqli_sql_exception: Table 'sistema_control.maestro' doesn't exist in C:\laragon\www\prueba\SistemaControl\vendor\codeigniter4\framework\system\Database\MySQLi\Connection.php:306
Stack trace:
#0 C:\laragon\www\prueba\SistemaControl\vendor\codeigniter4\framework\system\Database\MySQLi\Connection.php(306): mysqli->query('SELECT `solicit...', 0)
#1 C:\laragon\www\prueba\SistemaControl\vendor\codeigniter4\framework\system\Database\BaseConnection.php(693): CodeIgniter\Database\MySQLi\Connection->execute('SELECT `solicit...')
#2 C:\laragon\www\prueba\SistemaControl\vendor\codeigniter4\framework\system\Database\BaseConnection.php(607): CodeIgniter\Database\BaseConnection->simpleQuery('SELECT `solicit...')
#3 C:\laragon\www\prueba\SistemaControl\vendor\codeigniter4\framework\system\Database\BaseBuilder.php(1616): CodeIgniter\Database\BaseConnection->query('SELECT `solicit...', Array, false)
#4 C:\laragon\www\prueba\SistemaControl\vendor\codeigniter4\framework\system\Model.php(243): CodeIgniter\Database\BaseBuilder->get()
#5 C:\laragon\www\prueba\SistemaControl\vendor\codeigniter4\framework\system\BaseModel.php(641): CodeIgniter\Model->doFindAll(0, 0)
#6 C:\laragon\www\prueba\SistemaControl\app\Models\SolicitudPermisoModel.php(74): CodeIgniter\BaseModel->findAll()
#7 C:\laragon\www\prueba\SistemaControl\app\Controllers\PermisoMagisterial.php(136): App\Models\SolicitudPermisoModel->findAllWithDetails()
#8 C:\laragon\www\prueba\SistemaControl\vendor\codeigniter4\framework\system\CodeIgniter.php(943): App\Controllers\PermisoMagisterial->index()
#9 C:\laragon\www\prueba\SistemaControl\vendor\codeigniter4\framework\system\CodeIgniter.php(503): CodeIgniter\CodeIgniter->runController(Object(App\Controllers\PermisoMagisterial))
#10 C:\laragon\www\prueba\SistemaControl\vendor\codeigniter4\framework\system\CodeIgniter.php(361): CodeIgniter\CodeIgniter->handleRequest(NULL, Object(Config\Cache), false)
#11 C:\laragon\www\prueba\SistemaControl\public\index.php(81): CodeIgniter\CodeIgniter->run()
#12 {main}
CRITICAL - 2024-07-31 05:34:29 --> CodeIgniter\Database\Exceptions\DatabaseException: Table 'sistema_control.maestro' doesn't exist
in SYSTEMPATH\Database\BaseConnection.php on line 647.
 1 SYSTEMPATH\Database\BaseBuilder.php(1616): CodeIgniter\Database\BaseConnection->query('SELECT `solicitud_permiso`.*, `maestro`.`nombre_completo`, `tipo_permiso`.`nombre`
FROM `solicitud_permiso`
JOIN `maestro` ON `maestro`.`idDocente` = `solicitud_permiso`.`idDocente`
JOIN `tipo_permiso` ON `tipo_permiso`.`idTipoPermiso` = `solicitud_permiso`.`idTipoPermiso`', [], false)
 2 SYSTEMPATH\Model.php(243): CodeIgniter\Database\BaseBuilder->get()
 3 SYSTEMPATH\BaseModel.php(641): CodeIgniter\Model->doFindAll(0, 0)
 4 APPPATH\Models\SolicitudPermisoModel.php(74): CodeIgniter\BaseModel->findAll()
 5 APPPATH\Controllers\PermisoMagisterial.php(136): App\Models\SolicitudPermisoModel->findAllWithDetails()
 6 SYSTEMPATH\CodeIgniter.php(943): App\Controllers\PermisoMagisterial->index()
 7 SYSTEMPATH\CodeIgniter.php(503): CodeIgniter\CodeIgniter->runController(Object(App\Controllers\PermisoMagisterial))
 8 SYSTEMPATH\CodeIgniter.php(361): CodeIgniter\CodeIgniter->handleRequest(null, Object(Config\Cache), false)
 9 FCPATH\index.php(81): CodeIgniter\CodeIgniter->run()
CRITICAL - 2024-07-31 05:34:29 --> [Caused by] CodeIgniter\Database\Exceptions\DatabaseException: Table 'sistema_control.maestro' doesn't exist
in SYSTEMPATH\Database\MySQLi\Connection.php on line 311.
 1 SYSTEMPATH\Database\BaseConnection.php(693): CodeIgniter\Database\MySQLi\Connection->execute('SELECT `solicitud_permiso`.*, `maestro`.`nombre_completo`, `tipo_permiso`.`nombre`
FROM `solicitud_permiso`
JOIN `maestro` ON `maestro`.`idDocente` = `solicitud_permiso`.`idDocente`
JOIN `tipo_permiso` ON `tipo_permiso`.`idTipoPermiso` = `solicitud_permiso`.`idTipoPermiso`')
 2 SYSTEMPATH\Database\BaseConnection.php(607): CodeIgniter\Database\BaseConnection->simpleQuery('SELECT `solicitud_permiso`.*, `maestro`.`nombre_completo`, `tipo_permiso`.`nombre`
FROM `solicitud_permiso`
JOIN `maestro` ON `maestro`.`idDocente` = `solicitud_permiso`.`idDocente`
JOIN `tipo_permiso` ON `tipo_permiso`.`idTipoPermiso` = `solicitud_permiso`.`idTipoPermiso`')
 3 SYSTEMPATH\Database\BaseBuilder.php(1616): CodeIgniter\Database\BaseConnection->query('SELECT `solicitud_permiso`.*, `maestro`.`nombre_completo`, `tipo_permiso`.`nombre`
FROM `solicitud_permiso`
JOIN `maestro` ON `maestro`.`idDocente` = `solicitud_permiso`.`idDocente`
JOIN `tipo_permiso` ON `tipo_permiso`.`idTipoPermiso` = `solicitud_permiso`.`idTipoPermiso`', [], false)
 4 SYSTEMPATH\Model.php(243): CodeIgniter\Database\BaseBuilder->get()
 5 SYSTEMPATH\BaseModel.php(641): CodeIgniter\Model->doFindAll(0, 0)
 6 APPPATH\Models\SolicitudPermisoModel.php(74): CodeIgniter\BaseModel->findAll()
 7 APPPATH\Controllers\PermisoMagisterial.php(136): App\Models\SolicitudPermisoModel->findAllWithDetails()
 8 SYSTEMPATH\CodeIgniter.php(943): App\Controllers\PermisoMagisterial->index()
 9 SYSTEMPATH\CodeIgniter.php(503): CodeIgniter\CodeIgniter->runController(Object(App\Controllers\PermisoMagisterial))
10 SYSTEMPATH\CodeIgniter.php(361): CodeIgniter\CodeIgniter->handleRequest(null, Object(Config\Cache), false)
11 FCPATH\index.php(81): CodeIgniter\CodeIgniter->run()
CRITICAL - 2024-07-31 05:34:29 --> [Caused by] mysqli_sql_exception: Table 'sistema_control.maestro' doesn't exist
in SYSTEMPATH\Database\MySQLi\Connection.php on line 306.
 1 SYSTEMPATH\Database\MySQLi\Connection.php(306): mysqli->query('SELECT `solicitud_permiso`.*, `maestro`.`nombre_completo`, `tipo_permiso`.`nombre`
FROM `solicitud_permiso`
JOIN `maestro` ON `maestro`.`idDocente` = `solicitud_permiso`.`idDocente`
JOIN `tipo_permiso` ON `tipo_permiso`.`idTipoPermiso` = `solicitud_permiso`.`idTipoPermiso`', 0)
 2 SYSTEMPATH\Database\BaseConnection.php(693): CodeIgniter\Database\MySQLi\Connection->execute('SELECT `solicitud_permiso`.*, `maestro`.`nombre_completo`, `tipo_permiso`.`nombre`
FROM `solicitud_permiso`
JOIN `maestro` ON `maestro`.`idDocente` = `solicitud_permiso`.`idDocente`
JOIN `tipo_permiso` ON `tipo_permiso`.`idTipoPermiso` = `solicitud_permiso`.`idTipoPermiso`')
 3 SYSTEMPATH\Database\BaseConnection.php(607): CodeIgniter\Database\BaseConnection->simpleQuery('SELECT `solicitud_permiso`.*, `maestro`.`nombre_completo`, `tipo_permiso`.`nombre`
FROM `solicitud_permiso`
JOIN `maestro` ON `maestro`.`idDocente` = `solicitud_permiso`.`idDocente`
JOIN `tipo_permiso` ON `tipo_permiso`.`idTipoPermiso` = `solicitud_permiso`.`idTipoPermiso`')
 4 SYSTEMPATH\Database\BaseBuilder.php(1616): CodeIgniter\Database\BaseConnection->query('SELECT `solicitud_permiso`.*, `maestro`.`nombre_completo`, `tipo_permiso`.`nombre`
FROM `solicitud_permiso`
JOIN `maestro` ON `maestro`.`idDocente` = `solicitud_permiso`.`idDocente`
JOIN `tipo_permiso` ON `tipo_permiso`.`idTipoPermiso` = `solicitud_permiso`.`idTipoPermiso`', [], false)
 5 SYSTEMPATH\Model.php(243): CodeIgniter\Database\BaseBuilder->get()
 6 SYSTEMPATH\BaseModel.php(641): CodeIgniter\Model->doFindAll(0, 0)
 7 APPPATH\Models\SolicitudPermisoModel.php(74): CodeIgniter\BaseModel->findAll()
 8 APPPATH\Controllers\PermisoMagisterial.php(136): App\Models\SolicitudPermisoModel->findAllWithDetails()
 9 SYSTEMPATH\CodeIgniter.php(943): App\Controllers\PermisoMagisterial->index()
10 SYSTEMPATH\CodeIgniter.php(503): CodeIgniter\CodeIgniter->runController(Object(App\Controllers\PermisoMagisterial))
11 SYSTEMPATH\CodeIgniter.php(361): CodeIgniter\CodeIgniter->handleRequest(null, Object(Config\Cache), false)
12 FCPATH\index.php(81): CodeIgniter\CodeIgniter->run()
