INFO - 2024-09-12 13:41:14 --> Session: Class initialized using 'CodeIgniter\Session\Handlers\FileHandler' driver.
INFO - 2024-09-12 13:41:14 --> Session: Class initialized using 'CodeIgniter\Session\Handlers\FileHandler' driver.
INFO - 2024-09-12 13:41:23 --> Session: Class initialized using 'CodeIgniter\Session\Handlers\FileHandler' driver.
INFO - 2024-09-12 13:41:25 --> Session: Class initialized using 'CodeIgniter\Session\Handlers\FileHandler' driver.
INFO - 2024-09-12 13:41:26 --> Session: Class initialized using 'CodeIgniter\Session\Handlers\FileHandler' driver.
INFO - 2024-09-12 13:41:26 --> Session: Class initialized using 'CodeIgniter\Session\Handlers\FileHandler' driver.
INFO - 2024-09-12 13:41:57 --> Session: Class initialized using 'CodeIgniter\Session\Handlers\FileHandler' driver.
INFO - 2024-09-12 13:41:59 --> Session: Class initialized using 'CodeIgniter\Session\Handlers\FileHandler' driver.
INFO - 2024-09-12 14:08:19 --> Session: Class initialized using 'CodeIgniter\Session\Handlers\FileHandler' driver.
INFO - 2024-09-12 14:08:23 --> Session: Class initialized using 'CodeIgniter\Session\Handlers\FileHandler' driver.
ERROR - 2024-09-12 14:10:06 --> mysqli_sql_exception: Unknown column 'nombreResponsable' in 'field list' in C:\laragon\www\Tesis-SistemaControl\vendor\codeigniter4\framework\system\Database\MySQLi\Connection.php:306
Stack trace:
#0 C:\laragon\www\Tesis-SistemaControl\vendor\codeigniter4\framework\system\Database\MySQLi\Connection.php(306): mysqli->query('SELECT `idDatos...', 0)
#1 C:\laragon\www\Tesis-SistemaControl\vendor\codeigniter4\framework\system\Database\BaseConnection.php(693): CodeIgniter\Database\MySQLi\Connection->execute('SELECT `idDatos...')
#2 C:\laragon\www\Tesis-SistemaControl\vendor\codeigniter4\framework\system\Database\BaseConnection.php(607): CodeIgniter\Database\BaseConnection->simpleQuery('SELECT `idDatos...')
#3 C:\laragon\www\Tesis-SistemaControl\vendor\codeigniter4\framework\system\Database\BaseBuilder.php(1616): CodeIgniter\Database\BaseConnection->query('SELECT `idDatos...', Array, false)
#4 C:\laragon\www\Tesis-SistemaControl\app\Controllers\Donaciones.php(37): CodeIgniter\Database\BaseBuilder->get()
#5 C:\laragon\www\Tesis-SistemaControl\vendor\codeigniter4\framework\system\CodeIgniter.php(943): App\Controllers\Donaciones->create()
#6 C:\laragon\www\Tesis-SistemaControl\vendor\codeigniter4\framework\system\CodeIgniter.php(503): CodeIgniter\CodeIgniter->runController(Object(App\Controllers\Donaciones))
#7 C:\laragon\www\Tesis-SistemaControl\vendor\codeigniter4\framework\system\CodeIgniter.php(361): CodeIgniter\CodeIgniter->handleRequest(NULL, Object(Config\Cache), false)
#8 C:\laragon\www\Tesis-SistemaControl\public\index.php(81): CodeIgniter\CodeIgniter->run()
#9 {main}
CRITICAL - 2024-09-12 14:10:06 --> CodeIgniter\Database\Exceptions\DatabaseException: Unknown column 'nombreResponsable' in 'field list'
in SYSTEMPATH\Database\BaseConnection.php on line 647.
 1 SYSTEMPATH\Database\BaseBuilder.php(1616): CodeIgniter\Database\BaseConnection->query('SELECT `idDatosResponsable`, `nombreResponsable`, `tipoAsociado`
FROM `datos_responsable`', [], false)
 2 APPPATH\Controllers\Donaciones.php(37): CodeIgniter\Database\BaseBuilder->get()
 3 SYSTEMPATH\CodeIgniter.php(943): App\Controllers\Donaciones->create()
 4 SYSTEMPATH\CodeIgniter.php(503): CodeIgniter\CodeIgniter->runController(Object(App\Controllers\Donaciones))
 5 SYSTEMPATH\CodeIgniter.php(361): CodeIgniter\CodeIgniter->handleRequest(null, Object(Config\Cache), false)
 6 FCPATH\index.php(81): CodeIgniter\CodeIgniter->run()
CRITICAL - 2024-09-12 14:10:06 --> [Caused by] CodeIgniter\Database\Exceptions\DatabaseException: Unknown column 'nombreResponsable' in 'field list'
in SYSTEMPATH\Database\MySQLi\Connection.php on line 311.
 1 SYSTEMPATH\Database\BaseConnection.php(693): CodeIgniter\Database\MySQLi\Connection->execute('SELECT `idDatosResponsable`, `nombreResponsable`, `tipoAsociado`
FROM `datos_responsable`')
 2 SYSTEMPATH\Database\BaseConnection.php(607): CodeIgniter\Database\BaseConnection->simpleQuery('SELECT `idDatosResponsable`, `nombreResponsable`, `tipoAsociado`
FROM `datos_responsable`')
 3 SYSTEMPATH\Database\BaseBuilder.php(1616): CodeIgniter\Database\BaseConnection->query('SELECT `idDatosResponsable`, `nombreResponsable`, `tipoAsociado`
FROM `datos_responsable`', [], false)
 4 APPPATH\Controllers\Donaciones.php(37): CodeIgniter\Database\BaseBuilder->get()
 5 SYSTEMPATH\CodeIgniter.php(943): App\Controllers\Donaciones->create()
 6 SYSTEMPATH\CodeIgniter.php(503): CodeIgniter\CodeIgniter->runController(Object(App\Controllers\Donaciones))
 7 SYSTEMPATH\CodeIgniter.php(361): CodeIgniter\CodeIgniter->handleRequest(null, Object(Config\Cache), false)
 8 FCPATH\index.php(81): CodeIgniter\CodeIgniter->run()
CRITICAL - 2024-09-12 14:10:06 --> [Caused by] mysqli_sql_exception: Unknown column 'nombreResponsable' in 'field list'
in SYSTEMPATH\Database\MySQLi\Connection.php on line 306.
 1 SYSTEMPATH\Database\MySQLi\Connection.php(306): mysqli->query('SELECT `idDatosResponsable`, `nombreResponsable`, `tipoAsociado`
FROM `datos_responsable`', 0)
 2 SYSTEMPATH\Database\BaseConnection.php(693): CodeIgniter\Database\MySQLi\Connection->execute('SELECT `idDatosResponsable`, `nombreResponsable`, `tipoAsociado`
FROM `datos_responsable`')
 3 SYSTEMPATH\Database\BaseConnection.php(607): CodeIgniter\Database\BaseConnection->simpleQuery('SELECT `idDatosResponsable`, `nombreResponsable`, `tipoAsociado`
FROM `datos_responsable`')
 4 SYSTEMPATH\Database\BaseBuilder.php(1616): CodeIgniter\Database\BaseConnection->query('SELECT `idDatosResponsable`, `nombreResponsable`, `tipoAsociado`
FROM `datos_responsable`', [], false)
 5 APPPATH\Controllers\Donaciones.php(37): CodeIgniter\Database\BaseBuilder->get()
 6 SYSTEMPATH\CodeIgniter.php(943): App\Controllers\Donaciones->create()
 7 SYSTEMPATH\CodeIgniter.php(503): CodeIgniter\CodeIgniter->runController(Object(App\Controllers\Donaciones))
 8 SYSTEMPATH\CodeIgniter.php(361): CodeIgniter\CodeIgniter->handleRequest(null, Object(Config\Cache), false)
 9 FCPATH\index.php(81): CodeIgniter\CodeIgniter->run()
INFO - 2024-09-12 14:16:24 --> Session: Class initialized using 'CodeIgniter\Session\Handlers\FileHandler' driver.
CRITICAL - 2024-09-12 14:16:24 --> ErrorException: Undefined variable $datos_responsable
in APPPATH\Views\donaciones\create.php on line 44.
 1 APPPATH\Views\donaciones\create.php(44): CodeIgniter\Debug\Exceptions->errorHandler(2, 'Undefined variable $datos_responsable', 'C:\\laragon\\www\\Tesis-SistemaControl\\app\\Views\\donaciones\\create.php', 44)
 2 SYSTEMPATH\View\View.php(228): include('C:\\laragon\\www\\Tesis-SistemaControl\\app\\Views\\donaciones\\create.php')
 3 SYSTEMPATH\View\View.php(231): CodeIgniter\View\View->CodeIgniter\View\{closure}()
 4 SYSTEMPATH\Common.php(1178): CodeIgniter\View\View->render('donaciones/create', [...], true)
 5 APPPATH\Controllers\Donaciones.php(39): view('donaciones/create', [...], [...])
 6 SYSTEMPATH\CodeIgniter.php(943): App\Controllers\Donaciones->create()
 7 SYSTEMPATH\CodeIgniter.php(503): CodeIgniter\CodeIgniter->runController(Object(App\Controllers\Donaciones))
 8 SYSTEMPATH\CodeIgniter.php(361): CodeIgniter\CodeIgniter->handleRequest(null, Object(Config\Cache), false)
 9 FCPATH\index.php(81): CodeIgniter\CodeIgniter->run()
INFO - 2024-09-12 14:16:29 --> Session: Class initialized using 'CodeIgniter\Session\Handlers\FileHandler' driver.
CRITICAL - 2024-09-12 14:16:29 --> ErrorException: Undefined variable $datos_responsable
in APPPATH\Views\donaciones\create.php on line 44.
 1 APPPATH\Views\donaciones\create.php(44): CodeIgniter\Debug\Exceptions->errorHandler(2, 'Undefined variable $datos_responsable', 'C:\\laragon\\www\\Tesis-SistemaControl\\app\\Views\\donaciones\\create.php', 44)
 2 SYSTEMPATH\View\View.php(228): include('C:\\laragon\\www\\Tesis-SistemaControl\\app\\Views\\donaciones\\create.php')
 3 SYSTEMPATH\View\View.php(231): CodeIgniter\View\View->CodeIgniter\View\{closure}()
 4 SYSTEMPATH\Common.php(1178): CodeIgniter\View\View->render('donaciones/create', [...], true)
 5 APPPATH\Controllers\Donaciones.php(39): view('donaciones/create', [...], [...])
 6 SYSTEMPATH\CodeIgniter.php(943): App\Controllers\Donaciones->create()
 7 SYSTEMPATH\CodeIgniter.php(503): CodeIgniter\CodeIgniter->runController(Object(App\Controllers\Donaciones))
 8 SYSTEMPATH\CodeIgniter.php(361): CodeIgniter\CodeIgniter->handleRequest(null, Object(Config\Cache), false)
 9 FCPATH\index.php(81): CodeIgniter\CodeIgniter->run()
INFO - 2024-09-12 14:17:23 --> Session: Class initialized using 'CodeIgniter\Session\Handlers\FileHandler' driver.
CRITICAL - 2024-09-12 14:17:23 --> ErrorException: Undefined variable $datos_responsable
in APPPATH\Views\donaciones\create.php on line 44.
 1 APPPATH\Views\donaciones\create.php(44): CodeIgniter\Debug\Exceptions->errorHandler(2, 'Undefined variable $datos_responsable', 'C:\\laragon\\www\\Tesis-SistemaControl\\app\\Views\\donaciones\\create.php', 44)
 2 SYSTEMPATH\View\View.php(228): include('C:\\laragon\\www\\Tesis-SistemaControl\\app\\Views\\donaciones\\create.php')
 3 SYSTEMPATH\View\View.php(231): CodeIgniter\View\View->CodeIgniter\View\{closure}()
 4 SYSTEMPATH\Common.php(1178): CodeIgniter\View\View->render('donaciones/create', [...], true)
 5 APPPATH\Controllers\Donaciones.php(39): view('donaciones/create', [...], [...])
 6 SYSTEMPATH\CodeIgniter.php(943): App\Controllers\Donaciones->create()
 7 SYSTEMPATH\CodeIgniter.php(503): CodeIgniter\CodeIgniter->runController(Object(App\Controllers\Donaciones))
 8 SYSTEMPATH\CodeIgniter.php(361): CodeIgniter\CodeIgniter->handleRequest(null, Object(Config\Cache), false)
 9 FCPATH\index.php(81): CodeIgniter\CodeIgniter->run()
INFO - 2024-09-12 14:17:28 --> Session: Class initialized using 'CodeIgniter\Session\Handlers\FileHandler' driver.
CRITICAL - 2024-09-12 14:17:28 --> ErrorException: Undefined variable $datos_responsable
in APPPATH\Views\donaciones\create.php on line 44.
 1 APPPATH\Views\donaciones\create.php(44): CodeIgniter\Debug\Exceptions->errorHandler(2, 'Undefined variable $datos_responsable', 'C:\\laragon\\www\\Tesis-SistemaControl\\app\\Views\\donaciones\\create.php', 44)
 2 SYSTEMPATH\View\View.php(228): include('C:\\laragon\\www\\Tesis-SistemaControl\\app\\Views\\donaciones\\create.php')
 3 SYSTEMPATH\View\View.php(231): CodeIgniter\View\View->CodeIgniter\View\{closure}()
 4 SYSTEMPATH\Common.php(1178): CodeIgniter\View\View->render('donaciones/create', [...], true)
 5 APPPATH\Controllers\Donaciones.php(39): view('donaciones/create', [...], [...])
 6 SYSTEMPATH\CodeIgniter.php(943): App\Controllers\Donaciones->create()
 7 SYSTEMPATH\CodeIgniter.php(503): CodeIgniter\CodeIgniter->runController(Object(App\Controllers\Donaciones))
 8 SYSTEMPATH\CodeIgniter.php(361): CodeIgniter\CodeIgniter->handleRequest(null, Object(Config\Cache), false)
 9 FCPATH\index.php(81): CodeIgniter\CodeIgniter->run()
INFO - 2024-09-12 14:17:38 --> Session: Class initialized using 'CodeIgniter\Session\Handlers\FileHandler' driver.
CRITICAL - 2024-09-12 14:17:38 --> ErrorException: Undefined variable $datos_responsable
in APPPATH\Views\donaciones\create.php on line 44.
 1 APPPATH\Views\donaciones\create.php(44): CodeIgniter\Debug\Exceptions->errorHandler(2, 'Undefined variable $datos_responsable', 'C:\\laragon\\www\\Tesis-SistemaControl\\app\\Views\\donaciones\\create.php', 44)
 2 SYSTEMPATH\View\View.php(228): include('C:\\laragon\\www\\Tesis-SistemaControl\\app\\Views\\donaciones\\create.php')
 3 SYSTEMPATH\View\View.php(231): CodeIgniter\View\View->CodeIgniter\View\{closure}()
 4 SYSTEMPATH\Common.php(1178): CodeIgniter\View\View->render('donaciones/create', [...], true)
 5 APPPATH\Controllers\Donaciones.php(39): view('donaciones/create', [...], [...])
 6 SYSTEMPATH\CodeIgniter.php(943): App\Controllers\Donaciones->create()
 7 SYSTEMPATH\CodeIgniter.php(503): CodeIgniter\CodeIgniter->runController(Object(App\Controllers\Donaciones))
 8 SYSTEMPATH\CodeIgniter.php(361): CodeIgniter\CodeIgniter->handleRequest(null, Object(Config\Cache), false)
 9 FCPATH\index.php(81): CodeIgniter\CodeIgniter->run()
INFO - 2024-09-12 14:19:47 --> Session: Class initialized using 'CodeIgniter\Session\Handlers\FileHandler' driver.
CRITICAL - 2024-09-12 14:19:47 --> ErrorException: Undefined variable $datos_responsable
in APPPATH\Views\donaciones\create.php on line 44.
 1 APPPATH\Views\donaciones\create.php(44): CodeIgniter\Debug\Exceptions->errorHandler(2, 'Undefined variable $datos_responsable', 'C:\\laragon\\www\\Tesis-SistemaControl\\app\\Views\\donaciones\\create.php', 44)
 2 SYSTEMPATH\View\View.php(228): include('C:\\laragon\\www\\Tesis-SistemaControl\\app\\Views\\donaciones\\create.php')
 3 SYSTEMPATH\View\View.php(231): CodeIgniter\View\View->CodeIgniter\View\{closure}()
 4 SYSTEMPATH\Common.php(1178): CodeIgniter\View\View->render('donaciones/create', [...], true)
 5 APPPATH\Controllers\Donaciones.php(39): view('donaciones/create', [...], [...])
 6 SYSTEMPATH\CodeIgniter.php(943): App\Controllers\Donaciones->create()
 7 SYSTEMPATH\CodeIgniter.php(503): CodeIgniter\CodeIgniter->runController(Object(App\Controllers\Donaciones))
 8 SYSTEMPATH\CodeIgniter.php(361): CodeIgniter\CodeIgniter->handleRequest(null, Object(Config\Cache), false)
 9 FCPATH\index.php(81): CodeIgniter\CodeIgniter->run()
INFO - 2024-09-12 14:22:50 --> Session: Class initialized using 'CodeIgniter\Session\Handlers\FileHandler' driver.
CRITICAL - 2024-09-12 14:22:50 --> ErrorException: Undefined variable $datos_responsable
in APPPATH\Views\donaciones\create.php on line 44.
 1 APPPATH\Views\donaciones\create.php(44): CodeIgniter\Debug\Exceptions->errorHandler(2, 'Undefined variable $datos_responsable', 'C:\\laragon\\www\\Tesis-SistemaControl\\app\\Views\\donaciones\\create.php', 44)
 2 SYSTEMPATH\View\View.php(228): include('C:\\laragon\\www\\Tesis-SistemaControl\\app\\Views\\donaciones\\create.php')
 3 SYSTEMPATH\View\View.php(231): CodeIgniter\View\View->CodeIgniter\View\{closure}()
 4 SYSTEMPATH\Common.php(1178): CodeIgniter\View\View->render('donaciones/create', [...], true)
 5 APPPATH\Controllers\Donaciones.php(39): view('donaciones/create', [...], [...])
 6 SYSTEMPATH\CodeIgniter.php(943): App\Controllers\Donaciones->create()
 7 SYSTEMPATH\CodeIgniter.php(503): CodeIgniter\CodeIgniter->runController(Object(App\Controllers\Donaciones))
 8 SYSTEMPATH\CodeIgniter.php(361): CodeIgniter\CodeIgniter->handleRequest(null, Object(Config\Cache), false)
 9 FCPATH\index.php(81): CodeIgniter\CodeIgniter->run()
INFO - 2024-09-12 14:22:51 --> Session: Class initialized using 'CodeIgniter\Session\Handlers\FileHandler' driver.
CRITICAL - 2024-09-12 14:22:51 --> ErrorException: Undefined variable $datos_responsable
in APPPATH\Views\donaciones\create.php on line 44.
 1 APPPATH\Views\donaciones\create.php(44): CodeIgniter\Debug\Exceptions->errorHandler(2, 'Undefined variable $datos_responsable', 'C:\\laragon\\www\\Tesis-SistemaControl\\app\\Views\\donaciones\\create.php', 44)
 2 SYSTEMPATH\View\View.php(228): include('C:\\laragon\\www\\Tesis-SistemaControl\\app\\Views\\donaciones\\create.php')
 3 SYSTEMPATH\View\View.php(231): CodeIgniter\View\View->CodeIgniter\View\{closure}()
 4 SYSTEMPATH\Common.php(1178): CodeIgniter\View\View->render('donaciones/create', [...], true)
 5 APPPATH\Controllers\Donaciones.php(39): view('donaciones/create', [...], [...])
 6 SYSTEMPATH\CodeIgniter.php(943): App\Controllers\Donaciones->create()
 7 SYSTEMPATH\CodeIgniter.php(503): CodeIgniter\CodeIgniter->runController(Object(App\Controllers\Donaciones))
 8 SYSTEMPATH\CodeIgniter.php(361): CodeIgniter\CodeIgniter->handleRequest(null, Object(Config\Cache), false)
 9 FCPATH\index.php(81): CodeIgniter\CodeIgniter->run()
INFO - 2024-09-12 14:22:53 --> Session: Class initialized using 'CodeIgniter\Session\Handlers\FileHandler' driver.
INFO - 2024-09-12 14:22:55 --> Session: Class initialized using 'CodeIgniter\Session\Handlers\FileHandler' driver.
CRITICAL - 2024-09-12 14:22:55 --> ErrorException: Undefined variable $datos_responsable
in APPPATH\Views\donaciones\create.php on line 44.
 1 APPPATH\Views\donaciones\create.php(44): CodeIgniter\Debug\Exceptions->errorHandler(2, 'Undefined variable $datos_responsable', 'C:\\laragon\\www\\Tesis-SistemaControl\\app\\Views\\donaciones\\create.php', 44)
 2 SYSTEMPATH\View\View.php(228): include('C:\\laragon\\www\\Tesis-SistemaControl\\app\\Views\\donaciones\\create.php')
 3 SYSTEMPATH\View\View.php(231): CodeIgniter\View\View->CodeIgniter\View\{closure}()
 4 SYSTEMPATH\Common.php(1178): CodeIgniter\View\View->render('donaciones/create', [...], true)
 5 APPPATH\Controllers\Donaciones.php(39): view('donaciones/create', [...], [...])
 6 SYSTEMPATH\CodeIgniter.php(943): App\Controllers\Donaciones->create()
 7 SYSTEMPATH\CodeIgniter.php(503): CodeIgniter\CodeIgniter->runController(Object(App\Controllers\Donaciones))
 8 SYSTEMPATH\CodeIgniter.php(361): CodeIgniter\CodeIgniter->handleRequest(null, Object(Config\Cache), false)
 9 FCPATH\index.php(81): CodeIgniter\CodeIgniter->run()
INFO - 2024-09-12 14:33:33 --> Session: Class initialized using 'CodeIgniter\Session\Handlers\FileHandler' driver.
CRITICAL - 2024-09-12 14:33:33 --> ErrorException: Undefined variable $responsables
in APPPATH\Views\donaciones\create.php on line 45.
 1 APPPATH\Views\donaciones\create.php(45): CodeIgniter\Debug\Exceptions->errorHandler(2, 'Undefined variable $responsables', 'C:\\laragon\\www\\Tesis-SistemaControl\\app\\Views\\donaciones\\create.php', 45)
 2 SYSTEMPATH\View\View.php(228): include('C:\\laragon\\www\\Tesis-SistemaControl\\app\\Views\\donaciones\\create.php')
 3 SYSTEMPATH\View\View.php(231): CodeIgniter\View\View->CodeIgniter\View\{closure}()
 4 SYSTEMPATH\Common.php(1178): CodeIgniter\View\View->render('donaciones/create', [...], true)
 5 APPPATH\Controllers\Donaciones.php(39): view('donaciones/create', [...], [...])
 6 SYSTEMPATH\CodeIgniter.php(943): App\Controllers\Donaciones->create()
 7 SYSTEMPATH\CodeIgniter.php(503): CodeIgniter\CodeIgniter->runController(Object(App\Controllers\Donaciones))
 8 SYSTEMPATH\CodeIgniter.php(361): CodeIgniter\CodeIgniter->handleRequest(null, Object(Config\Cache), false)
 9 FCPATH\index.php(81): CodeIgniter\CodeIgniter->run()
INFO - 2024-09-12 14:34:13 --> Session: Class initialized using 'CodeIgniter\Session\Handlers\FileHandler' driver.
CRITICAL - 2024-09-12 14:34:13 --> ErrorException: Undefined variable $responsables
in APPPATH\Views\donaciones\create.php on line 45.
 1 APPPATH\Views\donaciones\create.php(45): CodeIgniter\Debug\Exceptions->errorHandler(2, 'Undefined variable $responsables', 'C:\\laragon\\www\\Tesis-SistemaControl\\app\\Views\\donaciones\\create.php', 45)
 2 SYSTEMPATH\View\View.php(228): include('C:\\laragon\\www\\Tesis-SistemaControl\\app\\Views\\donaciones\\create.php')
 3 SYSTEMPATH\View\View.php(231): CodeIgniter\View\View->CodeIgniter\View\{closure}()
 4 SYSTEMPATH\Common.php(1178): CodeIgniter\View\View->render('donaciones/create', [...], true)
 5 APPPATH\Controllers\Donaciones.php(39): view('donaciones/create', [...], [...])
 6 SYSTEMPATH\CodeIgniter.php(943): App\Controllers\Donaciones->create()
 7 SYSTEMPATH\CodeIgniter.php(503): CodeIgniter\CodeIgniter->runController(Object(App\Controllers\Donaciones))
 8 SYSTEMPATH\CodeIgniter.php(361): CodeIgniter\CodeIgniter->handleRequest(null, Object(Config\Cache), false)
 9 FCPATH\index.php(81): CodeIgniter\CodeIgniter->run()
INFO - 2024-09-12 14:34:46 --> Session: Class initialized using 'CodeIgniter\Session\Handlers\FileHandler' driver.
CRITICAL - 2024-09-12 14:34:46 --> ErrorException: Undefined variable $proyectos
in APPPATH\Views\donaciones\create.php on line 60.
 1 APPPATH\Views\donaciones\create.php(60): CodeIgniter\Debug\Exceptions->errorHandler(2, 'Undefined variable $proyectos', 'C:\\laragon\\www\\Tesis-SistemaControl\\app\\Views\\donaciones\\create.php', 60)
 2 SYSTEMPATH\View\View.php(228): include('C:\\laragon\\www\\Tesis-SistemaControl\\app\\Views\\donaciones\\create.php')
 3 SYSTEMPATH\View\View.php(231): CodeIgniter\View\View->CodeIgniter\View\{closure}()
 4 SYSTEMPATH\Common.php(1178): CodeIgniter\View\View->render('donaciones/create', [], true)
 5 APPPATH\Controllers\Donaciones.php(39): view('donaciones/create', [...])
 6 SYSTEMPATH\CodeIgniter.php(943): App\Controllers\Donaciones->create()
 7 SYSTEMPATH\CodeIgniter.php(503): CodeIgniter\CodeIgniter->runController(Object(App\Controllers\Donaciones))
 8 SYSTEMPATH\CodeIgniter.php(361): CodeIgniter\CodeIgniter->handleRequest(null, Object(Config\Cache), false)
 9 FCPATH\index.php(81): CodeIgniter\CodeIgniter->run()
CRITICAL - 2024-09-12 14:38:45 --> ErrorException: Undefined variable $responsable
in APPPATH\Controllers\Donaciones.php on line 39.
 1 APPPATH\Controllers\Donaciones.php(39): CodeIgniter\Debug\Exceptions->errorHandler(2, 'Undefined variable $responsable', 'C:\\laragon\\www\\Tesis-SistemaControl\\app\\Controllers\\Donaciones.php', 39)
 2 SYSTEMPATH\CodeIgniter.php(943): App\Controllers\Donaciones->create()
 3 SYSTEMPATH\CodeIgniter.php(503): CodeIgniter\CodeIgniter->runController(Object(App\Controllers\Donaciones))
 4 SYSTEMPATH\CodeIgniter.php(361): CodeIgniter\CodeIgniter->handleRequest(null, Object(Config\Cache), false)
 5 FCPATH\index.php(81): CodeIgniter\CodeIgniter->run()
CRITICAL - 2024-09-12 14:38:54 --> ErrorException: Undefined variable $responsable
in APPPATH\Controllers\Donaciones.php on line 39.
 1 APPPATH\Controllers\Donaciones.php(39): CodeIgniter\Debug\Exceptions->errorHandler(2, 'Undefined variable $responsable', 'C:\\laragon\\www\\Tesis-SistemaControl\\app\\Controllers\\Donaciones.php', 39)
 2 SYSTEMPATH\CodeIgniter.php(943): App\Controllers\Donaciones->create()
 3 SYSTEMPATH\CodeIgniter.php(503): CodeIgniter\CodeIgniter->runController(Object(App\Controllers\Donaciones))
 4 SYSTEMPATH\CodeIgniter.php(361): CodeIgniter\CodeIgniter->handleRequest(null, Object(Config\Cache), false)
 5 FCPATH\index.php(81): CodeIgniter\CodeIgniter->run()
INFO - 2024-09-12 14:39:18 --> Session: Class initialized using 'CodeIgniter\Session\Handlers\FileHandler' driver.
INFO - 2024-09-12 15:09:16 --> Session: Class initialized using 'CodeIgniter\Session\Handlers\FileHandler' driver.
CRITICAL - 2024-09-12 15:09:16 --> ErrorException: Undefined array key "mi_select"
in APPPATH\Views\donaciones\create.php on line 46.
 1 APPPATH\Views\donaciones\create.php(46): CodeIgniter\Debug\Exceptions->errorHandler(2, 'Undefined array key "mi_select"', 'C:\\laragon\\www\\Tesis-SistemaControl\\app\\Views\\donaciones\\create.php', 46)
 2 SYSTEMPATH\View\View.php(228): include('C:\\laragon\\www\\Tesis-SistemaControl\\app\\Views\\donaciones\\create.php')
 3 SYSTEMPATH\View\View.php(231): CodeIgniter\View\View->CodeIgniter\View\{closure}()
 4 SYSTEMPATH\Common.php(1178): CodeIgniter\View\View->render('donaciones/create', [], true)
 5 APPPATH\Controllers\Donaciones.php(39): view('donaciones/create', [...])
 6 SYSTEMPATH\CodeIgniter.php(943): App\Controllers\Donaciones->create()
 7 SYSTEMPATH\CodeIgniter.php(503): CodeIgniter\CodeIgniter->runController(Object(App\Controllers\Donaciones))
 8 SYSTEMPATH\CodeIgniter.php(361): CodeIgniter\CodeIgniter->handleRequest(null, Object(Config\Cache), false)
 9 FCPATH\index.php(81): CodeIgniter\CodeIgniter->run()
INFO - 2024-09-12 15:14:11 --> Session: Class initialized using 'CodeIgniter\Session\Handlers\FileHandler' driver.
CRITICAL - 2024-09-12 15:14:11 --> ErrorException: Undefined array key "TipoDonante"
in APPPATH\Views\donaciones\create.php on line 46.
 1 APPPATH\Views\donaciones\create.php(46): CodeIgniter\Debug\Exceptions->errorHandler(2, 'Undefined array key "TipoDonante"', 'C:\\laragon\\www\\Tesis-SistemaControl\\app\\Views\\donaciones\\create.php', 46)
 2 SYSTEMPATH\View\View.php(228): include('C:\\laragon\\www\\Tesis-SistemaControl\\app\\Views\\donaciones\\create.php')
 3 SYSTEMPATH\View\View.php(231): CodeIgniter\View\View->CodeIgniter\View\{closure}()
 4 SYSTEMPATH\Common.php(1178): CodeIgniter\View\View->render('donaciones/create', [], true)
 5 APPPATH\Controllers\Donaciones.php(39): view('donaciones/create', [...])
 6 SYSTEMPATH\CodeIgniter.php(943): App\Controllers\Donaciones->create()
 7 SYSTEMPATH\CodeIgniter.php(503): CodeIgniter\CodeIgniter->runController(Object(App\Controllers\Donaciones))
 8 SYSTEMPATH\CodeIgniter.php(361): CodeIgniter\CodeIgniter->handleRequest(null, Object(Config\Cache), false)
 9 FCPATH\index.php(81): CodeIgniter\CodeIgniter->run()
INFO - 2024-09-12 15:16:04 --> Session: Class initialized using 'CodeIgniter\Session\Handlers\FileHandler' driver.
INFO - 2024-09-12 15:16:23 --> Session: Class initialized using 'CodeIgniter\Session\Handlers\FileHandler' driver.
INFO - 2024-09-12 15:16:27 --> Session: Class initialized using 'CodeIgniter\Session\Handlers\FileHandler' driver.
INFO - 2024-09-12 15:16:32 --> Session: Class initialized using 'CodeIgniter\Session\Handlers\FileHandler' driver.
INFO - 2024-09-12 15:16:45 --> Session: Class initialized using 'CodeIgniter\Session\Handlers\FileHandler' driver.
INFO - 2024-09-12 15:18:39 --> Session: Class initialized using 'CodeIgniter\Session\Handlers\FileHandler' driver.
INFO - 2024-09-12 15:18:41 --> Session: Class initialized using 'CodeIgniter\Session\Handlers\FileHandler' driver.
INFO - 2024-09-12 15:18:44 --> Session: Class initialized using 'CodeIgniter\Session\Handlers\FileHandler' driver.
INFO - 2024-09-12 15:18:50 --> Session: Class initialized using 'CodeIgniter\Session\Handlers\FileHandler' driver.
INFO - 2024-09-12 15:18:52 --> Session: Class initialized using 'CodeIgniter\Session\Handlers\FileHandler' driver.
INFO - 2024-09-12 15:18:57 --> Session: Class initialized using 'CodeIgniter\Session\Handlers\FileHandler' driver.
INFO - 2024-09-12 16:06:41 --> Session: Class initialized using 'CodeIgniter\Session\Handlers\FileHandler' driver.
INFO - 2024-09-12 16:06:54 --> Session: Class initialized using 'CodeIgniter\Session\Handlers\FileHandler' driver.
INFO - 2024-09-12 16:07:52 --> Session: Class initialized using 'CodeIgniter\Session\Handlers\FileHandler' driver.
INFO - 2024-09-12 16:10:51 --> Session: Class initialized using 'CodeIgniter\Session\Handlers\FileHandler' driver.
INFO - 2024-09-12 16:22:55 --> Session: Class initialized using 'CodeIgniter\Session\Handlers\FileHandler' driver.
INFO - 2024-09-12 16:23:54 --> Session: Class initialized using 'CodeIgniter\Session\Handlers\FileHandler' driver.
INFO - 2024-09-12 16:29:28 --> Session: Class initialized using 'CodeIgniter\Session\Handlers\FileHandler' driver.
INFO - 2024-09-12 16:29:35 --> Session: Class initialized using 'CodeIgniter\Session\Handlers\FileHandler' driver.
INFO - 2024-09-12 16:30:11 --> Session: Class initialized using 'CodeIgniter\Session\Handlers\FileHandler' driver.
INFO - 2024-09-12 16:30:20 --> Session: Class initialized using 'CodeIgniter\Session\Handlers\FileHandler' driver.
INFO - 2024-09-12 16:30:51 --> Session: Class initialized using 'CodeIgniter\Session\Handlers\FileHandler' driver.
CRITICAL - 2024-09-12 16:32:30 --> ParseError: syntax error, unexpected token "=>"
in APPPATH\Controllers\Donaciones.php on line 124.
 1 SYSTEMPATH\Autoloader\Autoloader.php(290): CodeIgniter\Autoloader\Autoloader->includeFile('C:\\laragon\\www\\Tesis-SistemaControl\\app\\Controllers\\Donaciones.php')
 2 SYSTEMPATH\Autoloader\Autoloader.php(266): CodeIgniter\Autoloader\Autoloader->loadInNamespace('App\\Controllers\\Donaciones')
 3 [internal function]: CodeIgniter\Autoloader\Autoloader->loadClass('App\\Controllers\\Donaciones')
 4 SYSTEMPATH\CodeIgniter.php(901): class_exists('\\App\\Controllers\\Donaciones', true)
 5 SYSTEMPATH\CodeIgniter.php(490): CodeIgniter\CodeIgniter->startController()
 6 SYSTEMPATH\CodeIgniter.php(361): CodeIgniter\CodeIgniter->handleRequest(null, Object(Config\Cache), false)
 7 FCPATH\index.php(81): CodeIgniter\CodeIgniter->run()
INFO - 2024-09-12 16:43:16 --> Session: Class initialized using 'CodeIgniter\Session\Handlers\FileHandler' driver.
INFO - 2024-09-12 16:44:11 --> Session: Class initialized using 'CodeIgniter\Session\Handlers\FileHandler' driver.
INFO - 2024-09-12 16:44:44 --> Session: Class initialized using 'CodeIgniter\Session\Handlers\FileHandler' driver.
INFO - 2024-09-12 16:48:03 --> Session: Class initialized using 'CodeIgniter\Session\Handlers\FileHandler' driver.
INFO - 2024-09-12 16:52:39 --> Session: Class initialized using 'CodeIgniter\Session\Handlers\FileHandler' driver.
INFO - 2024-09-12 17:01:13 --> Session: Class initialized using 'CodeIgniter\Session\Handlers\FileHandler' driver.
INFO - 2024-09-12 18:42:33 --> Session: Class initialized using 'CodeIgniter\Session\Handlers\FileHandler' driver.
INFO - 2024-09-12 18:46:11 --> Session: Class initialized using 'CodeIgniter\Session\Handlers\FileHandler' driver.
INFO - 2024-09-12 18:46:15 --> Session: Class initialized using 'CodeIgniter\Session\Handlers\FileHandler' driver.
INFO - 2024-09-12 19:14:48 --> Session: Class initialized using 'CodeIgniter\Session\Handlers\FileHandler' driver.
INFO - 2024-09-12 19:16:31 --> Session: Class initialized using 'CodeIgniter\Session\Handlers\FileHandler' driver.
INFO - 2024-09-12 19:16:33 --> Session: Class initialized using 'CodeIgniter\Session\Handlers\FileHandler' driver.
INFO - 2024-09-12 19:17:35 --> Session: Class initialized using 'CodeIgniter\Session\Handlers\FileHandler' driver.
INFO - 2024-09-12 19:17:35 --> Session: Class initialized using 'CodeIgniter\Session\Handlers\FileHandler' driver.
INFO - 2024-09-12 19:17:56 --> Session: Class initialized using 'CodeIgniter\Session\Handlers\FileHandler' driver.
INFO - 2024-09-12 19:18:00 --> Session: Class initialized using 'CodeIgniter\Session\Handlers\FileHandler' driver.
INFO - 2024-09-12 19:19:20 --> Session: Class initialized using 'CodeIgniter\Session\Handlers\FileHandler' driver.
INFO - 2024-09-12 19:19:28 --> Session: Class initialized using 'CodeIgniter\Session\Handlers\FileHandler' driver.
INFO - 2024-09-12 19:19:33 --> Session: Class initialized using 'CodeIgniter\Session\Handlers\FileHandler' driver.
INFO - 2024-09-12 19:19:37 --> Session: Class initialized using 'CodeIgniter\Session\Handlers\FileHandler' driver.
INFO - 2024-09-12 19:21:02 --> Session: Class initialized using 'CodeIgniter\Session\Handlers\FileHandler' driver.
INFO - 2024-09-12 19:21:05 --> Session: Class initialized using 'CodeIgniter\Session\Handlers\FileHandler' driver.
INFO - 2024-09-12 19:33:05 --> Session: Class initialized using 'CodeIgniter\Session\Handlers\FileHandler' driver.
ERROR - 2024-09-12 21:05:42 --> mysqli_sql_exception: Unknown column 'donaciones.nombreDonante' in 'field list' in C:\laragon\www\Tesis-SistemaControl\vendor\codeigniter4\framework\system\Database\MySQLi\Connection.php:306
Stack trace:
#0 C:\laragon\www\Tesis-SistemaControl\vendor\codeigniter4\framework\system\Database\MySQLi\Connection.php(306): mysqli->query('SELECT `donacio...', 0)
#1 C:\laragon\www\Tesis-SistemaControl\vendor\codeigniter4\framework\system\Database\BaseConnection.php(693): CodeIgniter\Database\MySQLi\Connection->execute('SELECT `donacio...')
#2 C:\laragon\www\Tesis-SistemaControl\vendor\codeigniter4\framework\system\Database\BaseConnection.php(607): CodeIgniter\Database\BaseConnection->simpleQuery('SELECT `donacio...')
#3 C:\laragon\www\Tesis-SistemaControl\vendor\codeigniter4\framework\system\Database\BaseBuilder.php(1616): CodeIgniter\Database\BaseConnection->query('SELECT `donacio...', Array, false)
#4 C:\laragon\www\Tesis-SistemaControl\app\Controllers\Donaciones.php(24): CodeIgniter\Database\BaseBuilder->get()
#5 C:\laragon\www\Tesis-SistemaControl\vendor\codeigniter4\framework\system\CodeIgniter.php(943): App\Controllers\Donaciones->index()
#6 C:\laragon\www\Tesis-SistemaControl\vendor\codeigniter4\framework\system\CodeIgniter.php(503): CodeIgniter\CodeIgniter->runController(Object(App\Controllers\Donaciones))
#7 C:\laragon\www\Tesis-SistemaControl\vendor\codeigniter4\framework\system\CodeIgniter.php(361): CodeIgniter\CodeIgniter->handleRequest(NULL, Object(Config\Cache), false)
#8 C:\laragon\www\Tesis-SistemaControl\public\index.php(81): CodeIgniter\CodeIgniter->run()
#9 {main}
CRITICAL - 2024-09-12 21:05:42 --> CodeIgniter\Database\Exceptions\DatabaseException: Unknown column 'donaciones.nombreDonante' in 'field list'
in SYSTEMPATH\Database\BaseConnection.php on line 647.
 1 SYSTEMPATH\Database\BaseBuilder.php(1616): CodeIgniter\Database\BaseConnection->query('SELECT `donaciones`.`idDonaciones`, `donaciones`.`nombreDonante`, `donaciones`.`cantidad`, `donaciones`.`descripcion`, `donaciones`.`fechaDonacion`, `proyectos`.`nombreProyecto`
FROM `donaciones`
INNER JOIN `proyectos` ON `proyectos`.`idProyectos` = `donaciones`.`idProyectos`', [], false)
 2 APPPATH\Controllers\Donaciones.php(24): CodeIgniter\Database\BaseBuilder->get()
 3 SYSTEMPATH\CodeIgniter.php(943): App\Controllers\Donaciones->index()
 4 SYSTEMPATH\CodeIgniter.php(503): CodeIgniter\CodeIgniter->runController(Object(App\Controllers\Donaciones))
 5 SYSTEMPATH\CodeIgniter.php(361): CodeIgniter\CodeIgniter->handleRequest(null, Object(Config\Cache), false)
 6 FCPATH\index.php(81): CodeIgniter\CodeIgniter->run()
CRITICAL - 2024-09-12 21:05:42 --> [Caused by] CodeIgniter\Database\Exceptions\DatabaseException: Unknown column 'donaciones.nombreDonante' in 'field list'
in SYSTEMPATH\Database\MySQLi\Connection.php on line 311.
 1 SYSTEMPATH\Database\BaseConnection.php(693): CodeIgniter\Database\MySQLi\Connection->execute('SELECT `donaciones`.`idDonaciones`, `donaciones`.`nombreDonante`, `donaciones`.`cantidad`, `donaciones`.`descripcion`, `donaciones`.`fechaDonacion`, `proyectos`.`nombreProyecto`
FROM `donaciones`
INNER JOIN `proyectos` ON `proyectos`.`idProyectos` = `donaciones`.`idProyectos`')
 2 SYSTEMPATH\Database\BaseConnection.php(607): CodeIgniter\Database\BaseConnection->simpleQuery('SELECT `donaciones`.`idDonaciones`, `donaciones`.`nombreDonante`, `donaciones`.`cantidad`, `donaciones`.`descripcion`, `donaciones`.`fechaDonacion`, `proyectos`.`nombreProyecto`
FROM `donaciones`
INNER JOIN `proyectos` ON `proyectos`.`idProyectos` = `donaciones`.`idProyectos`')
 3 SYSTEMPATH\Database\BaseBuilder.php(1616): CodeIgniter\Database\BaseConnection->query('SELECT `donaciones`.`idDonaciones`, `donaciones`.`nombreDonante`, `donaciones`.`cantidad`, `donaciones`.`descripcion`, `donaciones`.`fechaDonacion`, `proyectos`.`nombreProyecto`
FROM `donaciones`
INNER JOIN `proyectos` ON `proyectos`.`idProyectos` = `donaciones`.`idProyectos`', [], false)
 4 APPPATH\Controllers\Donaciones.php(24): CodeIgniter\Database\BaseBuilder->get()
 5 SYSTEMPATH\CodeIgniter.php(943): App\Controllers\Donaciones->index()
 6 SYSTEMPATH\CodeIgniter.php(503): CodeIgniter\CodeIgniter->runController(Object(App\Controllers\Donaciones))
 7 SYSTEMPATH\CodeIgniter.php(361): CodeIgniter\CodeIgniter->handleRequest(null, Object(Config\Cache), false)
 8 FCPATH\index.php(81): CodeIgniter\CodeIgniter->run()
CRITICAL - 2024-09-12 21:05:42 --> [Caused by] mysqli_sql_exception: Unknown column 'donaciones.nombreDonante' in 'field list'
in SYSTEMPATH\Database\MySQLi\Connection.php on line 306.
 1 SYSTEMPATH\Database\MySQLi\Connection.php(306): mysqli->query('SELECT `donaciones`.`idDonaciones`, `donaciones`.`nombreDonante`, `donaciones`.`cantidad`, `donaciones`.`descripcion`, `donaciones`.`fechaDonacion`, `proyectos`.`nombreProyecto`
FROM `donaciones`
INNER JOIN `proyectos` ON `proyectos`.`idProyectos` = `donaciones`.`idProyectos`', 0)
 2 SYSTEMPATH\Database\BaseConnection.php(693): CodeIgniter\Database\MySQLi\Connection->execute('SELECT `donaciones`.`idDonaciones`, `donaciones`.`nombreDonante`, `donaciones`.`cantidad`, `donaciones`.`descripcion`, `donaciones`.`fechaDonacion`, `proyectos`.`nombreProyecto`
FROM `donaciones`
INNER JOIN `proyectos` ON `proyectos`.`idProyectos` = `donaciones`.`idProyectos`')
 3 SYSTEMPATH\Database\BaseConnection.php(607): CodeIgniter\Database\BaseConnection->simpleQuery('SELECT `donaciones`.`idDonaciones`, `donaciones`.`nombreDonante`, `donaciones`.`cantidad`, `donaciones`.`descripcion`, `donaciones`.`fechaDonacion`, `proyectos`.`nombreProyecto`
FROM `donaciones`
INNER JOIN `proyectos` ON `proyectos`.`idProyectos` = `donaciones`.`idProyectos`')
 4 SYSTEMPATH\Database\BaseBuilder.php(1616): CodeIgniter\Database\BaseConnection->query('SELECT `donaciones`.`idDonaciones`, `donaciones`.`nombreDonante`, `donaciones`.`cantidad`, `donaciones`.`descripcion`, `donaciones`.`fechaDonacion`, `proyectos`.`nombreProyecto`
FROM `donaciones`
INNER JOIN `proyectos` ON `proyectos`.`idProyectos` = `donaciones`.`idProyectos`', [], false)
 5 APPPATH\Controllers\Donaciones.php(24): CodeIgniter\Database\BaseBuilder->get()
 6 SYSTEMPATH\CodeIgniter.php(943): App\Controllers\Donaciones->index()
 7 SYSTEMPATH\CodeIgniter.php(503): CodeIgniter\CodeIgniter->runController(Object(App\Controllers\Donaciones))
 8 SYSTEMPATH\CodeIgniter.php(361): CodeIgniter\CodeIgniter->handleRequest(null, Object(Config\Cache), false)
 9 FCPATH\index.php(81): CodeIgniter\CodeIgniter->run()
ERROR - 2024-09-12 21:11:54 --> mysqli_sql_exception: Unknown column 'donaciones.nombreDonante' in 'field list' in C:\laragon\www\Tesis-SistemaControl\vendor\codeigniter4\framework\system\Database\MySQLi\Connection.php:306
Stack trace:
#0 C:\laragon\www\Tesis-SistemaControl\vendor\codeigniter4\framework\system\Database\MySQLi\Connection.php(306): mysqli->query('SELECT `donacio...', 0)
#1 C:\laragon\www\Tesis-SistemaControl\vendor\codeigniter4\framework\system\Database\BaseConnection.php(693): CodeIgniter\Database\MySQLi\Connection->execute('SELECT `donacio...')
#2 C:\laragon\www\Tesis-SistemaControl\vendor\codeigniter4\framework\system\Database\BaseConnection.php(607): CodeIgniter\Database\BaseConnection->simpleQuery('SELECT `donacio...')
#3 C:\laragon\www\Tesis-SistemaControl\vendor\codeigniter4\framework\system\Database\BaseBuilder.php(1616): CodeIgniter\Database\BaseConnection->query('SELECT `donacio...', Array, false)
#4 C:\laragon\www\Tesis-SistemaControl\app\Controllers\Donaciones.php(24): CodeIgniter\Database\BaseBuilder->get()
#5 C:\laragon\www\Tesis-SistemaControl\vendor\codeigniter4\framework\system\CodeIgniter.php(943): App\Controllers\Donaciones->index()
#6 C:\laragon\www\Tesis-SistemaControl\vendor\codeigniter4\framework\system\CodeIgniter.php(503): CodeIgniter\CodeIgniter->runController(Object(App\Controllers\Donaciones))
#7 C:\laragon\www\Tesis-SistemaControl\vendor\codeigniter4\framework\system\CodeIgniter.php(361): CodeIgniter\CodeIgniter->handleRequest(NULL, Object(Config\Cache), false)
#8 C:\laragon\www\Tesis-SistemaControl\public\index.php(81): CodeIgniter\CodeIgniter->run()
#9 {main}
CRITICAL - 2024-09-12 21:11:54 --> CodeIgniter\Database\Exceptions\DatabaseException: Unknown column 'donaciones.nombreDonante' in 'field list'
in SYSTEMPATH\Database\BaseConnection.php on line 647.
 1 SYSTEMPATH\Database\BaseBuilder.php(1616): CodeIgniter\Database\BaseConnection->query('SELECT `donaciones`.`idDonaciones`, `donaciones`.`nombreDonante`, `donaciones`.`cantidad`, `donaciones`.`descripcion`, `donaciones`.`fechaDonacion`, `proyectos`.`nombreProyecto`
FROM `donaciones`
INNER JOIN `proyectos` ON `proyectos`.`idProyectos` = `donaciones`.`idProyectos`', [], false)
 2 APPPATH\Controllers\Donaciones.php(24): CodeIgniter\Database\BaseBuilder->get()
 3 SYSTEMPATH\CodeIgniter.php(943): App\Controllers\Donaciones->index()
 4 SYSTEMPATH\CodeIgniter.php(503): CodeIgniter\CodeIgniter->runController(Object(App\Controllers\Donaciones))
 5 SYSTEMPATH\CodeIgniter.php(361): CodeIgniter\CodeIgniter->handleRequest(null, Object(Config\Cache), false)
 6 FCPATH\index.php(81): CodeIgniter\CodeIgniter->run()
CRITICAL - 2024-09-12 21:11:54 --> [Caused by] CodeIgniter\Database\Exceptions\DatabaseException: Unknown column 'donaciones.nombreDonante' in 'field list'
in SYSTEMPATH\Database\MySQLi\Connection.php on line 311.
 1 SYSTEMPATH\Database\BaseConnection.php(693): CodeIgniter\Database\MySQLi\Connection->execute('SELECT `donaciones`.`idDonaciones`, `donaciones`.`nombreDonante`, `donaciones`.`cantidad`, `donaciones`.`descripcion`, `donaciones`.`fechaDonacion`, `proyectos`.`nombreProyecto`
FROM `donaciones`
INNER JOIN `proyectos` ON `proyectos`.`idProyectos` = `donaciones`.`idProyectos`')
 2 SYSTEMPATH\Database\BaseConnection.php(607): CodeIgniter\Database\BaseConnection->simpleQuery('SELECT `donaciones`.`idDonaciones`, `donaciones`.`nombreDonante`, `donaciones`.`cantidad`, `donaciones`.`descripcion`, `donaciones`.`fechaDonacion`, `proyectos`.`nombreProyecto`
FROM `donaciones`
INNER JOIN `proyectos` ON `proyectos`.`idProyectos` = `donaciones`.`idProyectos`')
 3 SYSTEMPATH\Database\BaseBuilder.php(1616): CodeIgniter\Database\BaseConnection->query('SELECT `donaciones`.`idDonaciones`, `donaciones`.`nombreDonante`, `donaciones`.`cantidad`, `donaciones`.`descripcion`, `donaciones`.`fechaDonacion`, `proyectos`.`nombreProyecto`
FROM `donaciones`
INNER JOIN `proyectos` ON `proyectos`.`idProyectos` = `donaciones`.`idProyectos`', [], false)
 4 APPPATH\Controllers\Donaciones.php(24): CodeIgniter\Database\BaseBuilder->get()
 5 SYSTEMPATH\CodeIgniter.php(943): App\Controllers\Donaciones->index()
 6 SYSTEMPATH\CodeIgniter.php(503): CodeIgniter\CodeIgniter->runController(Object(App\Controllers\Donaciones))
 7 SYSTEMPATH\CodeIgniter.php(361): CodeIgniter\CodeIgniter->handleRequest(null, Object(Config\Cache), false)
 8 FCPATH\index.php(81): CodeIgniter\CodeIgniter->run()
CRITICAL - 2024-09-12 21:11:54 --> [Caused by] mysqli_sql_exception: Unknown column 'donaciones.nombreDonante' in 'field list'
in SYSTEMPATH\Database\MySQLi\Connection.php on line 306.
 1 SYSTEMPATH\Database\MySQLi\Connection.php(306): mysqli->query('SELECT `donaciones`.`idDonaciones`, `donaciones`.`nombreDonante`, `donaciones`.`cantidad`, `donaciones`.`descripcion`, `donaciones`.`fechaDonacion`, `proyectos`.`nombreProyecto`
FROM `donaciones`
INNER JOIN `proyectos` ON `proyectos`.`idProyectos` = `donaciones`.`idProyectos`', 0)
 2 SYSTEMPATH\Database\BaseConnection.php(693): CodeIgniter\Database\MySQLi\Connection->execute('SELECT `donaciones`.`idDonaciones`, `donaciones`.`nombreDonante`, `donaciones`.`cantidad`, `donaciones`.`descripcion`, `donaciones`.`fechaDonacion`, `proyectos`.`nombreProyecto`
FROM `donaciones`
INNER JOIN `proyectos` ON `proyectos`.`idProyectos` = `donaciones`.`idProyectos`')
 3 SYSTEMPATH\Database\BaseConnection.php(607): CodeIgniter\Database\BaseConnection->simpleQuery('SELECT `donaciones`.`idDonaciones`, `donaciones`.`nombreDonante`, `donaciones`.`cantidad`, `donaciones`.`descripcion`, `donaciones`.`fechaDonacion`, `proyectos`.`nombreProyecto`
FROM `donaciones`
INNER JOIN `proyectos` ON `proyectos`.`idProyectos` = `donaciones`.`idProyectos`')
 4 SYSTEMPATH\Database\BaseBuilder.php(1616): CodeIgniter\Database\BaseConnection->query('SELECT `donaciones`.`idDonaciones`, `donaciones`.`nombreDonante`, `donaciones`.`cantidad`, `donaciones`.`descripcion`, `donaciones`.`fechaDonacion`, `proyectos`.`nombreProyecto`
FROM `donaciones`
INNER JOIN `proyectos` ON `proyectos`.`idProyectos` = `donaciones`.`idProyectos`', [], false)
 5 APPPATH\Controllers\Donaciones.php(24): CodeIgniter\Database\BaseBuilder->get()
 6 SYSTEMPATH\CodeIgniter.php(943): App\Controllers\Donaciones->index()
 7 SYSTEMPATH\CodeIgniter.php(503): CodeIgniter\CodeIgniter->runController(Object(App\Controllers\Donaciones))
 8 SYSTEMPATH\CodeIgniter.php(361): CodeIgniter\CodeIgniter->handleRequest(null, Object(Config\Cache), false)
 9 FCPATH\index.php(81): CodeIgniter\CodeIgniter->run()
ERROR - 2024-09-12 21:12:00 --> mysqli_sql_exception: Unknown column 'donaciones.nombreDonante' in 'field list' in C:\laragon\www\Tesis-SistemaControl\vendor\codeigniter4\framework\system\Database\MySQLi\Connection.php:306
Stack trace:
#0 C:\laragon\www\Tesis-SistemaControl\vendor\codeigniter4\framework\system\Database\MySQLi\Connection.php(306): mysqli->query('SELECT `donacio...', 0)
#1 C:\laragon\www\Tesis-SistemaControl\vendor\codeigniter4\framework\system\Database\BaseConnection.php(693): CodeIgniter\Database\MySQLi\Connection->execute('SELECT `donacio...')
#2 C:\laragon\www\Tesis-SistemaControl\vendor\codeigniter4\framework\system\Database\BaseConnection.php(607): CodeIgniter\Database\BaseConnection->simpleQuery('SELECT `donacio...')
#3 C:\laragon\www\Tesis-SistemaControl\vendor\codeigniter4\framework\system\Database\BaseBuilder.php(1616): CodeIgniter\Database\BaseConnection->query('SELECT `donacio...', Array, false)
#4 C:\laragon\www\Tesis-SistemaControl\app\Controllers\Donaciones.php(24): CodeIgniter\Database\BaseBuilder->get()
#5 C:\laragon\www\Tesis-SistemaControl\vendor\codeigniter4\framework\system\CodeIgniter.php(943): App\Controllers\Donaciones->index()
#6 C:\laragon\www\Tesis-SistemaControl\vendor\codeigniter4\framework\system\CodeIgniter.php(503): CodeIgniter\CodeIgniter->runController(Object(App\Controllers\Donaciones))
#7 C:\laragon\www\Tesis-SistemaControl\vendor\codeigniter4\framework\system\CodeIgniter.php(361): CodeIgniter\CodeIgniter->handleRequest(NULL, Object(Config\Cache), false)
#8 C:\laragon\www\Tesis-SistemaControl\public\index.php(81): CodeIgniter\CodeIgniter->run()
#9 {main}
CRITICAL - 2024-09-12 21:12:00 --> CodeIgniter\Database\Exceptions\DatabaseException: Unknown column 'donaciones.nombreDonante' in 'field list'
in SYSTEMPATH\Database\BaseConnection.php on line 647.
 1 SYSTEMPATH\Database\BaseBuilder.php(1616): CodeIgniter\Database\BaseConnection->query('SELECT `donaciones`.`idDonaciones`, `donaciones`.`nombreDonante`, `donaciones`.`cantidad`, `donaciones`.`descripcion`, `donaciones`.`fechaDonacion`, `proyectos`.`nombreProyecto`
FROM `donaciones`
INNER JOIN `proyectos` ON `proyectos`.`idProyectos` = `donaciones`.`idProyectos`', [], false)
 2 APPPATH\Controllers\Donaciones.php(24): CodeIgniter\Database\BaseBuilder->get()
 3 SYSTEMPATH\CodeIgniter.php(943): App\Controllers\Donaciones->index()
 4 SYSTEMPATH\CodeIgniter.php(503): CodeIgniter\CodeIgniter->runController(Object(App\Controllers\Donaciones))
 5 SYSTEMPATH\CodeIgniter.php(361): CodeIgniter\CodeIgniter->handleRequest(null, Object(Config\Cache), false)
 6 FCPATH\index.php(81): CodeIgniter\CodeIgniter->run()
CRITICAL - 2024-09-12 21:12:00 --> [Caused by] CodeIgniter\Database\Exceptions\DatabaseException: Unknown column 'donaciones.nombreDonante' in 'field list'
in SYSTEMPATH\Database\MySQLi\Connection.php on line 311.
 1 SYSTEMPATH\Database\BaseConnection.php(693): CodeIgniter\Database\MySQLi\Connection->execute('SELECT `donaciones`.`idDonaciones`, `donaciones`.`nombreDonante`, `donaciones`.`cantidad`, `donaciones`.`descripcion`, `donaciones`.`fechaDonacion`, `proyectos`.`nombreProyecto`
FROM `donaciones`
INNER JOIN `proyectos` ON `proyectos`.`idProyectos` = `donaciones`.`idProyectos`')
 2 SYSTEMPATH\Database\BaseConnection.php(607): CodeIgniter\Database\BaseConnection->simpleQuery('SELECT `donaciones`.`idDonaciones`, `donaciones`.`nombreDonante`, `donaciones`.`cantidad`, `donaciones`.`descripcion`, `donaciones`.`fechaDonacion`, `proyectos`.`nombreProyecto`
FROM `donaciones`
INNER JOIN `proyectos` ON `proyectos`.`idProyectos` = `donaciones`.`idProyectos`')
 3 SYSTEMPATH\Database\BaseBuilder.php(1616): CodeIgniter\Database\BaseConnection->query('SELECT `donaciones`.`idDonaciones`, `donaciones`.`nombreDonante`, `donaciones`.`cantidad`, `donaciones`.`descripcion`, `donaciones`.`fechaDonacion`, `proyectos`.`nombreProyecto`
FROM `donaciones`
INNER JOIN `proyectos` ON `proyectos`.`idProyectos` = `donaciones`.`idProyectos`', [], false)
 4 APPPATH\Controllers\Donaciones.php(24): CodeIgniter\Database\BaseBuilder->get()
 5 SYSTEMPATH\CodeIgniter.php(943): App\Controllers\Donaciones->index()
 6 SYSTEMPATH\CodeIgniter.php(503): CodeIgniter\CodeIgniter->runController(Object(App\Controllers\Donaciones))
 7 SYSTEMPATH\CodeIgniter.php(361): CodeIgniter\CodeIgniter->handleRequest(null, Object(Config\Cache), false)
 8 FCPATH\index.php(81): CodeIgniter\CodeIgniter->run()
CRITICAL - 2024-09-12 21:12:00 --> [Caused by] mysqli_sql_exception: Unknown column 'donaciones.nombreDonante' in 'field list'
in SYSTEMPATH\Database\MySQLi\Connection.php on line 306.
 1 SYSTEMPATH\Database\MySQLi\Connection.php(306): mysqli->query('SELECT `donaciones`.`idDonaciones`, `donaciones`.`nombreDonante`, `donaciones`.`cantidad`, `donaciones`.`descripcion`, `donaciones`.`fechaDonacion`, `proyectos`.`nombreProyecto`
FROM `donaciones`
INNER JOIN `proyectos` ON `proyectos`.`idProyectos` = `donaciones`.`idProyectos`', 0)
 2 SYSTEMPATH\Database\BaseConnection.php(693): CodeIgniter\Database\MySQLi\Connection->execute('SELECT `donaciones`.`idDonaciones`, `donaciones`.`nombreDonante`, `donaciones`.`cantidad`, `donaciones`.`descripcion`, `donaciones`.`fechaDonacion`, `proyectos`.`nombreProyecto`
FROM `donaciones`
INNER JOIN `proyectos` ON `proyectos`.`idProyectos` = `donaciones`.`idProyectos`')
 3 SYSTEMPATH\Database\BaseConnection.php(607): CodeIgniter\Database\BaseConnection->simpleQuery('SELECT `donaciones`.`idDonaciones`, `donaciones`.`nombreDonante`, `donaciones`.`cantidad`, `donaciones`.`descripcion`, `donaciones`.`fechaDonacion`, `proyectos`.`nombreProyecto`
FROM `donaciones`
INNER JOIN `proyectos` ON `proyectos`.`idProyectos` = `donaciones`.`idProyectos`')
 4 SYSTEMPATH\Database\BaseBuilder.php(1616): CodeIgniter\Database\BaseConnection->query('SELECT `donaciones`.`idDonaciones`, `donaciones`.`nombreDonante`, `donaciones`.`cantidad`, `donaciones`.`descripcion`, `donaciones`.`fechaDonacion`, `proyectos`.`nombreProyecto`
FROM `donaciones`
INNER JOIN `proyectos` ON `proyectos`.`idProyectos` = `donaciones`.`idProyectos`', [], false)
 5 APPPATH\Controllers\Donaciones.php(24): CodeIgniter\Database\BaseBuilder->get()
 6 SYSTEMPATH\CodeIgniter.php(943): App\Controllers\Donaciones->index()
 7 SYSTEMPATH\CodeIgniter.php(503): CodeIgniter\CodeIgniter->runController(Object(App\Controllers\Donaciones))
 8 SYSTEMPATH\CodeIgniter.php(361): CodeIgniter\CodeIgniter->handleRequest(null, Object(Config\Cache), false)
 9 FCPATH\index.php(81): CodeIgniter\CodeIgniter->run()
ERROR - 2024-09-12 21:12:02 --> mysqli_sql_exception: Unknown column 'donaciones.nombreDonante' in 'field list' in C:\laragon\www\Tesis-SistemaControl\vendor\codeigniter4\framework\system\Database\MySQLi\Connection.php:306
Stack trace:
#0 C:\laragon\www\Tesis-SistemaControl\vendor\codeigniter4\framework\system\Database\MySQLi\Connection.php(306): mysqli->query('SELECT `donacio...', 0)
#1 C:\laragon\www\Tesis-SistemaControl\vendor\codeigniter4\framework\system\Database\BaseConnection.php(693): CodeIgniter\Database\MySQLi\Connection->execute('SELECT `donacio...')
#2 C:\laragon\www\Tesis-SistemaControl\vendor\codeigniter4\framework\system\Database\BaseConnection.php(607): CodeIgniter\Database\BaseConnection->simpleQuery('SELECT `donacio...')
#3 C:\laragon\www\Tesis-SistemaControl\vendor\codeigniter4\framework\system\Database\BaseBuilder.php(1616): CodeIgniter\Database\BaseConnection->query('SELECT `donacio...', Array, false)
#4 C:\laragon\www\Tesis-SistemaControl\app\Controllers\Donaciones.php(24): CodeIgniter\Database\BaseBuilder->get()
#5 C:\laragon\www\Tesis-SistemaControl\vendor\codeigniter4\framework\system\CodeIgniter.php(943): App\Controllers\Donaciones->index()
#6 C:\laragon\www\Tesis-SistemaControl\vendor\codeigniter4\framework\system\CodeIgniter.php(503): CodeIgniter\CodeIgniter->runController(Object(App\Controllers\Donaciones))
#7 C:\laragon\www\Tesis-SistemaControl\vendor\codeigniter4\framework\system\CodeIgniter.php(361): CodeIgniter\CodeIgniter->handleRequest(NULL, Object(Config\Cache), false)
#8 C:\laragon\www\Tesis-SistemaControl\public\index.php(81): CodeIgniter\CodeIgniter->run()
#9 {main}
CRITICAL - 2024-09-12 21:12:02 --> CodeIgniter\Database\Exceptions\DatabaseException: Unknown column 'donaciones.nombreDonante' in 'field list'
in SYSTEMPATH\Database\BaseConnection.php on line 647.
 1 SYSTEMPATH\Database\BaseBuilder.php(1616): CodeIgniter\Database\BaseConnection->query('SELECT `donaciones`.`idDonaciones`, `donaciones`.`nombreDonante`, `donaciones`.`cantidad`, `donaciones`.`descripcion`, `donaciones`.`fechaDonacion`, `proyectos`.`nombreProyecto`
FROM `donaciones`
INNER JOIN `proyectos` ON `proyectos`.`idProyectos` = `donaciones`.`idProyectos`', [], false)
 2 APPPATH\Controllers\Donaciones.php(24): CodeIgniter\Database\BaseBuilder->get()
 3 SYSTEMPATH\CodeIgniter.php(943): App\Controllers\Donaciones->index()
 4 SYSTEMPATH\CodeIgniter.php(503): CodeIgniter\CodeIgniter->runController(Object(App\Controllers\Donaciones))
 5 SYSTEMPATH\CodeIgniter.php(361): CodeIgniter\CodeIgniter->handleRequest(null, Object(Config\Cache), false)
 6 FCPATH\index.php(81): CodeIgniter\CodeIgniter->run()
CRITICAL - 2024-09-12 21:12:02 --> [Caused by] CodeIgniter\Database\Exceptions\DatabaseException: Unknown column 'donaciones.nombreDonante' in 'field list'
in SYSTEMPATH\Database\MySQLi\Connection.php on line 311.
 1 SYSTEMPATH\Database\BaseConnection.php(693): CodeIgniter\Database\MySQLi\Connection->execute('SELECT `donaciones`.`idDonaciones`, `donaciones`.`nombreDonante`, `donaciones`.`cantidad`, `donaciones`.`descripcion`, `donaciones`.`fechaDonacion`, `proyectos`.`nombreProyecto`
FROM `donaciones`
INNER JOIN `proyectos` ON `proyectos`.`idProyectos` = `donaciones`.`idProyectos`')
 2 SYSTEMPATH\Database\BaseConnection.php(607): CodeIgniter\Database\BaseConnection->simpleQuery('SELECT `donaciones`.`idDonaciones`, `donaciones`.`nombreDonante`, `donaciones`.`cantidad`, `donaciones`.`descripcion`, `donaciones`.`fechaDonacion`, `proyectos`.`nombreProyecto`
FROM `donaciones`
INNER JOIN `proyectos` ON `proyectos`.`idProyectos` = `donaciones`.`idProyectos`')
 3 SYSTEMPATH\Database\BaseBuilder.php(1616): CodeIgniter\Database\BaseConnection->query('SELECT `donaciones`.`idDonaciones`, `donaciones`.`nombreDonante`, `donaciones`.`cantidad`, `donaciones`.`descripcion`, `donaciones`.`fechaDonacion`, `proyectos`.`nombreProyecto`
FROM `donaciones`
INNER JOIN `proyectos` ON `proyectos`.`idProyectos` = `donaciones`.`idProyectos`', [], false)
 4 APPPATH\Controllers\Donaciones.php(24): CodeIgniter\Database\BaseBuilder->get()
 5 SYSTEMPATH\CodeIgniter.php(943): App\Controllers\Donaciones->index()
 6 SYSTEMPATH\CodeIgniter.php(503): CodeIgniter\CodeIgniter->runController(Object(App\Controllers\Donaciones))
 7 SYSTEMPATH\CodeIgniter.php(361): CodeIgniter\CodeIgniter->handleRequest(null, Object(Config\Cache), false)
 8 FCPATH\index.php(81): CodeIgniter\CodeIgniter->run()
CRITICAL - 2024-09-12 21:12:02 --> [Caused by] mysqli_sql_exception: Unknown column 'donaciones.nombreDonante' in 'field list'
in SYSTEMPATH\Database\MySQLi\Connection.php on line 306.
 1 SYSTEMPATH\Database\MySQLi\Connection.php(306): mysqli->query('SELECT `donaciones`.`idDonaciones`, `donaciones`.`nombreDonante`, `donaciones`.`cantidad`, `donaciones`.`descripcion`, `donaciones`.`fechaDonacion`, `proyectos`.`nombreProyecto`
FROM `donaciones`
INNER JOIN `proyectos` ON `proyectos`.`idProyectos` = `donaciones`.`idProyectos`', 0)
 2 SYSTEMPATH\Database\BaseConnection.php(693): CodeIgniter\Database\MySQLi\Connection->execute('SELECT `donaciones`.`idDonaciones`, `donaciones`.`nombreDonante`, `donaciones`.`cantidad`, `donaciones`.`descripcion`, `donaciones`.`fechaDonacion`, `proyectos`.`nombreProyecto`
FROM `donaciones`
INNER JOIN `proyectos` ON `proyectos`.`idProyectos` = `donaciones`.`idProyectos`')
 3 SYSTEMPATH\Database\BaseConnection.php(607): CodeIgniter\Database\BaseConnection->simpleQuery('SELECT `donaciones`.`idDonaciones`, `donaciones`.`nombreDonante`, `donaciones`.`cantidad`, `donaciones`.`descripcion`, `donaciones`.`fechaDonacion`, `proyectos`.`nombreProyecto`
FROM `donaciones`
INNER JOIN `proyectos` ON `proyectos`.`idProyectos` = `donaciones`.`idProyectos`')
 4 SYSTEMPATH\Database\BaseBuilder.php(1616): CodeIgniter\Database\BaseConnection->query('SELECT `donaciones`.`idDonaciones`, `donaciones`.`nombreDonante`, `donaciones`.`cantidad`, `donaciones`.`descripcion`, `donaciones`.`fechaDonacion`, `proyectos`.`nombreProyecto`
FROM `donaciones`
INNER JOIN `proyectos` ON `proyectos`.`idProyectos` = `donaciones`.`idProyectos`', [], false)
 5 APPPATH\Controllers\Donaciones.php(24): CodeIgniter\Database\BaseBuilder->get()
 6 SYSTEMPATH\CodeIgniter.php(943): App\Controllers\Donaciones->index()
 7 SYSTEMPATH\CodeIgniter.php(503): CodeIgniter\CodeIgniter->runController(Object(App\Controllers\Donaciones))
 8 SYSTEMPATH\CodeIgniter.php(361): CodeIgniter\CodeIgniter->handleRequest(null, Object(Config\Cache), false)
 9 FCPATH\index.php(81): CodeIgniter\CodeIgniter->run()
ERROR - 2024-09-12 21:12:28 --> mysqli_sql_exception: Unknown column 'idDatosResponsable.nombreCompleto' in 'field list' in C:\laragon\www\Tesis-SistemaControl\vendor\codeigniter4\framework\system\Database\MySQLi\Connection.php:306
Stack trace:
#0 C:\laragon\www\Tesis-SistemaControl\vendor\codeigniter4\framework\system\Database\MySQLi\Connection.php(306): mysqli->query('SELECT `donacio...', 0)
#1 C:\laragon\www\Tesis-SistemaControl\vendor\codeigniter4\framework\system\Database\BaseConnection.php(693): CodeIgniter\Database\MySQLi\Connection->execute('SELECT `donacio...')
#2 C:\laragon\www\Tesis-SistemaControl\vendor\codeigniter4\framework\system\Database\BaseConnection.php(607): CodeIgniter\Database\BaseConnection->simpleQuery('SELECT `donacio...')
#3 C:\laragon\www\Tesis-SistemaControl\vendor\codeigniter4\framework\system\Database\BaseBuilder.php(1616): CodeIgniter\Database\BaseConnection->query('SELECT `donacio...', Array, false)
#4 C:\laragon\www\Tesis-SistemaControl\app\Controllers\Donaciones.php(25): CodeIgniter\Database\BaseBuilder->get()
#5 C:\laragon\www\Tesis-SistemaControl\vendor\codeigniter4\framework\system\CodeIgniter.php(943): App\Controllers\Donaciones->index()
#6 C:\laragon\www\Tesis-SistemaControl\vendor\codeigniter4\framework\system\CodeIgniter.php(503): CodeIgniter\CodeIgniter->runController(Object(App\Controllers\Donaciones))
#7 C:\laragon\www\Tesis-SistemaControl\vendor\codeigniter4\framework\system\CodeIgniter.php(361): CodeIgniter\CodeIgniter->handleRequest(NULL, Object(Config\Cache), false)
#8 C:\laragon\www\Tesis-SistemaControl\public\index.php(81): CodeIgniter\CodeIgniter->run()
#9 {main}
CRITICAL - 2024-09-12 21:12:28 --> CodeIgniter\Database\Exceptions\DatabaseException: Unknown column 'idDatosResponsable.nombreCompleto' in 'field list'
in SYSTEMPATH\Database\BaseConnection.php on line 647.
 1 SYSTEMPATH\Database\BaseBuilder.php(1616): CodeIgniter\Database\BaseConnection->query('SELECT `donaciones`.`idDonaciones`, `idDatosResponsable`.`nombreCompleto`, `donaciones`.`cantidad`, `donaciones`.`descripcion`, `donaciones`.`fechaDonacion`, `proyectos`.`nombreProyecto`
FROM `donaciones`
INNER JOIN `proyectos` ON `proyectos`.`idProyectos` = `donaciones`.`idProyectos`
INNER JOIN `datos_responsable` ON `datos_responsable`.`idDatosResponsable` = `donaciones`.`idDatosResponsable`', [], false)
 2 APPPATH\Controllers\Donaciones.php(25): CodeIgniter\Database\BaseBuilder->get()
 3 SYSTEMPATH\CodeIgniter.php(943): App\Controllers\Donaciones->index()
 4 SYSTEMPATH\CodeIgniter.php(503): CodeIgniter\CodeIgniter->runController(Object(App\Controllers\Donaciones))
 5 SYSTEMPATH\CodeIgniter.php(361): CodeIgniter\CodeIgniter->handleRequest(null, Object(Config\Cache), false)
 6 FCPATH\index.php(81): CodeIgniter\CodeIgniter->run()
CRITICAL - 2024-09-12 21:12:28 --> [Caused by] CodeIgniter\Database\Exceptions\DatabaseException: Unknown column 'idDatosResponsable.nombreCompleto' in 'field list'
in SYSTEMPATH\Database\MySQLi\Connection.php on line 311.
 1 SYSTEMPATH\Database\BaseConnection.php(693): CodeIgniter\Database\MySQLi\Connection->execute('SELECT `donaciones`.`idDonaciones`, `idDatosResponsable`.`nombreCompleto`, `donaciones`.`cantidad`, `donaciones`.`descripcion`, `donaciones`.`fechaDonacion`, `proyectos`.`nombreProyecto`
FROM `donaciones`
INNER JOIN `proyectos` ON `proyectos`.`idProyectos` = `donaciones`.`idProyectos`
INNER JOIN `datos_responsable` ON `datos_responsable`.`idDatosResponsable` = `donaciones`.`idDatosResponsable`')
 2 SYSTEMPATH\Database\BaseConnection.php(607): CodeIgniter\Database\BaseConnection->simpleQuery('SELECT `donaciones`.`idDonaciones`, `idDatosResponsable`.`nombreCompleto`, `donaciones`.`cantidad`, `donaciones`.`descripcion`, `donaciones`.`fechaDonacion`, `proyectos`.`nombreProyecto`
FROM `donaciones`
INNER JOIN `proyectos` ON `proyectos`.`idProyectos` = `donaciones`.`idProyectos`
INNER JOIN `datos_responsable` ON `datos_responsable`.`idDatosResponsable` = `donaciones`.`idDatosResponsable`')
 3 SYSTEMPATH\Database\BaseBuilder.php(1616): CodeIgniter\Database\BaseConnection->query('SELECT `donaciones`.`idDonaciones`, `idDatosResponsable`.`nombreCompleto`, `donaciones`.`cantidad`, `donaciones`.`descripcion`, `donaciones`.`fechaDonacion`, `proyectos`.`nombreProyecto`
FROM `donaciones`
INNER JOIN `proyectos` ON `proyectos`.`idProyectos` = `donaciones`.`idProyectos`
INNER JOIN `datos_responsable` ON `datos_responsable`.`idDatosResponsable` = `donaciones`.`idDatosResponsable`', [], false)
 4 APPPATH\Controllers\Donaciones.php(25): CodeIgniter\Database\BaseBuilder->get()
 5 SYSTEMPATH\CodeIgniter.php(943): App\Controllers\Donaciones->index()
 6 SYSTEMPATH\CodeIgniter.php(503): CodeIgniter\CodeIgniter->runController(Object(App\Controllers\Donaciones))
 7 SYSTEMPATH\CodeIgniter.php(361): CodeIgniter\CodeIgniter->handleRequest(null, Object(Config\Cache), false)
 8 FCPATH\index.php(81): CodeIgniter\CodeIgniter->run()
CRITICAL - 2024-09-12 21:12:28 --> [Caused by] mysqli_sql_exception: Unknown column 'idDatosResponsable.nombreCompleto' in 'field list'
in SYSTEMPATH\Database\MySQLi\Connection.php on line 306.
 1 SYSTEMPATH\Database\MySQLi\Connection.php(306): mysqli->query('SELECT `donaciones`.`idDonaciones`, `idDatosResponsable`.`nombreCompleto`, `donaciones`.`cantidad`, `donaciones`.`descripcion`, `donaciones`.`fechaDonacion`, `proyectos`.`nombreProyecto`
FROM `donaciones`
INNER JOIN `proyectos` ON `proyectos`.`idProyectos` = `donaciones`.`idProyectos`
INNER JOIN `datos_responsable` ON `datos_responsable`.`idDatosResponsable` = `donaciones`.`idDatosResponsable`', 0)
 2 SYSTEMPATH\Database\BaseConnection.php(693): CodeIgniter\Database\MySQLi\Connection->execute('SELECT `donaciones`.`idDonaciones`, `idDatosResponsable`.`nombreCompleto`, `donaciones`.`cantidad`, `donaciones`.`descripcion`, `donaciones`.`fechaDonacion`, `proyectos`.`nombreProyecto`
FROM `donaciones`
INNER JOIN `proyectos` ON `proyectos`.`idProyectos` = `donaciones`.`idProyectos`
INNER JOIN `datos_responsable` ON `datos_responsable`.`idDatosResponsable` = `donaciones`.`idDatosResponsable`')
 3 SYSTEMPATH\Database\BaseConnection.php(607): CodeIgniter\Database\BaseConnection->simpleQuery('SELECT `donaciones`.`idDonaciones`, `idDatosResponsable`.`nombreCompleto`, `donaciones`.`cantidad`, `donaciones`.`descripcion`, `donaciones`.`fechaDonacion`, `proyectos`.`nombreProyecto`
FROM `donaciones`
INNER JOIN `proyectos` ON `proyectos`.`idProyectos` = `donaciones`.`idProyectos`
INNER JOIN `datos_responsable` ON `datos_responsable`.`idDatosResponsable` = `donaciones`.`idDatosResponsable`')
 4 SYSTEMPATH\Database\BaseBuilder.php(1616): CodeIgniter\Database\BaseConnection->query('SELECT `donaciones`.`idDonaciones`, `idDatosResponsable`.`nombreCompleto`, `donaciones`.`cantidad`, `donaciones`.`descripcion`, `donaciones`.`fechaDonacion`, `proyectos`.`nombreProyecto`
FROM `donaciones`
INNER JOIN `proyectos` ON `proyectos`.`idProyectos` = `donaciones`.`idProyectos`
INNER JOIN `datos_responsable` ON `datos_responsable`.`idDatosResponsable` = `donaciones`.`idDatosResponsable`', [], false)
 5 APPPATH\Controllers\Donaciones.php(25): CodeIgniter\Database\BaseBuilder->get()
 6 SYSTEMPATH\CodeIgniter.php(943): App\Controllers\Donaciones->index()
 7 SYSTEMPATH\CodeIgniter.php(503): CodeIgniter\CodeIgniter->runController(Object(App\Controllers\Donaciones))
 8 SYSTEMPATH\CodeIgniter.php(361): CodeIgniter\CodeIgniter->handleRequest(null, Object(Config\Cache), false)
 9 FCPATH\index.php(81): CodeIgniter\CodeIgniter->run()
INFO - 2024-09-12 21:13:01 --> Session: Class initialized using 'CodeIgniter\Session\Handlers\FileHandler' driver.
INFO - 2024-09-12 21:42:05 --> Session: Class initialized using 'CodeIgniter\Session\Handlers\FileHandler' driver.
ERROR - 2024-09-12 21:42:05 --> mysqli_sql_exception: Table 'sistema_control4.solicitud_productos' doesn't exist in C:\laragon\www\Tesis-SistemaControl\vendor\codeigniter4\framework\system\Database\MySQLi\Connection.php:306
Stack trace:
#0 C:\laragon\www\Tesis-SistemaControl\vendor\codeigniter4\framework\system\Database\MySQLi\Connection.php(306): mysqli->query('SELECT *\nFROM `...', 0)
#1 C:\laragon\www\Tesis-SistemaControl\vendor\codeigniter4\framework\system\Database\BaseConnection.php(693): CodeIgniter\Database\MySQLi\Connection->execute('SELECT *\nFROM `...')
#2 C:\laragon\www\Tesis-SistemaControl\vendor\codeigniter4\framework\system\Database\BaseConnection.php(607): CodeIgniter\Database\BaseConnection->simpleQuery('SELECT *\nFROM `...')
#3 C:\laragon\www\Tesis-SistemaControl\vendor\codeigniter4\framework\system\Database\BaseBuilder.php(1616): CodeIgniter\Database\BaseConnection->query('SELECT *\nFROM `...', Array, false)
#4 C:\laragon\www\Tesis-SistemaControl\app\Models\SolicitudProductosModel.php(131): CodeIgniter\Database\BaseBuilder->get()
#5 C:\laragon\www\Tesis-SistemaControl\app\Controllers\ReporteSolicitudProductos.php(23): App\Models\SolicitudProductosModel->getReporteSolicitudProductos()
#6 C:\laragon\www\Tesis-SistemaControl\vendor\codeigniter4\framework\system\CodeIgniter.php(943): App\Controllers\ReporteSolicitudProductos->index()
#7 C:\laragon\www\Tesis-SistemaControl\vendor\codeigniter4\framework\system\CodeIgniter.php(503): CodeIgniter\CodeIgniter->runController(Object(App\Controllers\ReporteSolicitudProductos))
#8 C:\laragon\www\Tesis-SistemaControl\vendor\codeigniter4\framework\system\CodeIgniter.php(361): CodeIgniter\CodeIgniter->handleRequest(NULL, Object(Config\Cache), false)
#9 C:\laragon\www\Tesis-SistemaControl\public\index.php(81): CodeIgniter\CodeIgniter->run()
#10 {main}
CRITICAL - 2024-09-12 21:42:05 --> CodeIgniter\Database\Exceptions\DatabaseException: Table 'sistema_control4.solicitud_productos' doesn't exist
in SYSTEMPATH\Database\BaseConnection.php on line 647.
 1 SYSTEMPATH\Database\BaseBuilder.php(1616): CodeIgniter\Database\BaseConnection->query('SELECT *
FROM `solicitud_productos`', [], false)
 2 APPPATH\Models\SolicitudProductosModel.php(131): CodeIgniter\Database\BaseBuilder->get()
 3 APPPATH\Controllers\ReporteSolicitudProductos.php(23): App\Models\SolicitudProductosModel->getReporteSolicitudProductos()
 4 SYSTEMPATH\CodeIgniter.php(943): App\Controllers\ReporteSolicitudProductos->index()
 5 SYSTEMPATH\CodeIgniter.php(503): CodeIgniter\CodeIgniter->runController(Object(App\Controllers\ReporteSolicitudProductos))
 6 SYSTEMPATH\CodeIgniter.php(361): CodeIgniter\CodeIgniter->handleRequest(null, Object(Config\Cache), false)
 7 FCPATH\index.php(81): CodeIgniter\CodeIgniter->run()
CRITICAL - 2024-09-12 21:42:05 --> [Caused by] CodeIgniter\Database\Exceptions\DatabaseException: Table 'sistema_control4.solicitud_productos' doesn't exist
in SYSTEMPATH\Database\MySQLi\Connection.php on line 311.
 1 SYSTEMPATH\Database\BaseConnection.php(693): CodeIgniter\Database\MySQLi\Connection->execute('SELECT *
FROM `solicitud_productos`')
 2 SYSTEMPATH\Database\BaseConnection.php(607): CodeIgniter\Database\BaseConnection->simpleQuery('SELECT *
FROM `solicitud_productos`')
 3 SYSTEMPATH\Database\BaseBuilder.php(1616): CodeIgniter\Database\BaseConnection->query('SELECT *
FROM `solicitud_productos`', [], false)
 4 APPPATH\Models\SolicitudProductosModel.php(131): CodeIgniter\Database\BaseBuilder->get()
 5 APPPATH\Controllers\ReporteSolicitudProductos.php(23): App\Models\SolicitudProductosModel->getReporteSolicitudProductos()
 6 SYSTEMPATH\CodeIgniter.php(943): App\Controllers\ReporteSolicitudProductos->index()
 7 SYSTEMPATH\CodeIgniter.php(503): CodeIgniter\CodeIgniter->runController(Object(App\Controllers\ReporteSolicitudProductos))
 8 SYSTEMPATH\CodeIgniter.php(361): CodeIgniter\CodeIgniter->handleRequest(null, Object(Config\Cache), false)
 9 FCPATH\index.php(81): CodeIgniter\CodeIgniter->run()
CRITICAL - 2024-09-12 21:42:05 --> [Caused by] mysqli_sql_exception: Table 'sistema_control4.solicitud_productos' doesn't exist
in SYSTEMPATH\Database\MySQLi\Connection.php on line 306.
 1 SYSTEMPATH\Database\MySQLi\Connection.php(306): mysqli->query('SELECT *
FROM `solicitud_productos`', 0)
 2 SYSTEMPATH\Database\BaseConnection.php(693): CodeIgniter\Database\MySQLi\Connection->execute('SELECT *
FROM `solicitud_productos`')
 3 SYSTEMPATH\Database\BaseConnection.php(607): CodeIgniter\Database\BaseConnection->simpleQuery('SELECT *
FROM `solicitud_productos`')
 4 SYSTEMPATH\Database\BaseBuilder.php(1616): CodeIgniter\Database\BaseConnection->query('SELECT *
FROM `solicitud_productos`', [], false)
 5 APPPATH\Models\SolicitudProductosModel.php(131): CodeIgniter\Database\BaseBuilder->get()
 6 APPPATH\Controllers\ReporteSolicitudProductos.php(23): App\Models\SolicitudProductosModel->getReporteSolicitudProductos()
 7 SYSTEMPATH\CodeIgniter.php(943): App\Controllers\ReporteSolicitudProductos->index()
 8 SYSTEMPATH\CodeIgniter.php(503): CodeIgniter\CodeIgniter->runController(Object(App\Controllers\ReporteSolicitudProductos))
 9 SYSTEMPATH\CodeIgniter.php(361): CodeIgniter\CodeIgniter->handleRequest(null, Object(Config\Cache), false)
10 FCPATH\index.php(81): CodeIgniter\CodeIgniter->run()
INFO - 2024-09-12 21:42:23 --> Session: Class initialized using 'CodeIgniter\Session\Handlers\FileHandler' driver.
INFO - 2024-09-12 22:04:07 --> Session: Class initialized using 'CodeIgniter\Session\Handlers\FileHandler' driver.
CRITICAL - 2024-09-12 22:18:44 --> ArgumentCountError: Too few arguments to function CodeIgniter\Database\BaseBuilder::where(), 0 passed in C:\laragon\www\Tesis-SistemaControl\app\Controllers\Donaciones.php on line 25 and at least 1 expected
in SYSTEMPATH\Database\BaseBuilder.php on line 696.
 1 APPPATH\Controllers\Donaciones.php(25): CodeIgniter\Database\BaseBuilder->where()
 2 SYSTEMPATH\CodeIgniter.php(943): App\Controllers\Donaciones->index()
 3 SYSTEMPATH\CodeIgniter.php(503): CodeIgniter\CodeIgniter->runController(Object(App\Controllers\Donaciones))
 4 SYSTEMPATH\CodeIgniter.php(361): CodeIgniter\CodeIgniter->handleRequest(null, Object(Config\Cache), false)
 5 FCPATH\index.php(81): CodeIgniter\CodeIgniter->run()
INFO - 2024-09-12 22:19:24 --> Session: Class initialized using 'CodeIgniter\Session\Handlers\FileHandler' driver.
INFO - 2024-09-12 22:19:59 --> Session: Class initialized using 'CodeIgniter\Session\Handlers\FileHandler' driver.
INFO - 2024-09-12 22:20:02 --> Session: Class initialized using 'CodeIgniter\Session\Handlers\FileHandler' driver.
CRITICAL - 2024-09-12 22:20:09 --> Error: Class "App\Controllers\Dompdf" not found
in APPPATH\Controllers\Donaciones.php on line 111.
 1 SYSTEMPATH\CodeIgniter.php(943): App\Controllers\Donaciones->GenerarTicket('2')
 2 SYSTEMPATH\CodeIgniter.php(503): CodeIgniter\CodeIgniter->runController(Object(App\Controllers\Donaciones))
 3 SYSTEMPATH\CodeIgniter.php(361): CodeIgniter\CodeIgniter->handleRequest(null, Object(Config\Cache), false)
 4 FCPATH\index.php(81): CodeIgniter\CodeIgniter->run()
CRITICAL - 2024-09-12 22:26:25 --> ErrorException: Attempt to read property "nombreCompleto" on array
in APPPATH\Views\reportes\reciboDonacion.php on line 68.
 1 APPPATH\Views\reportes\reciboDonacion.php(68): CodeIgniter\Debug\Exceptions->errorHandler(2, 'Attempt to read property "nombreCompleto" on array', 'C:\\laragon\\www\\Tesis-SistemaControl\\app\\Views\\reportes\\reciboDonacion.php', 68)
 2 SYSTEMPATH\View\View.php(228): include('C:\\laragon\\www\\Tesis-SistemaControl\\app\\Views\\reportes\\reciboDonacion.php')
 3 SYSTEMPATH\View\View.php(231): CodeIgniter\View\View->CodeIgniter\View\{closure}()
 4 SYSTEMPATH\Common.php(1178): CodeIgniter\View\View->render('reportes/reciboDonacion', [], true)
 5 APPPATH\Controllers\Donaciones.php(121): view('reportes/reciboDonacion', [...])
 6 SYSTEMPATH\CodeIgniter.php(943): App\Controllers\Donaciones->GenerarTicket('2')
 7 SYSTEMPATH\CodeIgniter.php(503): CodeIgniter\CodeIgniter->runController(Object(App\Controllers\Donaciones))
 8 SYSTEMPATH\CodeIgniter.php(361): CodeIgniter\CodeIgniter->handleRequest(null, Object(Config\Cache), false)
 9 FCPATH\index.php(81): CodeIgniter\CodeIgniter->run()
CRITICAL - 2024-09-12 22:29:35 --> ErrorException: Attempt to read property "descripcion" on array
in APPPATH\Views\reportes\reciboDonacion.php on line 69.
 1 APPPATH\Views\reportes\reciboDonacion.php(69): CodeIgniter\Debug\Exceptions->errorHandler(2, 'Attempt to read property "descripcion" on array', 'C:\\laragon\\www\\Tesis-SistemaControl\\app\\Views\\reportes\\reciboDonacion.php', 69)
 2 SYSTEMPATH\View\View.php(228): include('C:\\laragon\\www\\Tesis-SistemaControl\\app\\Views\\reportes\\reciboDonacion.php')
 3 SYSTEMPATH\View\View.php(231): CodeIgniter\View\View->CodeIgniter\View\{closure}()
 4 SYSTEMPATH\Common.php(1178): CodeIgniter\View\View->render('reportes/reciboDonacion', [], true)
 5 APPPATH\Controllers\Donaciones.php(121): view('reportes/reciboDonacion', [...])
 6 SYSTEMPATH\CodeIgniter.php(943): App\Controllers\Donaciones->GenerarTicket('2')
 7 SYSTEMPATH\CodeIgniter.php(503): CodeIgniter\CodeIgniter->runController(Object(App\Controllers\Donaciones))
 8 SYSTEMPATH\CodeIgniter.php(361): CodeIgniter\CodeIgniter->handleRequest(null, Object(Config\Cache), false)
 9 FCPATH\index.php(81): CodeIgniter\CodeIgniter->run()
INFO - 2024-09-12 22:40:05 --> Session: Class initialized using 'CodeIgniter\Session\Handlers\FileHandler' driver.
