INFO - 2024-07-02 22:23:15 --> Session: Class initialized using 'CodeIgniter\Session\Handlers\FileHandler' driver.
INFO - 2024-07-02 22:23:16 --> Session: Class initialized using 'CodeIgniter\Session\Handlers\FileHandler' driver.
INFO - 2024-07-02 22:23:22 --> Session: Class initialized using 'CodeIgniter\Session\Handlers\FileHandler' driver.
ERROR - 2024-07-02 22:23:22 --> mysqli_sql_exception: Unknown column 'usuarios.idDocente' in 'on clause' in C:\laragon\www\Tesis-SistemaControl\vendor\codeigniter4\framework\system\Database\MySQLi\Connection.php:306
Stack trace:
#0 C:\laragon\www\Tesis-SistemaControl\vendor\codeigniter4\framework\system\Database\MySQLi\Connection.php(306): mysqli->query('SELECT `rol`.`n...', 0)
#1 C:\laragon\www\Tesis-SistemaControl\vendor\codeigniter4\framework\system\Database\BaseConnection.php(693): CodeIgniter\Database\MySQLi\Connection->execute('SELECT `rol`.`n...')
#2 C:\laragon\www\Tesis-SistemaControl\vendor\codeigniter4\framework\system\Database\BaseConnection.php(607): CodeIgniter\Database\BaseConnection->simpleQuery('SELECT `rol`.`n...')
#3 C:\laragon\www\Tesis-SistemaControl\vendor\codeigniter4\framework\system\Database\BaseBuilder.php(1616): CodeIgniter\Database\BaseConnection->query('SELECT `rol`.`n...', Array, false)
#4 C:\laragon\www\Tesis-SistemaControl\vendor\codeigniter4\framework\system\Model.php(271): CodeIgniter\Database\BaseBuilder->get()
#5 C:\laragon\www\Tesis-SistemaControl\vendor\codeigniter4\framework\system\BaseModel.php(679): CodeIgniter\Model->doFirst()
#6 C:\laragon\www\Tesis-SistemaControl\app\Controllers\Login.php(54): CodeIgniter\BaseModel->first()
#7 C:\laragon\www\Tesis-SistemaControl\vendor\codeigniter4\framework\system\CodeIgniter.php(943): App\Controllers\Login->signIn()
#8 C:\laragon\www\Tesis-SistemaControl\vendor\codeigniter4\framework\system\CodeIgniter.php(503): CodeIgniter\CodeIgniter->runController(Object(App\Controllers\Login))
#9 C:\laragon\www\Tesis-SistemaControl\vendor\codeigniter4\framework\system\CodeIgniter.php(361): CodeIgniter\CodeIgniter->handleRequest(NULL, Object(Config\Cache), false)
#10 C:\laragon\www\Tesis-SistemaControl\public\index.php(79): CodeIgniter\CodeIgniter->run()
#11 {main}
CRITICAL - 2024-07-02 22:23:22 --> CodeIgniter\Database\Exceptions\DatabaseException: Unknown column 'usuarios.idDocente' in 'on clause'
in SYSTEMPATH\Database\BaseConnection.php on line 647.
 1 SYSTEMPATH\Database\BaseBuilder.php(1616): CodeIgniter\Database\BaseConnection->query('SELECT `rol`.`nombreRol`, `docente`.`nombre_completo`
FROM `usuarios`
INNER JOIN `rol` ON `rol`.`idRol` = `usuarios`.`idRol`
INNER JOIN `docente` ON `docente`.`idDocente` = `usuarios`.`idDocente`
WHERE `usuario` = :usuario:
 LIMIT 1', [...], false)
 2 SYSTEMPATH\Model.php(271): CodeIgniter\Database\BaseBuilder->get()
 3 SYSTEMPATH\BaseModel.php(679): CodeIgniter\Model->doFirst()
 4 APPPATH\Controllers\Login.php(54): CodeIgniter\BaseModel->first()
 5 SYSTEMPATH\CodeIgniter.php(943): App\Controllers\Login->signIn()
 6 SYSTEMPATH\CodeIgniter.php(503): CodeIgniter\CodeIgniter->runController(Object(App\Controllers\Login))
 7 SYSTEMPATH\CodeIgniter.php(361): CodeIgniter\CodeIgniter->handleRequest(null, Object(Config\Cache), false)
 8 FCPATH\index.php(79): CodeIgniter\CodeIgniter->run()
CRITICAL - 2024-07-02 22:23:22 --> [Caused by] CodeIgniter\Database\Exceptions\DatabaseException: Unknown column 'usuarios.idDocente' in 'on clause'
in SYSTEMPATH\Database\MySQLi\Connection.php on line 311.
 1 SYSTEMPATH\Database\BaseConnection.php(693): CodeIgniter\Database\MySQLi\Connection->execute('SELECT `rol`.`nombreRol`, `docente`.`nombre_completo`
FROM `usuarios`
INNER JOIN `rol` ON `rol`.`idRol` = `usuarios`.`idRol`
INNER JOIN `docente` ON `docente`.`idDocente` = `usuarios`.`idDocente`
WHERE `usuario` = \'febe\'
 LIMIT 1')
 2 SYSTEMPATH\Database\BaseConnection.php(607): CodeIgniter\Database\BaseConnection->simpleQuery('SELECT `rol`.`nombreRol`, `docente`.`nombre_completo`
FROM `usuarios`
INNER JOIN `rol` ON `rol`.`idRol` = `usuarios`.`idRol`
INNER JOIN `docente` ON `docente`.`idDocente` = `usuarios`.`idDocente`
WHERE `usuario` = \'febe\'
 LIMIT 1')
 3 SYSTEMPATH\Database\BaseBuilder.php(1616): CodeIgniter\Database\BaseConnection->query('SELECT `rol`.`nombreRol`, `docente`.`nombre_completo`
FROM `usuarios`
INNER JOIN `rol` ON `rol`.`idRol` = `usuarios`.`idRol`
INNER JOIN `docente` ON `docente`.`idDocente` = `usuarios`.`idDocente`
WHERE `usuario` = :usuario:
 LIMIT 1', [...], false)
 4 SYSTEMPATH\Model.php(271): CodeIgniter\Database\BaseBuilder->get()
 5 SYSTEMPATH\BaseModel.php(679): CodeIgniter\Model->doFirst()
 6 APPPATH\Controllers\Login.php(54): CodeIgniter\BaseModel->first()
 7 SYSTEMPATH\CodeIgniter.php(943): App\Controllers\Login->signIn()
 8 SYSTEMPATH\CodeIgniter.php(503): CodeIgniter\CodeIgniter->runController(Object(App\Controllers\Login))
 9 SYSTEMPATH\CodeIgniter.php(361): CodeIgniter\CodeIgniter->handleRequest(null, Object(Config\Cache), false)
10 FCPATH\index.php(79): CodeIgniter\CodeIgniter->run()
CRITICAL - 2024-07-02 22:23:22 --> [Caused by] mysqli_sql_exception: Unknown column 'usuarios.idDocente' in 'on clause'
in SYSTEMPATH\Database\MySQLi\Connection.php on line 306.
 1 SYSTEMPATH\Database\MySQLi\Connection.php(306): mysqli->query('SELECT `rol`.`nombreRol`, `docente`.`nombre_completo`
FROM `usuarios`
INNER JOIN `rol` ON `rol`.`idRol` = `usuarios`.`idRol`
INNER JOIN `docente` ON `docente`.`idDocente` = `usuarios`.`idDocente`
WHERE `usuario` = \'febe\'
 LIMIT 1', 0)
 2 SYSTEMPATH\Database\BaseConnection.php(693): CodeIgniter\Database\MySQLi\Connection->execute('SELECT `rol`.`nombreRol`, `docente`.`nombre_completo`
FROM `usuarios`
INNER JOIN `rol` ON `rol`.`idRol` = `usuarios`.`idRol`
INNER JOIN `docente` ON `docente`.`idDocente` = `usuarios`.`idDocente`
WHERE `usuario` = \'febe\'
 LIMIT 1')
 3 SYSTEMPATH\Database\BaseConnection.php(607): CodeIgniter\Database\BaseConnection->simpleQuery('SELECT `rol`.`nombreRol`, `docente`.`nombre_completo`
FROM `usuarios`
INNER JOIN `rol` ON `rol`.`idRol` = `usuarios`.`idRol`
INNER JOIN `docente` ON `docente`.`idDocente` = `usuarios`.`idDocente`
WHERE `usuario` = \'febe\'
 LIMIT 1')
 4 SYSTEMPATH\Database\BaseBuilder.php(1616): CodeIgniter\Database\BaseConnection->query('SELECT `rol`.`nombreRol`, `docente`.`nombre_completo`
FROM `usuarios`
INNER JOIN `rol` ON `rol`.`idRol` = `usuarios`.`idRol`
INNER JOIN `docente` ON `docente`.`idDocente` = `usuarios`.`idDocente`
WHERE `usuario` = :usuario:
 LIMIT 1', [...], false)
 5 SYSTEMPATH\Model.php(271): CodeIgniter\Database\BaseBuilder->get()
 6 SYSTEMPATH\BaseModel.php(679): CodeIgniter\Model->doFirst()
 7 APPPATH\Controllers\Login.php(54): CodeIgniter\BaseModel->first()
 8 SYSTEMPATH\CodeIgniter.php(943): App\Controllers\Login->signIn()
 9 SYSTEMPATH\CodeIgniter.php(503): CodeIgniter\CodeIgniter->runController(Object(App\Controllers\Login))
10 SYSTEMPATH\CodeIgniter.php(361): CodeIgniter\CodeIgniter->handleRequest(null, Object(Config\Cache), false)
11 FCPATH\index.php(79): CodeIgniter\CodeIgniter->run()
INFO - 2024-07-02 22:24:09 --> Session: Class initialized using 'CodeIgniter\Session\Handlers\FileHandler' driver.
INFO - 2024-07-02 22:24:09 --> Session: Class initialized using 'CodeIgniter\Session\Handlers\FileHandler' driver.
ERROR - 2024-07-02 22:25:15 --> mysqli_sql_exception: Unknown column 'usuarios.idDocente' in 'on clause' in C:\laragon\www\Tesis-SistemaControl\vendor\codeigniter4\framework\system\Database\MySQLi\Connection.php:306
Stack trace:
#0 C:\laragon\www\Tesis-SistemaControl\vendor\codeigniter4\framework\system\Database\MySQLi\Connection.php(306): mysqli->query('SELECT `usuario...', 0)
#1 C:\laragon\www\Tesis-SistemaControl\vendor\codeigniter4\framework\system\Database\BaseConnection.php(693): CodeIgniter\Database\MySQLi\Connection->execute('SELECT `usuario...')
#2 C:\laragon\www\Tesis-SistemaControl\vendor\codeigniter4\framework\system\Database\BaseConnection.php(607): CodeIgniter\Database\BaseConnection->simpleQuery('SELECT `usuario...')
#3 C:\laragon\www\Tesis-SistemaControl\vendor\codeigniter4\framework\system\Database\BaseBuilder.php(1616): CodeIgniter\Database\BaseConnection->query('SELECT `usuario...', Array, false)
#4 C:\laragon\www\Tesis-SistemaControl\app\Controllers\Usuario.php(18): CodeIgniter\Database\BaseBuilder->get()
#5 C:\laragon\www\Tesis-SistemaControl\vendor\codeigniter4\framework\system\CodeIgniter.php(943): App\Controllers\Usuario->index()
#6 C:\laragon\www\Tesis-SistemaControl\vendor\codeigniter4\framework\system\CodeIgniter.php(503): CodeIgniter\CodeIgniter->runController(Object(App\Controllers\Usuario))
#7 C:\laragon\www\Tesis-SistemaControl\vendor\codeigniter4\framework\system\CodeIgniter.php(361): CodeIgniter\CodeIgniter->handleRequest(NULL, Object(Config\Cache), false)
#8 C:\laragon\www\Tesis-SistemaControl\public\index.php(79): CodeIgniter\CodeIgniter->run()
#9 {main}
CRITICAL - 2024-07-02 22:25:15 --> CodeIgniter\Database\Exceptions\DatabaseException: Unknown column 'usuarios.idDocente' in 'on clause'
in SYSTEMPATH\Database\BaseConnection.php on line 647.
 1 SYSTEMPATH\Database\BaseBuilder.php(1616): CodeIgniter\Database\BaseConnection->query('SELECT `usuarios`.`idUsuarios`, `usuarios`.`estado`, `usuarios`.`usuario`, `rol`.`nombreRol`, `docente`.`nombre_completo`
FROM `usuarios`
INNER JOIN `rol` ON `rol`.`idRol` = `usuarios`.`idRol`
INNER JOIN `docente` ON `docente`.`idDocente` = `usuarios`.`idDocente`', [], false)
 2 APPPATH\Controllers\Usuario.php(18): CodeIgniter\Database\BaseBuilder->get()
 3 SYSTEMPATH\CodeIgniter.php(943): App\Controllers\Usuario->index()
 4 SYSTEMPATH\CodeIgniter.php(503): CodeIgniter\CodeIgniter->runController(Object(App\Controllers\Usuario))
 5 SYSTEMPATH\CodeIgniter.php(361): CodeIgniter\CodeIgniter->handleRequest(null, Object(Config\Cache), false)
 6 FCPATH\index.php(79): CodeIgniter\CodeIgniter->run()
CRITICAL - 2024-07-02 22:25:15 --> [Caused by] CodeIgniter\Database\Exceptions\DatabaseException: Unknown column 'usuarios.idDocente' in 'on clause'
in SYSTEMPATH\Database\MySQLi\Connection.php on line 311.
 1 SYSTEMPATH\Database\BaseConnection.php(693): CodeIgniter\Database\MySQLi\Connection->execute('SELECT `usuarios`.`idUsuarios`, `usuarios`.`estado`, `usuarios`.`usuario`, `rol`.`nombreRol`, `docente`.`nombre_completo`
FROM `usuarios`
INNER JOIN `rol` ON `rol`.`idRol` = `usuarios`.`idRol`
INNER JOIN `docente` ON `docente`.`idDocente` = `usuarios`.`idDocente`')
 2 SYSTEMPATH\Database\BaseConnection.php(607): CodeIgniter\Database\BaseConnection->simpleQuery('SELECT `usuarios`.`idUsuarios`, `usuarios`.`estado`, `usuarios`.`usuario`, `rol`.`nombreRol`, `docente`.`nombre_completo`
FROM `usuarios`
INNER JOIN `rol` ON `rol`.`idRol` = `usuarios`.`idRol`
INNER JOIN `docente` ON `docente`.`idDocente` = `usuarios`.`idDocente`')
 3 SYSTEMPATH\Database\BaseBuilder.php(1616): CodeIgniter\Database\BaseConnection->query('SELECT `usuarios`.`idUsuarios`, `usuarios`.`estado`, `usuarios`.`usuario`, `rol`.`nombreRol`, `docente`.`nombre_completo`
FROM `usuarios`
INNER JOIN `rol` ON `rol`.`idRol` = `usuarios`.`idRol`
INNER JOIN `docente` ON `docente`.`idDocente` = `usuarios`.`idDocente`', [], false)
 4 APPPATH\Controllers\Usuario.php(18): CodeIgniter\Database\BaseBuilder->get()
 5 SYSTEMPATH\CodeIgniter.php(943): App\Controllers\Usuario->index()
 6 SYSTEMPATH\CodeIgniter.php(503): CodeIgniter\CodeIgniter->runController(Object(App\Controllers\Usuario))
 7 SYSTEMPATH\CodeIgniter.php(361): CodeIgniter\CodeIgniter->handleRequest(null, Object(Config\Cache), false)
 8 FCPATH\index.php(79): CodeIgniter\CodeIgniter->run()
CRITICAL - 2024-07-02 22:25:15 --> [Caused by] mysqli_sql_exception: Unknown column 'usuarios.idDocente' in 'on clause'
in SYSTEMPATH\Database\MySQLi\Connection.php on line 306.
 1 SYSTEMPATH\Database\MySQLi\Connection.php(306): mysqli->query('SELECT `usuarios`.`idUsuarios`, `usuarios`.`estado`, `usuarios`.`usuario`, `rol`.`nombreRol`, `docente`.`nombre_completo`
FROM `usuarios`
INNER JOIN `rol` ON `rol`.`idRol` = `usuarios`.`idRol`
INNER JOIN `docente` ON `docente`.`idDocente` = `usuarios`.`idDocente`', 0)
 2 SYSTEMPATH\Database\BaseConnection.php(693): CodeIgniter\Database\MySQLi\Connection->execute('SELECT `usuarios`.`idUsuarios`, `usuarios`.`estado`, `usuarios`.`usuario`, `rol`.`nombreRol`, `docente`.`nombre_completo`
FROM `usuarios`
INNER JOIN `rol` ON `rol`.`idRol` = `usuarios`.`idRol`
INNER JOIN `docente` ON `docente`.`idDocente` = `usuarios`.`idDocente`')
 3 SYSTEMPATH\Database\BaseConnection.php(607): CodeIgniter\Database\BaseConnection->simpleQuery('SELECT `usuarios`.`idUsuarios`, `usuarios`.`estado`, `usuarios`.`usuario`, `rol`.`nombreRol`, `docente`.`nombre_completo`
FROM `usuarios`
INNER JOIN `rol` ON `rol`.`idRol` = `usuarios`.`idRol`
INNER JOIN `docente` ON `docente`.`idDocente` = `usuarios`.`idDocente`')
 4 SYSTEMPATH\Database\BaseBuilder.php(1616): CodeIgniter\Database\BaseConnection->query('SELECT `usuarios`.`idUsuarios`, `usuarios`.`estado`, `usuarios`.`usuario`, `rol`.`nombreRol`, `docente`.`nombre_completo`
FROM `usuarios`
INNER JOIN `rol` ON `rol`.`idRol` = `usuarios`.`idRol`
INNER JOIN `docente` ON `docente`.`idDocente` = `usuarios`.`idDocente`', [], false)
 5 APPPATH\Controllers\Usuario.php(18): CodeIgniter\Database\BaseBuilder->get()
 6 SYSTEMPATH\CodeIgniter.php(943): App\Controllers\Usuario->index()
 7 SYSTEMPATH\CodeIgniter.php(503): CodeIgniter\CodeIgniter->runController(Object(App\Controllers\Usuario))
 8 SYSTEMPATH\CodeIgniter.php(361): CodeIgniter\CodeIgniter->handleRequest(null, Object(Config\Cache), false)
 9 FCPATH\index.php(79): CodeIgniter\CodeIgniter->run()
INFO - 2024-07-02 22:35:23 --> Session: Class initialized using 'CodeIgniter\Session\Handlers\FileHandler' driver.
INFO - 2024-07-02 22:35:27 --> Session: Class initialized using 'CodeIgniter\Session\Handlers\FileHandler' driver.
INFO - 2024-07-02 22:35:57 --> Session: Class initialized using 'CodeIgniter\Session\Handlers\FileHandler' driver.
INFO - 2024-07-02 22:41:52 --> Session: Class initialized using 'CodeIgniter\Session\Handlers\FileHandler' driver.
INFO - 2024-07-02 22:41:53 --> Session: Class initialized using 'CodeIgniter\Session\Handlers\FileHandler' driver.
INFO - 2024-07-02 22:41:57 --> Session: Class initialized using 'CodeIgniter\Session\Handlers\FileHandler' driver.
INFO - 2024-07-02 22:42:01 --> Session: Class initialized using 'CodeIgniter\Session\Handlers\FileHandler' driver.
INFO - 2024-07-02 22:47:01 --> Session: Class initialized using 'CodeIgniter\Session\Handlers\FileHandler' driver.
INFO - 2024-07-02 22:47:04 --> Session: Class initialized using 'CodeIgniter\Session\Handlers\FileHandler' driver.
INFO - 2024-07-02 22:47:08 --> Session: Class initialized using 'CodeIgniter\Session\Handlers\FileHandler' driver.
INFO - 2024-07-02 22:47:11 --> Session: Class initialized using 'CodeIgniter\Session\Handlers\FileHandler' driver.
INFO - 2024-07-02 22:47:13 --> Session: Class initialized using 'CodeIgniter\Session\Handlers\FileHandler' driver.
INFO - 2024-07-02 22:47:23 --> Session: Class initialized using 'CodeIgniter\Session\Handlers\FileHandler' driver.
INFO - 2024-07-02 22:47:25 --> Session: Class initialized using 'CodeIgniter\Session\Handlers\FileHandler' driver.
INFO - 2024-07-02 22:47:30 --> Session: Class initialized using 'CodeIgniter\Session\Handlers\FileHandler' driver.
INFO - 2024-07-02 22:47:32 --> Session: Class initialized using 'CodeIgniter\Session\Handlers\FileHandler' driver.
INFO - 2024-07-02 22:47:32 --> Session: Class initialized using 'CodeIgniter\Session\Handlers\FileHandler' driver.
INFO - 2024-07-02 22:47:33 --> Session: Class initialized using 'CodeIgniter\Session\Handlers\FileHandler' driver.
INFO - 2024-07-02 22:47:33 --> Session: Class initialized using 'CodeIgniter\Session\Handlers\FileHandler' driver.
INFO - 2024-07-02 22:47:37 --> Session: Class initialized using 'CodeIgniter\Session\Handlers\FileHandler' driver.
INFO - 2024-07-02 22:48:15 --> Session: Class initialized using 'CodeIgniter\Session\Handlers\FileHandler' driver.
INFO - 2024-07-02 22:48:51 --> Session: Class initialized using 'CodeIgniter\Session\Handlers\FileHandler' driver.
INFO - 2024-07-02 22:48:58 --> Session: Class initialized using 'CodeIgniter\Session\Handlers\FileHandler' driver.
INFO - 2024-07-02 22:49:24 --> Session: Class initialized using 'CodeIgniter\Session\Handlers\FileHandler' driver.
INFO - 2024-07-02 22:51:54 --> Session: Class initialized using 'CodeIgniter\Session\Handlers\FileHandler' driver.
INFO - 2024-07-02 22:51:56 --> Session: Class initialized using 'CodeIgniter\Session\Handlers\FileHandler' driver.
INFO - 2024-07-02 22:51:56 --> Session: Class initialized using 'CodeIgniter\Session\Handlers\FileHandler' driver.
INFO - 2024-07-02 22:51:57 --> Session: Class initialized using 'CodeIgniter\Session\Handlers\FileHandler' driver.
INFO - 2024-07-02 22:51:57 --> Session: Class initialized using 'CodeIgniter\Session\Handlers\FileHandler' driver.
INFO - 2024-07-02 22:51:58 --> Session: Class initialized using 'CodeIgniter\Session\Handlers\FileHandler' driver.
INFO - 2024-07-02 22:51:58 --> Session: Class initialized using 'CodeIgniter\Session\Handlers\FileHandler' driver.
INFO - 2024-07-02 22:52:03 --> Session: Class initialized using 'CodeIgniter\Session\Handlers\FileHandler' driver.
