CRITICAL - 2024-06-27 04:07:27 --> ErrorException: Undefined variable $proyectos
in APPPATH\Views\proyectos\index.php on line 37.
 1 APPPATH\Views\proyectos\index.php(37): CodeIgniter\Debug\Exceptions->errorHandler(2, 'Undefined variable $proyectos', 'C:\\laragon\\www\\Tesis-SistemaControl\\app\\Views\\proyectos\\index.php', 37)
 2 SYSTEMPATH\View\View.php(228): include('C:\\laragon\\www\\Tesis-SistemaControl\\app\\Views\\proyectos\\index.php')
 3 SYSTEMPATH\View\View.php(231): CodeIgniter\View\View->CodeIgniter\View\{closure}()
 4 SYSTEMPATH\Common.php(1178): CodeIgniter\View\View->render('proyectos/index', [], true)
 5 APPPATH\Controllers\Proyectos.php(24): view('proyectos/index', [...])
 6 SYSTEMPATH\CodeIgniter.php(943): App\Controllers\Proyectos->index()
 7 SYSTEMPATH\CodeIgniter.php(503): CodeIgniter\CodeIgniter->runController(Object(App\Controllers\Proyectos))
 8 SYSTEMPATH\CodeIgniter.php(361): CodeIgniter\CodeIgniter->handleRequest(null, Object(Config\Cache), false)
 9 FCPATH\index.php(79): CodeIgniter\CodeIgniter->run()
CRITICAL - 2024-06-27 04:07:43 --> ErrorException: Undefined variable $db
in APPPATH\Controllers\Donaciones.php on line 22.
 1 APPPATH\Controllers\Donaciones.php(22): CodeIgniter\Debug\Exceptions->errorHandler(2, 'Undefined variable $db', 'C:\\laragon\\www\\Tesis-SistemaControl\\app\\Controllers\\Donaciones.php', 22)
 2 SYSTEMPATH\CodeIgniter.php(943): App\Controllers\Donaciones->create()
 3 SYSTEMPATH\CodeIgniter.php(503): CodeIgniter\CodeIgniter->runController(Object(App\Controllers\Donaciones))
 4 SYSTEMPATH\CodeIgniter.php(361): CodeIgniter\CodeIgniter->handleRequest(null, Object(Config\Cache), false)
 5 FCPATH\index.php(79): CodeIgniter\CodeIgniter->run()
CRITICAL - 2024-06-27 04:07:48 --> ErrorException: Undefined variable $proyectos
in APPPATH\Views\proyectos\index.php on line 37.
 1 APPPATH\Views\proyectos\index.php(37): CodeIgniter\Debug\Exceptions->errorHandler(2, 'Undefined variable $proyectos', 'C:\\laragon\\www\\Tesis-SistemaControl\\app\\Views\\proyectos\\index.php', 37)
 2 SYSTEMPATH\View\View.php(228): include('C:\\laragon\\www\\Tesis-SistemaControl\\app\\Views\\proyectos\\index.php')
 3 SYSTEMPATH\View\View.php(231): CodeIgniter\View\View->CodeIgniter\View\{closure}()
 4 SYSTEMPATH\Common.php(1178): CodeIgniter\View\View->render('proyectos/index', [], true)
 5 APPPATH\Controllers\Proyectos.php(24): view('proyectos/index', [...])
 6 SYSTEMPATH\CodeIgniter.php(943): App\Controllers\Proyectos->index()
 7 SYSTEMPATH\CodeIgniter.php(503): CodeIgniter\CodeIgniter->runController(Object(App\Controllers\Proyectos))
 8 SYSTEMPATH\CodeIgniter.php(361): CodeIgniter\CodeIgniter->handleRequest(null, Object(Config\Cache), false)
 9 FCPATH\index.php(79): CodeIgniter\CodeIgniter->run()
CRITICAL - 2024-06-27 04:16:14 --> ErrorException: Undefined variable $proyectos
in APPPATH\Views\proyectos\index.php on line 37.
 1 APPPATH\Views\proyectos\index.php(37): CodeIgniter\Debug\Exceptions->errorHandler(2, 'Undefined variable $proyectos', 'C:\\laragon\\www\\Tesis-SistemaControl\\app\\Views\\proyectos\\index.php', 37)
 2 SYSTEMPATH\View\View.php(228): include('C:\\laragon\\www\\Tesis-SistemaControl\\app\\Views\\proyectos\\index.php')
 3 SYSTEMPATH\View\View.php(231): CodeIgniter\View\View->CodeIgniter\View\{closure}()
 4 SYSTEMPATH\Common.php(1178): CodeIgniter\View\View->render('proyectos/index', [], true)
 5 APPPATH\Controllers\Proyectos.php(24): view('proyectos/index', [...])
 6 SYSTEMPATH\CodeIgniter.php(943): App\Controllers\Proyectos->index()
 7 SYSTEMPATH\CodeIgniter.php(503): CodeIgniter\CodeIgniter->runController(Object(App\Controllers\Proyectos))
 8 SYSTEMPATH\CodeIgniter.php(361): CodeIgniter\CodeIgniter->handleRequest(null, Object(Config\Cache), false)
 9 FCPATH\index.php(79): CodeIgniter\CodeIgniter->run()
CRITICAL - 2024-06-27 04:17:17 --> ErrorException: Undefined variable $proyectos
in APPPATH\Views\proyectos\index.php on line 37.
 1 APPPATH\Views\proyectos\index.php(37): CodeIgniter\Debug\Exceptions->errorHandler(2, 'Undefined variable $proyectos', 'C:\\laragon\\www\\Tesis-SistemaControl\\app\\Views\\proyectos\\index.php', 37)
 2 SYSTEMPATH\View\View.php(228): include('C:\\laragon\\www\\Tesis-SistemaControl\\app\\Views\\proyectos\\index.php')
 3 SYSTEMPATH\View\View.php(231): CodeIgniter\View\View->CodeIgniter\View\{closure}()
 4 SYSTEMPATH\Common.php(1178): CodeIgniter\View\View->render('proyectos/index', [], true)
 5 APPPATH\Controllers\Proyectos.php(24): view('proyectos/index', [...])
 6 SYSTEMPATH\CodeIgniter.php(943): App\Controllers\Proyectos->index()
 7 SYSTEMPATH\CodeIgniter.php(503): CodeIgniter\CodeIgniter->runController(Object(App\Controllers\Proyectos))
 8 SYSTEMPATH\CodeIgniter.php(361): CodeIgniter\CodeIgniter->handleRequest(null, Object(Config\Cache), false)
 9 FCPATH\index.php(79): CodeIgniter\CodeIgniter->run()
CRITICAL - 2024-06-27 04:18:09 --> ErrorException: Undefined variable $proyectos
in APPPATH\Views\proyectos\index.php on line 37.
 1 APPPATH\Views\proyectos\index.php(37): CodeIgniter\Debug\Exceptions->errorHandler(2, 'Undefined variable $proyectos', 'C:\\laragon\\www\\Tesis-SistemaControl\\app\\Views\\proyectos\\index.php', 37)
 2 SYSTEMPATH\View\View.php(228): include('C:\\laragon\\www\\Tesis-SistemaControl\\app\\Views\\proyectos\\index.php')
 3 SYSTEMPATH\View\View.php(231): CodeIgniter\View\View->CodeIgniter\View\{closure}()
 4 SYSTEMPATH\Common.php(1178): CodeIgniter\View\View->render('proyectos/index', [], true)
 5 APPPATH\Controllers\Proyectos.php(24): view('proyectos/index', [...])
 6 SYSTEMPATH\CodeIgniter.php(943): App\Controllers\Proyectos->index()
 7 SYSTEMPATH\CodeIgniter.php(503): CodeIgniter\CodeIgniter->runController(Object(App\Controllers\Proyectos))
 8 SYSTEMPATH\CodeIgniter.php(361): CodeIgniter\CodeIgniter->handleRequest(null, Object(Config\Cache), false)
 9 FCPATH\index.php(79): CodeIgniter\CodeIgniter->run()
CRITICAL - 2024-06-27 04:18:26 --> ErrorException: Undefined variable $proyectos
in APPPATH\Views\proyectos\index.php on line 37.
 1 APPPATH\Views\proyectos\index.php(37): CodeIgniter\Debug\Exceptions->errorHandler(2, 'Undefined variable $proyectos', 'C:\\laragon\\www\\Tesis-SistemaControl\\app\\Views\\proyectos\\index.php', 37)
 2 SYSTEMPATH\View\View.php(228): include('C:\\laragon\\www\\Tesis-SistemaControl\\app\\Views\\proyectos\\index.php')
 3 SYSTEMPATH\View\View.php(231): CodeIgniter\View\View->CodeIgniter\View\{closure}()
 4 SYSTEMPATH\Common.php(1178): CodeIgniter\View\View->render('proyectos/index', [], true)
 5 APPPATH\Controllers\Proyectos.php(24): view('proyectos/index', [...])
 6 SYSTEMPATH\CodeIgniter.php(943): App\Controllers\Proyectos->index()
 7 SYSTEMPATH\CodeIgniter.php(503): CodeIgniter\CodeIgniter->runController(Object(App\Controllers\Proyectos))
 8 SYSTEMPATH\CodeIgniter.php(361): CodeIgniter\CodeIgniter->handleRequest(null, Object(Config\Cache), false)
 9 FCPATH\index.php(79): CodeIgniter\CodeIgniter->run()
CRITICAL - 2024-06-27 04:19:00 --> Error: Call to undefined function form_open()
in APPPATH\Views\proyectos\create.php on line 12.
 1 SYSTEMPATH\View\View.php(228): include()
 2 SYSTEMPATH\View\View.php(231): CodeIgniter\View\View->CodeIgniter\View\{closure}()
 3 SYSTEMPATH\Common.php(1178): CodeIgniter\View\View->render('proyectos/create', [], true)
 4 APPPATH\Controllers\Proyectos.php(31): view('proyectos/create')
 5 SYSTEMPATH\CodeIgniter.php(943): App\Controllers\Proyectos->create()
 6 SYSTEMPATH\CodeIgniter.php(503): CodeIgniter\CodeIgniter->runController(Object(App\Controllers\Proyectos))
 7 SYSTEMPATH\CodeIgniter.php(361): CodeIgniter\CodeIgniter->handleRequest(null, Object(Config\Cache), false)
 8 FCPATH\index.php(79): CodeIgniter\CodeIgniter->run()
CRITICAL - 2024-06-27 04:24:03 --> ErrorException: Attempt to read property "nombreProyecto" on array
in APPPATH\Views\proyectos\index.php on line 39.
 1 APPPATH\Views\proyectos\index.php(39): CodeIgniter\Debug\Exceptions->errorHandler(2, 'Attempt to read property "nombreProyecto" on array', 'C:\\laragon\\www\\Tesis-SistemaControl\\app\\Views\\proyectos\\index.php', 39)
 2 SYSTEMPATH\View\View.php(228): include('C:\\laragon\\www\\Tesis-SistemaControl\\app\\Views\\proyectos\\index.php')
 3 SYSTEMPATH\View\View.php(231): CodeIgniter\View\View->CodeIgniter\View\{closure}()
 4 SYSTEMPATH\Common.php(1178): CodeIgniter\View\View->render('proyectos/index', [], true)
 5 APPPATH\Controllers\Proyectos.php(23): view('proyectos/index', [...])
 6 SYSTEMPATH\CodeIgniter.php(943): App\Controllers\Proyectos->index()
 7 SYSTEMPATH\CodeIgniter.php(503): CodeIgniter\CodeIgniter->runController(Object(App\Controllers\Proyectos))
 8 SYSTEMPATH\CodeIgniter.php(361): CodeIgniter\CodeIgniter->handleRequest(null, Object(Config\Cache), false)
 9 FCPATH\index.php(79): CodeIgniter\CodeIgniter->run()
CRITICAL - 2024-06-27 04:24:12 --> ErrorException: Attempt to read property "nombreProyecto" on array
in APPPATH\Views\proyectos\index.php on line 39.
 1 APPPATH\Views\proyectos\index.php(39): CodeIgniter\Debug\Exceptions->errorHandler(2, 'Attempt to read property "nombreProyecto" on array', 'C:\\laragon\\www\\Tesis-SistemaControl\\app\\Views\\proyectos\\index.php', 39)
 2 SYSTEMPATH\View\View.php(228): include('C:\\laragon\\www\\Tesis-SistemaControl\\app\\Views\\proyectos\\index.php')
 3 SYSTEMPATH\View\View.php(231): CodeIgniter\View\View->CodeIgniter\View\{closure}()
 4 SYSTEMPATH\Common.php(1178): CodeIgniter\View\View->render('proyectos/index', [], true)
 5 APPPATH\Controllers\Proyectos.php(23): view('proyectos/index', [...])
 6 SYSTEMPATH\CodeIgniter.php(943): App\Controllers\Proyectos->index()
 7 SYSTEMPATH\CodeIgniter.php(503): CodeIgniter\CodeIgniter->runController(Object(App\Controllers\Proyectos))
 8 SYSTEMPATH\CodeIgniter.php(361): CodeIgniter\CodeIgniter->handleRequest(null, Object(Config\Cache), false)
 9 FCPATH\index.php(79): CodeIgniter\CodeIgniter->run()
CRITICAL - 2024-06-27 04:44:13 --> ErrorException: Undefined array key "escripcion"
in APPPATH\Views\proyectos\index.php on line 40.
 1 APPPATH\Views\proyectos\index.php(40): CodeIgniter\Debug\Exceptions->errorHandler(2, 'Undefined array key "escripcion"', 'C:\\laragon\\www\\Tesis-SistemaControl\\app\\Views\\proyectos\\index.php', 40)
 2 SYSTEMPATH\View\View.php(228): include('C:\\laragon\\www\\Tesis-SistemaControl\\app\\Views\\proyectos\\index.php')
 3 SYSTEMPATH\View\View.php(231): CodeIgniter\View\View->CodeIgniter\View\{closure}()
 4 SYSTEMPATH\Common.php(1178): CodeIgniter\View\View->render('proyectos/index', [], true)
 5 APPPATH\Controllers\Proyectos.php(23): view('proyectos/index', [...])
 6 SYSTEMPATH\CodeIgniter.php(943): App\Controllers\Proyectos->index()
 7 SYSTEMPATH\CodeIgniter.php(503): CodeIgniter\CodeIgniter->runController(Object(App\Controllers\Proyectos))
 8 SYSTEMPATH\CodeIgniter.php(361): CodeIgniter\CodeIgniter->handleRequest(null, Object(Config\Cache), false)
 9 FCPATH\index.php(79): CodeIgniter\CodeIgniter->run()
CRITICAL - 2024-06-27 04:46:09 --> ErrorException: Undefined array key "escripcion"
in APPPATH\Views\proyectos\index.php on line 40.
 1 APPPATH\Views\proyectos\index.php(40): CodeIgniter\Debug\Exceptions->errorHandler(2, 'Undefined array key "escripcion"', 'C:\\laragon\\www\\Tesis-SistemaControl\\app\\Views\\proyectos\\index.php', 40)
 2 SYSTEMPATH\View\View.php(228): include('C:\\laragon\\www\\Tesis-SistemaControl\\app\\Views\\proyectos\\index.php')
 3 SYSTEMPATH\View\View.php(231): CodeIgniter\View\View->CodeIgniter\View\{closure}()
 4 SYSTEMPATH\Common.php(1178): CodeIgniter\View\View->render('proyectos/index', [], true)
 5 APPPATH\Controllers\Proyectos.php(23): view('proyectos/index', [...])
 6 SYSTEMPATH\CodeIgniter.php(943): App\Controllers\Proyectos->index()
 7 SYSTEMPATH\CodeIgniter.php(503): CodeIgniter\CodeIgniter->runController(Object(App\Controllers\Proyectos))
 8 SYSTEMPATH\CodeIgniter.php(361): CodeIgniter\CodeIgniter->handleRequest(null, Object(Config\Cache), false)
 9 FCPATH\index.php(79): CodeIgniter\CodeIgniter->run()
CRITICAL - 2024-06-27 04:46:10 --> ErrorException: Undefined array key "escripcion"
in APPPATH\Views\proyectos\index.php on line 40.
 1 APPPATH\Views\proyectos\index.php(40): CodeIgniter\Debug\Exceptions->errorHandler(2, 'Undefined array key "escripcion"', 'C:\\laragon\\www\\Tesis-SistemaControl\\app\\Views\\proyectos\\index.php', 40)
 2 SYSTEMPATH\View\View.php(228): include('C:\\laragon\\www\\Tesis-SistemaControl\\app\\Views\\proyectos\\index.php')
 3 SYSTEMPATH\View\View.php(231): CodeIgniter\View\View->CodeIgniter\View\{closure}()
 4 SYSTEMPATH\Common.php(1178): CodeIgniter\View\View->render('proyectos/index', [], true)
 5 APPPATH\Controllers\Proyectos.php(23): view('proyectos/index', [...])
 6 SYSTEMPATH\CodeIgniter.php(943): App\Controllers\Proyectos->index()
 7 SYSTEMPATH\CodeIgniter.php(503): CodeIgniter\CodeIgniter->runController(Object(App\Controllers\Proyectos))
 8 SYSTEMPATH\CodeIgniter.php(361): CodeIgniter\CodeIgniter->handleRequest(null, Object(Config\Cache), false)
 9 FCPATH\index.php(79): CodeIgniter\CodeIgniter->run()
CRITICAL - 2024-06-27 04:48:42 --> ErrorException: Undefined array key "escripcion"
in APPPATH\Views\proyectos\index.php on line 40.
 1 APPPATH\Views\proyectos\index.php(40): CodeIgniter\Debug\Exceptions->errorHandler(2, 'Undefined array key "escripcion"', 'C:\\laragon\\www\\Tesis-SistemaControl\\app\\Views\\proyectos\\index.php', 40)
 2 SYSTEMPATH\View\View.php(228): include('C:\\laragon\\www\\Tesis-SistemaControl\\app\\Views\\proyectos\\index.php')
 3 SYSTEMPATH\View\View.php(231): CodeIgniter\View\View->CodeIgniter\View\{closure}()
 4 SYSTEMPATH\Common.php(1178): CodeIgniter\View\View->render('proyectos/index', [], true)
 5 APPPATH\Controllers\Proyectos.php(23): view('proyectos/index', [...])
 6 SYSTEMPATH\CodeIgniter.php(943): App\Controllers\Proyectos->index()
 7 SYSTEMPATH\CodeIgniter.php(503): CodeIgniter\CodeIgniter->runController(Object(App\Controllers\Proyectos))
 8 SYSTEMPATH\CodeIgniter.php(361): CodeIgniter\CodeIgniter->handleRequest(null, Object(Config\Cache), false)
 9 FCPATH\index.php(79): CodeIgniter\CodeIgniter->run()
CRITICAL - 2024-06-27 04:48:43 --> ErrorException: Undefined array key "escripcion"
in APPPATH\Views\proyectos\index.php on line 40.
 1 APPPATH\Views\proyectos\index.php(40): CodeIgniter\Debug\Exceptions->errorHandler(2, 'Undefined array key "escripcion"', 'C:\\laragon\\www\\Tesis-SistemaControl\\app\\Views\\proyectos\\index.php', 40)
 2 SYSTEMPATH\View\View.php(228): include('C:\\laragon\\www\\Tesis-SistemaControl\\app\\Views\\proyectos\\index.php')
 3 SYSTEMPATH\View\View.php(231): CodeIgniter\View\View->CodeIgniter\View\{closure}()
 4 SYSTEMPATH\Common.php(1178): CodeIgniter\View\View->render('proyectos/index', [], true)
 5 APPPATH\Controllers\Proyectos.php(23): view('proyectos/index', [...])
 6 SYSTEMPATH\CodeIgniter.php(943): App\Controllers\Proyectos->index()
 7 SYSTEMPATH\CodeIgniter.php(503): CodeIgniter\CodeIgniter->runController(Object(App\Controllers\Proyectos))
 8 SYSTEMPATH\CodeIgniter.php(361): CodeIgniter\CodeIgniter->handleRequest(null, Object(Config\Cache), false)
 9 FCPATH\index.php(79): CodeIgniter\CodeIgniter->run()
CRITICAL - 2024-06-27 04:48:44 --> ErrorException: Undefined array key "escripcion"
in APPPATH\Views\proyectos\index.php on line 40.
 1 APPPATH\Views\proyectos\index.php(40): CodeIgniter\Debug\Exceptions->errorHandler(2, 'Undefined array key "escripcion"', 'C:\\laragon\\www\\Tesis-SistemaControl\\app\\Views\\proyectos\\index.php', 40)
 2 SYSTEMPATH\View\View.php(228): include('C:\\laragon\\www\\Tesis-SistemaControl\\app\\Views\\proyectos\\index.php')
 3 SYSTEMPATH\View\View.php(231): CodeIgniter\View\View->CodeIgniter\View\{closure}()
 4 SYSTEMPATH\Common.php(1178): CodeIgniter\View\View->render('proyectos/index', [], true)
 5 APPPATH\Controllers\Proyectos.php(23): view('proyectos/index', [...])
 6 SYSTEMPATH\CodeIgniter.php(943): App\Controllers\Proyectos->index()
 7 SYSTEMPATH\CodeIgniter.php(503): CodeIgniter\CodeIgniter->runController(Object(App\Controllers\Proyectos))
 8 SYSTEMPATH\CodeIgniter.php(361): CodeIgniter\CodeIgniter->handleRequest(null, Object(Config\Cache), false)
 9 FCPATH\index.php(79): CodeIgniter\CodeIgniter->run()
CRITICAL - 2024-06-27 04:50:42 --> ErrorException: Undefined array key "escripcion"
in APPPATH\Views\proyectos\index.php on line 40.
 1 APPPATH\Views\proyectos\index.php(40): CodeIgniter\Debug\Exceptions->errorHandler(2, 'Undefined array key "escripcion"', 'C:\\laragon\\www\\Tesis-SistemaControl\\app\\Views\\proyectos\\index.php', 40)
 2 SYSTEMPATH\View\View.php(228): include('C:\\laragon\\www\\Tesis-SistemaControl\\app\\Views\\proyectos\\index.php')
 3 SYSTEMPATH\View\View.php(231): CodeIgniter\View\View->CodeIgniter\View\{closure}()
 4 SYSTEMPATH\Common.php(1178): CodeIgniter\View\View->render('proyectos/index', [], true)
 5 APPPATH\Controllers\Proyectos.php(24): view('proyectos/index', [...])
 6 SYSTEMPATH\CodeIgniter.php(943): App\Controllers\Proyectos->index()
 7 SYSTEMPATH\CodeIgniter.php(503): CodeIgniter\CodeIgniter->runController(Object(App\Controllers\Proyectos))
 8 SYSTEMPATH\CodeIgniter.php(361): CodeIgniter\CodeIgniter->handleRequest(null, Object(Config\Cache), false)
 9 FCPATH\index.php(79): CodeIgniter\CodeIgniter->run()
CRITICAL - 2024-06-27 04:50:43 --> ErrorException: Undefined array key "escripcion"
in APPPATH\Views\proyectos\index.php on line 40.
 1 APPPATH\Views\proyectos\index.php(40): CodeIgniter\Debug\Exceptions->errorHandler(2, 'Undefined array key "escripcion"', 'C:\\laragon\\www\\Tesis-SistemaControl\\app\\Views\\proyectos\\index.php', 40)
 2 SYSTEMPATH\View\View.php(228): include('C:\\laragon\\www\\Tesis-SistemaControl\\app\\Views\\proyectos\\index.php')
 3 SYSTEMPATH\View\View.php(231): CodeIgniter\View\View->CodeIgniter\View\{closure}()
 4 SYSTEMPATH\Common.php(1178): CodeIgniter\View\View->render('proyectos/index', [], true)
 5 APPPATH\Controllers\Proyectos.php(24): view('proyectos/index', [...])
 6 SYSTEMPATH\CodeIgniter.php(943): App\Controllers\Proyectos->index()
 7 SYSTEMPATH\CodeIgniter.php(503): CodeIgniter\CodeIgniter->runController(Object(App\Controllers\Proyectos))
 8 SYSTEMPATH\CodeIgniter.php(361): CodeIgniter\CodeIgniter->handleRequest(null, Object(Config\Cache), false)
 9 FCPATH\index.php(79): CodeIgniter\CodeIgniter->run()
CRITICAL - 2024-06-27 04:50:44 --> ErrorException: Undefined array key "escripcion"
in APPPATH\Views\proyectos\index.php on line 40.
 1 APPPATH\Views\proyectos\index.php(40): CodeIgniter\Debug\Exceptions->errorHandler(2, 'Undefined array key "escripcion"', 'C:\\laragon\\www\\Tesis-SistemaControl\\app\\Views\\proyectos\\index.php', 40)
 2 SYSTEMPATH\View\View.php(228): include('C:\\laragon\\www\\Tesis-SistemaControl\\app\\Views\\proyectos\\index.php')
 3 SYSTEMPATH\View\View.php(231): CodeIgniter\View\View->CodeIgniter\View\{closure}()
 4 SYSTEMPATH\Common.php(1178): CodeIgniter\View\View->render('proyectos/index', [], true)
 5 APPPATH\Controllers\Proyectos.php(24): view('proyectos/index', [...])
 6 SYSTEMPATH\CodeIgniter.php(943): App\Controllers\Proyectos->index()
 7 SYSTEMPATH\CodeIgniter.php(503): CodeIgniter\CodeIgniter->runController(Object(App\Controllers\Proyectos))
 8 SYSTEMPATH\CodeIgniter.php(361): CodeIgniter\CodeIgniter->handleRequest(null, Object(Config\Cache), false)
 9 FCPATH\index.php(79): CodeIgniter\CodeIgniter->run()
CRITICAL - 2024-06-27 04:50:44 --> ErrorException: Undefined array key "escripcion"
in APPPATH\Views\proyectos\index.php on line 40.
 1 APPPATH\Views\proyectos\index.php(40): CodeIgniter\Debug\Exceptions->errorHandler(2, 'Undefined array key "escripcion"', 'C:\\laragon\\www\\Tesis-SistemaControl\\app\\Views\\proyectos\\index.php', 40)
 2 SYSTEMPATH\View\View.php(228): include('C:\\laragon\\www\\Tesis-SistemaControl\\app\\Views\\proyectos\\index.php')
 3 SYSTEMPATH\View\View.php(231): CodeIgniter\View\View->CodeIgniter\View\{closure}()
 4 SYSTEMPATH\Common.php(1178): CodeIgniter\View\View->render('proyectos/index', [], true)
 5 APPPATH\Controllers\Proyectos.php(24): view('proyectos/index', [...])
 6 SYSTEMPATH\CodeIgniter.php(943): App\Controllers\Proyectos->index()
 7 SYSTEMPATH\CodeIgniter.php(503): CodeIgniter\CodeIgniter->runController(Object(App\Controllers\Proyectos))
 8 SYSTEMPATH\CodeIgniter.php(361): CodeIgniter\CodeIgniter->handleRequest(null, Object(Config\Cache), false)
 9 FCPATH\index.php(79): CodeIgniter\CodeIgniter->run()
CRITICAL - 2024-06-27 04:50:44 --> ErrorException: Undefined array key "escripcion"
in APPPATH\Views\proyectos\index.php on line 40.
 1 APPPATH\Views\proyectos\index.php(40): CodeIgniter\Debug\Exceptions->errorHandler(2, 'Undefined array key "escripcion"', 'C:\\laragon\\www\\Tesis-SistemaControl\\app\\Views\\proyectos\\index.php', 40)
 2 SYSTEMPATH\View\View.php(228): include('C:\\laragon\\www\\Tesis-SistemaControl\\app\\Views\\proyectos\\index.php')
 3 SYSTEMPATH\View\View.php(231): CodeIgniter\View\View->CodeIgniter\View\{closure}()
 4 SYSTEMPATH\Common.php(1178): CodeIgniter\View\View->render('proyectos/index', [], true)
 5 APPPATH\Controllers\Proyectos.php(24): view('proyectos/index', [...])
 6 SYSTEMPATH\CodeIgniter.php(943): App\Controllers\Proyectos->index()
 7 SYSTEMPATH\CodeIgniter.php(503): CodeIgniter\CodeIgniter->runController(Object(App\Controllers\Proyectos))
 8 SYSTEMPATH\CodeIgniter.php(361): CodeIgniter\CodeIgniter->handleRequest(null, Object(Config\Cache), false)
 9 FCPATH\index.php(79): CodeIgniter\CodeIgniter->run()
CRITICAL - 2024-06-27 04:50:45 --> ErrorException: Undefined array key "escripcion"
in APPPATH\Views\proyectos\index.php on line 40.
 1 APPPATH\Views\proyectos\index.php(40): CodeIgniter\Debug\Exceptions->errorHandler(2, 'Undefined array key "escripcion"', 'C:\\laragon\\www\\Tesis-SistemaControl\\app\\Views\\proyectos\\index.php', 40)
 2 SYSTEMPATH\View\View.php(228): include('C:\\laragon\\www\\Tesis-SistemaControl\\app\\Views\\proyectos\\index.php')
 3 SYSTEMPATH\View\View.php(231): CodeIgniter\View\View->CodeIgniter\View\{closure}()
 4 SYSTEMPATH\Common.php(1178): CodeIgniter\View\View->render('proyectos/index', [], true)
 5 APPPATH\Controllers\Proyectos.php(24): view('proyectos/index', [...])
 6 SYSTEMPATH\CodeIgniter.php(943): App\Controllers\Proyectos->index()
 7 SYSTEMPATH\CodeIgniter.php(503): CodeIgniter\CodeIgniter->runController(Object(App\Controllers\Proyectos))
 8 SYSTEMPATH\CodeIgniter.php(361): CodeIgniter\CodeIgniter->handleRequest(null, Object(Config\Cache), false)
 9 FCPATH\index.php(79): CodeIgniter\CodeIgniter->run()
CRITICAL - 2024-06-27 04:50:45 --> ErrorException: Undefined array key "escripcion"
in APPPATH\Views\proyectos\index.php on line 40.
 1 APPPATH\Views\proyectos\index.php(40): CodeIgniter\Debug\Exceptions->errorHandler(2, 'Undefined array key "escripcion"', 'C:\\laragon\\www\\Tesis-SistemaControl\\app\\Views\\proyectos\\index.php', 40)
 2 SYSTEMPATH\View\View.php(228): include('C:\\laragon\\www\\Tesis-SistemaControl\\app\\Views\\proyectos\\index.php')
 3 SYSTEMPATH\View\View.php(231): CodeIgniter\View\View->CodeIgniter\View\{closure}()
 4 SYSTEMPATH\Common.php(1178): CodeIgniter\View\View->render('proyectos/index', [], true)
 5 APPPATH\Controllers\Proyectos.php(24): view('proyectos/index', [...])
 6 SYSTEMPATH\CodeIgniter.php(943): App\Controllers\Proyectos->index()
 7 SYSTEMPATH\CodeIgniter.php(503): CodeIgniter\CodeIgniter->runController(Object(App\Controllers\Proyectos))
 8 SYSTEMPATH\CodeIgniter.php(361): CodeIgniter\CodeIgniter->handleRequest(null, Object(Config\Cache), false)
 9 FCPATH\index.php(79): CodeIgniter\CodeIgniter->run()
CRITICAL - 2024-06-27 04:50:45 --> ErrorException: Undefined array key "escripcion"
in APPPATH\Views\proyectos\index.php on line 40.
 1 APPPATH\Views\proyectos\index.php(40): CodeIgniter\Debug\Exceptions->errorHandler(2, 'Undefined array key "escripcion"', 'C:\\laragon\\www\\Tesis-SistemaControl\\app\\Views\\proyectos\\index.php', 40)
 2 SYSTEMPATH\View\View.php(228): include('C:\\laragon\\www\\Tesis-SistemaControl\\app\\Views\\proyectos\\index.php')
 3 SYSTEMPATH\View\View.php(231): CodeIgniter\View\View->CodeIgniter\View\{closure}()
 4 SYSTEMPATH\Common.php(1178): CodeIgniter\View\View->render('proyectos/index', [], true)
 5 APPPATH\Controllers\Proyectos.php(24): view('proyectos/index', [...])
 6 SYSTEMPATH\CodeIgniter.php(943): App\Controllers\Proyectos->index()
 7 SYSTEMPATH\CodeIgniter.php(503): CodeIgniter\CodeIgniter->runController(Object(App\Controllers\Proyectos))
 8 SYSTEMPATH\CodeIgniter.php(361): CodeIgniter\CodeIgniter->handleRequest(null, Object(Config\Cache), false)
 9 FCPATH\index.php(79): CodeIgniter\CodeIgniter->run()
CRITICAL - 2024-06-27 04:50:45 --> ErrorException: Undefined array key "escripcion"
in APPPATH\Views\proyectos\index.php on line 40.
 1 APPPATH\Views\proyectos\index.php(40): CodeIgniter\Debug\Exceptions->errorHandler(2, 'Undefined array key "escripcion"', 'C:\\laragon\\www\\Tesis-SistemaControl\\app\\Views\\proyectos\\index.php', 40)
 2 SYSTEMPATH\View\View.php(228): include('C:\\laragon\\www\\Tesis-SistemaControl\\app\\Views\\proyectos\\index.php')
 3 SYSTEMPATH\View\View.php(231): CodeIgniter\View\View->CodeIgniter\View\{closure}()
 4 SYSTEMPATH\Common.php(1178): CodeIgniter\View\View->render('proyectos/index', [], true)
 5 APPPATH\Controllers\Proyectos.php(24): view('proyectos/index', [...])
 6 SYSTEMPATH\CodeIgniter.php(943): App\Controllers\Proyectos->index()
 7 SYSTEMPATH\CodeIgniter.php(503): CodeIgniter\CodeIgniter->runController(Object(App\Controllers\Proyectos))
 8 SYSTEMPATH\CodeIgniter.php(361): CodeIgniter\CodeIgniter->handleRequest(null, Object(Config\Cache), false)
 9 FCPATH\index.php(79): CodeIgniter\CodeIgniter->run()
CRITICAL - 2024-06-27 04:50:46 --> ErrorException: Undefined array key "escripcion"
in APPPATH\Views\proyectos\index.php on line 40.
 1 APPPATH\Views\proyectos\index.php(40): CodeIgniter\Debug\Exceptions->errorHandler(2, 'Undefined array key "escripcion"', 'C:\\laragon\\www\\Tesis-SistemaControl\\app\\Views\\proyectos\\index.php', 40)
 2 SYSTEMPATH\View\View.php(228): include('C:\\laragon\\www\\Tesis-SistemaControl\\app\\Views\\proyectos\\index.php')
 3 SYSTEMPATH\View\View.php(231): CodeIgniter\View\View->CodeIgniter\View\{closure}()
 4 SYSTEMPATH\Common.php(1178): CodeIgniter\View\View->render('proyectos/index', [], true)
 5 APPPATH\Controllers\Proyectos.php(24): view('proyectos/index', [...])
 6 SYSTEMPATH\CodeIgniter.php(943): App\Controllers\Proyectos->index()
 7 SYSTEMPATH\CodeIgniter.php(503): CodeIgniter\CodeIgniter->runController(Object(App\Controllers\Proyectos))
 8 SYSTEMPATH\CodeIgniter.php(361): CodeIgniter\CodeIgniter->handleRequest(null, Object(Config\Cache), false)
 9 FCPATH\index.php(79): CodeIgniter\CodeIgniter->run()
CRITICAL - 2024-06-27 04:50:46 --> ErrorException: Undefined array key "escripcion"
in APPPATH\Views\proyectos\index.php on line 40.
 1 APPPATH\Views\proyectos\index.php(40): CodeIgniter\Debug\Exceptions->errorHandler(2, 'Undefined array key "escripcion"', 'C:\\laragon\\www\\Tesis-SistemaControl\\app\\Views\\proyectos\\index.php', 40)
 2 SYSTEMPATH\View\View.php(228): include('C:\\laragon\\www\\Tesis-SistemaControl\\app\\Views\\proyectos\\index.php')
 3 SYSTEMPATH\View\View.php(231): CodeIgniter\View\View->CodeIgniter\View\{closure}()
 4 SYSTEMPATH\Common.php(1178): CodeIgniter\View\View->render('proyectos/index', [], true)
 5 APPPATH\Controllers\Proyectos.php(24): view('proyectos/index', [...])
 6 SYSTEMPATH\CodeIgniter.php(943): App\Controllers\Proyectos->index()
 7 SYSTEMPATH\CodeIgniter.php(503): CodeIgniter\CodeIgniter->runController(Object(App\Controllers\Proyectos))
 8 SYSTEMPATH\CodeIgniter.php(361): CodeIgniter\CodeIgniter->handleRequest(null, Object(Config\Cache), false)
 9 FCPATH\index.php(79): CodeIgniter\CodeIgniter->run()
CRITICAL - 2024-06-27 04:52:36 --> ErrorException: Undefined array key "escripcion"
in APPPATH\Views\proyectos\index.php on line 40.
 1 APPPATH\Views\proyectos\index.php(40): CodeIgniter\Debug\Exceptions->errorHandler(2, 'Undefined array key "escripcion"', 'C:\\laragon\\www\\Tesis-SistemaControl\\app\\Views\\proyectos\\index.php', 40)
 2 SYSTEMPATH\View\View.php(228): include('C:\\laragon\\www\\Tesis-SistemaControl\\app\\Views\\proyectos\\index.php')
 3 SYSTEMPATH\View\View.php(231): CodeIgniter\View\View->CodeIgniter\View\{closure}()
 4 SYSTEMPATH\Common.php(1178): CodeIgniter\View\View->render('proyectos/index', [], true)
 5 APPPATH\Controllers\Proyectos.php(24): view('proyectos/index', [...])
 6 SYSTEMPATH\CodeIgniter.php(943): App\Controllers\Proyectos->index()
 7 SYSTEMPATH\CodeIgniter.php(503): CodeIgniter\CodeIgniter->runController(Object(App\Controllers\Proyectos))
 8 SYSTEMPATH\CodeIgniter.php(361): CodeIgniter\CodeIgniter->handleRequest(null, Object(Config\Cache), false)
 9 FCPATH\index.php(79): CodeIgniter\CodeIgniter->run()
CRITICAL - 2024-06-27 04:59:20 --> ErrorException: Undefined array key "escripcion"
in APPPATH\Views\proyectos\index.php on line 40.
 1 APPPATH\Views\proyectos\index.php(40): CodeIgniter\Debug\Exceptions->errorHandler(2, 'Undefined array key "escripcion"', 'C:\\laragon\\www\\Tesis-SistemaControl\\app\\Views\\proyectos\\index.php', 40)
 2 SYSTEMPATH\View\View.php(228): include('C:\\laragon\\www\\Tesis-SistemaControl\\app\\Views\\proyectos\\index.php')
 3 SYSTEMPATH\View\View.php(231): CodeIgniter\View\View->CodeIgniter\View\{closure}()
 4 SYSTEMPATH\Common.php(1178): CodeIgniter\View\View->render('proyectos/index', [], true)
 5 APPPATH\Controllers\Proyectos.php(24): view('proyectos/index', [...])
 6 SYSTEMPATH\CodeIgniter.php(943): App\Controllers\Proyectos->index()
 7 SYSTEMPATH\CodeIgniter.php(503): CodeIgniter\CodeIgniter->runController(Object(App\Controllers\Proyectos))
 8 SYSTEMPATH\CodeIgniter.php(361): CodeIgniter\CodeIgniter->handleRequest(null, Object(Config\Cache), false)
 9 FCPATH\index.php(79): CodeIgniter\CodeIgniter->run()
CRITICAL - 2024-06-27 05:00:43 --> ErrorException: Undefined array key "escripcion"
in APPPATH\Views\proyectos\index.php on line 40.
 1 APPPATH\Views\proyectos\index.php(40): CodeIgniter\Debug\Exceptions->errorHandler(2, 'Undefined array key "escripcion"', 'C:\\laragon\\www\\Tesis-SistemaControl\\app\\Views\\proyectos\\index.php', 40)
 2 SYSTEMPATH\View\View.php(228): include('C:\\laragon\\www\\Tesis-SistemaControl\\app\\Views\\proyectos\\index.php')
 3 SYSTEMPATH\View\View.php(231): CodeIgniter\View\View->CodeIgniter\View\{closure}()
 4 SYSTEMPATH\Common.php(1178): CodeIgniter\View\View->render('proyectos/index', [], true)
 5 APPPATH\Controllers\Proyectos.php(24): view('proyectos/index', [...])
 6 SYSTEMPATH\CodeIgniter.php(943): App\Controllers\Proyectos->index()
 7 SYSTEMPATH\CodeIgniter.php(503): CodeIgniter\CodeIgniter->runController(Object(App\Controllers\Proyectos))
 8 SYSTEMPATH\CodeIgniter.php(361): CodeIgniter\CodeIgniter->handleRequest(null, Object(Config\Cache), false)
 9 FCPATH\index.php(79): CodeIgniter\CodeIgniter->run()
CRITICAL - 2024-06-27 05:06:41 --> Error: Call to undefined function form_open()
in APPPATH\Views\proyectos\create.php on line 12.
 1 SYSTEMPATH\View\View.php(228): include()
 2 SYSTEMPATH\View\View.php(231): CodeIgniter\View\View->CodeIgniter\View\{closure}()
 3 SYSTEMPATH\Common.php(1178): CodeIgniter\View\View->render('proyectos/create', [], true)
 4 APPPATH\Controllers\Proyectos.php(30): view('proyectos/create')
 5 SYSTEMPATH\CodeIgniter.php(943): App\Controllers\Proyectos->create()
 6 SYSTEMPATH\CodeIgniter.php(503): CodeIgniter\CodeIgniter->runController(Object(App\Controllers\Proyectos))
 7 SYSTEMPATH\CodeIgniter.php(361): CodeIgniter\CodeIgniter->handleRequest(null, Object(Config\Cache), false)
 8 FCPATH\index.php(79): CodeIgniter\CodeIgniter->run()
CRITICAL - 2024-06-27 05:08:36 --> Error: Call to undefined function form_open()
in APPPATH\Views\proyectos\create.php on line 12.
 1 SYSTEMPATH\View\View.php(228): include()
 2 SYSTEMPATH\View\View.php(231): CodeIgniter\View\View->CodeIgniter\View\{closure}()
 3 SYSTEMPATH\Common.php(1178): CodeIgniter\View\View->render('proyectos/create', [], true)
 4 APPPATH\Controllers\Proyectos.php(30): view('proyectos/create')
 5 SYSTEMPATH\CodeIgniter.php(943): App\Controllers\Proyectos->create()
 6 SYSTEMPATH\CodeIgniter.php(503): CodeIgniter\CodeIgniter->runController(Object(App\Controllers\Proyectos))
 7 SYSTEMPATH\CodeIgniter.php(361): CodeIgniter\CodeIgniter->handleRequest(null, Object(Config\Cache), false)
 8 FCPATH\index.php(79): CodeIgniter\CodeIgniter->run()
CRITICAL - 2024-06-27 05:08:37 --> Error: Call to undefined function form_open()
in APPPATH\Views\proyectos\create.php on line 12.
 1 SYSTEMPATH\View\View.php(228): include()
 2 SYSTEMPATH\View\View.php(231): CodeIgniter\View\View->CodeIgniter\View\{closure}()
 3 SYSTEMPATH\Common.php(1178): CodeIgniter\View\View->render('proyectos/create', [], true)
 4 APPPATH\Controllers\Proyectos.php(30): view('proyectos/create')
 5 SYSTEMPATH\CodeIgniter.php(943): App\Controllers\Proyectos->create()
 6 SYSTEMPATH\CodeIgniter.php(503): CodeIgniter\CodeIgniter->runController(Object(App\Controllers\Proyectos))
 7 SYSTEMPATH\CodeIgniter.php(361): CodeIgniter\CodeIgniter->handleRequest(null, Object(Config\Cache), false)
 8 FCPATH\index.php(79): CodeIgniter\CodeIgniter->run()
CRITICAL - 2024-06-27 05:47:44 --> ErrorException: Undefined variable $db
in APPPATH\Controllers\Donaciones.php on line 22.
 1 APPPATH\Controllers\Donaciones.php(22): CodeIgniter\Debug\Exceptions->errorHandler(2, 'Undefined variable $db', 'C:\\laragon\\www\\Tesis-SistemaControl\\app\\Controllers\\Donaciones.php', 22)
 2 SYSTEMPATH\CodeIgniter.php(943): App\Controllers\Donaciones->create()
 3 SYSTEMPATH\CodeIgniter.php(503): CodeIgniter\CodeIgniter->runController(Object(App\Controllers\Donaciones))
 4 SYSTEMPATH\CodeIgniter.php(361): CodeIgniter\CodeIgniter->handleRequest(null, Object(Config\Cache), false)
 5 FCPATH\index.php(79): CodeIgniter\CodeIgniter->run()
CRITICAL - 2024-06-27 05:50:39 --> ErrorException: Undefined variable $db
in APPPATH\Controllers\Donaciones.php on line 22.
 1 APPPATH\Controllers\Donaciones.php(22): CodeIgniter\Debug\Exceptions->errorHandler(2, 'Undefined variable $db', 'C:\\laragon\\www\\Tesis-SistemaControl\\app\\Controllers\\Donaciones.php', 22)
 2 SYSTEMPATH\CodeIgniter.php(943): App\Controllers\Donaciones->create()
 3 SYSTEMPATH\CodeIgniter.php(503): CodeIgniter\CodeIgniter->runController(Object(App\Controllers\Donaciones))
 4 SYSTEMPATH\CodeIgniter.php(361): CodeIgniter\CodeIgniter->handleRequest(null, Object(Config\Cache), false)
 5 FCPATH\index.php(79): CodeIgniter\CodeIgniter->run()
