CRITICAL - 2024-08-14 16:34:35 --> TypeError: CodeIgniter\HTTP\Response::setJSON(): Argument #2 ($unencoded) must be of type bool, array given, called in C:\laragon\www\Tesis-SistemaControl\app\Controllers\Home.php on line 34
in SYSTEMPATH\HTTP\ResponseTrait.php on line 246.
 1 APPPATH\Controllers\Home.php(34): CodeIgniter\HTTP\Response->setJSON([...], [...])
 2 SYSTEMPATH\CodeIgniter.php(943): App\Controllers\Home->getMetas()
 3 SYSTEMPATH\CodeIgniter.php(503): CodeIgniter\CodeIgniter->runController(Object(App\Controllers\Home))
 4 SYSTEMPATH\CodeIgniter.php(361): CodeIgniter\CodeIgniter->handleRequest(null, Object(Config\Cache), false)
 5 FCPATH\index.php(79): CodeIgniter\CodeIgniter->run()
CRITICAL - 2024-08-14 16:34:58 --> TypeError: CodeIgniter\HTTP\Response::setJSON(): Argument #2 ($unencoded) must be of type bool, array given, called in C:\laragon\www\Tesis-SistemaControl\app\Controllers\Home.php on line 34
in SYSTEMPATH\HTTP\ResponseTrait.php on line 246.
 1 APPPATH\Controllers\Home.php(34): CodeIgniter\HTTP\Response->setJSON([...], [...])
 2 SYSTEMPATH\CodeIgniter.php(943): App\Controllers\Home->getMetas()
 3 SYSTEMPATH\CodeIgniter.php(503): CodeIgniter\CodeIgniter->runController(Object(App\Controllers\Home))
 4 SYSTEMPATH\CodeIgniter.php(361): CodeIgniter\CodeIgniter->handleRequest(null, Object(Config\Cache), false)
 5 FCPATH\index.php(79): CodeIgniter\CodeIgniter->run()
CRITICAL - 2024-08-14 17:27:54 --> Error: Call to a member function fetchAll() on array
in APPPATH\Controllers\Home.php on line 33.
 1 SYSTEMPATH\CodeIgniter.php(943): App\Controllers\Home->getMetas()
 2 SYSTEMPATH\CodeIgniter.php(503): CodeIgniter\CodeIgniter->runController(Object(App\Controllers\Home))
 3 SYSTEMPATH\CodeIgniter.php(361): CodeIgniter\CodeIgniter->handleRequest(null, Object(Config\Cache), false)
 4 FCPATH\index.php(79): CodeIgniter\CodeIgniter->run()
CRITICAL - 2024-08-14 17:27:54 --> Error: Call to a member function fetchAll() on array
in APPPATH\Controllers\Home.php on line 33.
 1 SYSTEMPATH\CodeIgniter.php(943): App\Controllers\Home->getMetas()
 2 SYSTEMPATH\CodeIgniter.php(503): CodeIgniter\CodeIgniter->runController(Object(App\Controllers\Home))
 3 SYSTEMPATH\CodeIgniter.php(361): CodeIgniter\CodeIgniter->handleRequest(null, Object(Config\Cache), false)
 4 FCPATH\index.php(79): CodeIgniter\CodeIgniter->run()
CRITICAL - 2024-08-14 17:32:51 --> Error: Call to a member function fetchAll() on array
in APPPATH\Controllers\Home.php on line 33.
 1 SYSTEMPATH\CodeIgniter.php(943): App\Controllers\Home->getMetas()
 2 SYSTEMPATH\CodeIgniter.php(503): CodeIgniter\CodeIgniter->runController(Object(App\Controllers\Home))
 3 SYSTEMPATH\CodeIgniter.php(361): CodeIgniter\CodeIgniter->handleRequest(null, Object(Config\Cache), false)
 4 FCPATH\index.php(79): CodeIgniter\CodeIgniter->run()
CRITICAL - 2024-08-14 17:32:51 --> Error: Call to a member function fetchAll() on array
in APPPATH\Controllers\Home.php on line 33.
 1 SYSTEMPATH\CodeIgniter.php(943): App\Controllers\Home->getMetas()
 2 SYSTEMPATH\CodeIgniter.php(503): CodeIgniter\CodeIgniter->runController(Object(App\Controllers\Home))
 3 SYSTEMPATH\CodeIgniter.php(361): CodeIgniter\CodeIgniter->handleRequest(null, Object(Config\Cache), false)
 4 FCPATH\index.php(79): CodeIgniter\CodeIgniter->run()
