CRITICAL - 2024-06-29 23:52:04 --> ErrorException: Undefined array key "tipo"
in APPPATH\Views\maestros\index.php on line 86.
 1 APPPATH\Views\maestros\index.php(86): CodeIgniter\Debug\Exceptions->errorHandler(2, 'Undefined array key "tipo"', 'C:\\laragon\\www\\Tesis-SistemaControl\\app\\Views\\maestros\\index.php', 86)
 2 SYSTEMPATH\View\View.php(228): include('C:\\laragon\\www\\Tesis-SistemaControl\\app\\Views\\maestros\\index.php')
 3 SYSTEMPATH\View\View.php(231): CodeIgniter\View\View->CodeIgniter\View\{closure}()
 4 SYSTEMPATH\Common.php(1178): CodeIgniter\View\View->render('maestros/index', [], true)
 5 APPPATH\Controllers\Maestros.php(35): view('maestros/index', [...])
 6 SYSTEMPATH\CodeIgniter.php(943): App\Controllers\Maestros->index()
 7 SYSTEMPATH\CodeIgniter.php(503): CodeIgniter\CodeIgniter->runController(Object(App\Controllers\Maestros))
 8 SYSTEMPATH\CodeIgniter.php(361): CodeIgniter\CodeIgniter->handleRequest(null, Object(Config\Cache), false)
 9 FCPATH\index.php(79): CodeIgniter\CodeIgniter->run()
CRITICAL - 2024-06-29 23:53:00 --> ErrorException: Undefined array key "Genero"
in APPPATH\Views\padres\index.php on line 71.
 1 APPPATH\Views\padres\index.php(71): CodeIgniter\Debug\Exceptions->errorHandler(2, 'Undefined array key "Genero"', 'C:\\laragon\\www\\Tesis-SistemaControl\\app\\Views\\padres\\index.php', 71)
 2 SYSTEMPATH\View\View.php(228): include('C:\\laragon\\www\\Tesis-SistemaControl\\app\\Views\\padres\\index.php')
 3 SYSTEMPATH\View\View.php(231): CodeIgniter\View\View->CodeIgniter\View\{closure}()
 4 SYSTEMPATH\Common.php(1178): CodeIgniter\View\View->render('padres/index', [], true)
 5 APPPATH\Controllers\Padres.php(33): view('padres/index', [...])
 6 SYSTEMPATH\CodeIgniter.php(943): App\Controllers\Padres->index()
 7 SYSTEMPATH\CodeIgniter.php(503): CodeIgniter\CodeIgniter->runController(Object(App\Controllers\Padres))
 8 SYSTEMPATH\CodeIgniter.php(361): CodeIgniter\CodeIgniter->handleRequest(null, Object(Config\Cache), false)
 9 FCPATH\index.php(79): CodeIgniter\CodeIgniter->run()
